2017-02-01 00:21:26.518 16561 INFO nova.wsgi [-] Stopping WSGI server.
2017-02-01 00:21:26.519 16561 INFO nova.metadata.wsgi.server [req-038d3e62-cb31-406b-8dac-027a1829592d - - - - -] (16561) wsgi exited, is_accepting=True
2017-02-01 00:21:26.520 16561 INFO nova.wsgi [req-1a1e329e-b792-4e7b-8949-eac899d92a5f - - - - -] WSGI server has stopped.
2017-02-01 00:21:26.450 16501 INFO nova.wsgi [-] Stopping WSGI server.
2017-02-01 00:21:26.524 16501 INFO nova.metadata.wsgi.server [req-1aaf5103-2072-460b-89c1-d208e072fb14 - - - - -] (16501) wsgi exited, is_accepting=True
2017-02-01 00:21:26.527 16501 INFO nova.wsgi [req-1a1e329e-b792-4e7b-8949-eac899d92a5f - - - - -] WSGI server has stopped.
2017-02-01 00:21:26.527 16547 INFO nova.wsgi [-] Stopping WSGI server.
2017-02-01 00:21:26.528 16547 INFO nova.metadata.wsgi.server [req-92cac115-d8b6-46e1-ba7e-9224e5bea2b8 - - - - -] (16547) wsgi exited, is_accepting=True
2017-02-01 00:21:26.528 16535 INFO nova.wsgi [-] Stopping WSGI server.
2017-02-01 00:21:26.529 16535 INFO nova.metadata.wsgi.server [req-0c785bf5-6036-4e21-b34f-02d3c2961b8c - - - - -] (16535) wsgi exited, is_accepting=True
2017-02-01 00:21:26.530 16547 INFO nova.wsgi [req-1a1e329e-b792-4e7b-8949-eac899d92a5f - - - - -] WSGI server has stopped.
2017-02-01 00:21:26.531 16535 INFO nova.wsgi [req-1a1e329e-b792-4e7b-8949-eac899d92a5f - - - - -] WSGI server has stopped.
2017-02-01 00:21:26.532 16544 INFO nova.wsgi [-] Stopping WSGI server.
2017-02-01 00:21:26.534 16544 INFO nova.metadata.wsgi.server [req-cd0a48cc-650e-460f-9e0b-ecfa08b3df96 - - - - -] (16544) wsgi exited, is_accepting=True
2017-02-01 00:21:26.535 16544 INFO nova.wsgi [req-1a1e329e-b792-4e7b-8949-eac899d92a5f - - - - -] WSGI server has stopped.
2017-02-01 00:21:26.542 15899 INFO oslo_service.service [req-1a1e329e-b792-4e7b-8949-eac899d92a5f - - - - -] Waiting on 80 children to exit
2017-02-01 00:21:26.542 16549 INFO nova.wsgi [-] Stopping WSGI server.
2017-02-01 00:21:26.544 15899 INFO oslo_service.service [req-1a1e329e-b792-4e7b-8949-eac899d92a5f - - - - -] Child 16408 exited with status 0
2017-02-01 00:21:26.544 16549 INFO nova.metadata.wsgi.server [req-97375f1c-b259-4789-8b36-f3a7feaacf59 - - - - -] (16549) wsgi exited, is_accepting=True
2017-02-01 00:21:26.544 15899 INFO oslo_service.service [req-1a1e329e-b792-4e7b-8949-eac899d92a5f - - - - -] Child 16409 exited with status 0
2017-02-01 00:21:26.545 15899 INFO oslo_service.service [req-1a1e329e-b792-4e7b-8949-eac899d92a5f - - - - -] Child 16411 exited with status 0
2017-02-01 00:21:26.545 16549 INFO nova.wsgi [req-1a1e329e-b792-4e7b-8949-eac899d92a5f - - - - -] WSGI server has stopped.
2017-02-01 00:21:26.545 15899 INFO oslo_service.service [req-1a1e329e-b792-4e7b-8949-eac899d92a5f - - - - -] Child 16412 exited with status 0
2017-02-01 00:21:26.546 16555 INFO nova.wsgi [-] Stopping WSGI server.
2017-02-01 00:21:26.546 15899 INFO oslo_service.service [req-1a1e329e-b792-4e7b-8949-eac899d92a5f - - - - -] Child 16413 exited with status 0
2017-02-01 00:21:26.546 15899 INFO oslo_service.service [req-1a1e329e-b792-4e7b-8949-eac899d92a5f - - - - -] Child 16415 exited with status 0
2017-02-01 00:21:26.546 16555 INFO nova.metadata.wsgi.server [req-ccd5723c-8d9c-4f94-84a4-b07cab08d4c7 - - - - -] (16555) wsgi exited, is_accepting=True
2017-02-01 00:21:26.547 15899 INFO oslo_service.service [req-1a1e329e-b792-4e7b-8949-eac899d92a5f - - - - -] Child 16417 exited with status 0
2017-02-01 00:21:26.547 15899 INFO oslo_service.service [req-1a1e329e-b792-4e7b-8949-eac899d92a5f - - - - -] Child 16418 exited with status 0
2017-02-01 00:21:26.548 16555 INFO nova.wsgi [req-1a1e329e-b792-4e7b-8949-eac899d92a5f - - - - -] WSGI server has stopped.
2017-02-01 00:21:26.548 15899 INFO oslo_service.service [req-1a1e329e-b792-4e7b-8949-eac899d92a5f - - - - -] Child 16419 exited with status 0
2017-02-01 00:21:26.549 15899 INFO oslo_service.service [req-1a1e329e-b792-4e7b-8949-eac899d92a5f - - - - -] Child 16420 exited with status 0
2017-02-01 00:21:26.549 15899 INFO oslo_service.service [req-1a1e329e-b792-4e7b-8949-eac899d92a5f - - - - -] Child 16422 exited with status 0
2017-02-01 00:21:26.558 15899 INFO oslo_service.service [req-1a1e329e-b792-4e7b-8949-eac899d92a5f - - - - -] Child 16406 exited with status 0
2017-02-01 00:21:26.559 15899 INFO oslo_service.service [req-1a1e329e-b792-4e7b-8949-eac899d92a5f - - - - -] Child 16414 exited with status 0
2017-02-01 00:21:26.555 16546 INFO nova.wsgi [-] Stopping WSGI server.
2017-02-01 00:21:26.559 15899 INFO oslo_service.service [req-1a1e329e-b792-4e7b-8949-eac899d92a5f - - - - -] Child 16416 exited with status 0
2017-02-01 00:21:26.560 16546 INFO nova.metadata.wsgi.server [req-c424eaba-9941-4205-a114-cad68304a07e - - - - -] (16546) wsgi exited, is_accepting=True
2017-02-01 00:21:26.560 15899 INFO oslo_service.service [req-1a1e329e-b792-4e7b-8949-eac899d92a5f - - - - -] Child 16423 exited with status 0
2017-02-01 00:21:26.560 15899 INFO oslo_service.service [req-1a1e329e-b792-4e7b-8949-eac899d92a5f - - - - -] Child 16424 exited with status 0
2017-02-01 00:21:26.561 15899 INFO oslo_service.service [req-1a1e329e-b792-4e7b-8949-eac899d92a5f - - - - -] Child 16425 exited with status 0
2017-02-01 00:21:26.561 16546 INFO nova.wsgi [req-1a1e329e-b792-4e7b-8949-eac899d92a5f - - - - -] WSGI server has stopped.
2017-02-01 00:21:26.561 15899 INFO oslo_service.service [req-1a1e329e-b792-4e7b-8949-eac899d92a5f - - - - -] Child 16433 exited with status 0
2017-02-01 00:21:26.562 15899 INFO oslo_service.service [req-1a1e329e-b792-4e7b-8949-eac899d92a5f - - - - -] Child 16434 exited with status 0
2017-02-01 00:21:26.562 15899 INFO oslo_service.service [req-1a1e329e-b792-4e7b-8949-eac899d92a5f - - - - -] Child 16438 exited with status 0
2017-02-01 00:21:26.563 15899 INFO oslo_service.service [req-1a1e329e-b792-4e7b-8949-eac899d92a5f - - - - -] Child 16443 exited with status 0
2017-02-01 00:21:26.563 15899 INFO oslo_service.service [req-1a1e329e-b792-4e7b-8949-eac899d92a5f - - - - -] Child 16446 exited with status 0
2017-02-01 00:21:26.564 15899 INFO oslo_service.service [req-1a1e329e-b792-4e7b-8949-eac899d92a5f - - - - -] Child 16450 exited with status 0
2017-02-01 00:21:26.565 15899 INFO oslo_service.service [req-1a1e329e-b792-4e7b-8949-eac899d92a5f - - - - -] Child 16457 exited with status 0
2017-02-01 00:21:26.566 15899 INFO oslo_service.service [req-1a1e329e-b792-4e7b-8949-eac899d92a5f - - - - -] Child 16458 exited with status 0
2017-02-01 00:21:26.566 15899 INFO oslo_service.service [req-1a1e329e-b792-4e7b-8949-eac899d92a5f - - - - -] Child 16407 exited with status 0
2017-02-01 00:21:26.567 15899 INFO oslo_service.service [req-1a1e329e-b792-4e7b-8949-eac899d92a5f - - - - -] Child 16430 exited with status 0
2017-02-01 00:21:26.568 15899 INFO oslo_service.service [req-1a1e329e-b792-4e7b-8949-eac899d92a5f - - - - -] Child 16460 exited with status 0
2017-02-01 00:21:26.568 15899 INFO oslo_service.service [req-1a1e329e-b792-4e7b-8949-eac899d92a5f - - - - -] Child 16462 exited with status 0
2017-02-01 00:21:26.569 15899 INFO oslo_service.service [req-1a1e329e-b792-4e7b-8949-eac899d92a5f - - - - -] Child 16465 exited with status 0
2017-02-01 00:21:26.569 15899 INFO oslo_service.service [req-1a1e329e-b792-4e7b-8949-eac899d92a5f - - - - -] Child 16468 exited with status 0
2017-02-01 00:21:26.570 15899 INFO oslo_service.service [req-1a1e329e-b792-4e7b-8949-eac899d92a5f - - - - -] Child 16469 exited with status 0
2017-02-01 00:21:26.570 15899 INFO oslo_service.service [req-1a1e329e-b792-4e7b-8949-eac899d92a5f - - - - -] Child 16471 exited with status 0
2017-02-01 00:21:26.571 15899 INFO oslo_service.service [req-1a1e329e-b792-4e7b-8949-eac899d92a5f - - - - -] Child 16472 exited with status 0
2017-02-01 00:21:26.571 15899 INFO oslo_service.service [req-1a1e329e-b792-4e7b-8949-eac899d92a5f - - - - -] Child 16475 exited with status 0
2017-02-01 00:21:26.572 15899 INFO oslo_service.service [req-1a1e329e-b792-4e7b-8949-eac899d92a5f - - - - -] Child 16476 exited with status 0
2017-02-01 00:21:26.573 15899 INFO oslo_service.service [req-1a1e329e-b792-4e7b-8949-eac899d92a5f - - - - -] Child 16493 exited with status 0
2017-02-01 00:21:26.573 15899 INFO oslo_service.service [req-1a1e329e-b792-4e7b-8949-eac899d92a5f - - - - -] Child 16494 exited with status 0
2017-02-01 00:21:26.574 15899 INFO oslo_service.service [req-1a1e329e-b792-4e7b-8949-eac899d92a5f - - - - -] Child 16495 exited with status 0
2017-02-01 00:21:26.574 15899 INFO oslo_service.service [req-1a1e329e-b792-4e7b-8949-eac899d92a5f - - - - -] Child 16496 exited with status 0
2017-02-01 00:21:26.575 15899 INFO oslo_service.service [req-1a1e329e-b792-4e7b-8949-eac899d92a5f - - - - -] Child 16497 exited with status 0
2017-02-01 00:21:26.575 15899 INFO oslo_service.service [req-1a1e329e-b792-4e7b-8949-eac899d92a5f - - - - -] Child 16498 exited with status 0
2017-02-01 00:21:26.576 15899 INFO oslo_service.service [req-1a1e329e-b792-4e7b-8949-eac899d92a5f - - - - -] Child 16499 exited with status 0
2017-02-01 00:21:26.576 15899 INFO oslo_service.service [req-1a1e329e-b792-4e7b-8949-eac899d92a5f - - - - -] Child 16503 exited with status 0
2017-02-01 00:21:26.578 15899 INFO oslo_service.service [req-1a1e329e-b792-4e7b-8949-eac899d92a5f - - - - -] Child 16505 exited with status 0
2017-02-01 00:21:26.579 15899 INFO oslo_service.service [req-1a1e329e-b792-4e7b-8949-eac899d92a5f - - - - -] Child 16513 exited with status 0
2017-02-01 00:21:26.581 15899 INFO oslo_service.service [req-1a1e329e-b792-4e7b-8949-eac899d92a5f - - - - -] Child 16405 exited with status 0
2017-02-01 00:21:26.586 15899 INFO oslo_service.service [req-1a1e329e-b792-4e7b-8949-eac899d92a5f - - - - -] Child 16404 exited with status 0
2017-02-01 00:21:26.587 15899 INFO oslo_service.service [req-1a1e329e-b792-4e7b-8949-eac899d92a5f - - - - -] Child 16508 exited with status 0
2017-02-01 00:21:26.587 15899 INFO oslo_service.service [req-1a1e329e-b792-4e7b-8949-eac899d92a5f - - - - -] Child 16515 exited with status 0
2017-02-01 00:21:26.588 15899 INFO oslo_service.service [req-1a1e329e-b792-4e7b-8949-eac899d92a5f - - - - -] Child 16517 exited with status 0
2017-02-01 00:21:26.588 15899 INFO oslo_service.service [req-1a1e329e-b792-4e7b-8949-eac899d92a5f - - - - -] Child 16523 exited with status 0
2017-02-01 00:21:26.589 15899 INFO oslo_service.service [req-1a1e329e-b792-4e7b-8949-eac899d92a5f - - - - -] Child 16524 exited with status 0
2017-02-01 00:21:26.589 15899 INFO oslo_service.service [req-1a1e329e-b792-4e7b-8949-eac899d92a5f - - - - -] Child 16526 exited with status 0
2017-02-01 00:21:26.589 15899 INFO oslo_service.service [req-1a1e329e-b792-4e7b-8949-eac899d92a5f - - - - -] Child 16529 exited with status 0
2017-02-01 00:21:26.591 15899 INFO oslo_service.service [req-1a1e329e-b792-4e7b-8949-eac899d92a5f - - - - -] Child 16530 killed by signal 15
2017-02-01 00:21:26.591 15899 INFO oslo_service.service [req-1a1e329e-b792-4e7b-8949-eac899d92a5f - - - - -] Child 16533 exited with status 0
2017-02-01 00:21:26.592 15899 INFO oslo_service.service [req-1a1e329e-b792-4e7b-8949-eac899d92a5f - - - - -] Child 16536 exited with status 0
2017-02-01 00:21:26.592 15899 INFO oslo_service.service [req-1a1e329e-b792-4e7b-8949-eac899d92a5f - - - - -] Child 16500 exited with status 0
2017-02-01 00:21:26.593 15899 INFO oslo_service.service [req-1a1e329e-b792-4e7b-8949-eac899d92a5f - - - - -] Child 16538 exited with status 0
2017-02-01 00:21:26.595 15899 INFO oslo_service.service [req-1a1e329e-b792-4e7b-8949-eac899d92a5f - - - - -] Child 16541 exited with status 0
2017-02-01 00:21:26.596 15899 INFO oslo_service.service [req-1a1e329e-b792-4e7b-8949-eac899d92a5f - - - - -] Child 16510 exited with status 0
2017-02-01 00:21:26.613 15899 INFO oslo_service.service [req-1a1e329e-b792-4e7b-8949-eac899d92a5f - - - - -] Child 16410 exited with status 0
2017-02-01 00:21:26.614 15899 INFO oslo_service.service [req-1a1e329e-b792-4e7b-8949-eac899d92a5f - - - - -] Child 16501 exited with status 0
2017-02-01 00:21:26.614 15899 INFO oslo_service.service [req-1a1e329e-b792-4e7b-8949-eac899d92a5f - - - - -] Child 16546 exited with status 0
2017-02-01 00:21:26.615 15899 INFO oslo_service.service [req-1a1e329e-b792-4e7b-8949-eac899d92a5f - - - - -] Child 16547 exited with status 0
2017-02-01 00:21:26.615 15899 INFO oslo_service.service [req-1a1e329e-b792-4e7b-8949-eac899d92a5f - - - - -] Child 16552 exited with status 0
2017-02-01 00:21:26.616 15899 INFO oslo_service.service [req-1a1e329e-b792-4e7b-8949-eac899d92a5f - - - - -] Child 16555 exited with status 0
2017-02-01 00:21:26.618 15899 INFO oslo_service.service [req-1a1e329e-b792-4e7b-8949-eac899d92a5f - - - - -] Child 16556 exited with status 0
2017-02-01 00:21:26.618 15899 INFO oslo_service.service [req-1a1e329e-b792-4e7b-8949-eac899d92a5f - - - - -] Child 16558 exited with status 0
2017-02-01 00:21:26.619 15899 INFO oslo_service.service [req-1a1e329e-b792-4e7b-8949-eac899d92a5f - - - - -] Child 16559 exited with status 0
2017-02-01 00:21:26.620 15899 INFO oslo_service.service [req-1a1e329e-b792-4e7b-8949-eac899d92a5f - - - - -] Child 16561 exited with status 0
2017-02-01 00:21:26.621 15899 INFO oslo_service.service [req-1a1e329e-b792-4e7b-8949-eac899d92a5f - - - - -] Child 16563 exited with status 0
2017-02-01 00:21:26.621 15899 INFO oslo_service.service [req-1a1e329e-b792-4e7b-8949-eac899d92a5f - - - - -] Child 16565 killed by signal 15
2017-02-01 00:21:26.622 15899 INFO oslo_service.service [req-1a1e329e-b792-4e7b-8949-eac899d92a5f - - - - -] Child 16572 killed by signal 15
2017-02-01 00:21:26.625 15899 INFO oslo_service.service [req-1a1e329e-b792-4e7b-8949-eac899d92a5f - - - - -] Child 16544 exited with status 0
2017-02-01 00:21:26.628 15899 INFO oslo_service.service [req-1a1e329e-b792-4e7b-8949-eac899d92a5f - - - - -] Child 16535 exited with status 0
2017-02-01 00:21:26.629 15899 INFO oslo_service.service [req-1a1e329e-b792-4e7b-8949-eac899d92a5f - - - - -] Child 16421 killed by signal 15
2017-02-01 00:21:26.633 15899 INFO oslo_service.service [req-1a1e329e-b792-4e7b-8949-eac899d92a5f - - - - -] Child 16567 exited with status 0
2017-02-01 00:21:26.640 15899 INFO oslo_service.service [req-1a1e329e-b792-4e7b-8949-eac899d92a5f - - - - -] Child 16549 exited with status 0
2017-02-01 00:23:06.192 18663 WARNING oslo_reports.guru_meditation_report [-] Guru meditation now registers SIGUSR1 and SIGUSR2 by default for backward compatibility. SIGUSR1 will no longer be registered in a future release, so please use SIGUSR2 to generate reports.
2017-02-01 00:23:06.933 18663 INFO nova.api.openstack [req-9f1a7dcd-5622-4c6c-ae2a-2ad88020f048 - - - - -] Loaded extensions: ['extensions', 'flavors', 'image-metadata', 'image-size', 'images', 'ips', 'limits', 'os-admin-actions', 'os-admin-password', 'os-agents', 'os-aggregates', 'os-assisted-volume-snapshots', 'os-attach-interfaces', 'os-availability-zone', 'os-baremetal-nodes', 'os-block-device-mapping', 'os-cells', 'os-certificates', 'os-cloudpipe', 'os-config-drive', 'os-console-auth-tokens', 'os-console-output', 'os-consoles', 'os-create-backup', 'os-deferred-delete', 'os-evacuate', 'os-extended-availability-zone', 'os-extended-server-attributes', 'os-extended-status', 'os-extended-volumes', 'os-fixed-ips', 'os-flavor-access', 'os-flavor-extra-specs', 'os-flavor-manage', 'os-flavor-rxtx', 'os-floating-ip-dns', 'os-floating-ip-pools', 'os-floating-ips', 'os-floating-ips-bulk', 'os-fping', 'os-hide-server-addresses', 'os-hosts', 'os-hypervisors', 'os-instance-actions', 'os-instance-usage-audit-log', 'os-keypairs', 'os-lock-server', 'os-migrate-server', 'os-migrations', 'os-multinic', 'os-multiple-create', 'os-networks', 'os-networks-associate', 'os-pause-server', 'os-quota-class-sets', 'os-quota-sets', 'os-remote-consoles', 'os-rescue', 'os-scheduler-hints', 'os-security-group-default-rules', 'os-security-groups', 'os-server-diagnostics', 'os-server-external-events', 'os-server-groups', 'os-server-password', 'os-server-tags', 'os-server-usage', 'os-services', 'os-shelve', 'os-simple-tenant-usage', 'os-suspend-server', 'os-tenant-networks', 'os-used-limits', 'os-user-data', 'os-virtual-interfaces', 'os-volumes', 'server-metadata', 'server-migrations', 'servers', 'versions']
2017-02-01 00:23:07.174 18663 INFO nova.api.openstack [req-9f1a7dcd-5622-4c6c-ae2a-2ad88020f048 - - - - -] Loaded extensions: ['extensions', 'flavors', 'image-metadata', 'image-size', 'images', 'ips', 'limits', 'os-admin-actions', 'os-admin-password', 'os-agents', 'os-aggregates', 'os-assisted-volume-snapshots', 'os-attach-interfaces', 'os-availability-zone', 'os-baremetal-nodes', 'os-block-device-mapping', 'os-cells', 'os-certificates', 'os-cloudpipe', 'os-config-drive', 'os-console-auth-tokens', 'os-console-output', 'os-consoles', 'os-create-backup', 'os-deferred-delete', 'os-evacuate', 'os-extended-availability-zone', 'os-extended-server-attributes', 'os-extended-status', 'os-extended-volumes', 'os-fixed-ips', 'os-flavor-access', 'os-flavor-extra-specs', 'os-flavor-manage', 'os-flavor-rxtx', 'os-floating-ip-dns', 'os-floating-ip-pools', 'os-floating-ips', 'os-floating-ips-bulk', 'os-fping', 'os-hide-server-addresses', 'os-hosts', 'os-hypervisors', 'os-instance-actions', 'os-instance-usage-audit-log', 'os-keypairs', 'os-lock-server', 'os-migrate-server', 'os-migrations', 'os-multinic', 'os-multiple-create', 'os-networks', 'os-networks-associate', 'os-pause-server', 'os-quota-class-sets', 'os-quota-sets', 'os-remote-consoles', 'os-rescue', 'os-scheduler-hints', 'os-security-group-default-rules', 'os-security-groups', 'os-server-diagnostics', 'os-server-external-events', 'os-server-groups', 'os-server-password', 'os-server-tags', 'os-server-usage', 'os-services', 'os-shelve', 'os-simple-tenant-usage', 'os-suspend-server', 'os-tenant-networks', 'os-used-limits', 'os-user-data', 'os-virtual-interfaces', 'os-volumes', 'server-metadata', 'server-migrations', 'servers', 'versions']
2017-02-01 00:23:07.198 18663 INFO nova.wsgi [req-9f1a7dcd-5622-4c6c-ae2a-2ad88020f048 - - - - -] osapi_compute listening on 0.0.0.0:8774
2017-02-01 00:23:07.198 18663 INFO oslo_service.service [req-9f1a7dcd-5622-4c6c-ae2a-2ad88020f048 - - - - -] Starting 40 workers
2017-02-01 00:23:07.345 18663 INFO nova.network.driver [req-9f1a7dcd-5622-4c6c-ae2a-2ad88020f048 - - - - -] Loading network driver 'nova.network.linux_net'
2017-02-01 00:23:07.629 19070 INFO nova.osapi_compute.wsgi.server [req-b2ff0576-ec27-4887-a714-3d474826a38f - - - - -] (19070) wsgi starting up on http://0.0.0.0:8774
2017-02-01 00:23:07.653 19061 INFO nova.osapi_compute.wsgi.server [req-3792e9dc-3fda-4e4c-9d7d-5ddf6143999c - - - - -] (19061) wsgi starting up on http://0.0.0.0:8774
2017-02-01 00:23:07.653 19066 INFO nova.osapi_compute.wsgi.server [req-80212937-6de8-47d0-abce-d2b5762570d4 - - - - -] (19066) wsgi starting up on http://0.0.0.0:8774
2017-02-01 00:23:07.655 19059 INFO nova.osapi_compute.wsgi.server [req-2c0beab7-b1e3-4be2-bc44-0db1c24c18f6 - - - - -] (19059) wsgi starting up on http://0.0.0.0:8774
2017-02-01 00:23:07.691 19108 INFO nova.osapi_compute.wsgi.server [req-3b83c4a0-ef5b-410b-82b3-5b319bc9cec6 - - - - -] (19108) wsgi starting up on http://0.0.0.0:8774
2017-02-01 00:23:07.696 19111 INFO nova.osapi_compute.wsgi.server [req-c2f16f5e-1d51-45a8-8ef5-e539980b00fb - - - - -] (19111) wsgi starting up on http://0.0.0.0:8774
2017-02-01 00:23:07.697 19074 INFO nova.osapi_compute.wsgi.server [req-bbaca29c-c84a-455b-830f-c224d938f814 - - - - -] (19074) wsgi starting up on http://0.0.0.0:8774
2017-02-01 00:23:07.697 19109 INFO nova.osapi_compute.wsgi.server [req-68056255-fd0a-4e9c-afe6-a3c9effea8c3 - - - - -] (19109) wsgi starting up on http://0.0.0.0:8774
2017-02-01 00:23:07.711 19105 INFO nova.osapi_compute.wsgi.server [req-30119adf-6180-4b7b-b16a-b31f2445b5e6 - - - - -] (19105) wsgi starting up on http://0.0.0.0:8774
2017-02-01 00:23:07.715 19085 INFO nova.osapi_compute.wsgi.server [req-36acf185-e7be-4966-b675-f6f28ceebdd6 - - - - -] (19085) wsgi starting up on http://0.0.0.0:8774
2017-02-01 00:23:07.715 19068 INFO nova.osapi_compute.wsgi.server [req-ee1ff461-e604-44de-8083-e2912b9616f5 - - - - -] (19068) wsgi starting up on http://0.0.0.0:8774
2017-02-01 00:23:07.716 19080 INFO nova.osapi_compute.wsgi.server [req-66a53bbe-b31a-4351-9aae-aaee83d9b13c - - - - -] (19080) wsgi starting up on http://0.0.0.0:8774
2017-02-01 00:23:07.719 19058 INFO nova.osapi_compute.wsgi.server [req-c49232c0-aecb-4d97-9cd3-4703ca981ed5 - - - - -] (19058) wsgi starting up on http://0.0.0.0:8774
2017-02-01 00:23:07.719 19107 INFO nova.osapi_compute.wsgi.server [req-127e81ca-020e-4d25-ac91-c178d2965148 - - - - -] (19107) wsgi starting up on http://0.0.0.0:8774
2017-02-01 00:23:07.722 19075 INFO nova.osapi_compute.wsgi.server [req-9a46e5be-e9e5-4495-addd-225cf6505f12 - - - - -] (19075) wsgi starting up on http://0.0.0.0:8774
2017-02-01 00:23:07.724 19118 INFO nova.osapi_compute.wsgi.server [req-32837d1f-ace4-47d0-9c2a-95535a18ea4a - - - - -] (19118) wsgi starting up on http://0.0.0.0:8774
2017-02-01 00:23:07.724 19102 INFO nova.osapi_compute.wsgi.server [req-a33ac384-0e52-4ddb-b1c3-530676b40ecf - - - - -] (19102) wsgi starting up on http://0.0.0.0:8774
2017-02-01 00:23:07.724 19093 INFO nova.osapi_compute.wsgi.server [req-6b0bc9f3-6040-4fbd-a91d-a33d49a3cbac - - - - -] (19093) wsgi starting up on http://0.0.0.0:8774
2017-02-01 00:23:07.725 19123 INFO nova.osapi_compute.wsgi.server [req-90570758-d5b9-4554-8806-98e87fca2048 - - - - -] (19123) wsgi starting up on http://0.0.0.0:8774
2017-02-01 00:23:07.728 19076 INFO nova.osapi_compute.wsgi.server [req-3be1c483-208c-4ac0-b7dd-cd0c20ca757b - - - - -] (19076) wsgi starting up on http://0.0.0.0:8774
2017-02-01 00:23:07.728 19057 INFO nova.osapi_compute.wsgi.server [req-bf4b9cb8-dc79-4c9f-ab05-4b4af406876d - - - - -] (19057) wsgi starting up on http://0.0.0.0:8774
2017-02-01 00:23:07.729 19060 INFO nova.osapi_compute.wsgi.server [req-4a3f351a-8494-4c33-8a04-8ceec33b7ecd - - - - -] (19060) wsgi starting up on http://0.0.0.0:8774
2017-02-01 00:23:07.729 19082 INFO nova.osapi_compute.wsgi.server [req-2d727703-c63d-4467-a746-f9c6f64f75b5 - - - - -] (19082) wsgi starting up on http://0.0.0.0:8774
2017-02-01 00:23:07.729 19110 INFO nova.osapi_compute.wsgi.server [req-64e29caa-0994-4059-8f44-947400dfb24c - - - - -] (19110) wsgi starting up on http://0.0.0.0:8774
2017-02-01 00:23:07.730 19083 INFO nova.osapi_compute.wsgi.server [req-6811184f-2858-480f-8620-d1f7f152b8f6 - - - - -] (19083) wsgi starting up on http://0.0.0.0:8774
2017-02-01 00:23:07.731 19113 INFO nova.osapi_compute.wsgi.server [req-2cac6be6-9054-41f2-9c44-1d0147cc5c39 - - - - -] (19113) wsgi starting up on http://0.0.0.0:8774
2017-02-01 00:23:07.732 19062 INFO nova.osapi_compute.wsgi.server [req-f1f08ce1-5c76-4edf-962b-bd1d33226a65 - - - - -] (19062) wsgi starting up on http://0.0.0.0:8774
2017-02-01 00:23:07.732 19098 INFO nova.osapi_compute.wsgi.server [req-56ece7b0-5749-472f-8c3b-8ff59f61a3bf - - - - -] (19098) wsgi starting up on http://0.0.0.0:8774
2017-02-01 00:23:07.733 19072 INFO nova.osapi_compute.wsgi.server [req-dd7b798e-a2ff-483f-96a7-898da5b24eca - - - - -] (19072) wsgi starting up on http://0.0.0.0:8774
2017-02-01 00:23:07.735 19128 INFO nova.osapi_compute.wsgi.server [req-168864b3-4405-4d33-bcca-bb557667a609 - - - - -] (19128) wsgi starting up on http://0.0.0.0:8774
2017-02-01 00:23:07.735 19090 INFO nova.osapi_compute.wsgi.server [req-dcca1fe6-f137-45d7-b428-82ed8d795380 - - - - -] (19090) wsgi starting up on http://0.0.0.0:8774
2017-02-01 00:23:07.736 19077 INFO nova.osapi_compute.wsgi.server [req-27a00021-2242-423f-a677-089096c7127b - - - - -] (19077) wsgi starting up on http://0.0.0.0:8774
2017-02-01 00:23:07.736 19056 INFO nova.osapi_compute.wsgi.server [req-f7f3122f-b942-40d1-947d-666cd641470c - - - - -] (19056) wsgi starting up on http://0.0.0.0:8774
2017-02-01 00:23:07.736 19065 INFO nova.osapi_compute.wsgi.server [req-a34e7ffc-a27d-4945-9f74-84a9139bbdf2 - - - - -] (19065) wsgi starting up on http://0.0.0.0:8774
2017-02-01 00:23:07.736 19064 INFO nova.osapi_compute.wsgi.server [req-4fdbc607-bb06-4ec4-9c0f-10e97647ecb2 - - - - -] (19064) wsgi starting up on http://0.0.0.0:8774
2017-02-01 00:23:07.738 19067 INFO nova.osapi_compute.wsgi.server [req-ca2cfb50-3d1b-4f9e-826d-cf501354774f - - - - -] (19067) wsgi starting up on http://0.0.0.0:8774
2017-02-01 00:23:07.739 19069 INFO nova.osapi_compute.wsgi.server [req-7768b915-b7b4-454e-adde-75b04c850012 - - - - -] (19069) wsgi starting up on http://0.0.0.0:8774
2017-02-01 00:23:07.745 19063 INFO nova.osapi_compute.wsgi.server [req-ee8e63f2-aa4b-49dd-b57d-e6b366853ae5 - - - - -] (19063) wsgi starting up on http://0.0.0.0:8774
2017-02-01 00:23:07.791 19121 INFO nova.osapi_compute.wsgi.server [req-f2872401-7998-4fdf-988f-0d85fe5d77a3 - - - - -] (19121) wsgi starting up on http://0.0.0.0:8774
2017-02-01 00:23:07.801 19127 INFO nova.osapi_compute.wsgi.server [req-0ae5797a-2e62-4e6e-bdc0-02aebfbf0619 - - - - -] (19127) wsgi starting up on http://0.0.0.0:8774
2017-02-01 00:23:07.862 18663 INFO nova.wsgi [req-9f1a7dcd-5622-4c6c-ae2a-2ad88020f048 - - - - -] metadata listening on 0.0.0.0:8775
2017-02-01 00:23:07.863 18663 INFO oslo_service.service [req-9f1a7dcd-5622-4c6c-ae2a-2ad88020f048 - - - - -] Starting 40 workers
2017-02-01 00:23:08.242 19178 INFO nova.metadata.wsgi.server [req-22927a68-e240-495f-881e-c99f020875f0 - - - - -] (19178) wsgi starting up on http://0.0.0.0:8775
2017-02-01 00:23:08.243 19182 INFO nova.metadata.wsgi.server [req-72e8d924-f6a4-49bd-a894-ce710c1f5157 - - - - -] (19182) wsgi starting up on http://0.0.0.0:8775
2017-02-01 00:23:08.257 19195 INFO nova.metadata.wsgi.server [req-ba198d9a-f723-4671-8ff4-c4d22e9db15e - - - - -] (19195) wsgi starting up on http://0.0.0.0:8775
2017-02-01 00:23:08.267 19193 INFO nova.metadata.wsgi.server [req-9abd7b5d-6e09-4268-8348-305f4bc0c580 - - - - -] (19193) wsgi starting up on http://0.0.0.0:8775
2017-02-01 00:23:08.268 19175 INFO nova.metadata.wsgi.server [req-a4a4a91f-5d27-4867-b847-8bbd56fbf365 - - - - -] (19175) wsgi starting up on http://0.0.0.0:8775
2017-02-01 00:23:08.271 19174 INFO nova.metadata.wsgi.server [req-7e1fad98-8cfd-4c95-b337-c3581d1200c6 - - - - -] (19174) wsgi starting up on http://0.0.0.0:8775
2017-02-01 00:23:08.272 19177 INFO nova.metadata.wsgi.server [req-172390d5-2b8c-4d8c-9be2-37d56ade3a0d - - - - -] (19177) wsgi starting up on http://0.0.0.0:8775
2017-02-01 00:23:08.273 19179 INFO nova.metadata.wsgi.server [req-591ab2ee-c095-4caf-be74-dd0edfd3a96b - - - - -] (19179) wsgi starting up on http://0.0.0.0:8775
2017-02-01 00:23:08.273 19176 INFO nova.metadata.wsgi.server [req-84ca44d0-1879-49c1-a9a4-da4879cfb510 - - - - -] (19176) wsgi starting up on http://0.0.0.0:8775
2017-02-01 00:23:08.285 19183 INFO nova.metadata.wsgi.server [req-56fde3c9-14da-4ecd-9efd-9250db2974bd - - - - -] (19183) wsgi starting up on http://0.0.0.0:8775
2017-02-01 00:23:08.286 19173 INFO nova.metadata.wsgi.server [req-e9f86c9e-0447-425e-ba2f-23cdd5a08e5f - - - - -] (19173) wsgi starting up on http://0.0.0.0:8775
2017-02-01 00:23:08.286 19180 INFO nova.metadata.wsgi.server [req-aeb49b43-4bc0-493d-a14a-7995c2aafd64 - - - - -] (19180) wsgi starting up on http://0.0.0.0:8775
2017-02-01 00:23:08.292 19211 INFO nova.metadata.wsgi.server [req-84dfa1b9-6d5f-44d4-8590-9c90fa8db541 - - - - -] (19211) wsgi starting up on http://0.0.0.0:8775
2017-02-01 00:23:08.293 19201 INFO nova.metadata.wsgi.server [req-82e9def0-5cdb-4e92-8880-cd5739142c7c - - - - -] (19201) wsgi starting up on http://0.0.0.0:8775
2017-02-01 00:23:08.294 19190 INFO nova.metadata.wsgi.server [req-56309bf5-9341-4a65-8580-cbd0c7a5ef67 - - - - -] (19190) wsgi starting up on http://0.0.0.0:8775
2017-02-01 00:23:08.294 19186 INFO nova.metadata.wsgi.server [req-c4cea5d6-ef0a-4244-aecf-c86d03922039 - - - - -] (19186) wsgi starting up on http://0.0.0.0:8775
2017-02-01 00:23:08.299 19197 INFO nova.metadata.wsgi.server [req-6ef052ab-c6f9-4f68-bc4a-3b08ad71e64b - - - - -] (19197) wsgi starting up on http://0.0.0.0:8775
2017-02-01 00:23:08.306 19189 INFO nova.metadata.wsgi.server [req-c667b52d-2602-4e79-878d-eaa8bccce341 - - - - -] (19189) wsgi starting up on http://0.0.0.0:8775
2017-02-01 00:23:08.311 19209 INFO nova.metadata.wsgi.server [req-f6fb3ea9-d237-4acc-af92-912f25b2b40a - - - - -] (19209) wsgi starting up on http://0.0.0.0:8775
2017-02-01 00:23:08.311 19202 INFO nova.metadata.wsgi.server [req-50c21bd6-7be7-4393-b35d-19e74faed753 - - - - -] (19202) wsgi starting up on http://0.0.0.0:8775
2017-02-01 00:23:08.314 19222 INFO nova.metadata.wsgi.server [req-a7cb4bfa-a41d-4a59-b399-a00d0ecf67d5 - - - - -] (19222) wsgi starting up on http://0.0.0.0:8775
2017-02-01 00:23:08.320 19221 INFO nova.metadata.wsgi.server [req-d12b2199-f815-4a70-a0b3-4935af8488cf - - - - -] (19221) wsgi starting up on http://0.0.0.0:8775
2017-02-01 00:23:08.321 19230 INFO nova.metadata.wsgi.server [req-b738c5db-3794-457d-ad44-560ffde6bae9 - - - - -] (19230) wsgi starting up on http://0.0.0.0:8775
2017-02-01 00:23:08.321 19207 INFO nova.metadata.wsgi.server [req-b4028ea6-657c-4fd4-90a3-22635467e796 - - - - -] (19207) wsgi starting up on http://0.0.0.0:8775
2017-02-01 00:23:08.326 19241 INFO nova.metadata.wsgi.server [req-c5834e38-5c2c-4412-9a05-dee58b5d9ccf - - - - -] (19241) wsgi starting up on http://0.0.0.0:8775
2017-02-01 00:23:08.329 19228 INFO nova.metadata.wsgi.server [req-eb7318d0-7eb9-4b88-a58e-2da5fe15c4f7 - - - - -] (19228) wsgi starting up on http://0.0.0.0:8775
2017-02-01 00:23:08.331 19216 INFO nova.metadata.wsgi.server [req-23ede415-c2d2-4e53-b2d0-966925836249 - - - - -] (19216) wsgi starting up on http://0.0.0.0:8775
2017-02-01 00:23:08.331 19213 INFO nova.metadata.wsgi.server [req-c04a7d8d-015e-483f-a5fd-cb745768ce34 - - - - -] (19213) wsgi starting up on http://0.0.0.0:8775
2017-02-01 00:23:08.335 19218 INFO nova.metadata.wsgi.server [req-753b4d5d-c082-407d-ad40-13ea8d175b1b - - - - -] (19218) wsgi starting up on http://0.0.0.0:8775
2017-02-01 00:23:08.339 19181 INFO nova.metadata.wsgi.server [req-6aaf0b38-9e4b-4d3f-af52-885e77bc46f7 - - - - -] (19181) wsgi starting up on http://0.0.0.0:8775
2017-02-01 00:23:08.341 19243 INFO nova.metadata.wsgi.server [req-1da1a869-603c-4075-ac96-4384837e6f43 - - - - -] (19243) wsgi starting up on http://0.0.0.0:8775
2017-02-01 00:23:08.343 19236 INFO nova.metadata.wsgi.server [req-afe7a9ff-2984-46c9-9d8c-a4475661c29d - - - - -] (19236) wsgi starting up on http://0.0.0.0:8775
2017-02-01 00:23:08.344 19231 INFO nova.metadata.wsgi.server [req-ee9645f7-d085-4ac5-83cf-d418b8f235de - - - - -] (19231) wsgi starting up on http://0.0.0.0:8775
2017-02-01 00:23:08.344 19239 INFO nova.metadata.wsgi.server [req-e2362d00-ccac-47eb-9f3e-854e5f0bf8de - - - - -] (19239) wsgi starting up on http://0.0.0.0:8775
2017-02-01 00:23:08.352 19247 INFO nova.metadata.wsgi.server [req-2f7aa595-e80e-4b0b-b7a1-e5790b04abdb - - - - -] (19247) wsgi starting up on http://0.0.0.0:8775
2017-02-01 00:23:08.360 19234 INFO nova.metadata.wsgi.server [req-d3cd25c9-5b74-4687-98e4-dd7c4c482aed - - - - -] (19234) wsgi starting up on http://0.0.0.0:8775
2017-02-01 00:23:08.362 19205 INFO nova.metadata.wsgi.server [req-0c065a1f-b992-4a0d-b386-1d9d12eb3347 - - - - -] (19205) wsgi starting up on http://0.0.0.0:8775
2017-02-01 00:23:08.365 19226 INFO nova.metadata.wsgi.server [req-ab461be4-3c4c-45e4-9235-e6a7b50763bd - - - - -] (19226) wsgi starting up on http://0.0.0.0:8775
2017-02-01 00:23:08.366 19233 INFO nova.metadata.wsgi.server [req-e0a481b9-73a7-4fa2-976a-e6ed6ddfcc2e - - - - -] (19233) wsgi starting up on http://0.0.0.0:8775
2017-02-01 00:23:08.381 19244 INFO nova.metadata.wsgi.server [req-c946a6f9-4ffe-4250-a29c-bf2d4db34dbe - - - - -] (19244) wsgi starting up on http://0.0.0.0:8775
2017-02-01 00:27:45.268 19057 INFO nova.wsgi [-] Stopping WSGI server.
2017-02-01 00:27:45.268 19059 INFO nova.wsgi [-] Stopping WSGI server.
2017-02-01 00:27:45.268 19061 INFO nova.wsgi [-] Stopping WSGI server.
2017-02-01 00:27:45.268 19063 INFO nova.wsgi [-] Stopping WSGI server.
2017-02-01 00:27:45.268 19066 INFO nova.wsgi [-] Stopping WSGI server.
2017-02-01 00:27:45.268 19062 INFO nova.wsgi [-] Stopping WSGI server.
2017-02-01 00:27:45.268 19058 INFO nova.wsgi [-] Stopping WSGI server.
2017-02-01 00:27:45.268 19056 INFO nova.wsgi [-] Stopping WSGI server.
2017-02-01 00:27:45.268 19067 INFO nova.wsgi [-] Stopping WSGI server.
2017-02-01 00:27:45.268 19068 INFO nova.wsgi [-] Stopping WSGI server.
2017-02-01 00:27:45.268 19065 INFO nova.wsgi [-] Stopping WSGI server.
2017-02-01 00:27:45.268 19077 INFO nova.wsgi [-] Stopping WSGI server.
2017-02-01 00:27:45.269 19057 INFO nova.osapi_compute.wsgi.server [req-bf4b9cb8-dc79-4c9f-ab05-4b4af406876d - - - - -] (19057) wsgi exited, is_accepting=True
2017-02-01 00:27:45.268 19074 INFO nova.wsgi [-] Stopping WSGI server.
2017-02-01 00:27:45.268 19076 INFO nova.wsgi [-] Stopping WSGI server.
2017-02-01 00:27:45.269 19059 INFO nova.osapi_compute.wsgi.server [req-2c0beab7-b1e3-4be2-bc44-0db1c24c18f6 - - - - -] (19059) wsgi exited, is_accepting=True
2017-02-01 00:27:45.269 19072 INFO nova.wsgi [-] Stopping WSGI server.
2017-02-01 00:27:45.269 19063 INFO nova.osapi_compute.wsgi.server [req-ee8e63f2-aa4b-49dd-b57d-e6b366853ae5 - - - - -] (19063) wsgi exited, is_accepting=True
2017-02-01 00:27:45.269 19061 INFO nova.osapi_compute.wsgi.server [req-3792e9dc-3fda-4e4c-9d7d-5ddf6143999c - - - - -] (19061) wsgi exited, is_accepting=True
2017-02-01 00:27:45.269 19075 INFO nova.wsgi [-] Stopping WSGI server.
2017-02-01 00:27:45.269 19066 INFO nova.osapi_compute.wsgi.server [req-80212937-6de8-47d0-abce-d2b5762570d4 - - - - -] (19066) wsgi exited, is_accepting=True
2017-02-01 00:27:45.269 19069 INFO nova.wsgi [-] Stopping WSGI server.
2017-02-01 00:27:45.269 19070 INFO nova.wsgi [-] Stopping WSGI server.
2017-02-01 00:27:45.270 19077 INFO nova.osapi_compute.wsgi.server [req-27a00021-2242-423f-a677-089096c7127b - - - - -] (19077) wsgi exited, is_accepting=True
2017-02-01 00:27:45.270 19074 INFO nova.osapi_compute.wsgi.server [req-bbaca29c-c84a-455b-830f-c224d938f814 - - - - -] (19074) wsgi exited, is_accepting=True
2017-02-01 00:27:45.270 19065 INFO nova.osapi_compute.wsgi.server [req-a34e7ffc-a27d-4945-9f74-84a9139bbdf2 - - - - -] (19065) wsgi exited, is_accepting=True
2017-02-01 00:27:45.270 19068 INFO nova.osapi_compute.wsgi.server [req-ee1ff461-e604-44de-8083-e2912b9616f5 - - - - -] (19068) wsgi exited, is_accepting=True
2017-02-01 00:27:45.270 19076 INFO nova.osapi_compute.wsgi.server [req-3be1c483-208c-4ac0-b7dd-cd0c20ca757b - - - - -] (19076) wsgi exited, is_accepting=True
2017-02-01 00:27:45.270 19064 INFO nova.wsgi [-] Stopping WSGI server.
2017-02-01 00:27:45.270 19062 INFO nova.osapi_compute.wsgi.server [req-f1f08ce1-5c76-4edf-962b-bd1d33226a65 - - - - -] (19062) wsgi exited, is_accepting=True
2017-02-01 00:27:45.270 19082 INFO nova.wsgi [-] Stopping WSGI server.
2017-02-01 00:27:45.270 19072 INFO nova.osapi_compute.wsgi.server [req-dd7b798e-a2ff-483f-96a7-898da5b24eca - - - - -] (19072) wsgi exited, is_accepting=True
2017-02-01 00:27:45.270 19098 INFO nova.wsgi [-] Stopping WSGI server.
2017-02-01 00:27:45.270 19105 INFO nova.wsgi [-] Stopping WSGI server.
2017-02-01 00:27:45.270 19080 INFO nova.wsgi [-] Stopping WSGI server.
2017-02-01 00:27:45.270 19102 INFO nova.wsgi [-] Stopping WSGI server.
2017-02-01 00:27:45.270 19085 INFO nova.wsgi [-] Stopping WSGI server.
2017-02-01 00:27:45.270 19093 INFO nova.wsgi [-] Stopping WSGI server.
2017-02-01 00:27:45.270 19108 INFO nova.wsgi [-] Stopping WSGI server.
2017-02-01 00:27:45.270 19083 INFO nova.wsgi [-] Stopping WSGI server.
2017-02-01 00:27:45.270 19090 INFO nova.wsgi [-] Stopping WSGI server.
2017-02-01 00:27:45.270 19075 INFO nova.osapi_compute.wsgi.server [req-9a46e5be-e9e5-4495-addd-225cf6505f12 - - - - -] (19075) wsgi exited, is_accepting=True
2017-02-01 00:27:45.270 19110 INFO nova.wsgi [-] Stopping WSGI server.
2017-02-01 00:27:45.270 19109 INFO nova.wsgi [-] Stopping WSGI server.
2017-02-01 00:27:45.271 19069 INFO nova.osapi_compute.wsgi.server [req-7768b915-b7b4-454e-adde-75b04c850012 - - - - -] (19069) wsgi exited, is_accepting=True
2017-02-01 00:27:45.271 19082 INFO nova.osapi_compute.wsgi.server [req-2d727703-c63d-4467-a746-f9c6f64f75b5 - - - - -] (19082) wsgi exited, is_accepting=True
2017-02-01 00:27:45.271 19085 INFO nova.osapi_compute.wsgi.server [req-36acf185-e7be-4966-b675-f6f28ceebdd6 - - - - -] (19085) wsgi exited, is_accepting=True
2017-02-01 00:27:45.271 19102 INFO nova.osapi_compute.wsgi.server [req-a33ac384-0e52-4ddb-b1c3-530676b40ecf - - - - -] (19102) wsgi exited, is_accepting=True
2017-02-01 00:27:45.271 19056 INFO nova.osapi_compute.wsgi.server [req-f7f3122f-b942-40d1-947d-666cd641470c - - - - -] (19056) wsgi exited, is_accepting=True
2017-02-01 00:27:45.271 19105 INFO nova.osapi_compute.wsgi.server [req-30119adf-6180-4b7b-b16a-b31f2445b5e6 - - - - -] (19105) wsgi exited, is_accepting=True
2017-02-01 00:27:45.271 19093 INFO nova.osapi_compute.wsgi.server [req-6b0bc9f3-6040-4fbd-a91d-a33d49a3cbac - - - - -] (19093) wsgi exited, is_accepting=True
2017-02-01 00:27:45.271 19058 INFO nova.osapi_compute.wsgi.server [req-c49232c0-aecb-4d97-9cd3-4703ca981ed5 - - - - -] (19058) wsgi exited, is_accepting=True
2017-02-01 00:27:45.271 19060 INFO nova.wsgi [-] Stopping WSGI server.
2017-02-01 00:27:45.271 19108 INFO nova.osapi_compute.wsgi.server [req-3b83c4a0-ef5b-410b-82b3-5b319bc9cec6 - - - - -] (19108) wsgi exited, is_accepting=True
2017-02-01 00:27:45.271 19067 INFO nova.osapi_compute.wsgi.server [req-ca2cfb50-3d1b-4f9e-826d-cf501354774f - - - - -] (19067) wsgi exited, is_accepting=True
2017-02-01 00:27:45.271 19064 INFO nova.osapi_compute.wsgi.server [req-4fdbc607-bb06-4ec4-9c0f-10e97647ecb2 - - - - -] (19064) wsgi exited, is_accepting=True
2017-02-01 00:27:45.271 19098 INFO nova.osapi_compute.wsgi.server [req-56ece7b0-5749-472f-8c3b-8ff59f61a3bf - - - - -] (19098) wsgi exited, is_accepting=True
2017-02-01 00:27:45.271 19083 INFO nova.osapi_compute.wsgi.server [req-6811184f-2858-480f-8620-d1f7f152b8f6 - - - - -] (19083) wsgi exited, is_accepting=True
2017-02-01 00:27:45.271 19090 INFO nova.osapi_compute.wsgi.server [req-dcca1fe6-f137-45d7-b428-82ed8d795380 - - - - -] (19090) wsgi exited, is_accepting=True
2017-02-01 00:27:45.271 19107 INFO nova.wsgi [-] Stopping WSGI server.
2017-02-01 00:27:45.271 19109 INFO nova.osapi_compute.wsgi.server [req-68056255-fd0a-4e9c-afe6-a3c9effea8c3 - - - - -] (19109) wsgi exited, is_accepting=True
2017-02-01 00:27:45.271 19110 INFO nova.osapi_compute.wsgi.server [req-64e29caa-0994-4059-8f44-947400dfb24c - - - - -] (19110) wsgi exited, is_accepting=True
2017-02-01 00:27:45.272 19061 INFO nova.wsgi [req-9f1a7dcd-5622-4c6c-ae2a-2ad88020f048 - - - - -] WSGI server has stopped.
2017-02-01 00:27:45.272 19111 INFO nova.wsgi [-] Stopping WSGI server.
2017-02-01 00:27:45.272 19113 INFO nova.wsgi [-] Stopping WSGI server.
2017-02-01 00:27:45.272 19060 INFO nova.osapi_compute.wsgi.server [req-4a3f351a-8494-4c33-8a04-8ceec33b7ecd - - - - -] (19060) wsgi exited, is_accepting=True
2017-02-01 00:27:45.272 19107 INFO nova.osapi_compute.wsgi.server [req-127e81ca-020e-4d25-ac91-c178d2965148 - - - - -] (19107) wsgi exited, is_accepting=True
2017-02-01 00:27:45.273 19111 INFO nova.osapi_compute.wsgi.server [req-c2f16f5e-1d51-45a8-8ef5-e539980b00fb - - - - -] (19111) wsgi exited, is_accepting=True
2017-02-01 00:27:45.273 19113 INFO nova.osapi_compute.wsgi.server [req-2cac6be6-9054-41f2-9c44-1d0147cc5c39 - - - - -] (19113) wsgi exited, is_accepting=True
2017-02-01 00:27:45.273 19074 INFO nova.wsgi [req-9f1a7dcd-5622-4c6c-ae2a-2ad88020f048 - - - - -] WSGI server has stopped.
2017-02-01 00:27:45.273 19080 INFO nova.osapi_compute.wsgi.server [req-66a53bbe-b31a-4351-9aae-aaee83d9b13c - - - - -] (19080) wsgi exited, is_accepting=True
2017-02-01 00:27:45.273 19070 INFO nova.osapi_compute.wsgi.server [req-b2ff0576-ec27-4887-a714-3d474826a38f - - - - -] (19070) wsgi exited, is_accepting=True
2017-02-01 00:27:45.273 19069 INFO nova.wsgi [req-9f1a7dcd-5622-4c6c-ae2a-2ad88020f048 - - - - -] WSGI server has stopped.
2017-02-01 00:27:45.274 19085 INFO nova.wsgi [req-9f1a7dcd-5622-4c6c-ae2a-2ad88020f048 - - - - -] WSGI server has stopped.
2017-02-01 00:27:45.275 19083 INFO nova.wsgi [req-9f1a7dcd-5622-4c6c-ae2a-2ad88020f048 - - - - -] WSGI server has stopped.
2017-02-01 00:27:45.275 19067 INFO nova.wsgi [req-9f1a7dcd-5622-4c6c-ae2a-2ad88020f048 - - - - -] WSGI server has stopped.
2017-02-01 00:27:45.275 19108 INFO nova.wsgi [req-9f1a7dcd-5622-4c6c-ae2a-2ad88020f048 - - - - -] WSGI server has stopped.
2017-02-01 00:27:45.275 19102 INFO nova.wsgi [req-9f1a7dcd-5622-4c6c-ae2a-2ad88020f048 - - - - -] WSGI server has stopped.
2017-02-01 00:27:45.275 19107 INFO nova.wsgi [req-9f1a7dcd-5622-4c6c-ae2a-2ad88020f048 - - - - -] WSGI server has stopped.
2017-02-01 00:27:45.275 19080 INFO nova.wsgi [req-9f1a7dcd-5622-4c6c-ae2a-2ad88020f048 - - - - -] WSGI server has stopped.
2017-02-01 00:27:45.275 19072 INFO nova.wsgi [req-9f1a7dcd-5622-4c6c-ae2a-2ad88020f048 - - - - -] WSGI server has stopped.
2017-02-01 00:27:45.275 19093 INFO nova.wsgi [req-9f1a7dcd-5622-4c6c-ae2a-2ad88020f048 - - - - -] WSGI server has stopped.
2017-02-01 00:27:45.277 19070 INFO nova.wsgi [req-9f1a7dcd-5622-4c6c-ae2a-2ad88020f048 - - - - -] WSGI server has stopped.
2017-02-01 00:27:45.277 19113 INFO nova.wsgi [req-9f1a7dcd-5622-4c6c-ae2a-2ad88020f048 - - - - -] WSGI server has stopped.
2017-02-01 00:27:45.277 19060 INFO nova.wsgi [req-9f1a7dcd-5622-4c6c-ae2a-2ad88020f048 - - - - -] WSGI server has stopped.
2017-02-01 00:27:45.277 19111 INFO nova.wsgi [req-9f1a7dcd-5622-4c6c-ae2a-2ad88020f048 - - - - -] WSGI server has stopped.
2017-02-01 00:27:45.277 19098 INFO nova.wsgi [req-9f1a7dcd-5622-4c6c-ae2a-2ad88020f048 - - - - -] WSGI server has stopped.
2017-02-01 00:27:45.277 19063 INFO nova.wsgi [req-9f1a7dcd-5622-4c6c-ae2a-2ad88020f048 - - - - -] WSGI server has stopped.
2017-02-01 00:27:45.277 19109 INFO nova.wsgi [req-9f1a7dcd-5622-4c6c-ae2a-2ad88020f048 - - - - -] WSGI server has stopped.
2017-02-01 00:27:45.277 19110 INFO nova.wsgi [req-9f1a7dcd-5622-4c6c-ae2a-2ad88020f048 - - - - -] WSGI server has stopped.
2017-02-01 00:27:45.278 19065 INFO nova.wsgi [req-9f1a7dcd-5622-4c6c-ae2a-2ad88020f048 - - - - -] WSGI server has stopped.
2017-02-01 00:27:45.278 19059 INFO nova.wsgi [req-9f1a7dcd-5622-4c6c-ae2a-2ad88020f048 - - - - -] WSGI server has stopped.
2017-02-01 00:27:45.278 19057 INFO nova.wsgi [req-9f1a7dcd-5622-4c6c-ae2a-2ad88020f048 - - - - -] WSGI server has stopped.
2017-02-01 00:27:45.278 19105 INFO nova.wsgi [req-9f1a7dcd-5622-4c6c-ae2a-2ad88020f048 - - - - -] WSGI server has stopped.
2017-02-01 00:27:45.280 19076 INFO nova.wsgi [req-9f1a7dcd-5622-4c6c-ae2a-2ad88020f048 - - - - -] WSGI server has stopped.
2017-02-01 00:27:45.290 19082 INFO nova.wsgi [req-9f1a7dcd-5622-4c6c-ae2a-2ad88020f048 - - - - -] WSGI server has stopped.
2017-02-01 00:27:45.290 19075 INFO nova.wsgi [req-9f1a7dcd-5622-4c6c-ae2a-2ad88020f048 - - - - -] WSGI server has stopped.
2017-02-01 00:27:45.296 19068 INFO nova.wsgi [req-9f1a7dcd-5622-4c6c-ae2a-2ad88020f048 - - - - -] WSGI server has stopped.
2017-02-01 00:27:45.300 19056 INFO nova.wsgi [req-9f1a7dcd-5622-4c6c-ae2a-2ad88020f048 - - - - -] WSGI server has stopped.
2017-02-01 00:27:45.302 19064 INFO nova.wsgi [req-9f1a7dcd-5622-4c6c-ae2a-2ad88020f048 - - - - -] WSGI server has stopped.
2017-02-01 00:27:45.290 19062 INFO nova.wsgi [req-9f1a7dcd-5622-4c6c-ae2a-2ad88020f048 - - - - -] WSGI server has stopped.
2017-02-01 00:27:45.305 19058 INFO nova.wsgi [req-9f1a7dcd-5622-4c6c-ae2a-2ad88020f048 - - - - -] WSGI server has stopped.
2017-02-01 00:27:45.275 19077 INFO nova.wsgi [req-9f1a7dcd-5622-4c6c-ae2a-2ad88020f048 - - - - -] WSGI server has stopped.
2017-02-01 00:27:45.321 19090 INFO nova.wsgi [req-9f1a7dcd-5622-4c6c-ae2a-2ad88020f048 - - - - -] WSGI server has stopped.
2017-02-01 00:27:45.291 19066 INFO nova.wsgi [req-9f1a7dcd-5622-4c6c-ae2a-2ad88020f048 - - - - -] WSGI server has stopped.
2017-02-01 00:27:45.392 19121 INFO nova.wsgi [-] Stopping WSGI server.
2017-02-01 00:27:45.393 19121 INFO nova.osapi_compute.wsgi.server [req-f2872401-7998-4fdf-988f-0d85fe5d77a3 - - - - -] (19121) wsgi exited, is_accepting=True
2017-02-01 00:27:45.395 19121 INFO nova.wsgi [req-9f1a7dcd-5622-4c6c-ae2a-2ad88020f048 - - - - -] WSGI server has stopped.
2017-02-01 00:27:45.409 19118 INFO nova.wsgi [-] Stopping WSGI server.
2017-02-01 00:27:45.411 19118 INFO nova.osapi_compute.wsgi.server [req-32837d1f-ace4-47d0-9c2a-95535a18ea4a - - - - -] (19118) wsgi exited, is_accepting=True
2017-02-01 00:27:45.413 19118 INFO nova.wsgi [req-9f1a7dcd-5622-4c6c-ae2a-2ad88020f048 - - - - -] WSGI server has stopped.
2017-02-01 00:27:45.417 19173 INFO nova.wsgi [-] Stopping WSGI server.
2017-02-01 00:27:45.417 19174 INFO nova.wsgi [-] Stopping WSGI server.
2017-02-01 00:27:45.419 19173 INFO nova.metadata.wsgi.server [req-e9f86c9e-0447-425e-ba2f-23cdd5a08e5f - - - - -] (19173) wsgi exited, is_accepting=True
2017-02-01 00:27:45.419 19174 INFO nova.metadata.wsgi.server [req-7e1fad98-8cfd-4c95-b337-c3581d1200c6 - - - - -] (19174) wsgi exited, is_accepting=True
2017-02-01 00:27:45.419 19127 INFO nova.wsgi [-] Stopping WSGI server.
2017-02-01 00:27:45.420 19173 INFO nova.wsgi [req-9f1a7dcd-5622-4c6c-ae2a-2ad88020f048 - - - - -] WSGI server has stopped.
2017-02-01 00:27:45.420 19127 INFO nova.osapi_compute.wsgi.server [req-0ae5797a-2e62-4e6e-bdc0-02aebfbf0619 - - - - -] (19127) wsgi exited, is_accepting=True
2017-02-01 00:27:45.420 19174 INFO nova.wsgi [req-9f1a7dcd-5622-4c6c-ae2a-2ad88020f048 - - - - -] WSGI server has stopped.
2017-02-01 00:27:45.422 19127 INFO nova.wsgi [req-9f1a7dcd-5622-4c6c-ae2a-2ad88020f048 - - - - -] WSGI server has stopped.
2017-02-01 00:27:45.422 19128 INFO nova.wsgi [-] Stopping WSGI server.
2017-02-01 00:27:45.423 19128 INFO nova.osapi_compute.wsgi.server [req-168864b3-4405-4d33-bcca-bb557667a609 - - - - -] (19128) wsgi exited, is_accepting=True
2017-02-01 00:27:45.424 19128 INFO nova.wsgi [req-9f1a7dcd-5622-4c6c-ae2a-2ad88020f048 - - - - -] WSGI server has stopped.
2017-02-01 00:27:45.425 19175 INFO nova.wsgi [-] Stopping WSGI server.
2017-02-01 00:27:45.425 19176 INFO nova.wsgi [-] Stopping WSGI server.
2017-02-01 00:27:45.425 19175 INFO nova.metadata.wsgi.server [req-a4a4a91f-5d27-4867-b847-8bbd56fbf365 - - - - -] (19175) wsgi exited, is_accepting=True
2017-02-01 00:27:45.426 19176 INFO nova.metadata.wsgi.server [req-84ca44d0-1879-49c1-a9a4-da4879cfb510 - - - - -] (19176) wsgi exited, is_accepting=True
2017-02-01 00:27:45.427 19176 INFO nova.wsgi [req-9f1a7dcd-5622-4c6c-ae2a-2ad88020f048 - - - - -] WSGI server has stopped.
2017-02-01 00:27:45.427 19175 INFO nova.wsgi [req-9f1a7dcd-5622-4c6c-ae2a-2ad88020f048 - - - - -] WSGI server has stopped.
2017-02-01 00:27:45.428 19177 INFO nova.wsgi [-] Stopping WSGI server.
2017-02-01 00:27:45.429 19177 INFO nova.metadata.wsgi.server [req-172390d5-2b8c-4d8c-9be2-37d56ade3a0d - - - - -] (19177) wsgi exited, is_accepting=True
2017-02-01 00:27:45.430 19177 INFO nova.wsgi [req-9f1a7dcd-5622-4c6c-ae2a-2ad88020f048 - - - - -] WSGI server has stopped.
2017-02-01 00:27:45.437 19178 INFO nova.wsgi [-] Stopping WSGI server.
2017-02-01 00:27:45.438 19178 INFO nova.metadata.wsgi.server [req-22927a68-e240-495f-881e-c99f020875f0 - - - - -] (19178) wsgi exited, is_accepting=True
2017-02-01 00:27:45.439 19178 INFO nova.wsgi [req-9f1a7dcd-5622-4c6c-ae2a-2ad88020f048 - - - - -] WSGI server has stopped.
2017-02-01 00:27:45.441 19123 INFO nova.wsgi [-] Stopping WSGI server.
2017-02-01 00:27:45.442 19123 INFO nova.osapi_compute.wsgi.server [req-90570758-d5b9-4554-8806-98e87fca2048 - - - - -] (19123) wsgi exited, is_accepting=True
2017-02-01 00:27:45.443 19123 INFO nova.wsgi [req-9f1a7dcd-5622-4c6c-ae2a-2ad88020f048 - - - - -] WSGI server has stopped.
2017-02-01 00:27:45.387 18663 INFO oslo_service.service [req-9f1a7dcd-5622-4c6c-ae2a-2ad88020f048 - - - - -] Caught SIGTERM, stopping children
2017-02-01 00:27:45.456 18663 INFO nova.wsgi [req-9f1a7dcd-5622-4c6c-ae2a-2ad88020f048 - - - - -] Stopping WSGI server.
2017-02-01 00:27:45.457 18663 INFO nova.wsgi [req-9f1a7dcd-5622-4c6c-ae2a-2ad88020f048 - - - - -] Stopping WSGI server.
2017-02-01 00:27:45.458 19201 INFO nova.wsgi [-] Stopping WSGI server.
2017-02-01 00:27:45.459 19207 INFO nova.wsgi [-] Stopping WSGI server.
2017-02-01 00:27:45.459 19201 INFO nova.metadata.wsgi.server [req-82e9def0-5cdb-4e92-8880-cd5739142c7c - - - - -] (19201) wsgi exited, is_accepting=True
2017-02-01 00:27:45.460 19207 INFO nova.metadata.wsgi.server [req-b4028ea6-657c-4fd4-90a3-22635467e796 - - - - -] (19207) wsgi exited, is_accepting=True
2017-02-01 00:27:45.461 19201 INFO nova.wsgi [req-9f1a7dcd-5622-4c6c-ae2a-2ad88020f048 - - - - -] WSGI server has stopped.
2017-02-01 00:27:45.461 19207 INFO nova.wsgi [req-9f1a7dcd-5622-4c6c-ae2a-2ad88020f048 - - - - -] WSGI server has stopped.
2017-02-01 00:27:45.474 19216 INFO nova.wsgi [-] Stopping WSGI server.
2017-02-01 00:27:45.474 19222 INFO nova.wsgi [-] Stopping WSGI server.
2017-02-01 00:27:45.474 19205 INFO nova.wsgi [-] Stopping WSGI server.
2017-02-01 00:27:45.475 19216 INFO nova.metadata.wsgi.server [req-23ede415-c2d2-4e53-b2d0-966925836249 - - - - -] (19216) wsgi exited, is_accepting=True
2017-02-01 00:27:45.475 19222 INFO nova.metadata.wsgi.server [req-a7cb4bfa-a41d-4a59-b399-a00d0ecf67d5 - - - - -] (19222) wsgi exited, is_accepting=True
2017-02-01 00:27:45.475 19205 INFO nova.metadata.wsgi.server [req-0c065a1f-b992-4a0d-b386-1d9d12eb3347 - - - - -] (19205) wsgi exited, is_accepting=True
2017-02-01 00:27:45.475 19202 INFO nova.wsgi [-] Stopping WSGI server.
2017-02-01 00:27:45.476 19216 INFO nova.wsgi [req-9f1a7dcd-5622-4c6c-ae2a-2ad88020f048 - - - - -] WSGI server has stopped.
