2017-02-01 00:16:46.133 14453 INFO oslo_service.service [req-9cd076e3-3e99-492a-9cac-1cf230d072f8 - - - - -] Child 14755 exited with status 0
2017-02-01 00:16:46.133 14453 INFO oslo_service.service [req-9cd076e3-3e99-492a-9cac-1cf230d072f8 - - - - -] Child 14795 exited with status 0
2017-02-01 00:16:46.134 14453 INFO oslo_service.service [req-9cd076e3-3e99-492a-9cac-1cf230d072f8 - - - - -] Child 14796 exited with status 0
2017-02-01 00:16:46.134 14453 INFO oslo_service.service [req-9cd076e3-3e99-492a-9cac-1cf230d072f8 - - - - -] Child 14798 exited with status 0
2017-02-01 00:16:46.134 14453 INFO oslo_service.service [req-9cd076e3-3e99-492a-9cac-1cf230d072f8 - - - - -] Child 14799 exited with status 0
2017-02-01 00:16:46.135 14453 INFO oslo_service.service [req-9cd076e3-3e99-492a-9cac-1cf230d072f8 - - - - -] Child 14804 exited with status 0
2017-02-01 00:16:46.135 14453 INFO oslo_service.service [req-9cd076e3-3e99-492a-9cac-1cf230d072f8 - - - - -] Child 14806 exited with status 0
2017-02-01 00:16:46.136 14453 INFO oslo_service.service [req-9cd076e3-3e99-492a-9cac-1cf230d072f8 - - - - -] Child 14809 exited with status 0
2017-02-01 00:16:46.136 14453 INFO oslo_service.service [req-9cd076e3-3e99-492a-9cac-1cf230d072f8 - - - - -] Child 14812 exited with status 0
2017-02-01 00:16:46.138 14453 INFO oslo_service.service [req-9cd076e3-3e99-492a-9cac-1cf230d072f8 - - - - -] Child 14815 exited with status 0
2017-02-01 00:16:46.138 14453 INFO oslo_service.service [req-9cd076e3-3e99-492a-9cac-1cf230d072f8 - - - - -] Child 14817 exited with status 0
2017-02-01 00:16:46.139 14453 INFO oslo_service.service [req-9cd076e3-3e99-492a-9cac-1cf230d072f8 - - - - -] Child 14830 exited with status 0
2017-02-01 00:16:46.140 14453 INFO oslo_service.service [req-9cd076e3-3e99-492a-9cac-1cf230d072f8 - - - - -] Child 14831 exited with status 0
2017-02-01 00:16:46.140 14453 INFO oslo_service.service [req-9cd076e3-3e99-492a-9cac-1cf230d072f8 - - - - -] Child 14832 exited with status 0
2017-02-01 00:16:46.141 14453 INFO oslo_service.service [req-9cd076e3-3e99-492a-9cac-1cf230d072f8 - - - - -] Child 14833 exited with status 0
2017-02-01 00:16:46.141 14453 INFO oslo_service.service [req-9cd076e3-3e99-492a-9cac-1cf230d072f8 - - - - -] Child 14834 exited with status 0
2017-02-01 00:16:46.142 14453 INFO oslo_service.service [req-9cd076e3-3e99-492a-9cac-1cf230d072f8 - - - - -] Child 14835 exited with status 0
2017-02-01 00:16:46.142 14453 INFO oslo_service.service [req-9cd076e3-3e99-492a-9cac-1cf230d072f8 - - - - -] Child 14837 exited with status 0
2017-02-01 00:16:46.143 14453 INFO oslo_service.service [req-9cd076e3-3e99-492a-9cac-1cf230d072f8 - - - - -] Child 14839 killed by signal 15
2017-02-01 00:16:46.143 14453 INFO oslo_service.service [req-9cd076e3-3e99-492a-9cac-1cf230d072f8 - - - - -] Child 14840 exited with status 0
2017-02-01 00:16:46.144 14453 INFO oslo_service.service [req-9cd076e3-3e99-492a-9cac-1cf230d072f8 - - - - -] Child 14844 exited with status 0
2017-02-01 00:16:46.144 14453 INFO oslo_service.service [req-9cd076e3-3e99-492a-9cac-1cf230d072f8 - - - - -] Child 14846 exited with status 0
2017-02-01 00:16:46.145 14453 INFO oslo_service.service [req-9cd076e3-3e99-492a-9cac-1cf230d072f8 - - - - -] Child 14849 exited with status 0
2017-02-01 00:16:46.145 14453 INFO oslo_service.service [req-9cd076e3-3e99-492a-9cac-1cf230d072f8 - - - - -] Child 14851 exited with status 0
2017-02-01 00:16:46.146 14453 INFO oslo_service.service [req-9cd076e3-3e99-492a-9cac-1cf230d072f8 - - - - -] Child 14853 exited with status 0
2017-02-01 00:16:46.146 14453 INFO oslo_service.service [req-9cd076e3-3e99-492a-9cac-1cf230d072f8 - - - - -] Child 14856 exited with status 0
2017-02-01 00:16:46.146 14453 INFO oslo_service.service [req-9cd076e3-3e99-492a-9cac-1cf230d072f8 - - - - -] Child 14858 exited with status 0
2017-02-01 00:16:46.147 14453 INFO oslo_service.service [req-9cd076e3-3e99-492a-9cac-1cf230d072f8 - - - - -] Child 14746 exited with status 0
2017-02-01 00:16:46.147 14453 INFO oslo_service.service [req-9cd076e3-3e99-492a-9cac-1cf230d072f8 - - - - -] Child 14860 exited with status 0
2017-02-01 00:16:46.148 14453 INFO oslo_service.service [req-9cd076e3-3e99-492a-9cac-1cf230d072f8 - - - - -] Child 14862 exited with status 0
2017-02-01 00:16:46.148 14453 INFO oslo_service.service [req-9cd076e3-3e99-492a-9cac-1cf230d072f8 - - - - -] Child 14753 exited with status 0
2017-02-01 00:16:46.148 14453 INFO oslo_service.service [req-9cd076e3-3e99-492a-9cac-1cf230d072f8 - - - - -] Child 14782 exited with status 0
2017-02-01 00:16:46.149 14453 INFO oslo_service.service [req-9cd076e3-3e99-492a-9cac-1cf230d072f8 - - - - -] Child 14864 exited with status 0
2017-02-01 00:16:46.149 14453 INFO oslo_service.service [req-9cd076e3-3e99-492a-9cac-1cf230d072f8 - - - - -] Child 14836 exited with status 0
2017-02-01 00:16:46.149 14453 INFO oslo_service.service [req-9cd076e3-3e99-492a-9cac-1cf230d072f8 - - - - -] Child 14865 exited with status 0
2017-02-01 00:16:46.150 14453 INFO oslo_service.service [req-9cd076e3-3e99-492a-9cac-1cf230d072f8 - - - - -] Child 14867 exited with status 0
2017-02-01 00:16:46.150 14453 INFO oslo_service.service [req-9cd076e3-3e99-492a-9cac-1cf230d072f8 - - - - -] Child 14758 exited with status 0
2017-02-01 00:16:46.150 14453 INFO oslo_service.service [req-9cd076e3-3e99-492a-9cac-1cf230d072f8 - - - - -] Child 14870 exited with status 0
2017-02-01 00:16:46.150 14453 INFO oslo_service.service [req-9cd076e3-3e99-492a-9cac-1cf230d072f8 - - - - -] Child 14875 killed by signal 15
2017-02-01 00:16:46.151 14453 INFO oslo_service.service [req-9cd076e3-3e99-492a-9cac-1cf230d072f8 - - - - -] Child 14878 exited with status 0
2017-02-01 00:16:46.151 14453 INFO oslo_service.service [req-9cd076e3-3e99-492a-9cac-1cf230d072f8 - - - - -] Child 14838 exited with status 0
2017-02-01 00:16:46.151 14453 INFO oslo_service.service [req-9cd076e3-3e99-492a-9cac-1cf230d072f8 - - - - -] Child 14879 exited with status 0
2017-02-01 00:16:46.152 14453 INFO oslo_service.service [req-9cd076e3-3e99-492a-9cac-1cf230d072f8 - - - - -] Child 14745 exited with status 0
2017-02-01 00:16:46.152 14453 INFO oslo_service.service [req-9cd076e3-3e99-492a-9cac-1cf230d072f8 - - - - -] Child 14873 exited with status 0
2017-02-01 00:16:46.152 14453 INFO oslo_service.service [req-9cd076e3-3e99-492a-9cac-1cf230d072f8 - - - - -] Child 14880 exited with status 0
2017-02-01 00:16:46.153 14453 INFO oslo_service.service [req-9cd076e3-3e99-492a-9cac-1cf230d072f8 - - - - -] Child 14882 exited with status 0
2017-02-01 00:16:46.153 14453 INFO oslo_service.service [req-9cd076e3-3e99-492a-9cac-1cf230d072f8 - - - - -] Child 14885 exited with status 0
2017-02-01 00:16:46.153 14453 INFO oslo_service.service [req-9cd076e3-3e99-492a-9cac-1cf230d072f8 - - - - -] Child 14887 exited with status 0
2017-02-01 00:16:46.154 14453 INFO oslo_service.service [req-9cd076e3-3e99-492a-9cac-1cf230d072f8 - - - - -] Child 14888 exited with status 0
2017-02-01 00:16:46.154 14453 INFO oslo_service.service [req-9cd076e3-3e99-492a-9cac-1cf230d072f8 - - - - -] Child 14890 exited with status 0
2017-02-01 00:16:46.154 14453 INFO oslo_service.service [req-9cd076e3-3e99-492a-9cac-1cf230d072f8 - - - - -] Child 14893 exited with status 0
2017-02-01 00:16:46.155 14453 INFO oslo_service.service [req-9cd076e3-3e99-492a-9cac-1cf230d072f8 - - - - -] Child 14895 exited with status 0
2017-02-01 00:16:46.155 14453 INFO oslo_service.service [req-9cd076e3-3e99-492a-9cac-1cf230d072f8 - - - - -] Child 14896 exited with status 0
2017-02-01 00:16:46.155 14453 INFO oslo_service.service [req-9cd076e3-3e99-492a-9cac-1cf230d072f8 - - - - -] Child 14898 exited with status 0
2017-02-01 00:16:46.156 14453 INFO oslo_service.service [req-9cd076e3-3e99-492a-9cac-1cf230d072f8 - - - - -] Child 14901 exited with status 0
2017-02-01 00:16:46.157 14453 INFO oslo_service.service [req-9cd076e3-3e99-492a-9cac-1cf230d072f8 - - - - -] Child 14902 exited with status 0
2017-02-01 00:20:14.702 15899 WARNING oslo_reports.guru_meditation_report [-] Guru meditation now registers SIGUSR1 and SIGUSR2 by default for backward compatibility. SIGUSR1 will no longer be registered in a future release, so please use SIGUSR2 to generate reports.
2017-02-01 00:20:15.397 15899 INFO nova.api.openstack [req-1a1e329e-b792-4e7b-8949-eac899d92a5f - - - - -] Loaded extensions: ['extensions', 'flavors', 'image-metadata', 'image-size', 'images', 'ips', 'limits', 'os-admin-actions', 'os-admin-password', 'os-agents', 'os-aggregates', 'os-assisted-volume-snapshots', 'os-attach-interfaces', 'os-availability-zone', 'os-baremetal-nodes', 'os-block-device-mapping', 'os-cells', 'os-certificates', 'os-cloudpipe', 'os-config-drive', 'os-console-auth-tokens', 'os-console-output', 'os-consoles', 'os-create-backup', 'os-deferred-delete', 'os-evacuate', 'os-extended-availability-zone', 'os-extended-server-attributes', 'os-extended-status', 'os-extended-volumes', 'os-fixed-ips', 'os-flavor-access', 'os-flavor-extra-specs', 'os-flavor-manage', 'os-flavor-rxtx', 'os-floating-ip-dns', 'os-floating-ip-pools', 'os-floating-ips', 'os-floating-ips-bulk', 'os-fping', 'os-hide-server-addresses', 'os-hosts', 'os-hypervisors', 'os-instance-actions', 'os-instance-usage-audit-log', 'os-keypairs', 'os-lock-server', 'os-migrate-server', 'os-migrations', 'os-multinic', 'os-multiple-create', 'os-networks', 'os-networks-associate', 'os-pause-server', 'os-quota-class-sets', 'os-quota-sets', 'os-remote-consoles', 'os-rescue', 'os-scheduler-hints', 'os-security-group-default-rules', 'os-security-groups', 'os-server-diagnostics', 'os-server-external-events', 'os-server-groups', 'os-server-password', 'os-server-tags', 'os-server-usage', 'os-services', 'os-shelve', 'os-simple-tenant-usage', 'os-suspend-server', 'os-tenant-networks', 'os-used-limits', 'os-user-data', 'os-virtual-interfaces', 'os-volumes', 'server-metadata', 'server-migrations', 'servers', 'versions']
2017-02-01 00:20:15.685 15899 INFO nova.api.openstack [req-1a1e329e-b792-4e7b-8949-eac899d92a5f - - - - -] Loaded extensions: ['extensions', 'flavors', 'image-metadata', 'image-size', 'images', 'ips', 'limits', 'os-admin-actions', 'os-admin-password', 'os-agents', 'os-aggregates', 'os-assisted-volume-snapshots', 'os-attach-interfaces', 'os-availability-zone', 'os-baremetal-nodes', 'os-block-device-mapping', 'os-cells', 'os-certificates', 'os-cloudpipe', 'os-config-drive', 'os-console-auth-tokens', 'os-console-output', 'os-consoles', 'os-create-backup', 'os-deferred-delete', 'os-evacuate', 'os-extended-availability-zone', 'os-extended-server-attributes', 'os-extended-status', 'os-extended-volumes', 'os-fixed-ips', 'os-flavor-access', 'os-flavor-extra-specs', 'os-flavor-manage', 'os-flavor-rxtx', 'os-floating-ip-dns', 'os-floating-ip-pools', 'os-floating-ips', 'os-floating-ips-bulk', 'os-fping', 'os-hide-server-addresses', 'os-hosts', 'os-hypervisors', 'os-instance-actions', 'os-instance-usage-audit-log', 'os-keypairs', 'os-lock-server', 'os-migrate-server', 'os-migrations', 'os-multinic', 'os-multiple-create', 'os-networks', 'os-networks-associate', 'os-pause-server', 'os-quota-class-sets', 'os-quota-sets', 'os-remote-consoles', 'os-rescue', 'os-scheduler-hints', 'os-security-group-default-rules', 'os-security-groups', 'os-server-diagnostics', 'os-server-external-events', 'os-server-groups', 'os-server-password', 'os-server-tags', 'os-server-usage', 'os-services', 'os-shelve', 'os-simple-tenant-usage', 'os-suspend-server', 'os-tenant-networks', 'os-used-limits', 'os-user-data', 'os-virtual-interfaces', 'os-volumes', 'server-metadata', 'server-migrations', 'servers', 'versions']
2017-02-01 00:20:15.711 15899 INFO nova.wsgi [req-1a1e329e-b792-4e7b-8949-eac899d92a5f - - - - -] osapi_compute listening on 0.0.0.0:8774
2017-02-01 00:20:15.711 15899 INFO oslo_service.service [req-1a1e329e-b792-4e7b-8949-eac899d92a5f - - - - -] Starting 40 workers
2017-02-01 00:20:15.869 15899 INFO nova.network.driver [req-1a1e329e-b792-4e7b-8949-eac899d92a5f - - - - -] Loading network driver 'nova.network.linux_net'
2017-02-01 00:20:16.172 16417 INFO nova.osapi_compute.wsgi.server [req-998317b1-2152-46ab-8f03-910f200089c3 - - - - -] (16417) wsgi starting up on http://0.0.0.0:8774
2017-02-01 00:20:16.181 16412 INFO nova.osapi_compute.wsgi.server [req-abbae754-63af-4c07-a281-ee53c569a8da - - - - -] (16412) wsgi starting up on http://0.0.0.0:8774
2017-02-01 00:20:16.195 16409 INFO nova.osapi_compute.wsgi.server [req-1c6596da-e588-40cd-8fc9-df6cc897de18 - - - - -] (16409) wsgi starting up on http://0.0.0.0:8774
2017-02-01 00:20:16.200 16458 INFO nova.osapi_compute.wsgi.server [req-339ecdb1-5ae8-4935-80f2-e94a7bea33a7 - - - - -] (16458) wsgi starting up on http://0.0.0.0:8774
2017-02-01 00:20:16.209 16450 INFO nova.osapi_compute.wsgi.server [req-c990546e-a7e9-413e-bb61-0daa9dfd55d3 - - - - -] (16450) wsgi starting up on http://0.0.0.0:8774
2017-02-01 00:20:16.212 16425 INFO nova.osapi_compute.wsgi.server [req-9546f5c9-7986-4eb4-926d-1d58c348dd8c - - - - -] (16425) wsgi starting up on http://0.0.0.0:8774
2017-02-01 00:20:16.218 16411 INFO nova.osapi_compute.wsgi.server [req-c3dc6329-1783-446e-95d3-c12cb1850c95 - - - - -] (16411) wsgi starting up on http://0.0.0.0:8774
2017-02-01 00:20:16.233 16462 INFO nova.osapi_compute.wsgi.server [req-13470b8e-901e-4a93-bdf8-8995d7e213bd - - - - -] (16462) wsgi starting up on http://0.0.0.0:8774
2017-02-01 00:20:16.233 16443 INFO nova.osapi_compute.wsgi.server [req-235f23a8-7f6d-4077-a69e-af5db7ec2e72 - - - - -] (16443) wsgi starting up on http://0.0.0.0:8774
2017-02-01 00:20:16.234 16433 INFO nova.osapi_compute.wsgi.server [req-ea7ed720-2fea-4be5-9854-5cf0c3841f58 - - - - -] (16433) wsgi starting up on http://0.0.0.0:8774
2017-02-01 00:20:16.240 16405 INFO nova.osapi_compute.wsgi.server [req-c7aa362c-57d5-406b-bafd-f98219cc2c9b - - - - -] (16405) wsgi starting up on http://0.0.0.0:8774
2017-02-01 00:20:16.241 16471 INFO nova.osapi_compute.wsgi.server [req-f2815817-c88e-459f-8a86-5807372a89e7 - - - - -] (16471) wsgi starting up on http://0.0.0.0:8774
2017-02-01 00:20:16.242 16419 INFO nova.osapi_compute.wsgi.server [req-38e88ce2-90a9-4d3c-8665-6a1a440d21ff - - - - -] (16419) wsgi starting up on http://0.0.0.0:8774
2017-02-01 00:20:16.243 16446 INFO nova.osapi_compute.wsgi.server [req-7401805b-0b1c-4c96-8fd3-2498649bd666 - - - - -] (16446) wsgi starting up on http://0.0.0.0:8774
2017-02-01 00:20:16.243 16457 INFO nova.osapi_compute.wsgi.server [req-594ef2fe-e538-440c-a561-0d2a65c4d4fd - - - - -] (16457) wsgi starting up on http://0.0.0.0:8774
2017-02-01 00:20:16.243 16438 INFO nova.osapi_compute.wsgi.server [req-c380bb73-b702-4f9b-adb7-2963d63b6547 - - - - -] (16438) wsgi starting up on http://0.0.0.0:8774
2017-02-01 00:20:16.247 16424 INFO nova.osapi_compute.wsgi.server [req-418f7bfa-64c8-49e9-a016-2c302947c5b8 - - - - -] (16424) wsgi starting up on http://0.0.0.0:8774
2017-02-01 00:20:16.248 16465 INFO nova.osapi_compute.wsgi.server [req-cd2c8ade-8bd3-4e93-979d-c9eed4a372d3 - - - - -] (16465) wsgi starting up on http://0.0.0.0:8774
2017-02-01 00:20:16.248 16404 INFO nova.osapi_compute.wsgi.server [req-053b71c1-9a65-4242-a7e5-5864a35d9de1 - - - - -] (16404) wsgi starting up on http://0.0.0.0:8774
2017-02-01 00:20:16.249 16476 INFO nova.osapi_compute.wsgi.server [req-e2cd2aa7-8032-4f6b-a2e6-05d9411e36ca - - - - -] (16476) wsgi starting up on http://0.0.0.0:8774
2017-02-01 00:20:16.254 16407 INFO nova.osapi_compute.wsgi.server [req-a7c06d83-ccdd-4739-ad7b-0bf008b31100 - - - - -] (16407) wsgi starting up on http://0.0.0.0:8774
2017-02-01 00:20:16.254 16434 INFO nova.osapi_compute.wsgi.server [req-aabed14b-4b17-4ed8-9fd4-24fd7898bcab - - - - -] (16434) wsgi starting up on http://0.0.0.0:8774
2017-02-01 00:20:16.257 16413 INFO nova.osapi_compute.wsgi.server [req-b7ab9293-4152-495e-a251-4c7443982645 - - - - -] (16413) wsgi starting up on http://0.0.0.0:8774
2017-02-01 00:20:16.258 16422 INFO nova.osapi_compute.wsgi.server [req-727c9e5a-d600-449a-bef2-31c249f5180f - - - - -] (16422) wsgi starting up on http://0.0.0.0:8774
2017-02-01 00:20:16.258 16416 INFO nova.osapi_compute.wsgi.server [req-b413ffbe-98b7-400d-9e58-fdebc2489bf4 - - - - -] (16416) wsgi starting up on http://0.0.0.0:8774
2017-02-01 00:20:16.259 16423 INFO nova.osapi_compute.wsgi.server [req-e45b310c-dafe-42d4-ac26-399ead189d6e - - - - -] (16423) wsgi starting up on http://0.0.0.0:8774
2017-02-01 00:20:16.259 16469 INFO nova.osapi_compute.wsgi.server [req-5b457731-8e6a-4ce2-b222-5352ae2f3117 - - - - -] (16469) wsgi starting up on http://0.0.0.0:8774
2017-02-01 00:20:16.260 16410 INFO nova.osapi_compute.wsgi.server [req-61a919e5-e902-4133-a6b8-ec284f0f5834 - - - - -] (16410) wsgi starting up on http://0.0.0.0:8774
2017-02-01 00:20:16.260 16406 INFO nova.osapi_compute.wsgi.server [req-e1a7e6f8-56f6-4799-9f54-6dd2b5215e07 - - - - -] (16406) wsgi starting up on http://0.0.0.0:8774
2017-02-01 00:20:16.264 16460 INFO nova.osapi_compute.wsgi.server [req-a8473968-f8bb-4406-84a9-c660241ee573 - - - - -] (16460) wsgi starting up on http://0.0.0.0:8774
2017-02-01 00:20:16.266 16418 INFO nova.osapi_compute.wsgi.server [req-4c911fa9-0c81-49ae-82f9-b2a3b773d7f4 - - - - -] (16418) wsgi starting up on http://0.0.0.0:8774
2017-02-01 00:20:16.266 16415 INFO nova.osapi_compute.wsgi.server [req-8381c10d-1cf5-4bf5-9695-308d09c1f27f - - - - -] (16415) wsgi starting up on http://0.0.0.0:8774
2017-02-01 00:20:16.272 16430 INFO nova.osapi_compute.wsgi.server [req-f48e93ac-1868-4ac0-abb2-2f17ed6ab12e - - - - -] (16430) wsgi starting up on http://0.0.0.0:8774
2017-02-01 00:20:16.276 16420 INFO nova.osapi_compute.wsgi.server [req-2954d3c0-3179-483f-9606-1aad1a0e4e9f - - - - -] (16420) wsgi starting up on http://0.0.0.0:8774
2017-02-01 00:20:16.279 16472 INFO nova.osapi_compute.wsgi.server [req-3db0bf48-8894-4358-b81a-b266c843a1da - - - - -] (16472) wsgi starting up on http://0.0.0.0:8774
2017-02-01 00:20:16.287 16421 INFO nova.osapi_compute.wsgi.server [req-c5a0f6c1-17e7-4ec2-94d1-de08e3dc2581 - - - - -] (16421) wsgi starting up on http://0.0.0.0:8774
2017-02-01 00:20:16.295 16475 INFO nova.osapi_compute.wsgi.server [req-e5146bcd-7354-4aa4-b2dc-63cf09b46d28 - - - - -] (16475) wsgi starting up on http://0.0.0.0:8774
2017-02-01 00:20:16.295 16468 INFO nova.osapi_compute.wsgi.server [req-069d07e1-d0ac-4b2f-a2aa-e980635df0ad - - - - -] (16468) wsgi starting up on http://0.0.0.0:8774
2017-02-01 00:20:16.306 16408 INFO nova.osapi_compute.wsgi.server [req-2bdd42cc-8ca0-44f0-96ad-fc1e9f2eaab9 - - - - -] (16408) wsgi starting up on http://0.0.0.0:8774
2017-02-01 00:20:16.330 16414 INFO nova.osapi_compute.wsgi.server [req-9fdf1948-782c-4888-8252-a1a000c07c60 - - - - -] (16414) wsgi starting up on http://0.0.0.0:8774
2017-02-01 00:20:16.381 15899 INFO nova.wsgi [req-1a1e329e-b792-4e7b-8949-eac899d92a5f - - - - -] metadata listening on 0.0.0.0:8775
2017-02-01 00:20:16.382 15899 INFO oslo_service.service [req-1a1e329e-b792-4e7b-8949-eac899d92a5f - - - - -] Starting 40 workers
2017-02-01 00:20:16.712 16499 INFO nova.metadata.wsgi.server [req-5ca2028d-3ea2-4691-8d9b-d2a2a99fdecc - - - - -] (16499) wsgi starting up on http://0.0.0.0:8775
2017-02-01 00:20:16.743 16496 INFO nova.metadata.wsgi.server [req-3746a6aa-191f-459f-856a-ad30fe442439 - - - - -] (16496) wsgi starting up on http://0.0.0.0:8775
2017-02-01 00:20:16.751 16495 INFO nova.metadata.wsgi.server [req-5c9eac71-d3ab-4baa-84a7-f1ca61798751 - - - - -] (16495) wsgi starting up on http://0.0.0.0:8775
2017-02-01 00:20:16.754 16493 INFO nova.metadata.wsgi.server [req-2dce2ca8-dc7b-42d2-aba1-d77507891c05 - - - - -] (16493) wsgi starting up on http://0.0.0.0:8775
2017-02-01 00:20:16.757 16494 INFO nova.metadata.wsgi.server [req-05bc0d0a-e33d-4817-817b-79a69cd8e5c9 - - - - -] (16494) wsgi starting up on http://0.0.0.0:8775
2017-02-01 00:20:16.762 16500 INFO nova.metadata.wsgi.server [req-5698443d-a53b-4f4d-aeef-a9a8ac365ff9 - - - - -] (16500) wsgi starting up on http://0.0.0.0:8775
2017-02-01 00:20:16.763 16497 INFO nova.metadata.wsgi.server [req-7922138d-bc6b-47c8-b37f-7f179d97294a - - - - -] (16497) wsgi starting up on http://0.0.0.0:8775
2017-02-01 00:20:16.768 16503 INFO nova.metadata.wsgi.server [req-d4c1f714-cd81-4e93-a8b3-77edce1ad4de - - - - -] (16503) wsgi starting up on http://0.0.0.0:8775
2017-02-01 00:20:16.775 16501 INFO nova.metadata.wsgi.server [req-1aaf5103-2072-460b-89c1-d208e072fb14 - - - - -] (16501) wsgi starting up on http://0.0.0.0:8775
2017-02-01 00:20:16.778 16513 INFO nova.metadata.wsgi.server [req-15db9a13-c3cb-47fc-936b-16b856933e94 - - - - -] (16513) wsgi starting up on http://0.0.0.0:8775
2017-02-01 00:20:16.784 16498 INFO nova.metadata.wsgi.server [req-83d9dfe6-efdd-40f6-a6f6-3a63cef296d6 - - - - -] (16498) wsgi starting up on http://0.0.0.0:8775
2017-02-01 00:20:16.788 16510 INFO nova.metadata.wsgi.server [req-9e594605-2579-4ebd-b834-c9a1797b30d4 - - - - -] (16510) wsgi starting up on http://0.0.0.0:8775
2017-02-01 00:20:16.794 16515 INFO nova.metadata.wsgi.server [req-d9b46b72-2d4d-41dd-a9e4-b883a697191a - - - - -] (16515) wsgi starting up on http://0.0.0.0:8775
2017-02-01 00:20:16.803 16517 INFO nova.metadata.wsgi.server [req-3f9c3ed4-9062-4f76-a0b1-a19d18d8a319 - - - - -] (16517) wsgi starting up on http://0.0.0.0:8775
2017-02-01 00:20:16.807 16533 INFO nova.metadata.wsgi.server [req-bfea88a9-19d7-4405-bfaf-888204f2cdba - - - - -] (16533) wsgi starting up on http://0.0.0.0:8775
2017-02-01 00:20:16.808 16530 INFO nova.metadata.wsgi.server [req-48de9844-3def-4429-9a12-e0eb360d21ee - - - - -] (16530) wsgi starting up on http://0.0.0.0:8775
2017-02-01 00:20:16.810 16505 INFO nova.metadata.wsgi.server [req-a044d0b9-68b4-4d3e-b315-f7bb3ca305a7 - - - - -] (16505) wsgi starting up on http://0.0.0.0:8775
2017-02-01 00:20:16.813 16508 INFO nova.metadata.wsgi.server [req-cdfa0e18-bc50-4382-aa34-44aa6e915a60 - - - - -] (16508) wsgi starting up on http://0.0.0.0:8775
2017-02-01 00:20:16.817 16535 INFO nova.metadata.wsgi.server [req-0c785bf5-6036-4e21-b34f-02d3c2961b8c - - - - -] (16535) wsgi starting up on http://0.0.0.0:8775
2017-02-01 00:20:16.818 16529 INFO nova.metadata.wsgi.server [req-a53753e6-d1db-4bc1-a492-9bb225496d3c - - - - -] (16529) wsgi starting up on http://0.0.0.0:8775
2017-02-01 00:20:16.820 16546 INFO nova.metadata.wsgi.server [req-c424eaba-9941-4205-a114-cad68304a07e - - - - -] (16546) wsgi starting up on http://0.0.0.0:8775
2017-02-01 00:20:16.820 16526 INFO nova.metadata.wsgi.server [req-ba89550c-26d5-41f1-9f31-7b1f6bd35ed3 - - - - -] (16526) wsgi starting up on http://0.0.0.0:8775
2017-02-01 00:20:16.821 16524 INFO nova.metadata.wsgi.server [req-85dc60f7-6b90-49b6-b04e-0619e9b42c60 - - - - -] (16524) wsgi starting up on http://0.0.0.0:8775
2017-02-01 00:20:16.826 16541 INFO nova.metadata.wsgi.server [req-0940c738-7f17-4cb1-bfa9-49569b911e90 - - - - -] (16541) wsgi starting up on http://0.0.0.0:8775
2017-02-01 00:20:16.830 16549 INFO nova.metadata.wsgi.server [req-97375f1c-b259-4789-8b36-f3a7feaacf59 - - - - -] (16549) wsgi starting up on http://0.0.0.0:8775
2017-02-01 00:20:16.833 16559 INFO nova.metadata.wsgi.server [req-88fe6233-ee73-40d1-ae37-f46206cd567e - - - - -] (16559) wsgi starting up on http://0.0.0.0:8775
2017-02-01 00:20:16.835 16538 INFO nova.metadata.wsgi.server [req-249519a8-e8aa-473d-a9d1-6e8c74d6baff - - - - -] (16538) wsgi starting up on http://0.0.0.0:8775
2017-02-01 00:20:16.842 16547 INFO nova.metadata.wsgi.server [req-92cac115-d8b6-46e1-ba7e-9224e5bea2b8 - - - - -] (16547) wsgi starting up on http://0.0.0.0:8775
2017-02-01 00:20:16.849 16536 INFO nova.metadata.wsgi.server [req-96cd4340-4510-440f-8d05-49442f0ac20d - - - - -] (16536) wsgi starting up on http://0.0.0.0:8775
2017-02-01 00:20:16.850 16544 INFO nova.metadata.wsgi.server [req-cd0a48cc-650e-460f-9e0b-ecfa08b3df96 - - - - -] (16544) wsgi starting up on http://0.0.0.0:8775
2017-02-01 00:20:16.850 16567 INFO nova.metadata.wsgi.server [req-62725d2f-1f3d-4d2f-9e2f-27de986bac10 - - - - -] (16567) wsgi starting up on http://0.0.0.0:8775
2017-02-01 00:20:16.855 16558 INFO nova.metadata.wsgi.server [req-a6fec272-0f14-49df-94bf-e5b27f8e72af - - - - -] (16558) wsgi starting up on http://0.0.0.0:8775
2017-02-01 00:20:16.866 16523 INFO nova.metadata.wsgi.server [req-a164da72-5a58-4c8f-951e-7c74cd3a9894 - - - - -] (16523) wsgi starting up on http://0.0.0.0:8775
2017-02-01 00:20:16.867 16555 INFO nova.metadata.wsgi.server [req-ccd5723c-8d9c-4f94-84a4-b07cab08d4c7 - - - - -] (16555) wsgi starting up on http://0.0.0.0:8775
2017-02-01 00:20:16.868 16556 INFO nova.metadata.wsgi.server [req-a25e1f35-4e84-4f6c-9af2-3de457786205 - - - - -] (16556) wsgi starting up on http://0.0.0.0:8775
2017-02-01 00:20:16.880 16563 INFO nova.metadata.wsgi.server [req-28b38f97-f7ed-41dd-b076-250515acd18c - - - - -] (16563) wsgi starting up on http://0.0.0.0:8775
2017-02-01 00:20:16.882 16552 INFO nova.metadata.wsgi.server [req-ad8440e1-2388-47cd-9f29-20e43943a29b - - - - -] (16552) wsgi starting up on http://0.0.0.0:8775
2017-02-01 00:20:16.906 16561 INFO nova.metadata.wsgi.server [req-038d3e62-cb31-406b-8dac-027a1829592d - - - - -] (16561) wsgi starting up on http://0.0.0.0:8775
2017-02-01 00:20:16.939 16565 INFO nova.metadata.wsgi.server [req-c9947656-eb45-4868-8428-3b4cb8cfd7fa - - - - -] (16565) wsgi starting up on http://0.0.0.0:8775
2017-02-01 00:20:16.944 16572 INFO nova.metadata.wsgi.server [req-d4523c3b-f956-458d-8bd3-470971c8f1e3 - - - - -] (16572) wsgi starting up on http://0.0.0.0:8775
2017-02-01 00:21:26.382 16405 INFO nova.wsgi [-] Stopping WSGI server.
2017-02-01 00:21:26.382 16438 INFO nova.wsgi [-] Stopping WSGI server.
2017-02-01 00:21:26.383 16417 INFO nova.wsgi [-] Stopping WSGI server.
2017-02-01 00:21:26.383 16418 INFO nova.wsgi [-] Stopping WSGI server.
2017-02-01 00:21:26.382 16433 INFO nova.wsgi [-] Stopping WSGI server.
2017-02-01 00:21:26.382 16450 INFO nova.wsgi [-] Stopping WSGI server.
2017-02-01 00:21:26.383 16424 INFO nova.wsgi [-] Stopping WSGI server.
2017-02-01 00:21:26.383 16443 INFO nova.wsgi [-] Stopping WSGI server.
2017-02-01 00:21:26.383 16422 INFO nova.wsgi [-] Stopping WSGI server.
2017-02-01 00:21:26.383 16446 INFO nova.wsgi [-] Stopping WSGI server.
2017-02-01 00:21:26.383 16416 INFO nova.wsgi [-] Stopping WSGI server.
2017-02-01 00:21:26.383 16423 INFO nova.wsgi [-] Stopping WSGI server.
2017-02-01 00:21:26.383 16430 INFO nova.wsgi [-] Stopping WSGI server.
2017-02-01 00:21:26.383 16425 INFO nova.wsgi [-] Stopping WSGI server.
2017-02-01 00:21:26.384 16405 INFO nova.osapi_compute.wsgi.server [req-c7aa362c-57d5-406b-bafd-f98219cc2c9b - - - - -] (16405) wsgi exited, is_accepting=True
2017-02-01 00:21:26.384 16417 INFO nova.osapi_compute.wsgi.server [req-998317b1-2152-46ab-8f03-910f200089c3 - - - - -] (16417) wsgi exited, is_accepting=True
2017-02-01 00:21:26.384 16418 INFO nova.osapi_compute.wsgi.server [req-4c911fa9-0c81-49ae-82f9-b2a3b773d7f4 - - - - -] (16418) wsgi exited, is_accepting=True
2017-02-01 00:21:26.384 16438 INFO nova.osapi_compute.wsgi.server [req-c380bb73-b702-4f9b-adb7-2963d63b6547 - - - - -] (16438) wsgi exited, is_accepting=True
2017-02-01 00:21:26.384 16450 INFO nova.osapi_compute.wsgi.server [req-c990546e-a7e9-413e-bb61-0daa9dfd55d3 - - - - -] (16450) wsgi exited, is_accepting=True
2017-02-01 00:21:26.384 16433 INFO nova.osapi_compute.wsgi.server [req-ea7ed720-2fea-4be5-9854-5cf0c3841f58 - - - - -] (16433) wsgi exited, is_accepting=True
2017-02-01 00:21:26.384 16424 INFO nova.osapi_compute.wsgi.server [req-418f7bfa-64c8-49e9-a016-2c302947c5b8 - - - - -] (16424) wsgi exited, is_accepting=True
2017-02-01 00:21:26.384 16443 INFO nova.osapi_compute.wsgi.server [req-235f23a8-7f6d-4077-a69e-af5db7ec2e72 - - - - -] (16443) wsgi exited, is_accepting=True
2017-02-01 00:21:26.383 16419 INFO nova.wsgi [-] Stopping WSGI server.
2017-02-01 00:21:26.384 16422 INFO nova.osapi_compute.wsgi.server [req-727c9e5a-d600-449a-bef2-31c249f5180f - - - - -] (16422) wsgi exited, is_accepting=True
2017-02-01 00:21:26.384 16462 INFO nova.wsgi [-] Stopping WSGI server.
2017-02-01 00:21:26.384 16497 INFO nova.wsgi [-] Stopping WSGI server.
2017-02-01 00:21:26.384 16465 INFO nova.wsgi [-] Stopping WSGI server.
2017-02-01 00:21:26.384 16495 INFO nova.wsgi [-] Stopping WSGI server.
2017-02-01 00:21:26.383 16410 INFO nova.wsgi [-] Stopping WSGI server.
2017-02-01 00:21:26.384 16416 INFO nova.osapi_compute.wsgi.server [req-b413ffbe-98b7-400d-9e58-fdebc2489bf4 - - - - -] (16416) wsgi exited, is_accepting=True
2017-02-01 00:21:26.384 16446 INFO nova.osapi_compute.wsgi.server [req-7401805b-0b1c-4c96-8fd3-2498649bd666 - - - - -] (16446) wsgi exited, is_accepting=True
2017-02-01 00:21:26.383 16411 INFO nova.wsgi [-] Stopping WSGI server.
2017-02-01 00:21:26.384 16471 INFO nova.wsgi [-] Stopping WSGI server.
2017-02-01 00:21:26.383 16420 INFO nova.wsgi [-] Stopping WSGI server.
2017-02-01 00:21:26.384 16475 INFO nova.wsgi [-] Stopping WSGI server.
2017-02-01 00:21:26.384 16493 INFO nova.wsgi [-] Stopping WSGI server.
2017-02-01 00:21:26.384 16412 INFO nova.wsgi [-] Stopping WSGI server.
2017-02-01 00:21:26.383 16434 INFO nova.wsgi [-] Stopping WSGI server.
2017-02-01 00:21:26.384 16469 INFO nova.wsgi [-] Stopping WSGI server.
2017-02-01 00:21:26.384 16460 INFO nova.wsgi [-] Stopping WSGI server.
2017-02-01 00:21:26.384 16423 INFO nova.osapi_compute.wsgi.server [req-e45b310c-dafe-42d4-ac26-399ead189d6e - - - - -] (16423) wsgi exited, is_accepting=True
2017-02-01 00:21:26.385 16413 INFO nova.wsgi [-] Stopping WSGI server.
2017-02-01 00:21:26.384 16430 INFO nova.osapi_compute.wsgi.server [req-f48e93ac-1868-4ac0-abb2-2f17ed6ab12e - - - - -] (16430) wsgi exited, is_accepting=True
2017-02-01 00:21:26.384 16499 INFO nova.wsgi [-] Stopping WSGI server.
2017-02-01 00:21:26.384 16425 INFO nova.osapi_compute.wsgi.server [req-9546f5c9-7986-4eb4-926d-1d58c348dd8c - - - - -] (16425) wsgi exited, is_accepting=True
2017-02-01 00:21:26.384 16414 INFO nova.wsgi [-] Stopping WSGI server.
2017-02-01 00:21:26.384 16494 INFO nova.wsgi [-] Stopping WSGI server.
2017-02-01 00:21:26.384 16421 INFO nova.wsgi [-] Stopping WSGI server.
2017-02-01 00:21:26.385 16498 INFO nova.wsgi [-] Stopping WSGI server.
2017-02-01 00:21:26.385 16497 INFO nova.metadata.wsgi.server [req-7922138d-bc6b-47c8-b37f-7f179d97294a - - - - -] (16497) wsgi exited, is_accepting=True
2017-02-01 00:21:26.385 16496 INFO nova.wsgi [-] Stopping WSGI server.
2017-02-01 00:21:26.385 16462 INFO nova.osapi_compute.wsgi.server [req-13470b8e-901e-4a93-bdf8-8995d7e213bd - - - - -] (16462) wsgi exited, is_accepting=True
2017-02-01 00:21:26.385 16419 INFO nova.osapi_compute.wsgi.server [req-38e88ce2-90a9-4d3c-8665-6a1a440d21ff - - - - -] (16419) wsgi exited, is_accepting=True
2017-02-01 00:21:26.386 16465 INFO nova.osapi_compute.wsgi.server [req-cd2c8ade-8bd3-4e93-979d-c9eed4a372d3 - - - - -] (16465) wsgi exited, is_accepting=True
2017-02-01 00:21:26.386 16417 INFO nova.wsgi [req-1a1e329e-b792-4e7b-8949-eac899d92a5f - - - - -] WSGI server has stopped.
2017-02-01 00:21:26.386 16418 INFO nova.wsgi [req-1a1e329e-b792-4e7b-8949-eac899d92a5f - - - - -] WSGI server has stopped.
2017-02-01 00:21:26.386 16495 INFO nova.metadata.wsgi.server [req-5c9eac71-d3ab-4baa-84a7-f1ca61798751 - - - - -] (16495) wsgi exited, is_accepting=True
2017-02-01 00:21:26.386 16405 INFO nova.wsgi [req-1a1e329e-b792-4e7b-8949-eac899d92a5f - - - - -] WSGI server has stopped.
2017-02-01 00:21:26.386 16438 INFO nova.wsgi [req-1a1e329e-b792-4e7b-8949-eac899d92a5f - - - - -] WSGI server has stopped.
2017-02-01 00:21:26.386 16410 INFO nova.osapi_compute.wsgi.server [req-61a919e5-e902-4133-a6b8-ec284f0f5834 - - - - -] (16410) wsgi exited, is_accepting=True
2017-02-01 00:21:26.386 16424 INFO nova.wsgi [req-1a1e329e-b792-4e7b-8949-eac899d92a5f - - - - -] WSGI server has stopped.
2017-02-01 00:21:26.386 16411 INFO nova.osapi_compute.wsgi.server [req-c3dc6329-1783-446e-95d3-c12cb1850c95 - - - - -] (16411) wsgi exited, is_accepting=True
2017-02-01 00:21:26.386 16443 INFO nova.wsgi [req-1a1e329e-b792-4e7b-8949-eac899d92a5f - - - - -] WSGI server has stopped.
2017-02-01 00:21:26.386 16420 INFO nova.osapi_compute.wsgi.server [req-2954d3c0-3179-483f-9606-1aad1a0e4e9f - - - - -] (16420) wsgi exited, is_accepting=True
2017-02-01 00:21:26.386 16471 INFO nova.osapi_compute.wsgi.server [req-f2815817-c88e-459f-8a86-5807372a89e7 - - - - -] (16471) wsgi exited, is_accepting=True
2017-02-01 00:21:26.386 16433 INFO nova.wsgi [req-1a1e329e-b792-4e7b-8949-eac899d92a5f - - - - -] WSGI server has stopped.
2017-02-01 00:21:26.386 16450 INFO nova.wsgi [req-1a1e329e-b792-4e7b-8949-eac899d92a5f - - - - -] WSGI server has stopped.
2017-02-01 00:21:26.386 16493 INFO nova.metadata.wsgi.server [req-2dce2ca8-dc7b-42d2-aba1-d77507891c05 - - - - -] (16493) wsgi exited, is_accepting=True
2017-02-01 00:21:26.386 16475 INFO nova.osapi_compute.wsgi.server [req-e5146bcd-7354-4aa4-b2dc-63cf09b46d28 - - - - -] (16475) wsgi exited, is_accepting=True
2017-02-01 00:21:26.386 16422 INFO nova.wsgi [req-1a1e329e-b792-4e7b-8949-eac899d92a5f - - - - -] WSGI server has stopped.
2017-02-01 00:21:26.386 16412 INFO nova.osapi_compute.wsgi.server [req-abbae754-63af-4c07-a281-ee53c569a8da - - - - -] (16412) wsgi exited, is_accepting=True
2017-02-01 00:21:26.387 16413 INFO nova.osapi_compute.wsgi.server [req-b7ab9293-4152-495e-a251-4c7443982645 - - - - -] (16413) wsgi exited, is_accepting=True
2017-02-01 00:21:26.386 16434 INFO nova.osapi_compute.wsgi.server [req-aabed14b-4b17-4ed8-9fd4-24fd7898bcab - - - - -] (16434) wsgi exited, is_accepting=True
2017-02-01 00:21:26.386 16469 INFO nova.osapi_compute.wsgi.server [req-5b457731-8e6a-4ce2-b222-5352ae2f3117 - - - - -] (16469) wsgi exited, is_accepting=True
2017-02-01 00:21:26.387 16460 INFO nova.osapi_compute.wsgi.server [req-a8473968-f8bb-4406-84a9-c660241ee573 - - - - -] (16460) wsgi exited, is_accepting=True
2017-02-01 00:21:26.387 16499 INFO nova.metadata.wsgi.server [req-5ca2028d-3ea2-4691-8d9b-d2a2a99fdecc - - - - -] (16499) wsgi exited, is_accepting=True
2017-02-01 00:21:26.387 16414 INFO nova.osapi_compute.wsgi.server [req-9fdf1948-782c-4888-8252-a1a000c07c60 - - - - -] (16414) wsgi exited, is_accepting=True
2017-02-01 00:21:26.387 16408 INFO nova.wsgi [-] Stopping WSGI server.
2017-02-01 00:21:26.387 16494 INFO nova.metadata.wsgi.server [req-05bc0d0a-e33d-4817-817b-79a69cd8e5c9 - - - - -] (16494) wsgi exited, is_accepting=True
2017-02-01 00:21:26.387 16421 INFO nova.osapi_compute.wsgi.server [req-c5a0f6c1-17e7-4ec2-94d1-de08e3dc2581 - - - - -] (16421) wsgi exited, is_accepting=True
2017-02-01 00:21:26.387 16498 INFO nova.metadata.wsgi.server [req-83d9dfe6-efdd-40f6-a6f6-3a63cef296d6 - - - - -] (16498) wsgi exited, is_accepting=True
2017-02-01 00:21:26.387 16496 INFO nova.metadata.wsgi.server [req-3746a6aa-191f-459f-856a-ad30fe442439 - - - - -] (16496) wsgi exited, is_accepting=True
2017-02-01 00:21:26.384 16476 INFO nova.wsgi [-] Stopping WSGI server.
2017-02-01 00:21:26.384 16468 INFO nova.wsgi [-] Stopping WSGI server.
2017-02-01 00:21:26.388 16497 INFO nova.wsgi [req-1a1e329e-b792-4e7b-8949-eac899d92a5f - - - - -] WSGI server has stopped.
2017-02-01 00:21:26.384 16458 INFO nova.wsgi [-] Stopping WSGI server.
2017-02-01 00:21:26.388 16407 INFO nova.wsgi [-] Stopping WSGI server.
2017-02-01 00:21:26.384 16457 INFO nova.wsgi [-] Stopping WSGI server.
2017-02-01 00:21:26.388 16495 INFO nova.wsgi [req-1a1e329e-b792-4e7b-8949-eac899d92a5f - - - - -] WSGI server has stopped.
2017-02-01 00:21:26.389 16413 INFO nova.wsgi [req-1a1e329e-b792-4e7b-8949-eac899d92a5f - - - - -] WSGI server has stopped.
2017-02-01 00:21:26.383 16415 INFO nova.wsgi [-] Stopping WSGI server.
2017-02-01 00:21:26.389 16465 INFO nova.wsgi [req-1a1e329e-b792-4e7b-8949-eac899d92a5f - - - - -] WSGI server has stopped.
2017-02-01 00:21:26.389 16408 INFO nova.osapi_compute.wsgi.server [req-2bdd42cc-8ca0-44f0-96ad-fc1e9f2eaab9 - - - - -] (16408) wsgi exited, is_accepting=True
2017-02-01 00:21:26.389 16446 INFO nova.wsgi [req-1a1e329e-b792-4e7b-8949-eac899d92a5f - - - - -] WSGI server has stopped.
2017-02-01 00:21:26.389 16468 INFO nova.osapi_compute.wsgi.server [req-069d07e1-d0ac-4b2f-a2aa-e980635df0ad - - - - -] (16468) wsgi exited, is_accepting=True
2017-02-01 00:21:26.389 16476 INFO nova.osapi_compute.wsgi.server [req-e2cd2aa7-8032-4f6b-a2e6-05d9411e36ca - - - - -] (16476) wsgi exited, is_accepting=True
2017-02-01 00:21:26.389 16458 INFO nova.osapi_compute.wsgi.server [req-339ecdb1-5ae8-4935-80f2-e94a7bea33a7 - - - - -] (16458) wsgi exited, is_accepting=True
2017-02-01 00:21:26.389 16475 INFO nova.wsgi [req-1a1e329e-b792-4e7b-8949-eac899d92a5f - - - - -] WSGI server has stopped.
2017-02-01 00:21:26.389 16493 INFO nova.wsgi [req-1a1e329e-b792-4e7b-8949-eac899d92a5f - - - - -] WSGI server has stopped.
2017-02-01 00:21:26.389 16404 INFO nova.wsgi [-] Stopping WSGI server.
2017-02-01 00:21:26.389 16499 INFO nova.wsgi [req-1a1e329e-b792-4e7b-8949-eac899d92a5f - - - - -] WSGI server has stopped.
2017-02-01 00:21:26.389 16460 INFO nova.wsgi [req-1a1e329e-b792-4e7b-8949-eac899d92a5f - - - - -] WSGI server has stopped.
2017-02-01 00:21:26.390 16494 INFO nova.wsgi [req-1a1e329e-b792-4e7b-8949-eac899d92a5f - - - - -] WSGI server has stopped.
2017-02-01 00:21:26.389 16500 INFO nova.wsgi [-] Stopping WSGI server.
2017-02-01 00:21:26.390 16469 INFO nova.wsgi [req-1a1e329e-b792-4e7b-8949-eac899d92a5f - - - - -] WSGI server has stopped.
2017-02-01 00:21:26.389 16407 INFO nova.osapi_compute.wsgi.server [req-a7c06d83-ccdd-4739-ad7b-0bf008b31100 - - - - -] (16407) wsgi exited, is_accepting=True
2017-02-01 00:21:26.390 16457 INFO nova.osapi_compute.wsgi.server [req-594ef2fe-e538-440c-a561-0d2a65c4d4fd - - - - -] (16457) wsgi exited, is_accepting=True
2017-02-01 00:21:26.390 16496 INFO nova.wsgi [req-1a1e329e-b792-4e7b-8949-eac899d92a5f - - - - -] WSGI server has stopped.
2017-02-01 00:21:26.390 16415 INFO nova.osapi_compute.wsgi.server [req-8381c10d-1cf5-4bf5-9695-308d09c1f27f - - - - -] (16415) wsgi exited, is_accepting=True
2017-02-01 00:21:26.390 16498 INFO nova.wsgi [req-1a1e329e-b792-4e7b-8949-eac899d92a5f - - - - -] WSGI server has stopped.
2017-02-01 00:21:26.390 16406 INFO nova.wsgi [-] Stopping WSGI server.
2017-02-01 00:21:26.390 16462 INFO nova.wsgi [req-1a1e329e-b792-4e7b-8949-eac899d92a5f - - - - -] WSGI server has stopped.
2017-02-01 00:21:26.390 16434 INFO nova.wsgi [req-1a1e329e-b792-4e7b-8949-eac899d92a5f - - - - -] WSGI server has stopped.
2017-02-01 00:21:26.390 16404 INFO nova.osapi_compute.wsgi.server [req-053b71c1-9a65-4242-a7e5-5864a35d9de1 - - - - -] (16404) wsgi exited, is_accepting=True
2017-02-01 00:21:26.391 16408 INFO nova.wsgi [req-1a1e329e-b792-4e7b-8949-eac899d92a5f - - - - -] WSGI server has stopped.
2017-02-01 00:21:26.391 16414 INFO nova.wsgi [req-1a1e329e-b792-4e7b-8949-eac899d92a5f - - - - -] WSGI server has stopped.
2017-02-01 00:21:26.391 16412 INFO nova.wsgi [req-1a1e329e-b792-4e7b-8949-eac899d92a5f - - - - -] WSGI server has stopped.
2017-02-01 00:21:26.391 16500 INFO nova.metadata.wsgi.server [req-5698443d-a53b-4f4d-aeef-a9a8ac365ff9 - - - - -] (16500) wsgi exited, is_accepting=True
2017-02-01 00:21:26.391 16423 INFO nova.wsgi [req-1a1e329e-b792-4e7b-8949-eac899d92a5f - - - - -] WSGI server has stopped.
2017-02-01 00:21:26.391 16420 INFO nova.wsgi [req-1a1e329e-b792-4e7b-8949-eac899d92a5f - - - - -] WSGI server has stopped.
2017-02-01 00:21:26.391 16406 INFO nova.osapi_compute.wsgi.server [req-e1a7e6f8-56f6-4799-9f54-6dd2b5215e07 - - - - -] (16406) wsgi exited, is_accepting=True
2017-02-01 00:21:26.391 16468 INFO nova.wsgi [req-1a1e329e-b792-4e7b-8949-eac899d92a5f - - - - -] WSGI server has stopped.
2017-02-01 00:21:26.391 16458 INFO nova.wsgi [req-1a1e329e-b792-4e7b-8949-eac899d92a5f - - - - -] WSGI server has stopped.
2017-02-01 00:21:26.391 16476 INFO nova.wsgi [req-1a1e329e-b792-4e7b-8949-eac899d92a5f - - - - -] WSGI server has stopped.
2017-02-01 00:21:26.391 16407 INFO nova.wsgi [req-1a1e329e-b792-4e7b-8949-eac899d92a5f - - - - -] WSGI server has stopped.
2017-02-01 00:21:26.392 16415 INFO nova.wsgi [req-1a1e329e-b792-4e7b-8949-eac899d92a5f - - - - -] WSGI server has stopped.
2017-02-01 00:21:26.392 16457 INFO nova.wsgi [req-1a1e329e-b792-4e7b-8949-eac899d92a5f - - - - -] WSGI server has stopped.
2017-02-01 00:21:26.392 16404 INFO nova.wsgi [req-1a1e329e-b792-4e7b-8949-eac899d92a5f - - - - -] WSGI server has stopped.
2017-02-01 00:21:26.393 16406 INFO nova.wsgi [req-1a1e329e-b792-4e7b-8949-eac899d92a5f - - - - -] WSGI server has stopped.
2017-02-01 00:21:26.393 16500 INFO nova.wsgi [req-1a1e329e-b792-4e7b-8949-eac899d92a5f - - - - -] WSGI server has stopped.
2017-02-01 00:21:26.393 16411 INFO nova.wsgi [req-1a1e329e-b792-4e7b-8949-eac899d92a5f - - - - -] WSGI server has stopped.
2017-02-01 00:21:26.407 16472 INFO nova.wsgi [-] Stopping WSGI server.
2017-02-01 00:21:26.384 16409 INFO nova.wsgi [-] Stopping WSGI server.
2017-02-01 00:21:26.409 16472 INFO nova.osapi_compute.wsgi.server [req-3db0bf48-8894-4358-b81a-b266c843a1da - - - - -] (16472) wsgi exited, is_accepting=True
2017-02-01 00:21:26.409 16409 INFO nova.osapi_compute.wsgi.server [req-1c6596da-e588-40cd-8fc9-df6cc897de18 - - - - -] (16409) wsgi exited, is_accepting=True
2017-02-01 00:21:26.411 16409 INFO nova.wsgi [req-1a1e329e-b792-4e7b-8949-eac899d92a5f - - - - -] WSGI server has stopped.
2017-02-01 00:21:26.411 16472 INFO nova.wsgi [req-1a1e329e-b792-4e7b-8949-eac899d92a5f - - - - -] WSGI server has stopped.
2017-02-01 00:21:26.416 16430 INFO nova.wsgi [req-1a1e329e-b792-4e7b-8949-eac899d92a5f - - - - -] WSGI server has stopped.
2017-02-01 00:21:26.418 16503 INFO nova.wsgi [-] Stopping WSGI server.
2017-02-01 00:21:26.419 16416 INFO nova.wsgi [req-1a1e329e-b792-4e7b-8949-eac899d92a5f - - - - -] WSGI server has stopped.
2017-02-01 00:21:26.419 16471 INFO nova.wsgi [req-1a1e329e-b792-4e7b-8949-eac899d92a5f - - - - -] WSGI server has stopped.
2017-02-01 00:21:26.419 16503 INFO nova.metadata.wsgi.server [req-d4c1f714-cd81-4e93-a8b3-77edce1ad4de - - - - -] (16503) wsgi exited, is_accepting=True
2017-02-01 00:21:26.422 16503 INFO nova.wsgi [req-1a1e329e-b792-4e7b-8949-eac899d92a5f - - - - -] WSGI server has stopped.
2017-02-01 00:21:26.422 16425 INFO nova.wsgi [req-1a1e329e-b792-4e7b-8949-eac899d92a5f - - - - -] WSGI server has stopped.
2017-02-01 00:21:26.422 16419 INFO nova.wsgi [req-1a1e329e-b792-4e7b-8949-eac899d92a5f - - - - -] WSGI server has stopped.
2017-02-01 00:21:26.424 16410 INFO nova.wsgi [req-1a1e329e-b792-4e7b-8949-eac899d92a5f - - - - -] WSGI server has stopped.
2017-02-01 00:21:26.390 15899 INFO oslo_service.service [req-1a1e329e-b792-4e7b-8949-eac899d92a5f - - - - -] Caught SIGTERM, stopping children
2017-02-01 00:21:26.442 16508 INFO nova.wsgi [-] Stopping WSGI server.
2017-02-01 00:21:26.443 16508 INFO nova.metadata.wsgi.server [req-cdfa0e18-bc50-4382-aa34-44aa6e915a60 - - - - -] (16508) wsgi exited, is_accepting=True
2017-02-01 00:21:26.444 16508 INFO nova.wsgi [req-1a1e329e-b792-4e7b-8949-eac899d92a5f - - - - -] WSGI server has stopped.
2017-02-01 00:21:26.445 15899 INFO nova.wsgi [req-1a1e329e-b792-4e7b-8949-eac899d92a5f - - - - -] Stopping WSGI server.
2017-02-01 00:21:26.447 15899 INFO nova.wsgi [req-1a1e329e-b792-4e7b-8949-eac899d92a5f - - - - -] Stopping WSGI server.
2017-02-01 00:21:26.448 16517 INFO nova.wsgi [-] Stopping WSGI server.
2017-02-01 00:21:26.448 16513 INFO nova.wsgi [-] Stopping WSGI server.
2017-02-01 00:21:26.449 16517 INFO nova.metadata.wsgi.server [req-3f9c3ed4-9062-4f76-a0b1-a19d18d8a319 - - - - -] (16517) wsgi exited, is_accepting=True
2017-02-01 00:21:26.450 16513 INFO nova.metadata.wsgi.server [req-15db9a13-c3cb-47fc-936b-16b856933e94 - - - - -] (16513) wsgi exited, is_accepting=True
2017-02-01 00:21:26.451 16517 INFO nova.wsgi [req-1a1e329e-b792-4e7b-8949-eac899d92a5f - - - - -] WSGI server has stopped.
2017-02-01 00:21:26.452 16513 INFO nova.wsgi [req-1a1e329e-b792-4e7b-8949-eac899d92a5f - - - - -] WSGI server has stopped.
2017-02-01 00:21:26.467 16529 INFO nova.wsgi [-] Stopping WSGI server.
2017-02-01 00:21:26.467 16530 INFO nova.wsgi [-] Stopping WSGI server.
2017-02-01 00:21:26.468 16529 INFO nova.metadata.wsgi.server [req-a53753e6-d1db-4bc1-a492-9bb225496d3c - - - - -] (16529) wsgi exited, is_accepting=True
2017-02-01 00:21:26.469 16526 INFO nova.wsgi [-] Stopping WSGI server.
2017-02-01 00:21:26.469 16529 INFO nova.wsgi [req-1a1e329e-b792-4e7b-8949-eac899d92a5f - - - - -] WSGI server has stopped.
2017-02-01 00:21:26.470 16533 INFO nova.wsgi [-] Stopping WSGI server.
2017-02-01 00:21:26.471 16526 INFO nova.metadata.wsgi.server [req-ba89550c-26d5-41f1-9f31-7b1f6bd35ed3 - - - - -] (16526) wsgi exited, is_accepting=True
2017-02-01 00:21:26.471 16533 INFO nova.metadata.wsgi.server [req-bfea88a9-19d7-4405-bfaf-888204f2cdba - - - - -] (16533) wsgi exited, is_accepting=True
2017-02-01 00:21:26.472 16526 INFO nova.wsgi [req-1a1e329e-b792-4e7b-8949-eac899d92a5f - - - - -] WSGI server has stopped.
2017-02-01 00:21:26.472 16523 INFO nova.wsgi [-] Stopping WSGI server.
2017-02-01 00:21:26.472 16533 INFO nova.wsgi [req-1a1e329e-b792-4e7b-8949-eac899d92a5f - - - - -] WSGI server has stopped.
2017-02-01 00:21:26.473 16523 INFO nova.metadata.wsgi.server [req-a164da72-5a58-4c8f-951e-7c74cd3a9894 - - - - -] (16523) wsgi exited, is_accepting=True
2017-02-01 00:21:26.475 16523 INFO nova.wsgi [req-1a1e329e-b792-4e7b-8949-eac899d92a5f - - - - -] WSGI server has stopped.
2017-02-01 00:21:26.477 16515 INFO nova.wsgi [-] Stopping WSGI server.
2017-02-01 00:21:26.478 16515 INFO nova.metadata.wsgi.server [req-d9b46b72-2d4d-41dd-a9e4-b883a697191a - - - - -] (16515) wsgi exited, is_accepting=True
2017-02-01 00:21:26.479 16515 INFO nova.wsgi [req-1a1e329e-b792-4e7b-8949-eac899d92a5f - - - - -] WSGI server has stopped.
2017-02-01 00:21:26.465 16505 INFO nova.wsgi [-] Stopping WSGI server.
2017-02-01 00:21:26.486 16505 INFO nova.metadata.wsgi.server [req-a044d0b9-68b4-4d3e-b315-f7bb3ca305a7 - - - - -] (16505) wsgi exited, is_accepting=True
2017-02-01 00:21:26.486 16559 INFO nova.wsgi [-] Stopping WSGI server.
2017-02-01 00:21:26.486 16558 INFO nova.wsgi [-] Stopping WSGI server.
2017-02-01 00:21:26.487 16559 INFO nova.metadata.wsgi.server [req-88fe6233-ee73-40d1-ae37-f46206cd567e - - - - -] (16559) wsgi exited, is_accepting=True
2017-02-01 00:21:26.488 16558 INFO nova.metadata.wsgi.server [req-a6fec272-0f14-49df-94bf-e5b27f8e72af - - - - -] (16558) wsgi exited, is_accepting=True
2017-02-01 00:21:26.488 16505 INFO nova.wsgi [req-1a1e329e-b792-4e7b-8949-eac899d92a5f - - - - -] WSGI server has stopped.
2017-02-01 00:21:26.488 16559 INFO nova.wsgi [req-1a1e329e-b792-4e7b-8949-eac899d92a5f - - - - -] WSGI server has stopped.
2017-02-01 00:21:26.489 16558 INFO nova.wsgi [req-1a1e329e-b792-4e7b-8949-eac899d92a5f - - - - -] WSGI server has stopped.
2017-02-01 00:21:26.491 16538 INFO nova.wsgi [-] Stopping WSGI server.
2017-02-01 00:21:26.492 16538 INFO nova.metadata.wsgi.server [req-249519a8-e8aa-473d-a9d1-6e8c74d6baff - - - - -] (16538) wsgi exited, is_accepting=True
2017-02-01 00:21:26.493 16536 INFO nova.wsgi [-] Stopping WSGI server.
2017-02-01 00:21:26.494 16538 INFO nova.wsgi [req-1a1e329e-b792-4e7b-8949-eac899d92a5f - - - - -] WSGI server has stopped.
2017-02-01 00:21:26.494 16556 INFO nova.wsgi [-] Stopping WSGI server.
2017-02-01 00:21:26.494 16536 INFO nova.metadata.wsgi.server [req-96cd4340-4510-440f-8d05-49442f0ac20d - - - - -] (16536) wsgi exited, is_accepting=True
2017-02-01 00:21:26.497 16556 INFO nova.metadata.wsgi.server [req-a25e1f35-4e84-4f6c-9af2-3de457786205 - - - - -] (16556) wsgi exited, is_accepting=True
2017-02-01 00:21:26.498 16536 INFO nova.wsgi [req-1a1e329e-b792-4e7b-8949-eac899d92a5f - - - - -] WSGI server has stopped.
2017-02-01 00:21:26.498 16556 INFO nova.wsgi [req-1a1e329e-b792-4e7b-8949-eac899d92a5f - - - - -] WSGI server has stopped.
2017-02-01 00:21:26.475 16510 INFO nova.wsgi [-] Stopping WSGI server.
2017-02-01 00:21:26.506 16510 INFO nova.metadata.wsgi.server [req-9e594605-2579-4ebd-b834-c9a1797b30d4 - - - - -] (16510) wsgi exited, is_accepting=True
2017-02-01 00:21:26.507 16552 INFO nova.wsgi [-] Stopping WSGI server.
2017-02-01 00:21:26.507 16524 INFO nova.wsgi [-] Stopping WSGI server.
2017-02-01 00:21:26.508 16552 INFO nova.metadata.wsgi.server [req-ad8440e1-2388-47cd-9f29-20e43943a29b - - - - -] (16552) wsgi exited, is_accepting=True
2017-02-01 00:21:26.508 16524 INFO nova.metadata.wsgi.server [req-85dc60f7-6b90-49b6-b04e-0619e9b42c60 - - - - -] (16524) wsgi exited, is_accepting=True
2017-02-01 00:21:26.509 16510 INFO nova.wsgi [req-1a1e329e-b792-4e7b-8949-eac899d92a5f - - - - -] WSGI server has stopped.
2017-02-01 00:21:26.509 16552 INFO nova.wsgi [req-1a1e329e-b792-4e7b-8949-eac899d92a5f - - - - -] WSGI server has stopped.
2017-02-01 00:21:26.510 16524 INFO nova.wsgi [req-1a1e329e-b792-4e7b-8949-eac899d92a5f - - - - -] WSGI server has stopped.
2017-02-01 00:21:26.511 16563 INFO nova.wsgi [-] Stopping WSGI server.
2017-02-01 00:21:26.511 16567 INFO nova.wsgi [-] Stopping WSGI server.
2017-02-01 00:21:26.512 16563 INFO nova.metadata.wsgi.server [req-28b38f97-f7ed-41dd-b076-250515acd18c - - - - -] (16563) wsgi exited, is_accepting=True
2017-02-01 00:21:26.512 16541 INFO nova.wsgi [-] Stopping WSGI server.
2017-02-01 00:21:26.512 16567 INFO nova.metadata.wsgi.server [req-62725d2f-1f3d-4d2f-9e2f-27de986bac10 - - - - -] (16567) wsgi exited, is_accepting=True
2017-02-01 00:21:26.513 16541 INFO nova.metadata.wsgi.server [req-0940c738-7f17-4cb1-bfa9-49569b911e90 - - - - -] (16541) wsgi exited, is_accepting=True
2017-02-01 00:21:26.513 16563 INFO nova.wsgi [req-1a1e329e-b792-4e7b-8949-eac899d92a5f - - - - -] WSGI server has stopped.
2017-02-01 00:21:26.513 16567 INFO nova.wsgi [req-1a1e329e-b792-4e7b-8949-eac899d92a5f - - - - -] WSGI server has stopped.
2017-02-01 00:21:26.514 16541 INFO nova.wsgi [req-1a1e329e-b792-4e7b-8949-eac899d92a5f - - - - -] WSGI server has stopped.
