2017-02-01 00:13:46.222 12709 INFO oslo_service.service [req-97101265-79c8-4066-acb3-f5affcba5bab - - - - -] Child 12994 killed by signal 15
2017-02-01 00:13:46.223 12709 INFO oslo_service.service [req-97101265-79c8-4066-acb3-f5affcba5bab - - - - -] Child 12984 killed by signal 15
2017-02-01 00:13:46.225 12709 INFO oslo_service.service [req-97101265-79c8-4066-acb3-f5affcba5bab - - - - -] Child 12836 killed by signal 15
2017-02-01 00:14:07.564 14453 WARNING oslo_reports.guru_meditation_report [-] Guru meditation now registers SIGUSR1 and SIGUSR2 by default for backward compatibility. SIGUSR1 will no longer be registered in a future release, so please use SIGUSR2 to generate reports.
2017-02-01 00:14:08.096 14453 INFO nova.api.openstack [req-9cd076e3-3e99-492a-9cac-1cf230d072f8 - - - - -] Loaded extensions: ['extensions', 'flavors', 'image-metadata', 'image-size', 'images', 'ips', 'limits', 'os-admin-actions', 'os-admin-password', 'os-agents', 'os-aggregates', 'os-assisted-volume-snapshots', 'os-attach-interfaces', 'os-availability-zone', 'os-baremetal-nodes', 'os-block-device-mapping', 'os-cells', 'os-certificates', 'os-cloudpipe', 'os-config-drive', 'os-console-auth-tokens', 'os-console-output', 'os-consoles', 'os-create-backup', 'os-deferred-delete', 'os-evacuate', 'os-extended-availability-zone', 'os-extended-server-attributes', 'os-extended-status', 'os-extended-volumes', 'os-fixed-ips', 'os-flavor-access', 'os-flavor-extra-specs', 'os-flavor-manage', 'os-flavor-rxtx', 'os-floating-ip-dns', 'os-floating-ip-pools', 'os-floating-ips', 'os-floating-ips-bulk', 'os-fping', 'os-hide-server-addresses', 'os-hosts', 'os-hypervisors', 'os-instance-actions', 'os-instance-usage-audit-log', 'os-keypairs', 'os-lock-server', 'os-migrate-server', 'os-migrations', 'os-multinic', 'os-multiple-create', 'os-networks', 'os-networks-associate', 'os-pause-server', 'os-quota-class-sets', 'os-quota-sets', 'os-remote-consoles', 'os-rescue', 'os-scheduler-hints', 'os-security-group-default-rules', 'os-security-groups', 'os-server-diagnostics', 'os-server-external-events', 'os-server-groups', 'os-server-password', 'os-server-tags', 'os-server-usage', 'os-services', 'os-shelve', 'os-simple-tenant-usage', 'os-suspend-server', 'os-tenant-networks', 'os-used-limits', 'os-user-data', 'os-virtual-interfaces', 'os-volumes', 'server-metadata', 'server-migrations', 'servers', 'versions']
2017-02-01 00:14:08.331 14453 INFO nova.api.openstack [req-9cd076e3-3e99-492a-9cac-1cf230d072f8 - - - - -] Loaded extensions: ['extensions', 'flavors', 'image-metadata', 'image-size', 'images', 'ips', 'limits', 'os-admin-actions', 'os-admin-password', 'os-agents', 'os-aggregates', 'os-assisted-volume-snapshots', 'os-attach-interfaces', 'os-availability-zone', 'os-baremetal-nodes', 'os-block-device-mapping', 'os-cells', 'os-certificates', 'os-cloudpipe', 'os-config-drive', 'os-console-auth-tokens', 'os-console-output', 'os-consoles', 'os-create-backup', 'os-deferred-delete', 'os-evacuate', 'os-extended-availability-zone', 'os-extended-server-attributes', 'os-extended-status', 'os-extended-volumes', 'os-fixed-ips', 'os-flavor-access', 'os-flavor-extra-specs', 'os-flavor-manage', 'os-flavor-rxtx', 'os-floating-ip-dns', 'os-floating-ip-pools', 'os-floating-ips', 'os-floating-ips-bulk', 'os-fping', 'os-hide-server-addresses', 'os-hosts', 'os-hypervisors', 'os-instance-actions', 'os-instance-usage-audit-log', 'os-keypairs', 'os-lock-server', 'os-migrate-server', 'os-migrations', 'os-multinic', 'os-multiple-create', 'os-networks', 'os-networks-associate', 'os-pause-server', 'os-quota-class-sets', 'os-quota-sets', 'os-remote-consoles', 'os-rescue', 'os-scheduler-hints', 'os-security-group-default-rules', 'os-security-groups', 'os-server-diagnostics', 'os-server-external-events', 'os-server-groups', 'os-server-password', 'os-server-tags', 'os-server-usage', 'os-services', 'os-shelve', 'os-simple-tenant-usage', 'os-suspend-server', 'os-tenant-networks', 'os-used-limits', 'os-user-data', 'os-virtual-interfaces', 'os-volumes', 'server-metadata', 'server-migrations', 'servers', 'versions']
2017-02-01 00:14:08.354 14453 INFO nova.wsgi [req-9cd076e3-3e99-492a-9cac-1cf230d072f8 - - - - -] osapi_compute listening on 0.0.0.0:8774
2017-02-01 00:14:08.355 14453 INFO oslo_service.service [req-9cd076e3-3e99-492a-9cac-1cf230d072f8 - - - - -] Starting 40 workers
2017-02-01 00:14:08.509 14453 INFO nova.network.driver [req-9cd076e3-3e99-492a-9cac-1cf230d072f8 - - - - -] Loading network driver 'nova.network.linux_net'
2017-02-01 00:14:08.829 14760 INFO nova.osapi_compute.wsgi.server [req-22d40798-fbd0-47f1-bd53-8496736be4dd - - - - -] (14760) wsgi starting up on http://0.0.0.0:8774
2017-02-01 00:14:08.831 14744 INFO nova.osapi_compute.wsgi.server [req-0df34b91-d54b-42d1-827b-75b7c56b4a27 - - - - -] (14744) wsgi starting up on http://0.0.0.0:8774
2017-02-01 00:14:08.837 14766 INFO nova.osapi_compute.wsgi.server [req-5ac1b0a8-acbe-4d77-a8c0-408211696f0a - - - - -] (14766) wsgi starting up on http://0.0.0.0:8774
2017-02-01 00:14:08.838 14755 INFO nova.osapi_compute.wsgi.server [req-05352917-8b9e-46fa-ab44-28e10be025aa - - - - -] (14755) wsgi starting up on http://0.0.0.0:8774
2017-02-01 00:14:08.846 14748 INFO nova.osapi_compute.wsgi.server [req-9fab94fc-2e83-4523-ad61-c4f3c0727601 - - - - -] (14748) wsgi starting up on http://0.0.0.0:8774
2017-02-01 00:14:08.848 14747 INFO nova.osapi_compute.wsgi.server [req-30c110b8-ed56-4bed-8e92-a1af765c9dea - - - - -] (14747) wsgi starting up on http://0.0.0.0:8774
2017-02-01 00:14:08.850 14769 INFO nova.osapi_compute.wsgi.server [req-fd3fc15a-5c86-4157-9159-4061534cce84 - - - - -] (14769) wsgi starting up on http://0.0.0.0:8774
2017-02-01 00:14:08.851 14789 INFO nova.osapi_compute.wsgi.server [req-dda7836f-cbd6-43b1-89b2-2e11e7a94351 - - - - -] (14789) wsgi starting up on http://0.0.0.0:8774
2017-02-01 00:14:08.851 14749 INFO nova.osapi_compute.wsgi.server [req-5db3b97e-07e4-4295-8b87-62e82aac4428 - - - - -] (14749) wsgi starting up on http://0.0.0.0:8774
2017-02-01 00:14:08.853 14753 INFO nova.osapi_compute.wsgi.server [req-cc2377be-6bde-47ec-8e85-c7366ce5309e - - - - -] (14753) wsgi starting up on http://0.0.0.0:8774
2017-02-01 00:14:08.857 14799 INFO nova.osapi_compute.wsgi.server [req-044c03e0-b9a5-41da-a4b4-fa78ff6201d8 - - - - -] (14799) wsgi starting up on http://0.0.0.0:8774
2017-02-01 00:14:08.858 14788 INFO nova.osapi_compute.wsgi.server [req-704d29de-e9e4-465f-9a47-376d37f1b5df - - - - -] (14788) wsgi starting up on http://0.0.0.0:8774
2017-02-01 00:14:08.858 14792 INFO nova.osapi_compute.wsgi.server [req-e6247df4-16ee-427f-86e2-ef90d2f6d95a - - - - -] (14792) wsgi starting up on http://0.0.0.0:8774
2017-02-01 00:14:08.859 14795 INFO nova.osapi_compute.wsgi.server [req-3e194c8c-d271-4e8c-ac9d-699635441d1e - - - - -] (14795) wsgi starting up on http://0.0.0.0:8774
2017-02-01 00:14:08.861 14754 INFO nova.osapi_compute.wsgi.server [req-4d3e9f4f-e879-47ba-aab8-3485e3d483ea - - - - -] (14754) wsgi starting up on http://0.0.0.0:8774
2017-02-01 00:14:08.862 14765 INFO nova.osapi_compute.wsgi.server [req-95f1ada9-c358-43b0-a624-05efd68233fa - - - - -] (14765) wsgi starting up on http://0.0.0.0:8774
2017-02-01 00:14:08.863 14756 INFO nova.osapi_compute.wsgi.server [req-a7a3ae3c-e674-4821-938f-3e1d95696080 - - - - -] (14756) wsgi starting up on http://0.0.0.0:8774
2017-02-01 00:14:08.863 14751 INFO nova.osapi_compute.wsgi.server [req-e868c2e4-e54b-4ca3-bd53-d8c2a5b6e0c8 - - - - -] (14751) wsgi starting up on http://0.0.0.0:8774
2017-02-01 00:14:08.864 14796 INFO nova.osapi_compute.wsgi.server [req-d1bcb87e-0940-4725-ac35-ec80da315cfa - - - - -] (14796) wsgi starting up on http://0.0.0.0:8774
2017-02-01 00:14:08.864 14746 INFO nova.osapi_compute.wsgi.server [req-6a57ad15-6daf-4900-a181-88944ac48e6d - - - - -] (14746) wsgi starting up on http://0.0.0.0:8774
2017-02-01 00:14:08.865 14812 INFO nova.osapi_compute.wsgi.server [req-b6d7ff89-d3fd-43e2-b7d5-7484ff75c7e1 - - - - -] (14812) wsgi starting up on http://0.0.0.0:8774
2017-02-01 00:14:08.866 14798 INFO nova.osapi_compute.wsgi.server [req-92832390-5436-4ec4-9f80-d6e876451791 - - - - -] (14798) wsgi starting up on http://0.0.0.0:8774
2017-02-01 00:14:08.866 14750 INFO nova.osapi_compute.wsgi.server [req-e58ac355-b470-4399-be8c-556f8e474c88 - - - - -] (14750) wsgi starting up on http://0.0.0.0:8774
2017-02-01 00:14:08.868 14780 INFO nova.osapi_compute.wsgi.server [req-5cb14cc8-7ad9-443e-b8b3-0d367202ee76 - - - - -] (14780) wsgi starting up on http://0.0.0.0:8774
2017-02-01 00:14:08.868 14771 INFO nova.osapi_compute.wsgi.server [req-675efa2c-fb95-4ba3-849f-1930034b2ca2 - - - - -] (14771) wsgi starting up on http://0.0.0.0:8774
2017-02-01 00:14:08.869 14772 INFO nova.osapi_compute.wsgi.server [req-7a35e686-b806-4393-ad4d-1e5b1fb9380a - - - - -] (14772) wsgi starting up on http://0.0.0.0:8774
2017-02-01 00:14:08.870 14782 INFO nova.osapi_compute.wsgi.server [req-4ac1fab7-8416-4b26-b843-ae911d732f0a - - - - -] (14782) wsgi starting up on http://0.0.0.0:8774
2017-02-01 00:14:08.872 14752 INFO nova.osapi_compute.wsgi.server [req-afbebc91-c542-487f-91ad-d10e95667ca3 - - - - -] (14752) wsgi starting up on http://0.0.0.0:8774
2017-02-01 00:14:08.872 14768 INFO nova.osapi_compute.wsgi.server [req-61d0633d-cf14-4b94-9e98-3e1b2380d7b7 - - - - -] (14768) wsgi starting up on http://0.0.0.0:8774
2017-02-01 00:14:08.878 14804 INFO nova.osapi_compute.wsgi.server [req-9eba1fae-b0d9-4735-8625-9b8b17b2a896 - - - - -] (14804) wsgi starting up on http://0.0.0.0:8774
2017-02-01 00:14:08.881 14806 INFO nova.osapi_compute.wsgi.server [req-10222a07-330c-4bfb-bb70-15e6065f336e - - - - -] (14806) wsgi starting up on http://0.0.0.0:8774
2017-02-01 00:14:08.881 14759 INFO nova.osapi_compute.wsgi.server [req-a87f88ff-3bec-43c8-a0cc-a3c050c20c3b - - - - -] (14759) wsgi starting up on http://0.0.0.0:8774
2017-02-01 00:14:08.884 14794 INFO nova.osapi_compute.wsgi.server [req-6ff27c2b-d63f-4024-9895-e51a8c4c4d46 - - - - -] (14794) wsgi starting up on http://0.0.0.0:8774
2017-02-01 00:14:08.885 14775 INFO nova.osapi_compute.wsgi.server [req-6d460405-0a68-417f-8918-b586431b53be - - - - -] (14775) wsgi starting up on http://0.0.0.0:8774
2017-02-01 00:14:08.886 14745 INFO nova.osapi_compute.wsgi.server [req-f900b882-87ab-4cbe-83c9-f9d901f1c917 - - - - -] (14745) wsgi starting up on http://0.0.0.0:8774
2017-02-01 00:14:08.886 14809 INFO nova.osapi_compute.wsgi.server [req-9848da50-ff88-4c5e-80c1-ee703dd63526 - - - - -] (14809) wsgi starting up on http://0.0.0.0:8774
2017-02-01 00:14:08.887 14817 INFO nova.osapi_compute.wsgi.server [req-c9b819c5-6043-4f40-98f8-654acbe19920 - - - - -] (14817) wsgi starting up on http://0.0.0.0:8774
2017-02-01 00:14:08.889 14758 INFO nova.osapi_compute.wsgi.server [req-30b3ebb8-e9d9-4680-9be3-34994783117b - - - - -] (14758) wsgi starting up on http://0.0.0.0:8774
2017-02-01 00:14:08.899 14815 INFO nova.osapi_compute.wsgi.server [req-4652f7f1-1c96-4a82-9415-51a001f6486b - - - - -] (14815) wsgi starting up on http://0.0.0.0:8774
2017-02-01 00:14:08.902 14757 INFO nova.osapi_compute.wsgi.server [req-087a82f6-42c0-4948-a763-e3ddbd2f0136 - - - - -] (14757) wsgi starting up on http://0.0.0.0:8774
2017-02-01 00:14:08.973 14453 INFO nova.wsgi [req-9cd076e3-3e99-492a-9cac-1cf230d072f8 - - - - -] metadata listening on 0.0.0.0:8775
2017-02-01 00:14:08.974 14453 INFO oslo_service.service [req-9cd076e3-3e99-492a-9cac-1cf230d072f8 - - - - -] Starting 40 workers
2017-02-01 00:14:09.318 14831 INFO nova.metadata.wsgi.server [req-37f6205e-7d3b-4d70-ac30-73a0dd82c203 - - - - -] (14831) wsgi starting up on http://0.0.0.0:8775
2017-02-01 00:14:09.321 14833 INFO nova.metadata.wsgi.server [req-3e4ce112-62a6-48b1-b203-c5398293d90d - - - - -] (14833) wsgi starting up on http://0.0.0.0:8775
2017-02-01 00:14:09.325 14834 INFO nova.metadata.wsgi.server [req-30844aca-7795-4bba-af47-7655d76bf73f - - - - -] (14834) wsgi starting up on http://0.0.0.0:8775
2017-02-01 00:14:09.333 14840 INFO nova.metadata.wsgi.server [req-5b9fd8f7-8b6a-422d-bc24-9f3c93ca2559 - - - - -] (14840) wsgi starting up on http://0.0.0.0:8775
2017-02-01 00:14:09.334 14832 INFO nova.metadata.wsgi.server [req-6add2c75-8601-4ff4-9973-f78f1e1c62fb - - - - -] (14832) wsgi starting up on http://0.0.0.0:8775
2017-02-01 00:14:09.350 14838 INFO nova.metadata.wsgi.server [req-ab8d658f-e8fa-4b80-a59e-6b67afafb429 - - - - -] (14838) wsgi starting up on http://0.0.0.0:8775
2017-02-01 00:14:09.367 14851 INFO nova.metadata.wsgi.server [req-bccae867-f28e-4e39-ad33-b41db38a3515 - - - - -] (14851) wsgi starting up on http://0.0.0.0:8775
2017-02-01 00:14:09.368 14830 INFO nova.metadata.wsgi.server [req-36773b01-6978-456f-8079-5fcd273333e7 - - - - -] (14830) wsgi starting up on http://0.0.0.0:8775
2017-02-01 00:14:09.369 14856 INFO nova.metadata.wsgi.server [req-86541b00-c234-4673-a917-a9d5afd6c9a3 - - - - -] (14856) wsgi starting up on http://0.0.0.0:8775
2017-02-01 00:14:09.372 14858 INFO nova.metadata.wsgi.server [req-46105944-fd46-464e-a730-9f3ec142055d - - - - -] (14858) wsgi starting up on http://0.0.0.0:8775
2017-02-01 00:14:09.375 14839 INFO nova.metadata.wsgi.server [req-0b1272d7-b179-4900-aaac-30823975e553 - - - - -] (14839) wsgi starting up on http://0.0.0.0:8775
2017-02-01 00:14:09.378 14862 INFO nova.metadata.wsgi.server [req-f25a0247-9f00-4930-a6a3-da1883afd150 - - - - -] (14862) wsgi starting up on http://0.0.0.0:8775
2017-02-01 00:14:09.380 14867 INFO nova.metadata.wsgi.server [req-0c477bc4-844d-427c-b374-ae2c7c85540d - - - - -] (14867) wsgi starting up on http://0.0.0.0:8775
2017-02-01 00:14:09.380 14853 INFO nova.metadata.wsgi.server [req-5c093740-cbfc-4588-9dd8-fb11842e2ca3 - - - - -] (14853) wsgi starting up on http://0.0.0.0:8775
2017-02-01 00:14:09.382 14835 INFO nova.metadata.wsgi.server [req-da08fbe5-143a-43ec-a124-b3058efff390 - - - - -] (14835) wsgi starting up on http://0.0.0.0:8775
2017-02-01 00:14:09.383 14836 INFO nova.metadata.wsgi.server [req-2d0100e9-65a0-43bc-a240-4e1e50845e08 - - - - -] (14836) wsgi starting up on http://0.0.0.0:8775
2017-02-01 00:14:09.383 14849 INFO nova.metadata.wsgi.server [req-b7581c43-6418-4e6a-b3aa-7d1ddcaf986e - - - - -] (14849) wsgi starting up on http://0.0.0.0:8775
2017-02-01 00:14:09.389 14865 INFO nova.metadata.wsgi.server [req-83a856d8-c19a-4851-a36c-399b70cb57ef - - - - -] (14865) wsgi starting up on http://0.0.0.0:8775
2017-02-01 00:14:09.394 14860 INFO nova.metadata.wsgi.server [req-56109611-d23c-4f6c-9856-78b8be1ae003 - - - - -] (14860) wsgi starting up on http://0.0.0.0:8775
2017-02-01 00:14:09.396 14864 INFO nova.metadata.wsgi.server [req-03a17be7-47b3-46f4-a2f5-03a3e0ca01d7 - - - - -] (14864) wsgi starting up on http://0.0.0.0:8775
2017-02-01 00:14:09.398 14844 INFO nova.metadata.wsgi.server [req-bb77c8d4-c552-4c6f-87c5-fc9fbcf52132 - - - - -] (14844) wsgi starting up on http://0.0.0.0:8775
2017-02-01 00:14:09.406 14846 INFO nova.metadata.wsgi.server [req-a22e6857-a22c-467b-9fa0-6da961782aa7 - - - - -] (14846) wsgi starting up on http://0.0.0.0:8775
2017-02-01 00:14:09.409 14875 INFO nova.metadata.wsgi.server [req-03215310-da6a-47e3-ab77-40f04a017653 - - - - -] (14875) wsgi starting up on http://0.0.0.0:8775
2017-02-01 00:14:09.409 14870 INFO nova.metadata.wsgi.server [req-aa2e1d41-68c5-4bc6-9cac-806ae27326b2 - - - - -] (14870) wsgi starting up on http://0.0.0.0:8775
2017-02-01 00:14:09.429 14890 INFO nova.metadata.wsgi.server [req-df52e532-169b-42de-b547-f37e9f230db4 - - - - -] (14890) wsgi starting up on http://0.0.0.0:8775
2017-02-01 00:14:09.432 14893 INFO nova.metadata.wsgi.server [req-8efdbd51-db64-472c-97b4-3837ea5fbb11 - - - - -] (14893) wsgi starting up on http://0.0.0.0:8775
2017-02-01 00:14:09.438 14888 INFO nova.metadata.wsgi.server [req-538e8779-10c5-4111-89f1-0724efc89419 - - - - -] (14888) wsgi starting up on http://0.0.0.0:8775
2017-02-01 00:14:09.448 14837 INFO nova.metadata.wsgi.server [req-1202f8fb-d55c-4208-a43d-0758fa70e738 - - - - -] (14837) wsgi starting up on http://0.0.0.0:8775
2017-02-01 00:14:09.450 14895 INFO nova.metadata.wsgi.server [req-b6d78361-8d7b-4a93-a29e-9634b97053de - - - - -] (14895) wsgi starting up on http://0.0.0.0:8775
2017-02-01 00:14:09.461 14879 INFO nova.metadata.wsgi.server [req-a825f159-0d59-4a79-8f42-1c9c09cfeace - - - - -] (14879) wsgi starting up on http://0.0.0.0:8775
2017-02-01 00:14:09.462 14873 INFO nova.metadata.wsgi.server [req-a2890baa-b8d3-45c8-9135-8cdca4eb1bce - - - - -] (14873) wsgi starting up on http://0.0.0.0:8775
2017-02-01 00:14:09.464 14887 INFO nova.metadata.wsgi.server [req-9e279efc-46ee-4099-9740-d12c9911e72e - - - - -] (14887) wsgi starting up on http://0.0.0.0:8775
2017-02-01 00:14:09.464 14898 INFO nova.metadata.wsgi.server [req-96f8c4dc-36ae-45bc-8f50-66f73ea4979b - - - - -] (14898) wsgi starting up on http://0.0.0.0:8775
2017-02-01 00:14:09.464 14878 INFO nova.metadata.wsgi.server [req-4f184de7-923d-4c6a-91c5-30414252cf7f - - - - -] (14878) wsgi starting up on http://0.0.0.0:8775
2017-02-01 00:14:09.468 14880 INFO nova.metadata.wsgi.server [req-ec2e3ec1-8c1d-46f5-97fb-a403b7e624a5 - - - - -] (14880) wsgi starting up on http://0.0.0.0:8775
2017-02-01 00:14:09.478 14882 INFO nova.metadata.wsgi.server [req-0c3c0c9e-fdd4-4c4b-9ee0-ca2edb247e6e - - - - -] (14882) wsgi starting up on http://0.0.0.0:8775
2017-02-01 00:14:09.480 14896 INFO nova.metadata.wsgi.server [req-5d161675-0e2c-4b7e-943b-248776f51eb0 - - - - -] (14896) wsgi starting up on http://0.0.0.0:8775
2017-02-01 00:14:09.484 14885 INFO nova.metadata.wsgi.server [req-302da06c-fe9c-484b-9298-4d61d6b147ac - - - - -] (14885) wsgi starting up on http://0.0.0.0:8775
2017-02-01 00:14:09.484 14901 INFO nova.metadata.wsgi.server [req-dbb1c867-6e8b-4027-841e-ae6ee6c4419a - - - - -] (14901) wsgi starting up on http://0.0.0.0:8775
2017-02-01 00:14:09.518 14902 INFO nova.metadata.wsgi.server [req-f2a3992e-431d-40b7-a353-0e8dc21c2c40 - - - - -] (14902) wsgi starting up on http://0.0.0.0:8775
2017-02-01 00:14:18.586 14751 INFO nova.osapi_compute.wsgi.server [req-bdad9e0a-0cd6-459f-99f7-ae2927a17858 1cb680f1831042769fa73df344b6b967 eee9f522c68d43e685d2202ca7dbf9bd - default default] x.x.x.2 "GET /v2.1/eee9f522c68d43e685d2202ca7dbf9bd/os-services HTTP/1.1" status: 200 len: 1224 time: 4.2897382
2017-02-01 00:16:45.831 14744 INFO nova.wsgi [-] Stopping WSGI server.
2017-02-01 00:16:45.831 14750 INFO nova.wsgi [-] Stopping WSGI server.
2017-02-01 00:16:45.831 14747 INFO nova.wsgi [-] Stopping WSGI server.
2017-02-01 00:16:45.831 14748 INFO nova.wsgi [-] Stopping WSGI server.
2017-02-01 00:16:45.832 14745 INFO nova.wsgi [-] Stopping WSGI server.
2017-02-01 00:16:45.832 14744 INFO nova.osapi_compute.wsgi.server [req-0df34b91-d54b-42d1-827b-75b7c56b4a27 - - - - -] (14744) wsgi exited, is_accepting=True
2017-02-01 00:16:45.832 14749 INFO nova.wsgi [-] Stopping WSGI server.
2017-02-01 00:16:45.832 14746 INFO nova.wsgi [-] Stopping WSGI server.
2017-02-01 00:16:45.832 14753 INFO nova.wsgi [-] Stopping WSGI server.
2017-02-01 00:16:45.832 14752 INFO nova.wsgi [-] Stopping WSGI server.
2017-02-01 00:16:45.832 14771 INFO nova.wsgi [-] Stopping WSGI server.
2017-02-01 00:16:45.832 14756 INFO nova.wsgi [-] Stopping WSGI server.
2017-02-01 00:16:45.832 14748 INFO nova.osapi_compute.wsgi.server [req-9fab94fc-2e83-4523-ad61-c4f3c0727601 - - - - -] (14748) wsgi exited, is_accepting=True
2017-02-01 00:16:45.832 14755 INFO nova.wsgi [-] Stopping WSGI server.
2017-02-01 00:16:45.832 14758 INFO nova.wsgi [-] Stopping WSGI server.
2017-02-01 00:16:45.832 14788 INFO nova.wsgi [-] Stopping WSGI server.
2017-02-01 00:16:45.832 14760 INFO nova.wsgi [-] Stopping WSGI server.
2017-02-01 00:16:45.832 14754 INFO nova.wsgi [-] Stopping WSGI server.
2017-02-01 00:16:45.832 14766 INFO nova.wsgi [-] Stopping WSGI server.
2017-02-01 00:16:45.834 14748 INFO nova.wsgi [req-9cd076e3-3e99-492a-9cac-1cf230d072f8 - - - - -] WSGI server has stopped.
2017-02-01 00:16:45.835 14780 INFO nova.wsgi [-] Stopping WSGI server.
2017-02-01 00:16:45.837 14780 INFO nova.osapi_compute.wsgi.server [req-5cb14cc8-7ad9-443e-b8b3-0d367202ee76 - - - - -] (14780) wsgi exited, is_accepting=True
2017-02-01 00:16:45.835 14772 INFO nova.wsgi [-] Stopping WSGI server.
2017-02-01 00:16:45.836 14766 INFO nova.osapi_compute.wsgi.server [req-5ac1b0a8-acbe-4d77-a8c0-408211696f0a - - - - -] (14766) wsgi exited, is_accepting=True
2017-02-01 00:16:45.838 14795 INFO nova.wsgi [-] Stopping WSGI server.
2017-02-01 00:16:45.838 14798 INFO nova.wsgi [-] Stopping WSGI server.
2017-02-01 00:16:45.838 14794 INFO nova.wsgi [-] Stopping WSGI server.
2017-02-01 00:16:45.839 14772 INFO nova.osapi_compute.wsgi.server [req-7a35e686-b806-4393-ad4d-1e5b1fb9380a - - - - -] (14772) wsgi exited, is_accepting=True
2017-02-01 00:16:45.839 14780 INFO nova.wsgi [req-9cd076e3-3e99-492a-9cac-1cf230d072f8 - - - - -] WSGI server has stopped.
2017-02-01 00:16:45.839 14795 INFO nova.osapi_compute.wsgi.server [req-3e194c8c-d271-4e8c-ac9d-699635441d1e - - - - -] (14795) wsgi exited, is_accepting=True
2017-02-01 00:16:45.839 14798 INFO nova.osapi_compute.wsgi.server [req-92832390-5436-4ec4-9f80-d6e876451791 - - - - -] (14798) wsgi exited, is_accepting=True
2017-02-01 00:16:45.839 14794 INFO nova.osapi_compute.wsgi.server [req-6ff27c2b-d63f-4024-9895-e51a8c4c4d46 - - - - -] (14794) wsgi exited, is_accepting=True
2017-02-01 00:16:45.840 14796 INFO nova.wsgi [-] Stopping WSGI server.
2017-02-01 00:16:45.841 14796 INFO nova.osapi_compute.wsgi.server [req-d1bcb87e-0940-4725-ac35-ec80da315cfa - - - - -] (14796) wsgi exited, is_accepting=True
2017-02-01 00:16:45.842 14795 INFO nova.wsgi [req-9cd076e3-3e99-492a-9cac-1cf230d072f8 - - - - -] WSGI server has stopped.
2017-02-01 00:16:45.842 14798 INFO nova.wsgi [req-9cd076e3-3e99-492a-9cac-1cf230d072f8 - - - - -] WSGI server has stopped.
2017-02-01 00:16:45.893 14896 INFO nova.wsgi [-] Stopping WSGI server.
2017-02-01 00:16:45.894 14896 INFO nova.metadata.wsgi.server [req-5d161675-0e2c-4b7e-943b-248776f51eb0 - - - - -] (14896) wsgi exited, is_accepting=True
2017-02-01 00:16:45.896 14896 INFO nova.wsgi [req-9cd076e3-3e99-492a-9cac-1cf230d072f8 - - - - -] WSGI server has stopped.
2017-02-01 00:16:45.832 14765 INFO nova.wsgi [-] Stopping WSGI server.
2017-02-01 00:16:45.833 14750 INFO nova.osapi_compute.wsgi.server [req-e58ac355-b470-4399-be8c-556f8e474c88 - - - - -] (14750) wsgi exited, is_accepting=True
2017-02-01 00:16:45.912 14765 INFO nova.osapi_compute.wsgi.server [req-95f1ada9-c358-43b0-a624-05efd68233fa - - - - -] (14765) wsgi exited, is_accepting=True
2017-02-01 00:16:45.865 14837 INFO nova.wsgi [-] Stopping WSGI server.
2017-02-01 00:16:45.913 14750 INFO nova.wsgi [req-9cd076e3-3e99-492a-9cac-1cf230d072f8 - - - - -] WSGI server has stopped.
2017-02-01 00:16:45.914 14837 INFO nova.metadata.wsgi.server [req-1202f8fb-d55c-4208-a43d-0758fa70e738 - - - - -] (14837) wsgi exited, is_accepting=True
2017-02-01 00:16:45.914 14765 INFO nova.wsgi [req-9cd076e3-3e99-492a-9cac-1cf230d072f8 - - - - -] WSGI server has stopped.
2017-02-01 00:16:45.916 14837 INFO nova.wsgi [req-9cd076e3-3e99-492a-9cac-1cf230d072f8 - - - - -] WSGI server has stopped.
2017-02-01 00:16:45.832 14757 INFO nova.wsgi [-] Stopping WSGI server.
2017-02-01 00:16:45.935 14757 INFO nova.osapi_compute.wsgi.server [req-087a82f6-42c0-4948-a763-e3ddbd2f0136 - - - - -] (14757) wsgi exited, is_accepting=True
2017-02-01 00:16:45.938 14757 INFO nova.wsgi [req-9cd076e3-3e99-492a-9cac-1cf230d072f8 - - - - -] WSGI server has stopped.
2017-02-01 00:16:45.961 14835 INFO nova.wsgi [-] Stopping WSGI server.
2017-02-01 00:16:45.833 14782 INFO nova.wsgi [-] Stopping WSGI server.
2017-02-01 00:16:45.963 14835 INFO nova.metadata.wsgi.server [req-da08fbe5-143a-43ec-a124-b3058efff390 - - - - -] (14835) wsgi exited, is_accepting=True
2017-02-01 00:16:45.832 14768 INFO nova.wsgi [-] Stopping WSGI server.
2017-02-01 00:16:45.989 14768 INFO nova.osapi_compute.wsgi.server [req-61d0633d-cf14-4b94-9e98-3e1b2380d7b7 - - - - -] (14768) wsgi exited, is_accepting=True
2017-02-01 00:16:45.832 14769 INFO nova.wsgi [-] Stopping WSGI server.
2017-02-01 00:16:45.833 14775 INFO nova.wsgi [-] Stopping WSGI server.
2017-02-01 00:16:45.991 14769 INFO nova.osapi_compute.wsgi.server [req-fd3fc15a-5c86-4157-9159-4061534cce84 - - - - -] (14769) wsgi exited, is_accepting=True
2017-02-01 00:16:45.992 14768 INFO nova.wsgi [req-9cd076e3-3e99-492a-9cac-1cf230d072f8 - - - - -] WSGI server has stopped.
2017-02-01 00:16:45.992 14775 INFO nova.osapi_compute.wsgi.server [req-6d460405-0a68-417f-8918-b586431b53be - - - - -] (14775) wsgi exited, is_accepting=True
2017-02-01 00:16:45.993 14769 INFO nova.wsgi [req-9cd076e3-3e99-492a-9cac-1cf230d072f8 - - - - -] WSGI server has stopped.
2017-02-01 00:16:45.994 14775 INFO nova.wsgi [req-9cd076e3-3e99-492a-9cac-1cf230d072f8 - - - - -] WSGI server has stopped.
2017-02-01 00:16:45.833 14789 INFO nova.wsgi [-] Stopping WSGI server.
2017-02-01 00:16:45.996 14789 INFO nova.osapi_compute.wsgi.server [req-dda7836f-cbd6-43b1-89b2-2e11e7a94351 - - - - -] (14789) wsgi exited, is_accepting=True
2017-02-01 00:16:45.999 14789 INFO nova.wsgi [req-9cd076e3-3e99-492a-9cac-1cf230d072f8 - - - - -] WSGI server has stopped.
2017-02-01 00:16:45.833 14747 INFO nova.osapi_compute.wsgi.server [req-30c110b8-ed56-4bed-8e92-a1af765c9dea - - - - -] (14747) wsgi exited, is_accepting=True
2017-02-01 00:16:45.833 14745 INFO nova.osapi_compute.wsgi.server [req-f900b882-87ab-4cbe-83c9-f9d901f1c917 - - - - -] (14745) wsgi exited, is_accepting=True
2017-02-01 00:16:45.833 14753 INFO nova.osapi_compute.wsgi.server [req-cc2377be-6bde-47ec-8e85-c7366ce5309e - - - - -] (14753) wsgi exited, is_accepting=True
2017-02-01 00:16:46.002 14747 INFO nova.wsgi [req-9cd076e3-3e99-492a-9cac-1cf230d072f8 - - - - -] WSGI server has stopped.
2017-02-01 00:16:45.833 14771 INFO nova.osapi_compute.wsgi.server [req-675efa2c-fb95-4ba3-849f-1930034b2ca2 - - - - -] (14771) wsgi exited, is_accepting=True
2017-02-01 00:16:45.833 14746 INFO nova.osapi_compute.wsgi.server [req-6a57ad15-6daf-4900-a181-88944ac48e6d - - - - -] (14746) wsgi exited, is_accepting=True
2017-02-01 00:16:45.833 14749 INFO nova.osapi_compute.wsgi.server [req-5db3b97e-07e4-4295-8b87-62e82aac4428 - - - - -] (14749) wsgi exited, is_accepting=True
2017-02-01 00:16:45.833 14752 INFO nova.osapi_compute.wsgi.server [req-afbebc91-c542-487f-91ad-d10e95667ca3 - - - - -] (14752) wsgi exited, is_accepting=True
2017-02-01 00:16:45.834 14756 INFO nova.osapi_compute.wsgi.server [req-a7a3ae3c-e674-4821-938f-3e1d95696080 - - - - -] (14756) wsgi exited, is_accepting=True
2017-02-01 00:16:45.834 14758 INFO nova.osapi_compute.wsgi.server [req-30b3ebb8-e9d9-4680-9be3-34994783117b - - - - -] (14758) wsgi exited, is_accepting=True
2017-02-01 00:16:46.010 14771 INFO nova.wsgi [req-9cd076e3-3e99-492a-9cac-1cf230d072f8 - - - - -] WSGI server has stopped.
2017-02-01 00:16:46.010 14749 INFO nova.wsgi [req-9cd076e3-3e99-492a-9cac-1cf230d072f8 - - - - -] WSGI server has stopped.
2017-02-01 00:16:46.010 14752 INFO nova.wsgi [req-9cd076e3-3e99-492a-9cac-1cf230d072f8 - - - - -] WSGI server has stopped.
2017-02-01 00:16:45.834 14788 INFO nova.osapi_compute.wsgi.server [req-704d29de-e9e4-465f-9a47-376d37f1b5df - - - - -] (14788) wsgi exited, is_accepting=True
2017-02-01 00:16:45.834 14755 INFO nova.osapi_compute.wsgi.server [req-05352917-8b9e-46fa-ab44-28e10be025aa - - - - -] (14755) wsgi exited, is_accepting=True
2017-02-01 00:16:45.834 14744 INFO nova.wsgi [req-9cd076e3-3e99-492a-9cac-1cf230d072f8 - - - - -] WSGI server has stopped.
2017-02-01 00:16:45.834 14754 INFO nova.osapi_compute.wsgi.server [req-4d3e9f4f-e879-47ba-aab8-3485e3d483ea - - - - -] (14754) wsgi exited, is_accepting=True
2017-02-01 00:16:46.011 14756 INFO nova.wsgi [req-9cd076e3-3e99-492a-9cac-1cf230d072f8 - - - - -] WSGI server has stopped.
2017-02-01 00:16:45.834 14760 INFO nova.osapi_compute.wsgi.server [req-22d40798-fbd0-47f1-bd53-8496736be4dd - - - - -] (14760) wsgi exited, is_accepting=True
2017-02-01 00:16:45.834 14792 INFO nova.wsgi [-] Stopping WSGI server.
2017-02-01 00:16:45.834 14759 INFO nova.wsgi [-] Stopping WSGI server.
2017-02-01 00:16:46.013 14754 INFO nova.wsgi [req-9cd076e3-3e99-492a-9cac-1cf230d072f8 - - - - -] WSGI server has stopped.
2017-02-01 00:16:46.014 14792 INFO nova.osapi_compute.wsgi.server [req-e6247df4-16ee-427f-86e2-ef90d2f6d95a - - - - -] (14792) wsgi exited, is_accepting=True
2017-02-01 00:16:46.014 14759 INFO nova.osapi_compute.wsgi.server [req-a87f88ff-3bec-43c8-a0cc-a3c050c20c3b - - - - -] (14759) wsgi exited, is_accepting=True
2017-02-01 00:16:46.015 14760 INFO nova.wsgi [req-9cd076e3-3e99-492a-9cac-1cf230d072f8 - - - - -] WSGI server has stopped.
2017-02-01 00:16:45.842 14794 INFO nova.wsgi [req-9cd076e3-3e99-492a-9cac-1cf230d072f8 - - - - -] WSGI server has stopped.
2017-02-01 00:16:45.843 14772 INFO nova.wsgi [req-9cd076e3-3e99-492a-9cac-1cf230d072f8 - - - - -] WSGI server has stopped.
2017-02-01 00:16:45.844 14796 INFO nova.wsgi [req-9cd076e3-3e99-492a-9cac-1cf230d072f8 - - - - -] WSGI server has stopped.
2017-02-01 00:16:46.015 14792 INFO nova.wsgi [req-9cd076e3-3e99-492a-9cac-1cf230d072f8 - - - - -] WSGI server has stopped.
2017-02-01 00:16:45.845 14799 INFO nova.wsgi [-] Stopping WSGI server.
2017-02-01 00:16:46.017 14759 INFO nova.wsgi [req-9cd076e3-3e99-492a-9cac-1cf230d072f8 - - - - -] WSGI server has stopped.
2017-02-01 00:16:45.845 14806 INFO nova.wsgi [-] Stopping WSGI server.
2017-02-01 00:16:45.847 14815 INFO nova.wsgi [-] Stopping WSGI server.
2017-02-01 00:16:46.018 14799 INFO nova.osapi_compute.wsgi.server [req-044c03e0-b9a5-41da-a4b4-fa78ff6201d8 - - - - -] (14799) wsgi exited, is_accepting=True
2017-02-01 00:16:45.846 14751 INFO nova.wsgi [-] Stopping WSGI server.
2017-02-01 00:16:46.018 14806 INFO nova.osapi_compute.wsgi.server [req-10222a07-330c-4bfb-bb70-15e6065f336e - - - - -] (14806) wsgi exited, is_accepting=True
2017-02-01 00:16:45.848 14817 INFO nova.wsgi [-] Stopping WSGI server.
2017-02-01 00:16:46.019 14815 INFO nova.osapi_compute.wsgi.server [req-4652f7f1-1c96-4a82-9415-51a001f6486b - - - - -] (14815) wsgi exited, is_accepting=True
2017-02-01 00:16:45.849 14830 INFO nova.wsgi [-] Stopping WSGI server.
2017-02-01 00:16:46.020 14817 INFO nova.osapi_compute.wsgi.server [req-c9b819c5-6043-4f40-98f8-654acbe19920 - - - - -] (14817) wsgi exited, is_accepting=True
2017-02-01 00:16:46.020 14806 INFO nova.wsgi [req-9cd076e3-3e99-492a-9cac-1cf230d072f8 - - - - -] WSGI server has stopped.
2017-02-01 00:16:46.021 14830 INFO nova.metadata.wsgi.server [req-36773b01-6978-456f-8079-5fcd273333e7 - - - - -] (14830) wsgi exited, is_accepting=True
2017-02-01 00:16:46.021 14815 INFO nova.wsgi [req-9cd076e3-3e99-492a-9cac-1cf230d072f8 - - - - -] WSGI server has stopped.
2017-02-01 00:16:46.022 14817 INFO nova.wsgi [req-9cd076e3-3e99-492a-9cac-1cf230d072f8 - - - - -] WSGI server has stopped.
2017-02-01 00:16:46.020 14799 INFO nova.wsgi [req-9cd076e3-3e99-492a-9cac-1cf230d072f8 - - - - -] WSGI server has stopped.
2017-02-01 00:16:46.020 14751 INFO nova.osapi_compute.wsgi.server [req-e868c2e4-e54b-4ca3-bd53-d8c2a5b6e0c8 - - - - -] (14751) wsgi exited, is_accepting=True
2017-02-01 00:16:46.028 14751 INFO nova.wsgi [req-9cd076e3-3e99-492a-9cac-1cf230d072f8 - - - - -] WSGI server has stopped.
2017-02-01 00:16:45.851 14831 INFO nova.wsgi [-] Stopping WSGI server.
2017-02-01 00:16:45.852 14833 INFO nova.wsgi [-] Stopping WSGI server.
2017-02-01 00:16:45.852 14849 INFO nova.wsgi [-] Stopping WSGI server.
2017-02-01 00:16:45.852 14832 INFO nova.wsgi [-] Stopping WSGI server.
2017-02-01 00:16:45.852 14838 INFO nova.wsgi [-] Stopping WSGI server.
2017-02-01 00:16:45.852 14836 INFO nova.wsgi [-] Stopping WSGI server.
2017-02-01 00:16:46.033 14831 INFO nova.metadata.wsgi.server [req-37f6205e-7d3b-4d70-ac30-73a0dd82c203 - - - - -] (14831) wsgi exited, is_accepting=True
2017-02-01 00:16:46.033 14833 INFO nova.metadata.wsgi.server [req-3e4ce112-62a6-48b1-b203-c5398293d90d - - - - -] (14833) wsgi exited, is_accepting=True
2017-02-01 00:16:46.033 14832 INFO nova.metadata.wsgi.server [req-6add2c75-8601-4ff4-9973-f78f1e1c62fb - - - - -] (14832) wsgi exited, is_accepting=True
2017-02-01 00:16:46.033 14838 INFO nova.metadata.wsgi.server [req-ab8d658f-e8fa-4b80-a59e-6b67afafb429 - - - - -] (14838) wsgi exited, is_accepting=True
2017-02-01 00:16:46.033 14849 INFO nova.metadata.wsgi.server [req-b7581c43-6418-4e6a-b3aa-7d1ddcaf986e - - - - -] (14849) wsgi exited, is_accepting=True
2017-02-01 00:16:46.033 14836 INFO nova.metadata.wsgi.server [req-2d0100e9-65a0-43bc-a240-4e1e50845e08 - - - - -] (14836) wsgi exited, is_accepting=True
2017-02-01 00:16:46.034 14831 INFO nova.wsgi [req-9cd076e3-3e99-492a-9cac-1cf230d072f8 - - - - -] WSGI server has stopped.
2017-02-01 00:16:46.023 14830 INFO nova.wsgi [req-9cd076e3-3e99-492a-9cac-1cf230d072f8 - - - - -] WSGI server has stopped.
2017-02-01 00:16:46.034 14833 INFO nova.wsgi [req-9cd076e3-3e99-492a-9cac-1cf230d072f8 - - - - -] WSGI server has stopped.
2017-02-01 00:16:46.035 14832 INFO nova.wsgi [req-9cd076e3-3e99-492a-9cac-1cf230d072f8 - - - - -] WSGI server has stopped.
2017-02-01 00:16:45.853 14766 INFO nova.wsgi [req-9cd076e3-3e99-492a-9cac-1cf230d072f8 - - - - -] WSGI server has stopped.
2017-02-01 00:16:45.853 14853 INFO nova.wsgi [-] Stopping WSGI server.
2017-02-01 00:16:46.035 14849 INFO nova.wsgi [req-9cd076e3-3e99-492a-9cac-1cf230d072f8 - - - - -] WSGI server has stopped.
2017-02-01 00:16:45.853 14804 INFO nova.wsgi [-] Stopping WSGI server.
2017-02-01 00:16:46.037 14853 INFO nova.metadata.wsgi.server [req-5c093740-cbfc-4588-9dd8-fb11842e2ca3 - - - - -] (14853) wsgi exited, is_accepting=True
2017-02-01 00:16:46.038 14804 INFO nova.osapi_compute.wsgi.server [req-9eba1fae-b0d9-4735-8625-9b8b17b2a896 - - - - -] (14804) wsgi exited, is_accepting=True
2017-02-01 00:16:46.040 14853 INFO nova.wsgi [req-9cd076e3-3e99-492a-9cac-1cf230d072f8 - - - - -] WSGI server has stopped.
2017-02-01 00:16:46.040 14804 INFO nova.wsgi [req-9cd076e3-3e99-492a-9cac-1cf230d072f8 - - - - -] WSGI server has stopped.
2017-02-01 00:16:45.854 14851 INFO nova.wsgi [-] Stopping WSGI server.
2017-02-01 00:16:45.854 14844 INFO nova.wsgi [-] Stopping WSGI server.
2017-02-01 00:16:45.855 14865 INFO nova.wsgi [-] Stopping WSGI server.
2017-02-01 00:16:45.855 14862 INFO nova.wsgi [-] Stopping WSGI server.
2017-02-01 00:16:45.855 14864 INFO nova.wsgi [-] Stopping WSGI server.
2017-02-01 00:16:45.855 14860 INFO nova.wsgi [-] Stopping WSGI server.
2017-02-01 00:16:45.856 14867 INFO nova.wsgi [-] Stopping WSGI server.
2017-02-01 00:16:46.053 14851 INFO nova.metadata.wsgi.server [req-bccae867-f28e-4e39-ad33-b41db38a3515 - - - - -] (14851) wsgi exited, is_accepting=True
2017-02-01 00:16:46.053 14844 INFO nova.metadata.wsgi.server [req-bb77c8d4-c552-4c6f-87c5-fc9fbcf52132 - - - - -] (14844) wsgi exited, is_accepting=True
2017-02-01 00:16:46.053 14865 INFO nova.metadata.wsgi.server [req-83a856d8-c19a-4851-a36c-399b70cb57ef - - - - -] (14865) wsgi exited, is_accepting=True
2017-02-01 00:16:46.053 14862 INFO nova.metadata.wsgi.server [req-f25a0247-9f00-4930-a6a3-da1883afd150 - - - - -] (14862) wsgi exited, is_accepting=True
2017-02-01 00:16:46.053 14864 INFO nova.metadata.wsgi.server [req-03a17be7-47b3-46f4-a2f5-03a3e0ca01d7 - - - - -] (14864) wsgi exited, is_accepting=True
2017-02-01 00:16:46.053 14867 INFO nova.metadata.wsgi.server [req-0c477bc4-844d-427c-b374-ae2c7c85540d - - - - -] (14867) wsgi exited, is_accepting=True
2017-02-01 00:16:46.053 14860 INFO nova.metadata.wsgi.server [req-56109611-d23c-4f6c-9856-78b8be1ae003 - - - - -] (14860) wsgi exited, is_accepting=True
2017-02-01 00:16:46.054 14844 INFO nova.wsgi [req-9cd076e3-3e99-492a-9cac-1cf230d072f8 - - - - -] WSGI server has stopped.
2017-02-01 00:16:46.054 14851 INFO nova.wsgi [req-9cd076e3-3e99-492a-9cac-1cf230d072f8 - - - - -] WSGI server has stopped.
2017-02-01 00:16:46.055 14865 INFO nova.wsgi [req-9cd076e3-3e99-492a-9cac-1cf230d072f8 - - - - -] WSGI server has stopped.
2017-02-01 00:16:46.055 14862 INFO nova.wsgi [req-9cd076e3-3e99-492a-9cac-1cf230d072f8 - - - - -] WSGI server has stopped.
2017-02-01 00:16:46.055 14864 INFO nova.wsgi [req-9cd076e3-3e99-492a-9cac-1cf230d072f8 - - - - -] WSGI server has stopped.
2017-02-01 00:16:46.055 14867 INFO nova.wsgi [req-9cd076e3-3e99-492a-9cac-1cf230d072f8 - - - - -] WSGI server has stopped.
2017-02-01 00:16:46.055 14860 INFO nova.wsgi [req-9cd076e3-3e99-492a-9cac-1cf230d072f8 - - - - -] WSGI server has stopped.
2017-02-01 00:16:45.856 14856 INFO nova.wsgi [-] Stopping WSGI server.
2017-02-01 00:16:46.060 14856 INFO nova.metadata.wsgi.server [req-86541b00-c234-4673-a917-a9d5afd6c9a3 - - - - -] (14856) wsgi exited, is_accepting=True
2017-02-01 00:16:45.856 14809 INFO nova.wsgi [-] Stopping WSGI server.
2017-02-01 00:16:45.856 14812 INFO nova.wsgi [-] Stopping WSGI server.
2017-02-01 00:16:46.062 14856 INFO nova.wsgi [req-9cd076e3-3e99-492a-9cac-1cf230d072f8 - - - - -] WSGI server has stopped.
2017-02-01 00:16:46.062 14809 INFO nova.osapi_compute.wsgi.server [req-9848da50-ff88-4c5e-80c1-ee703dd63526 - - - - -] (14809) wsgi exited, is_accepting=True
2017-02-01 00:16:46.062 14812 INFO nova.osapi_compute.wsgi.server [req-b6d7ff89-d3fd-43e2-b7d5-7484ff75c7e1 - - - - -] (14812) wsgi exited, is_accepting=True
2017-02-01 00:16:45.859 14870 INFO nova.wsgi [-] Stopping WSGI server.
2017-02-01 00:16:46.064 14809 INFO nova.wsgi [req-9cd076e3-3e99-492a-9cac-1cf230d072f8 - - - - -] WSGI server has stopped.
2017-02-01 00:16:46.064 14870 INFO nova.metadata.wsgi.server [req-aa2e1d41-68c5-4bc6-9cac-806ae27326b2 - - - - -] (14870) wsgi exited, is_accepting=True
2017-02-01 00:16:46.065 14812 INFO nova.wsgi [req-9cd076e3-3e99-492a-9cac-1cf230d072f8 - - - - -] WSGI server has stopped.
2017-02-01 00:16:46.066 14870 INFO nova.wsgi [req-9cd076e3-3e99-492a-9cac-1cf230d072f8 - - - - -] WSGI server has stopped.
2017-02-01 00:16:45.860 14839 INFO nova.wsgi [-] Stopping WSGI server.
2017-02-01 00:16:45.861 14873 INFO nova.wsgi [-] Stopping WSGI server.
2017-02-01 00:16:45.862 14875 INFO nova.wsgi [-] Stopping WSGI server.
2017-02-01 00:16:45.863 14878 INFO nova.wsgi [-] Stopping WSGI server.
2017-02-01 00:16:45.865 14879 INFO nova.wsgi [-] Stopping WSGI server.
2017-02-01 00:16:45.866 14880 INFO nova.wsgi [-] Stopping WSGI server.
2017-02-01 00:16:45.867 14882 INFO nova.wsgi [-] Stopping WSGI server.
2017-02-01 00:16:45.868 14885 INFO nova.wsgi [-] Stopping WSGI server.
2017-02-01 00:16:46.078 14878 INFO nova.metadata.wsgi.server [req-4f184de7-923d-4c6a-91c5-30414252cf7f - - - - -] (14878) wsgi exited, is_accepting=True
2017-02-01 00:16:46.079 14880 INFO nova.metadata.wsgi.server [req-ec2e3ec1-8c1d-46f5-97fb-a403b7e624a5 - - - - -] (14880) wsgi exited, is_accepting=True
2017-02-01 00:16:46.079 14879 INFO nova.metadata.wsgi.server [req-a825f159-0d59-4a79-8f42-1c9c09cfeace - - - - -] (14879) wsgi exited, is_accepting=True
2017-02-01 00:16:46.079 14885 INFO nova.metadata.wsgi.server [req-302da06c-fe9c-484b-9298-4d61d6b147ac - - - - -] (14885) wsgi exited, is_accepting=True
2017-02-01 00:16:46.079 14882 INFO nova.metadata.wsgi.server [req-0c3c0c9e-fdd4-4c4b-9ee0-ca2edb247e6e - - - - -] (14882) wsgi exited, is_accepting=True
2017-02-01 00:16:45.870 14887 INFO nova.wsgi [-] Stopping WSGI server.
2017-02-01 00:16:46.080 14879 INFO nova.wsgi [req-9cd076e3-3e99-492a-9cac-1cf230d072f8 - - - - -] WSGI server has stopped.
2017-02-01 00:16:46.080 14878 INFO nova.wsgi [req-9cd076e3-3e99-492a-9cac-1cf230d072f8 - - - - -] WSGI server has stopped.
2017-02-01 00:16:46.080 14880 INFO nova.wsgi [req-9cd076e3-3e99-492a-9cac-1cf230d072f8 - - - - -] WSGI server has stopped.
2017-02-01 00:16:45.871 14888 INFO nova.wsgi [-] Stopping WSGI server.
2017-02-01 00:16:46.080 14887 INFO nova.metadata.wsgi.server [req-9e279efc-46ee-4099-9740-d12c9911e72e - - - - -] (14887) wsgi exited, is_accepting=True
2017-02-01 00:16:46.080 14882 INFO nova.wsgi [req-9cd076e3-3e99-492a-9cac-1cf230d072f8 - - - - -] WSGI server has stopped.
2017-02-01 00:16:46.080 14885 INFO nova.wsgi [req-9cd076e3-3e99-492a-9cac-1cf230d072f8 - - - - -] WSGI server has stopped.
2017-02-01 00:16:45.872 14890 INFO nova.wsgi [-] Stopping WSGI server.
2017-02-01 00:16:45.873 14901 INFO nova.wsgi [-] Stopping WSGI server.
2017-02-01 00:16:45.873 14895 INFO nova.wsgi [-] Stopping WSGI server.
2017-02-01 00:16:46.081 14888 INFO nova.metadata.wsgi.server [req-538e8779-10c5-4111-89f1-0724efc89419 - - - - -] (14888) wsgi exited, is_accepting=True
2017-02-01 00:16:46.082 14887 INFO nova.wsgi [req-9cd076e3-3e99-492a-9cac-1cf230d072f8 - - - - -] WSGI server has stopped.
2017-02-01 00:16:46.082 14890 INFO nova.metadata.wsgi.server [req-df52e532-169b-42de-b547-f37e9f230db4 - - - - -] (14890) wsgi exited, is_accepting=True
2017-02-01 00:16:46.082 14895 INFO nova.metadata.wsgi.server [req-b6d78361-8d7b-4a93-a29e-9634b97053de - - - - -] (14895) wsgi exited, is_accepting=True
2017-02-01 00:16:46.082 14901 INFO nova.metadata.wsgi.server [req-dbb1c867-6e8b-4027-841e-ae6ee6c4419a - - - - -] (14901) wsgi exited, is_accepting=True
2017-02-01 00:16:46.082 14888 INFO nova.wsgi [req-9cd076e3-3e99-492a-9cac-1cf230d072f8 - - - - -] WSGI server has stopped.
2017-02-01 00:16:46.083 14890 INFO nova.wsgi [req-9cd076e3-3e99-492a-9cac-1cf230d072f8 - - - - -] WSGI server has stopped.
2017-02-01 00:16:46.083 14895 INFO nova.wsgi [req-9cd076e3-3e99-492a-9cac-1cf230d072f8 - - - - -] WSGI server has stopped.
2017-02-01 00:16:46.083 14901 INFO nova.wsgi [req-9cd076e3-3e99-492a-9cac-1cf230d072f8 - - - - -] WSGI server has stopped.
2017-02-01 00:16:45.873 14893 INFO nova.wsgi [-] Stopping WSGI server.
2017-02-01 00:16:46.091 14893 INFO nova.metadata.wsgi.server [req-8efdbd51-db64-472c-97b4-3837ea5fbb11 - - - - -] (14893) wsgi exited, is_accepting=True
2017-02-01 00:16:45.875 14902 INFO nova.wsgi [-] Stopping WSGI server.
2017-02-01 00:16:45.876 14858 INFO nova.wsgi [-] Stopping WSGI server.
2017-02-01 00:16:46.092 14893 INFO nova.wsgi [req-9cd076e3-3e99-492a-9cac-1cf230d072f8 - - - - -] WSGI server has stopped.
2017-02-01 00:16:46.092 14902 INFO nova.metadata.wsgi.server [req-f2a3992e-431d-40b7-a353-0e8dc21c2c40 - - - - -] (14902) wsgi exited, is_accepting=True
2017-02-01 00:16:46.092 14858 INFO nova.metadata.wsgi.server [req-46105944-fd46-464e-a730-9f3ec142055d - - - - -] (14858) wsgi exited, is_accepting=True
2017-02-01 00:16:46.093 14902 INFO nova.wsgi [req-9cd076e3-3e99-492a-9cac-1cf230d072f8 - - - - -] WSGI server has stopped.
2017-02-01 00:16:46.093 14858 INFO nova.wsgi [req-9cd076e3-3e99-492a-9cac-1cf230d072f8 - - - - -] WSGI server has stopped.
2017-02-01 00:16:45.877 14898 INFO nova.wsgi [-] Stopping WSGI server.
2017-02-01 00:16:45.965 14835 INFO nova.wsgi [req-9cd076e3-3e99-492a-9cac-1cf230d072f8 - - - - -] WSGI server has stopped.
2017-02-01 00:16:45.875 14846 INFO nova.wsgi [-] Stopping WSGI server.
2017-02-01 00:16:45.969 14834 INFO nova.wsgi [-] Stopping WSGI server.
2017-02-01 00:16:45.977 14782 INFO nova.osapi_compute.wsgi.server [req-4ac1fab7-8416-4b26-b843-ae911d732f0a - - - - -] (14782) wsgi exited, is_accepting=True
2017-02-01 00:16:45.877 14453 INFO oslo_service.service [req-9cd076e3-3e99-492a-9cac-1cf230d072f8 - - - - -] Caught SIGTERM, stopping children
2017-02-01 00:16:45.985 14840 INFO nova.wsgi [-] Stopping WSGI server.
2017-02-01 00:16:46.002 14745 INFO nova.wsgi [req-9cd076e3-3e99-492a-9cac-1cf230d072f8 - - - - -] WSGI server has stopped.
2017-02-01 00:16:46.004 14753 INFO nova.wsgi [req-9cd076e3-3e99-492a-9cac-1cf230d072f8 - - - - -] WSGI server has stopped.
2017-02-01 00:16:46.010 14746 INFO nova.wsgi [req-9cd076e3-3e99-492a-9cac-1cf230d072f8 - - - - -] WSGI server has stopped.
2017-02-01 00:16:46.095 14898 INFO nova.metadata.wsgi.server [req-96f8c4dc-36ae-45bc-8f50-66f73ea4979b - - - - -] (14898) wsgi exited, is_accepting=True
2017-02-01 00:16:46.095 14846 INFO nova.metadata.wsgi.server [req-a22e6857-a22c-467b-9fa0-6da961782aa7 - - - - -] (14846) wsgi exited, is_accepting=True
2017-02-01 00:16:46.095 14834 INFO nova.metadata.wsgi.server [req-30844aca-7795-4bba-af47-7655d76bf73f - - - - -] (14834) wsgi exited, is_accepting=True
2017-02-01 00:16:46.011 14758 INFO nova.wsgi [req-9cd076e3-3e99-492a-9cac-1cf230d072f8 - - - - -] WSGI server has stopped.
2017-02-01 00:16:46.013 14788 INFO nova.wsgi [req-9cd076e3-3e99-492a-9cac-1cf230d072f8 - - - - -] WSGI server has stopped.
2017-02-01 00:16:46.098 14840 INFO nova.metadata.wsgi.server [req-5b9fd8f7-8b6a-422d-bc24-9f3c93ca2559 - - - - -] (14840) wsgi exited, is_accepting=True
2017-02-01 00:16:46.098 14782 INFO nova.wsgi [req-9cd076e3-3e99-492a-9cac-1cf230d072f8 - - - - -] WSGI server has stopped.
2017-02-01 00:16:46.013 14755 INFO nova.wsgi [req-9cd076e3-3e99-492a-9cac-1cf230d072f8 - - - - -] WSGI server has stopped.
2017-02-01 00:16:46.100 14840 INFO nova.wsgi [req-9cd076e3-3e99-492a-9cac-1cf230d072f8 - - - - -] WSGI server has stopped.
2017-02-01 00:16:46.100 14846 INFO nova.wsgi [req-9cd076e3-3e99-492a-9cac-1cf230d072f8 - - - - -] WSGI server has stopped.
2017-02-01 00:16:46.035 14838 INFO nova.wsgi [req-9cd076e3-3e99-492a-9cac-1cf230d072f8 - - - - -] WSGI server has stopped.
2017-02-01 00:16:46.104 14834 INFO nova.wsgi [req-9cd076e3-3e99-492a-9cac-1cf230d072f8 - - - - -] WSGI server has stopped.
2017-02-01 00:16:46.035 14836 INFO nova.wsgi [req-9cd076e3-3e99-492a-9cac-1cf230d072f8 - - - - -] WSGI server has stopped.
2017-02-01 00:16:46.074 14873 INFO nova.metadata.wsgi.server [req-a2890baa-b8d3-45c8-9135-8cdca4eb1bce - - - - -] (14873) wsgi exited, is_accepting=True
2017-02-01 00:16:46.109 14898 INFO nova.wsgi [req-9cd076e3-3e99-492a-9cac-1cf230d072f8 - - - - -] WSGI server has stopped.
2017-02-01 00:16:46.110 14873 INFO nova.wsgi [req-9cd076e3-3e99-492a-9cac-1cf230d072f8 - - - - -] WSGI server has stopped.
2017-02-01 00:16:46.074 14875 INFO nova.metadata.wsgi.server [req-03215310-da6a-47e3-ab77-40f04a017653 - - - - -] (14875) wsgi exited, is_accepting=True
2017-02-01 00:16:46.115 14453 INFO nova.wsgi [req-9cd076e3-3e99-492a-9cac-1cf230d072f8 - - - - -] Stopping WSGI server.
2017-02-01 00:16:46.116 14453 INFO nova.wsgi [req-9cd076e3-3e99-492a-9cac-1cf230d072f8 - - - - -] Stopping WSGI server.
2017-02-01 00:16:46.118 14453 INFO oslo_service.service [req-9cd076e3-3e99-492a-9cac-1cf230d072f8 - - - - -] Waiting on 80 children to exit
2017-02-01 00:16:46.119 14453 INFO oslo_service.service [req-9cd076e3-3e99-492a-9cac-1cf230d072f8 - - - - -] Child 14744 exited with status 0
2017-02-01 00:16:46.120 14453 INFO oslo_service.service [req-9cd076e3-3e99-492a-9cac-1cf230d072f8 - - - - -] Child 14747 exited with status 0
2017-02-01 00:16:46.074 14839 INFO nova.metadata.wsgi.server [req-0b1272d7-b179-4900-aaac-30823975e553 - - - - -] (14839) wsgi exited, is_accepting=True
2017-02-01 00:16:46.121 14453 INFO oslo_service.service [req-9cd076e3-3e99-492a-9cac-1cf230d072f8 - - - - -] Child 14748 exited with status 0
2017-02-01 00:16:46.122 14453 INFO oslo_service.service [req-9cd076e3-3e99-492a-9cac-1cf230d072f8 - - - - -] Child 14749 exited with status 0
2017-02-01 00:16:46.122 14453 INFO oslo_service.service [req-9cd076e3-3e99-492a-9cac-1cf230d072f8 - - - - -] Child 14750 exited with status 0
2017-02-01 00:16:46.123 14453 INFO oslo_service.service [req-9cd076e3-3e99-492a-9cac-1cf230d072f8 - - - - -] Child 14751 exited with status 0
2017-02-01 00:16:46.124 14453 INFO oslo_service.service [req-9cd076e3-3e99-492a-9cac-1cf230d072f8 - - - - -] Child 14752 exited with status 0
2017-02-01 00:16:46.125 14453 INFO oslo_service.service [req-9cd076e3-3e99-492a-9cac-1cf230d072f8 - - - - -] Child 14754 exited with status 0
2017-02-01 00:16:46.125 14453 INFO oslo_service.service [req-9cd076e3-3e99-492a-9cac-1cf230d072f8 - - - - -] Child 14756 exited with status 0
2017-02-01 00:16:46.126 14453 INFO oslo_service.service [req-9cd076e3-3e99-492a-9cac-1cf230d072f8 - - - - -] Child 14757 exited with status 0
2017-02-01 00:16:46.126 14453 INFO oslo_service.service [req-9cd076e3-3e99-492a-9cac-1cf230d072f8 - - - - -] Child 14759 exited with status 0
2017-02-01 00:16:46.126 14453 INFO oslo_service.service [req-9cd076e3-3e99-492a-9cac-1cf230d072f8 - - - - -] Child 14760 exited with status 0
2017-02-01 00:16:46.127 14453 INFO oslo_service.service [req-9cd076e3-3e99-492a-9cac-1cf230d072f8 - - - - -] Child 14765 exited with status 0
2017-02-01 00:16:46.127 14453 INFO oslo_service.service [req-9cd076e3-3e99-492a-9cac-1cf230d072f8 - - - - -] Child 14766 exited with status 0
2017-02-01 00:16:46.128 14453 INFO oslo_service.service [req-9cd076e3-3e99-492a-9cac-1cf230d072f8 - - - - -] Child 14768 exited with status 0
2017-02-01 00:16:46.129 14453 INFO oslo_service.service [req-9cd076e3-3e99-492a-9cac-1cf230d072f8 - - - - -] Child 14769 exited with status 0
2017-02-01 00:16:46.129 14453 INFO oslo_service.service [req-9cd076e3-3e99-492a-9cac-1cf230d072f8 - - - - -] Child 14771 exited with status 0
2017-02-01 00:16:46.129 14453 INFO oslo_service.service [req-9cd076e3-3e99-492a-9cac-1cf230d072f8 - - - - -] Child 14772 exited with status 0
2017-02-01 00:16:46.130 14453 INFO oslo_service.service [req-9cd076e3-3e99-492a-9cac-1cf230d072f8 - - - - -] Child 14775 exited with status 0
2017-02-01 00:16:46.130 14453 INFO oslo_service.service [req-9cd076e3-3e99-492a-9cac-1cf230d072f8 - - - - -] Child 14780 exited with status 0
2017-02-01 00:16:46.131 14453 INFO oslo_service.service [req-9cd076e3-3e99-492a-9cac-1cf230d072f8 - - - - -] Child 14788 exited with status 0
2017-02-01 00:16:46.131 14453 INFO oslo_service.service [req-9cd076e3-3e99-492a-9cac-1cf230d072f8 - - - - -] Child 14789 exited with status 0
2017-02-01 00:16:46.132 14453 INFO oslo_service.service [req-9cd076e3-3e99-492a-9cac-1cf230d072f8 - - - - -] Child 14792 exited with status 0
2017-02-01 00:16:46.132 14453 INFO oslo_service.service [req-9cd076e3-3e99-492a-9cac-1cf230d072f8 - - - - -] Child 14794 exited with status 0
