2017-02-01 00:13:40.365 12709 WARNING oslo_reports.guru_meditation_report [-] Guru meditation now registers SIGUSR1 and SIGUSR2 by default for backward compatibility. SIGUSR1 will no longer be registered in a future release, so please use SIGUSR2 to generate reports.
2017-02-01 00:13:41.211 12709 INFO nova.api.openstack [req-97101265-79c8-4066-acb3-f5affcba5bab - - - - -] Loaded extensions: ['extensions', 'flavors', 'image-metadata', 'image-size', 'images', 'ips', 'limits', 'os-admin-actions', 'os-admin-password', 'os-agents', 'os-aggregates', 'os-assisted-volume-snapshots', 'os-attach-interfaces', 'os-availability-zone', 'os-baremetal-nodes', 'os-block-device-mapping', 'os-cells', 'os-certificates', 'os-cloudpipe', 'os-config-drive', 'os-console-auth-tokens', 'os-console-output', 'os-consoles', 'os-create-backup', 'os-deferred-delete', 'os-evacuate', 'os-extended-availability-zone', 'os-extended-server-attributes', 'os-extended-status', 'os-extended-volumes', 'os-fixed-ips', 'os-flavor-access', 'os-flavor-extra-specs', 'os-flavor-manage', 'os-flavor-rxtx', 'os-floating-ip-dns', 'os-floating-ip-pools', 'os-floating-ips', 'os-floating-ips-bulk', 'os-fping', 'os-hide-server-addresses', 'os-hosts', 'os-hypervisors', 'os-instance-actions', 'os-instance-usage-audit-log', 'os-keypairs', 'os-lock-server', 'os-migrate-server', 'os-migrations', 'os-multinic', 'os-multiple-create', 'os-networks', 'os-networks-associate', 'os-pause-server', 'os-quota-class-sets', 'os-quota-sets', 'os-remote-consoles', 'os-rescue', 'os-scheduler-hints', 'os-security-group-default-rules', 'os-security-groups', 'os-server-diagnostics', 'os-server-external-events', 'os-server-groups', 'os-server-password', 'os-server-tags', 'os-server-usage', 'os-services', 'os-shelve', 'os-simple-tenant-usage', 'os-suspend-server', 'os-tenant-networks', 'os-used-limits', 'os-user-data', 'os-virtual-interfaces', 'os-volumes', 'server-metadata', 'server-migrations', 'servers', 'versions']
2017-02-01 00:13:41.428 12709 INFO nova.api.openstack [req-97101265-79c8-4066-acb3-f5affcba5bab - - - - -] Loaded extensions: ['extensions', 'flavors', 'image-metadata', 'image-size', 'images', 'ips', 'limits', 'os-admin-actions', 'os-admin-password', 'os-agents', 'os-aggregates', 'os-assisted-volume-snapshots', 'os-attach-interfaces', 'os-availability-zone', 'os-baremetal-nodes', 'os-block-device-mapping', 'os-cells', 'os-certificates', 'os-cloudpipe', 'os-config-drive', 'os-console-auth-tokens', 'os-console-output', 'os-consoles', 'os-create-backup', 'os-deferred-delete', 'os-evacuate', 'os-extended-availability-zone', 'os-extended-server-attributes', 'os-extended-status', 'os-extended-volumes', 'os-fixed-ips', 'os-flavor-access', 'os-flavor-extra-specs', 'os-flavor-manage', 'os-flavor-rxtx', 'os-floating-ip-dns', 'os-floating-ip-pools', 'os-floating-ips', 'os-floating-ips-bulk', 'os-fping', 'os-hide-server-addresses', 'os-hosts', 'os-hypervisors', 'os-instance-actions', 'os-instance-usage-audit-log', 'os-keypairs', 'os-lock-server', 'os-migrate-server', 'os-migrations', 'os-multinic', 'os-multiple-create', 'os-networks', 'os-networks-associate', 'os-pause-server', 'os-quota-class-sets', 'os-quota-sets', 'os-remote-consoles', 'os-rescue', 'os-scheduler-hints', 'os-security-group-default-rules', 'os-security-groups', 'os-server-diagnostics', 'os-server-external-events', 'os-server-groups', 'os-server-password', 'os-server-tags', 'os-server-usage', 'os-services', 'os-shelve', 'os-simple-tenant-usage', 'os-suspend-server', 'os-tenant-networks', 'os-used-limits', 'os-user-data', 'os-virtual-interfaces', 'os-volumes', 'server-metadata', 'server-migrations', 'servers', 'versions']
2017-02-01 00:13:41.446 12709 INFO nova.wsgi [req-97101265-79c8-4066-acb3-f5affcba5bab - - - - -] osapi_compute listening on 0.0.0.0:8774
2017-02-01 00:13:41.447 12709 INFO oslo_service.service [req-97101265-79c8-4066-acb3-f5affcba5bab - - - - -] Starting 40 workers
2017-02-01 00:13:41.583 12709 INFO nova.network.driver [req-97101265-79c8-4066-acb3-f5affcba5bab - - - - -] Loading network driver 'nova.network.linux_net'
2017-02-01 00:13:41.930 12839 INFO nova.osapi_compute.wsgi.server [req-ca073546-64a7-4440-952c-0bfdea905952 - - - - -] (12839) wsgi starting up on http://0.0.0.0:8774
2017-02-01 00:13:41.938 12877 INFO nova.osapi_compute.wsgi.server [req-bd93abb6-ba8d-4ba3-a7b2-7cbbcd9cb070 - - - - -] (12877) wsgi starting up on http://0.0.0.0:8774
2017-02-01 00:13:41.938 12886 INFO nova.osapi_compute.wsgi.server [req-8f5c272e-744c-424c-843f-881534fc85e8 - - - - -] (12886) wsgi starting up on http://0.0.0.0:8774
2017-02-01 00:13:41.938 12847 INFO nova.osapi_compute.wsgi.server [req-2b24e8ea-9a62-479f-ac62-d9eaa569abd3 - - - - -] (12847) wsgi starting up on http://0.0.0.0:8774
2017-02-01 00:13:41.947 12848 INFO nova.osapi_compute.wsgi.server [req-1b1d8a3a-2a88-4d6f-8ab7-eb8d6939485b - - - - -] (12848) wsgi starting up on http://0.0.0.0:8774
2017-02-01 00:13:41.951 12835 INFO nova.osapi_compute.wsgi.server [req-872a21f1-184b-4e59-8e52-7dfd9a47ce57 - - - - -] (12835) wsgi starting up on http://0.0.0.0:8774
2017-02-01 00:13:41.951 12904 INFO nova.osapi_compute.wsgi.server [req-ba620fb3-a539-47ec-9eba-38c062343a0f - - - - -] (12904) wsgi starting up on http://0.0.0.0:8774
2017-02-01 00:13:41.953 12862 INFO nova.osapi_compute.wsgi.server [req-d9e39370-c2ef-49eb-a722-9ce44bda8a49 - - - - -] (12862) wsgi starting up on http://0.0.0.0:8774
2017-02-01 00:13:41.952 12844 INFO nova.osapi_compute.wsgi.server [req-44f71fd3-3a29-4eca-8226-0d595149157f - - - - -] (12844) wsgi starting up on http://0.0.0.0:8774
2017-02-01 00:13:41.956 12843 INFO nova.osapi_compute.wsgi.server [req-1590ee0c-260b-47be-ab5d-483b546e9971 - - - - -] (12843) wsgi starting up on http://0.0.0.0:8774
2017-02-01 00:13:41.956 12846 INFO nova.osapi_compute.wsgi.server [req-c829521a-db30-49d9-a72e-b46e16387d9a - - - - -] (12846) wsgi starting up on http://0.0.0.0:8774
2017-02-01 00:13:41.956 12837 INFO nova.osapi_compute.wsgi.server [req-dd4844bc-3a3e-4268-87de-6942ed01b37a - - - - -] (12837) wsgi starting up on http://0.0.0.0:8774
2017-02-01 00:13:41.960 12841 INFO nova.osapi_compute.wsgi.server [req-b4b544b7-881a-40db-ad47-3d6a85ae4cd5 - - - - -] (12841) wsgi starting up on http://0.0.0.0:8774
2017-02-01 00:13:41.960 12896 INFO nova.osapi_compute.wsgi.server [req-62eade0b-f2af-44d7-a055-1d9ce8743bbc - - - - -] (12896) wsgi starting up on http://0.0.0.0:8774
2017-02-01 00:13:41.962 12838 INFO nova.osapi_compute.wsgi.server [req-fd9dfeab-2a62-442f-92e8-d5ec58e4c0a7 - - - - -] (12838) wsgi starting up on http://0.0.0.0:8774
2017-02-01 00:13:41.965 12897 INFO nova.osapi_compute.wsgi.server [req-a1665905-3c4d-4388-bfbc-c782aa865be1 - - - - -] (12897) wsgi starting up on http://0.0.0.0:8774
2017-02-01 00:13:41.967 12905 INFO nova.osapi_compute.wsgi.server [req-b455a18b-e372-4504-8140-d1dfa89dcee1 - - - - -] (12905) wsgi starting up on http://0.0.0.0:8774
2017-02-01 00:13:41.968 12880 INFO nova.osapi_compute.wsgi.server [req-8a723249-6563-4a5b-8157-395dd9f3548b - - - - -] (12880) wsgi starting up on http://0.0.0.0:8774
2017-02-01 00:13:41.968 12898 INFO nova.osapi_compute.wsgi.server [req-38357b5f-9826-4020-b9ec-77a0a1ca730c - - - - -] (12898) wsgi starting up on http://0.0.0.0:8774
2017-02-01 00:13:41.968 12850 INFO nova.osapi_compute.wsgi.server [req-e5827fd5-0e86-4c17-9de8-072e38d39ee1 - - - - -] (12850) wsgi starting up on http://0.0.0.0:8774
2017-02-01 00:13:41.970 12900 INFO nova.osapi_compute.wsgi.server [req-30301de2-4f77-45db-bbfc-575d6aa08ad6 - - - - -] (12900) wsgi starting up on http://0.0.0.0:8774
2017-02-01 00:13:41.970 12842 INFO nova.osapi_compute.wsgi.server [req-dc6997d2-be23-49dd-8282-f0ad388f7e20 - - - - -] (12842) wsgi starting up on http://0.0.0.0:8774
2017-02-01 00:13:41.973 12881 INFO nova.osapi_compute.wsgi.server [req-9dec5f55-c0a5-4a61-9783-19ad19c83fd1 - - - - -] (12881) wsgi starting up on http://0.0.0.0:8774
2017-02-01 00:13:41.974 12853 INFO nova.osapi_compute.wsgi.server [req-6babbb69-3168-4c4a-9596-3f378aa7f0fe - - - - -] (12853) wsgi starting up on http://0.0.0.0:8774
2017-02-01 00:13:41.977 12858 INFO nova.osapi_compute.wsgi.server [req-f168e297-4248-4a59-b176-a72a949d5acb - - - - -] (12858) wsgi starting up on http://0.0.0.0:8774
2017-02-01 00:13:41.978 12902 INFO nova.osapi_compute.wsgi.server [req-057aca98-412f-4089-892c-a6c1ec7f7047 - - - - -] (12902) wsgi starting up on http://0.0.0.0:8774
2017-02-01 00:13:41.979 12840 INFO nova.osapi_compute.wsgi.server [req-5461303a-3db0-44dc-a5ef-298486484155 - - - - -] (12840) wsgi starting up on http://0.0.0.0:8774
2017-02-01 00:13:41.986 12861 INFO nova.osapi_compute.wsgi.server [req-50a1d1f4-5661-43a3-8a38-48bf7dbd7d90 - - - - -] (12861) wsgi starting up on http://0.0.0.0:8774
2017-02-01 00:13:41.986 12874 INFO nova.osapi_compute.wsgi.server [req-cdc4b1fc-b988-4e5c-98ea-9fb949db9d2d - - - - -] (12874) wsgi starting up on http://0.0.0.0:8774
2017-02-01 00:13:41.986 12849 INFO nova.osapi_compute.wsgi.server [req-749b89db-6f9d-4b15-a5e8-e373d06022e5 - - - - -] (12849) wsgi starting up on http://0.0.0.0:8774
2017-02-01 00:13:41.986 12871 INFO nova.osapi_compute.wsgi.server [req-b318b97a-5a61-4a61-a931-6c4e4593298a - - - - -] (12871) wsgi starting up on http://0.0.0.0:8774
2017-02-01 00:13:41.986 12859 INFO nova.osapi_compute.wsgi.server [req-86398a0e-7a2e-4a7f-a24d-0ad3a8aa6a7c - - - - -] (12859) wsgi starting up on http://0.0.0.0:8774
2017-02-01 00:13:41.986 12865 INFO nova.osapi_compute.wsgi.server [req-99499164-22c1-470f-9b8d-93fa170c5650 - - - - -] (12865) wsgi starting up on http://0.0.0.0:8774
2017-02-01 00:13:41.986 12882 INFO nova.osapi_compute.wsgi.server [req-a138b2a3-f2ef-4410-8c1b-76ee611ab598 - - - - -] (12882) wsgi starting up on http://0.0.0.0:8774
2017-02-01 00:13:41.986 12860 INFO nova.osapi_compute.wsgi.server [req-22274f57-cc9f-4e3b-9f8a-40e0416d8f2d - - - - -] (12860) wsgi starting up on http://0.0.0.0:8774
2017-02-01 00:13:41.991 12851 INFO nova.osapi_compute.wsgi.server [req-da8d8bfc-f725-422a-bf67-004fabf0a923 - - - - -] (12851) wsgi starting up on http://0.0.0.0:8774
2017-02-01 00:13:41.992 12836 INFO nova.osapi_compute.wsgi.server [req-04ab1c5f-3ac3-4d48-a815-ee3c8514f5e2 - - - - -] (12836) wsgi starting up on http://0.0.0.0:8774
2017-02-01 00:13:41.996 12857 INFO nova.osapi_compute.wsgi.server [req-548c0f02-f4d8-448b-a81d-cb856958d9c0 - - - - -] (12857) wsgi starting up on http://0.0.0.0:8774
2017-02-01 00:13:41.998 12845 INFO nova.osapi_compute.wsgi.server [req-94869177-679c-4a27-b0e3-e4a817479f88 - - - - -] (12845) wsgi starting up on http://0.0.0.0:8774
2017-02-01 00:13:42.017 12873 INFO nova.osapi_compute.wsgi.server [req-ecbc0f4d-167f-45db-b92e-143181413cfe - - - - -] (12873) wsgi starting up on http://0.0.0.0:8774
2017-02-01 00:13:42.087 12709 INFO nova.wsgi [req-97101265-79c8-4066-acb3-f5affcba5bab - - - - -] metadata listening on 0.0.0.0:8775
2017-02-01 00:13:42.088 12709 INFO oslo_service.service [req-97101265-79c8-4066-acb3-f5affcba5bab - - - - -] Starting 40 workers
2017-02-01 00:13:42.425 12930 INFO nova.metadata.wsgi.server [req-232d35c7-0103-4ba1-a507-074f4082a4d5 - - - - -] (12930) wsgi starting up on http://0.0.0.0:8775
2017-02-01 00:13:42.435 12936 INFO nova.metadata.wsgi.server [req-711a0dd0-432b-4d83-aed4-1f6a8531f46a - - - - -] (12936) wsgi starting up on http://0.0.0.0:8775
2017-02-01 00:13:42.437 12953 INFO nova.metadata.wsgi.server [req-e6802570-5653-4801-9744-04cfed0f35ee - - - - -] (12953) wsgi starting up on http://0.0.0.0:8775
2017-02-01 00:13:42.447 12927 INFO nova.metadata.wsgi.server [req-95070091-6cfd-46cd-9c86-940361899316 - - - - -] (12927) wsgi starting up on http://0.0.0.0:8775
2017-02-01 00:13:42.447 12932 INFO nova.metadata.wsgi.server [req-e0a88a35-f9e9-483b-a205-2cc3cec21920 - - - - -] (12932) wsgi starting up on http://0.0.0.0:8775
2017-02-01 00:13:42.449 12948 INFO nova.metadata.wsgi.server [req-f217b999-c803-4ace-aed4-7566e62eeaec - - - - -] (12948) wsgi starting up on http://0.0.0.0:8775
2017-02-01 00:13:42.449 12928 INFO nova.metadata.wsgi.server [req-55a84776-bb9e-4463-a2b1-779280113e8d - - - - -] (12928) wsgi starting up on http://0.0.0.0:8775
2017-02-01 00:13:42.456 12934 INFO nova.metadata.wsgi.server [req-d33a811f-5916-4798-a3d3-ac270b9abbb8 - - - - -] (12934) wsgi starting up on http://0.0.0.0:8775
2017-02-01 00:13:42.462 12957 INFO nova.metadata.wsgi.server [req-7cab7046-07c4-4e26-b640-4168cae502e4 - - - - -] (12957) wsgi starting up on http://0.0.0.0:8775
2017-02-01 00:13:42.466 12935 INFO nova.metadata.wsgi.server [req-95dc4307-d01a-4f20-95ce-f753da4296cf - - - - -] (12935) wsgi starting up on http://0.0.0.0:8775
2017-02-01 00:13:42.467 12955 INFO nova.metadata.wsgi.server [req-2df606b2-b71a-471a-bb95-c749bfd5a42f - - - - -] (12955) wsgi starting up on http://0.0.0.0:8775
2017-02-01 00:13:42.468 12933 INFO nova.metadata.wsgi.server [req-ce573ca1-89d6-4a76-8fd4-44605fccbcda - - - - -] (12933) wsgi starting up on http://0.0.0.0:8775
2017-02-01 00:13:42.478 12944 INFO nova.metadata.wsgi.server [req-17fb4412-e768-4556-a407-b916cb90bcc0 - - - - -] (12944) wsgi starting up on http://0.0.0.0:8775
2017-02-01 00:13:42.482 12950 INFO nova.metadata.wsgi.server [req-90c38c6e-e77e-49bf-9e36-11b87264da95 - - - - -] (12950) wsgi starting up on http://0.0.0.0:8775
2017-02-01 00:13:42.485 12929 INFO nova.metadata.wsgi.server [req-c4bd19b3-d5cb-4c50-bd86-c9cdb93a51bc - - - - -] (12929) wsgi starting up on http://0.0.0.0:8775
2017-02-01 00:13:42.485 12939 INFO nova.metadata.wsgi.server [req-35f9e7fd-f780-438a-8ad8-548183e1e7c9 - - - - -] (12939) wsgi starting up on http://0.0.0.0:8775
2017-02-01 00:13:42.485 12959 INFO nova.metadata.wsgi.server [req-90161b42-b9c8-4284-8241-efe367f53d64 - - - - -] (12959) wsgi starting up on http://0.0.0.0:8775
2017-02-01 00:13:42.493 12946 INFO nova.metadata.wsgi.server [req-72f41f3d-612c-4ae5-bac3-603ea3d3a924 - - - - -] (12946) wsgi starting up on http://0.0.0.0:8775
2017-02-01 00:13:42.510 12975 INFO nova.metadata.wsgi.server [req-b0c8c390-f54f-4e05-9eed-bb46cd97dbad - - - - -] (12975) wsgi starting up on http://0.0.0.0:8775
2017-02-01 00:13:42.512 12931 INFO nova.metadata.wsgi.server [req-57073326-fcfc-4e88-a7ee-d2a4c61c6fcb - - - - -] (12931) wsgi starting up on http://0.0.0.0:8775
2017-02-01 00:13:42.515 12971 INFO nova.metadata.wsgi.server [req-23fb2285-4f6b-4f61-9c9a-3b59b6361986 - - - - -] (12971) wsgi starting up on http://0.0.0.0:8775
2017-02-01 00:13:42.517 12988 INFO nova.metadata.wsgi.server [req-0460c6c2-92ca-4c0d-862a-fea5d7e1ac7f - - - - -] (12988) wsgi starting up on http://0.0.0.0:8775
2017-02-01 00:13:42.518 12982 INFO nova.metadata.wsgi.server [req-d9e982bb-3c43-41b7-8ad0-5e94ce132065 - - - - -] (12982) wsgi starting up on http://0.0.0.0:8775
2017-02-01 00:13:42.519 12967 INFO nova.metadata.wsgi.server [req-75a913ae-1be5-40d2-b0f4-72d0c67b8de8 - - - - -] (12967) wsgi starting up on http://0.0.0.0:8775
2017-02-01 00:13:42.520 12969 INFO nova.metadata.wsgi.server [req-a891c9cc-d8a1-46aa-ac5d-419918ee0b90 - - - - -] (12969) wsgi starting up on http://0.0.0.0:8775
2017-02-01 00:13:42.522 12974 INFO nova.metadata.wsgi.server [req-8be7f9d5-d40a-41b7-a026-836696eb4047 - - - - -] (12974) wsgi starting up on http://0.0.0.0:8775
2017-02-01 00:13:42.522 12998 INFO nova.metadata.wsgi.server [req-07c46ed3-7fdb-46f5-a824-92783918af2b - - - - -] (12998) wsgi starting up on http://0.0.0.0:8775
2017-02-01 00:13:42.524 12980 INFO nova.metadata.wsgi.server [req-9277a229-70c5-4844-9ec1-89b9723e1c98 - - - - -] (12980) wsgi starting up on http://0.0.0.0:8775
2017-02-01 00:13:42.526 12965 INFO nova.metadata.wsgi.server [req-d85bfd9b-1904-4a51-b25b-6e54651522ee - - - - -] (12965) wsgi starting up on http://0.0.0.0:8775
2017-02-01 00:13:42.530 12986 INFO nova.metadata.wsgi.server [req-e7ca868d-8a73-45e9-b471-4f1e893f1f3b - - - - -] (12986) wsgi starting up on http://0.0.0.0:8775
2017-02-01 00:13:42.536 12941 INFO nova.metadata.wsgi.server [req-03e92403-7592-44f1-88b1-874dfd9f5701 - - - - -] (12941) wsgi starting up on http://0.0.0.0:8775
2017-02-01 00:13:42.536 12962 INFO nova.metadata.wsgi.server [req-80b9af79-e898-4f6a-8c58-c975f73bfdae - - - - -] (12962) wsgi starting up on http://0.0.0.0:8775
2017-02-01 00:13:42.547 12976 INFO nova.metadata.wsgi.server [req-bb97f344-ec49-465b-a642-97c47c046b0e - - - - -] (12976) wsgi starting up on http://0.0.0.0:8775
2017-02-01 00:13:42.552 12995 INFO nova.metadata.wsgi.server [req-668c1575-e9dc-40dd-bf3a-ae9ae4ade3be - - - - -] (12995) wsgi starting up on http://0.0.0.0:8775
2017-02-01 00:13:42.552 13000 INFO nova.metadata.wsgi.server [req-f6f7cf29-ec11-4f53-a23a-2adbc43671c1 - - - - -] (13000) wsgi starting up on http://0.0.0.0:8775
2017-02-01 00:13:42.560 12978 INFO nova.metadata.wsgi.server [req-f098f009-b828-4fc7-a9ef-7222fd4466d3 - - - - -] (12978) wsgi starting up on http://0.0.0.0:8775
2017-02-01 00:13:42.569 12984 INFO nova.metadata.wsgi.server [req-e9439d57-e21a-441a-b861-eb53d706ef50 - - - - -] (12984) wsgi starting up on http://0.0.0.0:8775
2017-02-01 00:13:42.575 12990 INFO nova.metadata.wsgi.server [req-679abf7a-733b-4d30-a13e-b013a8b4fc4e - - - - -] (12990) wsgi starting up on http://0.0.0.0:8775
2017-02-01 00:13:42.587 12992 INFO nova.metadata.wsgi.server [req-6d3cf895-71db-42d4-a835-23f1f1ff1eaa - - - - -] (12992) wsgi starting up on http://0.0.0.0:8775
2017-02-01 00:13:42.610 12994 INFO nova.metadata.wsgi.server [req-1a1d7805-dda9-4665-be2c-769652654c2c - - - - -] (12994) wsgi starting up on http://0.0.0.0:8775
2017-02-01 00:13:45.933 12846 INFO nova.wsgi [-] Stopping WSGI server.
2017-02-01 00:13:45.933 12881 INFO nova.wsgi [-] Stopping WSGI server.
2017-02-01 00:13:45.933 12897 INFO nova.wsgi [-] Stopping WSGI server.
2017-02-01 00:13:45.933 12939 INFO nova.wsgi [-] Stopping WSGI server.
2017-02-01 00:13:45.933 12849 INFO nova.wsgi [-] Stopping WSGI server.
2017-02-01 00:13:45.933 12840 INFO nova.wsgi [-] Stopping WSGI server.
2017-02-01 00:13:45.933 12838 INFO nova.wsgi [-] Stopping WSGI server.
2017-02-01 00:13:45.933 12877 INFO nova.wsgi [-] Stopping WSGI server.
2017-02-01 00:13:45.933 12843 INFO nova.wsgi [-] Stopping WSGI server.
2017-02-01 00:13:45.933 12835 INFO nova.wsgi [-] Stopping WSGI server.
2017-02-01 00:13:45.933 12904 INFO nova.wsgi [-] Stopping WSGI server.
2017-02-01 00:13:45.933 12847 INFO nova.wsgi [-] Stopping WSGI server.
2017-02-01 00:13:45.933 12841 INFO nova.wsgi [-] Stopping WSGI server.
2017-02-01 00:13:45.934 12897 INFO nova.osapi_compute.wsgi.server [req-a1665905-3c4d-4388-bfbc-c782aa865be1 - - - - -] (12897) wsgi exited, is_accepting=True
2017-02-01 00:13:45.934 12939 INFO nova.metadata.wsgi.server [req-35f9e7fd-f780-438a-8ad8-548183e1e7c9 - - - - -] (12939) wsgi exited, is_accepting=True
2017-02-01 00:13:45.933 12842 INFO nova.wsgi [-] Stopping WSGI server.
2017-02-01 00:13:45.933 12857 INFO nova.wsgi [-] Stopping WSGI server.
2017-02-01 00:13:45.933 12848 INFO nova.wsgi [-] Stopping WSGI server.
2017-02-01 00:13:45.933 12839 INFO nova.wsgi [-] Stopping WSGI server.
2017-02-01 00:13:45.933 12898 INFO nova.wsgi [-] Stopping WSGI server.
2017-02-01 00:13:45.933 12880 INFO nova.wsgi [-] Stopping WSGI server.
2017-02-01 00:13:45.935 12904 INFO nova.osapi_compute.wsgi.server [req-ba620fb3-a539-47ec-9eba-38c062343a0f - - - - -] (12904) wsgi exited, is_accepting=True
2017-02-01 00:13:45.935 12858 INFO nova.wsgi [-] Stopping WSGI server.
2017-02-01 00:13:45.933 12931 INFO nova.wsgi [-] Stopping WSGI server.
2017-02-01 00:13:45.935 12933 INFO nova.wsgi [-] Stopping WSGI server.
2017-02-01 00:13:45.935 12934 INFO nova.wsgi [-] Stopping WSGI server.
2017-02-01 00:13:45.935 12928 INFO nova.wsgi [-] Stopping WSGI server.
2017-02-01 00:13:45.935 12927 INFO nova.wsgi [-] Stopping WSGI server.
2017-02-01 00:13:45.935 12936 INFO nova.wsgi [-] Stopping WSGI server.
2017-02-01 00:13:45.935 12886 INFO nova.wsgi [-] Stopping WSGI server.
2017-02-01 00:13:45.935 12930 INFO nova.wsgi [-] Stopping WSGI server.
2017-02-01 00:13:45.935 12896 INFO nova.wsgi [-] Stopping WSGI server.
2017-02-01 00:13:45.935 12932 INFO nova.wsgi [-] Stopping WSGI server.
2017-02-01 00:13:45.935 12905 INFO nova.wsgi [-] Stopping WSGI server.
2017-02-01 00:13:45.935 12935 INFO nova.wsgi [-] Stopping WSGI server.
2017-02-01 00:13:45.935 12929 INFO nova.wsgi [-] Stopping WSGI server.
2017-02-01 00:13:45.935 12842 INFO nova.osapi_compute.wsgi.server [req-dc6997d2-be23-49dd-8282-f0ad388f7e20 - - - - -] (12842) wsgi exited, is_accepting=True
2017-02-01 00:13:45.936 12880 INFO nova.osapi_compute.wsgi.server [req-8a723249-6563-4a5b-8157-395dd9f3548b - - - - -] (12880) wsgi exited, is_accepting=True
2017-02-01 00:13:45.936 12941 INFO nova.wsgi [-] Stopping WSGI server.
2017-02-01 00:13:45.936 12858 INFO nova.osapi_compute.wsgi.server [req-f168e297-4248-4a59-b176-a72a949d5acb - - - - -] (12858) wsgi exited, is_accepting=True
2017-02-01 00:13:45.936 12898 INFO nova.osapi_compute.wsgi.server [req-38357b5f-9826-4020-b9ec-77a0a1ca730c - - - - -] (12898) wsgi exited, is_accepting=True
2017-02-01 00:13:45.933 12862 INFO nova.wsgi [-] Stopping WSGI server.
2017-02-01 00:13:45.936 12849 INFO nova.osapi_compute.wsgi.server [req-749b89db-6f9d-4b15-a5e8-e373d06022e5 - - - - -] (12849) wsgi exited, is_accepting=True
2017-02-01 00:13:45.936 12934 INFO nova.metadata.wsgi.server [req-d33a811f-5916-4798-a3d3-ac270b9abbb8 - - - - -] (12934) wsgi exited, is_accepting=True
2017-02-01 00:13:45.936 12928 INFO nova.metadata.wsgi.server [req-55a84776-bb9e-4463-a2b1-779280113e8d - - - - -] (12928) wsgi exited, is_accepting=True
2017-02-01 00:13:45.937 12941 INFO nova.metadata.wsgi.server [req-03e92403-7592-44f1-88b1-874dfd9f5701 - - - - -] (12941) wsgi exited, is_accepting=True
2017-02-01 00:13:45.936 12877 INFO nova.osapi_compute.wsgi.server [req-bd93abb6-ba8d-4ba3-a7b2-7cbbcd9cb070 - - - - -] (12877) wsgi exited, is_accepting=True
2017-02-01 00:13:45.936 12886 INFO nova.osapi_compute.wsgi.server [req-8f5c272e-744c-424c-843f-881534fc85e8 - - - - -] (12886) wsgi exited, is_accepting=True
2017-02-01 00:13:45.936 12936 INFO nova.metadata.wsgi.server [req-711a0dd0-432b-4d83-aed4-1f6a8531f46a - - - - -] (12936) wsgi exited, is_accepting=True
2017-02-01 00:13:45.936 12927 INFO nova.metadata.wsgi.server [req-95070091-6cfd-46cd-9c86-940361899316 - - - - -] (12927) wsgi exited, is_accepting=True
2017-02-01 00:13:45.937 12896 INFO nova.osapi_compute.wsgi.server [req-62eade0b-f2af-44d7-a055-1d9ce8743bbc - - - - -] (12896) wsgi exited, is_accepting=True
2017-02-01 00:13:45.937 12935 INFO nova.metadata.wsgi.server [req-95dc4307-d01a-4f20-95ce-f753da4296cf - - - - -] (12935) wsgi exited, is_accepting=True
2017-02-01 00:13:45.937 12930 INFO nova.metadata.wsgi.server [req-232d35c7-0103-4ba1-a507-074f4082a4d5 - - - - -] (12930) wsgi exited, is_accepting=True
2017-02-01 00:13:45.937 12932 INFO nova.metadata.wsgi.server [req-e0a88a35-f9e9-483b-a205-2cc3cec21920 - - - - -] (12932) wsgi exited, is_accepting=True
2017-02-01 00:13:45.937 12929 INFO nova.metadata.wsgi.server [req-c4bd19b3-d5cb-4c50-bd86-c9cdb93a51bc - - - - -] (12929) wsgi exited, is_accepting=True
2017-02-01 00:13:45.937 12905 INFO nova.osapi_compute.wsgi.server [req-b455a18b-e372-4504-8140-d1dfa89dcee1 - - - - -] (12905) wsgi exited, is_accepting=True
2017-02-01 00:13:45.937 12840 INFO nova.osapi_compute.wsgi.server [req-5461303a-3db0-44dc-a5ef-298486484155 - - - - -] (12840) wsgi exited, is_accepting=True
2017-02-01 00:13:45.937 12967 INFO nova.wsgi [-] Stopping WSGI server.
2017-02-01 00:13:45.937 12946 INFO nova.wsgi [-] Stopping WSGI server.
2017-02-01 00:13:45.937 12839 INFO nova.osapi_compute.wsgi.server [req-ca073546-64a7-4440-952c-0bfdea905952 - - - - -] (12839) wsgi exited, is_accepting=True
2017-02-01 00:13:45.937 12957 INFO nova.wsgi [-] Stopping WSGI server.
2017-02-01 00:13:45.937 12835 INFO nova.osapi_compute.wsgi.server [req-872a21f1-184b-4e59-8e52-7dfd9a47ce57 - - - - -] (12835) wsgi exited, is_accepting=True
2017-02-01 00:13:45.938 12941 INFO nova.wsgi [req-97101265-79c8-4066-acb3-f5affcba5bab - - - - -] WSGI server has stopped.
2017-02-01 00:13:45.937 12862 INFO nova.osapi_compute.wsgi.server [req-d9e39370-c2ef-49eb-a722-9ce44bda8a49 - - - - -] (12862) wsgi exited, is_accepting=True
2017-02-01 00:13:45.937 12965 INFO nova.wsgi [-] Stopping WSGI server.
2017-02-01 00:13:45.937 12950 INFO nova.wsgi [-] Stopping WSGI server.
2017-02-01 00:13:45.937 12955 INFO nova.wsgi [-] Stopping WSGI server.
2017-02-01 00:13:45.937 12962 INFO nova.wsgi [-] Stopping WSGI server.
2017-02-01 00:13:45.937 12953 INFO nova.wsgi [-] Stopping WSGI server.
2017-02-01 00:13:45.939 12932 INFO nova.wsgi [req-97101265-79c8-4066-acb3-f5affcba5bab - - - - -] WSGI server has stopped.
2017-02-01 00:13:45.939 12955 INFO nova.metadata.wsgi.server [req-2df606b2-b71a-471a-bb95-c749bfd5a42f - - - - -] (12955) wsgi exited, is_accepting=True
2017-02-01 00:13:45.933 12900 INFO nova.wsgi [-] Stopping WSGI server.
2017-02-01 00:13:45.939 12962 INFO nova.metadata.wsgi.server [req-80b9af79-e898-4f6a-8c58-c975f73bfdae - - - - -] (12962) wsgi exited, is_accepting=True
2017-02-01 00:13:45.939 12929 INFO nova.wsgi [req-97101265-79c8-4066-acb3-f5affcba5bab - - - - -] WSGI server has stopped.
2017-02-01 00:13:45.939 12974 INFO nova.wsgi [-] Stopping WSGI server.
2017-02-01 00:13:45.939 12969 INFO nova.wsgi [-] Stopping WSGI server.
2017-02-01 00:13:45.933 12850 INFO nova.wsgi [-] Stopping WSGI server.
2017-02-01 00:13:45.933 12861 INFO nova.wsgi [-] Stopping WSGI server.
2017-02-01 00:13:45.933 12836 INFO nova.wsgi [-] Stopping WSGI server.
2017-02-01 00:13:45.939 12971 INFO nova.wsgi [-] Stopping WSGI server.
2017-02-01 00:13:45.933 12860 INFO nova.wsgi [-] Stopping WSGI server.
2017-02-01 00:13:45.933 12845 INFO nova.wsgi [-] Stopping WSGI server.
2017-02-01 00:13:45.939 12975 INFO nova.wsgi [-] Stopping WSGI server.
2017-02-01 00:13:45.940 12858 INFO nova.wsgi [req-97101265-79c8-4066-acb3-f5affcba5bab - - - - -] WSGI server has stopped.
2017-02-01 00:13:45.940 12974 INFO nova.metadata.wsgi.server [req-8be7f9d5-d40a-41b7-a026-836696eb4047 - - - - -] (12974) wsgi exited, is_accepting=True
2017-02-01 00:13:45.940 12969 INFO nova.metadata.wsgi.server [req-a891c9cc-d8a1-46aa-ac5d-419918ee0b90 - - - - -] (12969) wsgi exited, is_accepting=True
2017-02-01 00:13:45.940 12953 INFO nova.metadata.wsgi.server [req-e6802570-5653-4801-9744-04cfed0f35ee - - - - -] (12953) wsgi exited, is_accepting=True
2017-02-01 00:13:45.940 12862 INFO nova.wsgi [req-97101265-79c8-4066-acb3-f5affcba5bab - - - - -] WSGI server has stopped.
2017-02-01 00:13:45.940 12971 INFO nova.metadata.wsgi.server [req-23fb2285-4f6b-4f61-9c9a-3b59b6361986 - - - - -] (12971) wsgi exited, is_accepting=True
2017-02-01 00:13:45.940 12900 INFO nova.osapi_compute.wsgi.server [req-30301de2-4f77-45db-bbfc-575d6aa08ad6 - - - - -] (12900) wsgi exited, is_accepting=True
2017-02-01 00:13:45.940 12839 INFO nova.wsgi [req-97101265-79c8-4066-acb3-f5affcba5bab - - - - -] WSGI server has stopped.
2017-02-01 00:13:45.940 12896 INFO nova.wsgi [req-97101265-79c8-4066-acb3-f5affcba5bab - - - - -] WSGI server has stopped.
2017-02-01 00:13:45.940 12850 INFO nova.osapi_compute.wsgi.server [req-e5827fd5-0e86-4c17-9de8-072e38d39ee1 - - - - -] (12850) wsgi exited, is_accepting=True
2017-02-01 00:13:45.940 12861 INFO nova.osapi_compute.wsgi.server [req-50a1d1f4-5661-43a3-8a38-48bf7dbd7d90 - - - - -] (12861) wsgi exited, is_accepting=True
2017-02-01 00:13:45.940 12835 INFO nova.wsgi [req-97101265-79c8-4066-acb3-f5affcba5bab - - - - -] WSGI server has stopped.
2017-02-01 00:13:45.940 12986 INFO nova.wsgi [-] Stopping WSGI server.
2017-02-01 00:13:45.940 12904 INFO nova.wsgi [req-97101265-79c8-4066-acb3-f5affcba5bab - - - - -] WSGI server has stopped.
2017-02-01 00:13:45.940 12836 INFO nova.osapi_compute.wsgi.server [req-04ab1c5f-3ac3-4d48-a815-ee3c8514f5e2 - - - - -] (12836) wsgi exited, is_accepting=True
2017-02-01 00:13:45.941 12955 INFO nova.wsgi [req-97101265-79c8-4066-acb3-f5affcba5bab - - - - -] WSGI server has stopped.
2017-02-01 00:13:45.941 12975 INFO nova.metadata.wsgi.server [req-b0c8c390-f54f-4e05-9eed-bb46cd97dbad - - - - -] (12975) wsgi exited, is_accepting=True
2017-02-01 00:13:45.933 12871 INFO nova.wsgi [-] Stopping WSGI server.
2017-02-01 00:13:45.941 12971 INFO nova.wsgi [req-97101265-79c8-4066-acb3-f5affcba5bab - - - - -] WSGI server has stopped.
2017-02-01 00:13:45.933 12853 INFO nova.wsgi [-] Stopping WSGI server.
2017-02-01 00:13:45.942 12986 INFO nova.metadata.wsgi.server [req-e7ca868d-8a73-45e9-b471-4f1e893f1f3b - - - - -] (12986) wsgi exited, is_accepting=True
2017-02-01 00:13:45.933 12844 INFO nova.wsgi [-] Stopping WSGI server.
2017-02-01 00:13:45.942 12953 INFO nova.wsgi [req-97101265-79c8-4066-acb3-f5affcba5bab - - - - -] WSGI server has stopped.
2017-02-01 00:13:45.942 12849 INFO nova.wsgi [req-97101265-79c8-4066-acb3-f5affcba5bab - - - - -] WSGI server has stopped.
2017-02-01 00:13:45.942 12861 INFO nova.wsgi [req-97101265-79c8-4066-acb3-f5affcba5bab - - - - -] WSGI server has stopped.
2017-02-01 00:13:45.942 12994 INFO nova.wsgi [-] Stopping WSGI server.
2017-02-01 00:13:45.942 12900 INFO nova.wsgi [req-97101265-79c8-4066-acb3-f5affcba5bab - - - - -] WSGI server has stopped.
2017-02-01 00:13:45.933 12865 INFO nova.wsgi [-] Stopping WSGI server.
2017-02-01 00:13:45.933 12882 INFO nova.wsgi [-] Stopping WSGI server.
2017-02-01 00:13:45.955 12975 INFO nova.wsgi [req-97101265-79c8-4066-acb3-f5affcba5bab - - - - -] WSGI server has stopped.
2017-02-01 00:13:45.942 12850 INFO nova.wsgi [req-97101265-79c8-4066-acb3-f5affcba5bab - - - - -] WSGI server has stopped.
2017-02-01 00:13:45.942 12990 INFO nova.wsgi [-] Stopping WSGI server.
2017-02-01 00:13:45.958 12882 INFO nova.osapi_compute.wsgi.server [req-a138b2a3-f2ef-4410-8c1b-76ee611ab598 - - - - -] (12882) wsgi exited, is_accepting=True
2017-02-01 00:13:45.958 12865 INFO nova.osapi_compute.wsgi.server [req-99499164-22c1-470f-9b8d-93fa170c5650 - - - - -] (12865) wsgi exited, is_accepting=True
2017-02-01 00:13:45.959 12990 INFO nova.metadata.wsgi.server [req-679abf7a-733b-4d30-a13e-b013a8b4fc4e - - - - -] (12990) wsgi exited, is_accepting=True
2017-02-01 00:13:45.961 12990 INFO nova.wsgi [req-97101265-79c8-4066-acb3-f5affcba5bab - - - - -] WSGI server has stopped.
2017-02-01 00:13:45.962 12882 INFO nova.wsgi [req-97101265-79c8-4066-acb3-f5affcba5bab - - - - -] WSGI server has stopped.
2017-02-01 00:13:45.962 12865 INFO nova.wsgi [req-97101265-79c8-4066-acb3-f5affcba5bab - - - - -] WSGI server has stopped.
2017-02-01 00:13:45.933 12851 INFO nova.wsgi [-] Stopping WSGI server.
2017-02-01 00:13:45.993 12851 INFO nova.osapi_compute.wsgi.server [req-da8d8bfc-f725-422a-bf67-004fabf0a923 - - - - -] (12851) wsgi exited, is_accepting=True
2017-02-01 00:13:45.933 12873 INFO nova.wsgi [-] Stopping WSGI server.
2017-02-01 00:13:46.047 12873 INFO nova.osapi_compute.wsgi.server [req-ecbc0f4d-167f-45db-b92e-143181413cfe - - - - -] (12873) wsgi exited, is_accepting=True
2017-02-01 00:13:46.048 12851 INFO nova.wsgi [req-97101265-79c8-4066-acb3-f5affcba5bab - - - - -] WSGI server has stopped.
2017-02-01 00:13:46.049 12873 INFO nova.wsgi [req-97101265-79c8-4066-acb3-f5affcba5bab - - - - -] WSGI server has stopped.
2017-02-01 00:13:46.014 12709 INFO oslo_service.service [req-97101265-79c8-4066-acb3-f5affcba5bab - - - - -] Caught SIGTERM, stopping children
2017-02-01 00:13:45.933 12859 INFO nova.wsgi [-] Stopping WSGI server.
2017-02-01 00:13:45.933 12874 INFO nova.wsgi [-] Stopping WSGI server.
2017-02-01 00:13:46.091 12709 INFO nova.wsgi [req-97101265-79c8-4066-acb3-f5affcba5bab - - - - -] Stopping WSGI server.
2017-02-01 00:13:46.091 12874 INFO nova.osapi_compute.wsgi.server [req-cdc4b1fc-b988-4e5c-98ea-9fb949db9d2d - - - - -] (12874) wsgi exited, is_accepting=True
2017-02-01 00:13:45.934 12902 INFO nova.wsgi [-] Stopping WSGI server.
2017-02-01 00:13:46.092 12709 INFO nova.wsgi [req-97101265-79c8-4066-acb3-f5affcba5bab - - - - -] Stopping WSGI server.
2017-02-01 00:13:45.934 12837 INFO nova.wsgi [-] Stopping WSGI server.
2017-02-01 00:13:46.092 12902 INFO nova.osapi_compute.wsgi.server [req-057aca98-412f-4089-892c-a6c1ec7f7047 - - - - -] (12902) wsgi exited, is_accepting=True
2017-02-01 00:13:46.093 12709 INFO oslo_service.service [req-97101265-79c8-4066-acb3-f5affcba5bab - - - - -] Waiting on 80 children to exit
2017-02-01 00:13:46.094 12709 INFO oslo_service.service [req-97101265-79c8-4066-acb3-f5affcba5bab - - - - -] Child 12835 exited with status 0
2017-02-01 00:13:45.934 12846 INFO nova.osapi_compute.wsgi.server [req-c829521a-db30-49d9-a72e-b46e16387d9a - - - - -] (12846) wsgi exited, is_accepting=True
2017-02-01 00:13:45.934 12881 INFO nova.osapi_compute.wsgi.server [req-9dec5f55-c0a5-4a61-9783-19ad19c83fd1 - - - - -] (12881) wsgi exited, is_accepting=True
2017-02-01 00:13:46.095 12709 INFO oslo_service.service [req-97101265-79c8-4066-acb3-f5affcba5bab - - - - -] Child 12839 exited with status 0
2017-02-01 00:13:45.936 12847 INFO nova.osapi_compute.wsgi.server [req-2b24e8ea-9a62-479f-ac62-d9eaa569abd3 - - - - -] (12847) wsgi exited, is_accepting=True
2017-02-01 00:13:46.097 12709 INFO oslo_service.service [req-97101265-79c8-4066-acb3-f5affcba5bab - - - - -] Child 12849 exited with status 0
2017-02-01 00:13:45.936 12944 INFO nova.wsgi [-] Stopping WSGI server.
2017-02-01 00:13:45.936 12848 INFO nova.osapi_compute.wsgi.server [req-1b1d8a3a-2a88-4d6f-8ab7-eb8d6939485b - - - - -] (12848) wsgi exited, is_accepting=True
2017-02-01 00:13:45.936 12841 INFO nova.osapi_compute.wsgi.server [req-b4b544b7-881a-40db-ad47-3d6a85ae4cd5 - - - - -] (12841) wsgi exited, is_accepting=True
2017-02-01 00:13:45.936 12897 INFO nova.wsgi [req-97101265-79c8-4066-acb3-f5affcba5bab - - - - -] WSGI server has stopped.
2017-02-01 00:13:45.936 12933 INFO nova.metadata.wsgi.server [req-ce573ca1-89d6-4a76-8fd4-44605fccbcda - - - - -] (12933) wsgi exited, is_accepting=True
2017-02-01 00:13:45.936 12857 INFO nova.osapi_compute.wsgi.server [req-548c0f02-f4d8-448b-a81d-cb856958d9c0 - - - - -] (12857) wsgi exited, is_accepting=True
2017-02-01 00:13:45.937 12948 INFO nova.wsgi [-] Stopping WSGI server.
2017-02-01 00:13:45.937 12959 INFO nova.wsgi [-] Stopping WSGI server.
2017-02-01 00:13:46.098 12709 INFO oslo_service.service [req-97101265-79c8-4066-acb3-f5affcba5bab - - - - -] Child 12850 exited with status 0
2017-02-01 00:13:45.938 12939 INFO nova.wsgi [req-97101265-79c8-4066-acb3-f5affcba5bab - - - - -] WSGI server has stopped.
2017-02-01 00:13:46.119 12709 INFO oslo_service.service [req-97101265-79c8-4066-acb3-f5affcba5bab - - - - -] Child 12858 exited with status 0
2017-02-01 00:13:46.120 12709 INFO oslo_service.service [req-97101265-79c8-4066-acb3-f5affcba5bab - - - - -] Child 12861 exited with status 0
2017-02-01 00:13:46.121 12709 INFO oslo_service.service [req-97101265-79c8-4066-acb3-f5affcba5bab - - - - -] Child 12862 exited with status 0
2017-02-01 00:13:46.121 12709 INFO oslo_service.service [req-97101265-79c8-4066-acb3-f5affcba5bab - - - - -] Child 12865 exited with status 0
2017-02-01 00:13:46.121 12709 INFO oslo_service.service [req-97101265-79c8-4066-acb3-f5affcba5bab - - - - -] Child 12882 exited with status 0
2017-02-01 00:13:46.122 12709 INFO oslo_service.service [req-97101265-79c8-4066-acb3-f5affcba5bab - - - - -] Child 12896 exited with status 0
2017-02-01 00:13:46.122 12709 INFO oslo_service.service [req-97101265-79c8-4066-acb3-f5affcba5bab - - - - -] Child 12900 exited with status 0
2017-02-01 00:13:46.123 12709 INFO oslo_service.service [req-97101265-79c8-4066-acb3-f5affcba5bab - - - - -] Child 12904 exited with status 0
2017-02-01 00:13:46.123 12709 INFO oslo_service.service [req-97101265-79c8-4066-acb3-f5affcba5bab - - - - -] Child 12929 exited with status 0
2017-02-01 00:13:46.124 12709 INFO oslo_service.service [req-97101265-79c8-4066-acb3-f5affcba5bab - - - - -] Child 12932 exited with status 0
2017-02-01 00:13:46.125 12709 INFO oslo_service.service [req-97101265-79c8-4066-acb3-f5affcba5bab - - - - -] Child 12941 exited with status 0
2017-02-01 00:13:46.125 12709 INFO oslo_service.service [req-97101265-79c8-4066-acb3-f5affcba5bab - - - - -] Child 12953 exited with status 0
2017-02-01 00:13:46.126 12709 INFO oslo_service.service [req-97101265-79c8-4066-acb3-f5affcba5bab - - - - -] Child 12955 exited with status 0
2017-02-01 00:13:46.126 12709 INFO oslo_service.service [req-97101265-79c8-4066-acb3-f5affcba5bab - - - - -] Child 12971 exited with status 0
2017-02-01 00:13:46.127 12709 INFO oslo_service.service [req-97101265-79c8-4066-acb3-f5affcba5bab - - - - -] Child 12975 exited with status 0
2017-02-01 00:13:46.127 12709 INFO oslo_service.service [req-97101265-79c8-4066-acb3-f5affcba5bab - - - - -] Child 12990 exited with status 0
2017-02-01 00:13:46.129 12709 INFO oslo_service.service [req-97101265-79c8-4066-acb3-f5affcba5bab - - - - -] Child 12902 killed by signal 15
2017-02-01 00:13:45.938 12928 INFO nova.wsgi [req-97101265-79c8-4066-acb3-f5affcba5bab - - - - -] WSGI server has stopped.
2017-02-01 00:13:45.938 12880 INFO nova.wsgi [req-97101265-79c8-4066-acb3-f5affcba5bab - - - - -] WSGI server has stopped.
2017-02-01 00:13:45.938 12967 INFO nova.metadata.wsgi.server [req-75a913ae-1be5-40d2-b0f4-72d0c67b8de8 - - - - -] (12967) wsgi exited, is_accepting=True
2017-02-01 00:13:45.938 12898 INFO nova.wsgi [req-97101265-79c8-4066-acb3-f5affcba5bab - - - - -] WSGI server has stopped.
2017-02-01 00:13:45.938 12946 INFO nova.metadata.wsgi.server [req-72f41f3d-612c-4ae5-bac3-603ea3d3a924 - - - - -] (12946) wsgi exited, is_accepting=True
2017-02-01 00:13:45.938 12936 INFO nova.wsgi [req-97101265-79c8-4066-acb3-f5affcba5bab - - - - -] WSGI server has stopped.
2017-02-01 00:13:46.132 12709 INFO oslo_service.service [req-97101265-79c8-4066-acb3-f5affcba5bab - - - - -] Child 12846 killed by signal 15
2017-02-01 00:13:45.938 12843 INFO nova.osapi_compute.wsgi.server [req-1590ee0c-260b-47be-ab5d-483b546e9971 - - - - -] (12843) wsgi exited, is_accepting=True
2017-02-01 00:13:45.938 12877 INFO nova.wsgi [req-97101265-79c8-4066-acb3-f5affcba5bab - - - - -] WSGI server has stopped.
2017-02-01 00:13:45.938 12842 INFO nova.wsgi [req-97101265-79c8-4066-acb3-f5affcba5bab - - - - -] WSGI server has stopped.
2017-02-01 00:13:45.938 12957 INFO nova.metadata.wsgi.server [req-7cab7046-07c4-4e26-b640-4168cae502e4 - - - - -] (12957) wsgi exited, is_accepting=True
2017-02-01 00:13:45.939 12840 INFO nova.wsgi [req-97101265-79c8-4066-acb3-f5affcba5bab - - - - -] WSGI server has stopped.
2017-02-01 00:13:45.939 12927 INFO nova.wsgi [req-97101265-79c8-4066-acb3-f5affcba5bab - - - - -] WSGI server has stopped.
2017-02-01 00:13:45.938 12934 INFO nova.wsgi [req-97101265-79c8-4066-acb3-f5affcba5bab - - - - -] WSGI server has stopped.
2017-02-01 00:13:45.939 12965 INFO nova.metadata.wsgi.server [req-d85bfd9b-1904-4a51-b25b-6e54651522ee - - - - -] (12965) wsgi exited, is_accepting=True
2017-02-01 00:13:45.939 12935 INFO nova.wsgi [req-97101265-79c8-4066-acb3-f5affcba5bab - - - - -] WSGI server has stopped.
2017-02-01 00:13:45.939 12930 INFO nova.wsgi [req-97101265-79c8-4066-acb3-f5affcba5bab - - - - -] WSGI server has stopped.
2017-02-01 00:13:45.939 12950 INFO nova.metadata.wsgi.server [req-90c38c6e-e77e-49bf-9e36-11b87264da95 - - - - -] (12950) wsgi exited, is_accepting=True
2017-02-01 00:13:45.938 12931 INFO nova.metadata.wsgi.server [req-57073326-fcfc-4e88-a7ee-d2a4c61c6fcb - - - - -] (12931) wsgi exited, is_accepting=True
2017-02-01 00:13:45.939 12838 INFO nova.osapi_compute.wsgi.server [req-fd9dfeab-2a62-442f-92e8-d5ec58e4c0a7 - - - - -] (12838) wsgi exited, is_accepting=True
2017-02-01 00:13:45.939 12886 INFO nova.wsgi [req-97101265-79c8-4066-acb3-f5affcba5bab - - - - -] WSGI server has stopped.
2017-02-01 00:13:45.939 12905 INFO nova.wsgi [req-97101265-79c8-4066-acb3-f5affcba5bab - - - - -] WSGI server has stopped.
2017-02-01 00:13:45.941 12980 INFO nova.wsgi [-] Stopping WSGI server.
2017-02-01 00:13:45.941 12860 INFO nova.osapi_compute.wsgi.server [req-22274f57-cc9f-4e3b-9f8a-40e0416d8f2d - - - - -] (12860) wsgi exited, is_accepting=True
2017-02-01 00:13:45.941 12845 INFO nova.osapi_compute.wsgi.server [req-94869177-679c-4a27-b0e3-e4a817479f88 - - - - -] (12845) wsgi exited, is_accepting=True
2017-02-01 00:13:45.941 12982 INFO nova.wsgi [-] Stopping WSGI server.
2017-02-01 00:13:45.941 12976 INFO nova.wsgi [-] Stopping WSGI server.
2017-02-01 00:13:45.941 12978 INFO nova.wsgi [-] Stopping WSGI server.
2017-02-01 00:13:45.941 12988 INFO nova.wsgi [-] Stopping WSGI server.
2017-02-01 00:13:45.941 12992 INFO nova.wsgi [-] Stopping WSGI server.
2017-02-01 00:13:45.941 12962 INFO nova.wsgi [req-97101265-79c8-4066-acb3-f5affcba5bab - - - - -] WSGI server has stopped.
2017-02-01 00:13:45.941 12995 INFO nova.wsgi [-] Stopping WSGI server.
2017-02-01 00:13:45.941 12998 INFO nova.wsgi [-] Stopping WSGI server.
2017-02-01 00:13:45.941 12974 INFO nova.wsgi [req-97101265-79c8-4066-acb3-f5affcba5bab - - - - -] WSGI server has stopped.
2017-02-01 00:13:45.941 12969 INFO nova.wsgi [req-97101265-79c8-4066-acb3-f5affcba5bab - - - - -] WSGI server has stopped.
2017-02-01 00:13:45.941 13000 INFO nova.wsgi [-] Stopping WSGI server.
2017-02-01 00:13:45.942 12871 INFO nova.osapi_compute.wsgi.server [req-b318b97a-5a61-4a61-a931-6c4e4593298a - - - - -] (12871) wsgi exited, is_accepting=True
2017-02-01 00:13:45.942 12853 INFO nova.osapi_compute.wsgi.server [req-6babbb69-3168-4c4a-9596-3f378aa7f0fe - - - - -] (12853) wsgi exited, is_accepting=True
2017-02-01 00:13:45.943 12986 INFO nova.wsgi [req-97101265-79c8-4066-acb3-f5affcba5bab - - - - -] WSGI server has stopped.
2017-02-01 00:13:45.943 12844 INFO nova.osapi_compute.wsgi.server [req-44f71fd3-3a29-4eca-8226-0d595149157f - - - - -] (12844) wsgi exited, is_accepting=True
2017-02-01 00:13:45.943 12836 INFO nova.wsgi [req-97101265-79c8-4066-acb3-f5affcba5bab - - - - -] WSGI server has stopped.
2017-02-01 00:13:45.943 12994 INFO nova.metadata.wsgi.server [req-1a1d7805-dda9-4665-be2c-769652654c2c - - - - -] (12994) wsgi exited, is_accepting=True
2017-02-01 00:13:45.954 12984 INFO nova.wsgi [-] Stopping WSGI server.
2017-02-01 00:13:46.134 12709 INFO oslo_service.service [req-97101265-79c8-4066-acb3-f5affcba5bab - - - - -] Child 12873 exited with status 0
2017-02-01 00:13:46.201 12709 INFO oslo_service.service [req-97101265-79c8-4066-acb3-f5affcba5bab - - - - -] Child 12837 killed by signal 15
2017-02-01 00:13:46.202 12709 INFO oslo_service.service [req-97101265-79c8-4066-acb3-f5affcba5bab - - - - -] Child 12840 killed by signal 15
2017-02-01 00:13:46.203 12709 INFO oslo_service.service [req-97101265-79c8-4066-acb3-f5affcba5bab - - - - -] Child 12841 killed by signal 15
2017-02-01 00:13:46.204 12709 INFO oslo_service.service [req-97101265-79c8-4066-acb3-f5affcba5bab - - - - -] Child 12842 killed by signal 15
2017-02-01 00:13:46.204 12709 INFO oslo_service.service [req-97101265-79c8-4066-acb3-f5affcba5bab - - - - -] Child 12843 killed by signal 15
2017-02-01 00:13:46.205 12709 INFO oslo_service.service [req-97101265-79c8-4066-acb3-f5affcba5bab - - - - -] Child 12845 killed by signal 15
2017-02-01 00:13:46.205 12709 INFO oslo_service.service [req-97101265-79c8-4066-acb3-f5affcba5bab - - - - -] Child 12847 killed by signal 15
2017-02-01 00:13:46.206 12709 INFO oslo_service.service [req-97101265-79c8-4066-acb3-f5affcba5bab - - - - -] Child 12848 killed by signal 15
2017-02-01 00:13:46.206 12709 INFO oslo_service.service [req-97101265-79c8-4066-acb3-f5affcba5bab - - - - -] Child 12851 exited with status 0
2017-02-01 00:13:46.206 12709 INFO oslo_service.service [req-97101265-79c8-4066-acb3-f5affcba5bab - - - - -] Child 12857 killed by signal 15
2017-02-01 00:13:46.206 12709 INFO oslo_service.service [req-97101265-79c8-4066-acb3-f5affcba5bab - - - - -] Child 12859 killed by signal 15
2017-02-01 00:13:46.207 12709 INFO oslo_service.service [req-97101265-79c8-4066-acb3-f5affcba5bab - - - - -] Child 12874 killed by signal 15
2017-02-01 00:13:46.207 12709 INFO oslo_service.service [req-97101265-79c8-4066-acb3-f5affcba5bab - - - - -] Child 12877 killed by signal 15
2017-02-01 00:13:46.207 12709 INFO oslo_service.service [req-97101265-79c8-4066-acb3-f5affcba5bab - - - - -] Child 12880 killed by signal 15
2017-02-01 00:13:46.208 12709 INFO oslo_service.service [req-97101265-79c8-4066-acb3-f5affcba5bab - - - - -] Child 12881 killed by signal 15
2017-02-01 00:13:46.208 12709 INFO oslo_service.service [req-97101265-79c8-4066-acb3-f5affcba5bab - - - - -] Child 12897 killed by signal 15
2017-02-01 00:13:46.209 12709 INFO oslo_service.service [req-97101265-79c8-4066-acb3-f5affcba5bab - - - - -] Child 12898 killed by signal 15
2017-02-01 00:13:46.209 12709 INFO oslo_service.service [req-97101265-79c8-4066-acb3-f5affcba5bab - - - - -] Child 12927 killed by signal 15
2017-02-01 00:13:46.209 12709 INFO oslo_service.service [req-97101265-79c8-4066-acb3-f5affcba5bab - - - - -] Child 12928 killed by signal 15
2017-02-01 00:13:46.209 12709 INFO oslo_service.service [req-97101265-79c8-4066-acb3-f5affcba5bab - - - - -] Child 12931 killed by signal 15
2017-02-01 00:13:46.210 12709 INFO oslo_service.service [req-97101265-79c8-4066-acb3-f5affcba5bab - - - - -] Child 12933 killed by signal 15
2017-02-01 00:13:46.210 12709 INFO oslo_service.service [req-97101265-79c8-4066-acb3-f5affcba5bab - - - - -] Child 12934 killed by signal 15
2017-02-01 00:13:46.210 12709 INFO oslo_service.service [req-97101265-79c8-4066-acb3-f5affcba5bab - - - - -] Child 12935 killed by signal 15
2017-02-01 00:13:46.211 12709 INFO oslo_service.service [req-97101265-79c8-4066-acb3-f5affcba5bab - - - - -] Child 12930 killed by signal 15
2017-02-01 00:13:46.211 12709 INFO oslo_service.service [req-97101265-79c8-4066-acb3-f5affcba5bab - - - - -] Child 12838 killed by signal 15
2017-02-01 00:13:46.211 12709 INFO oslo_service.service [req-97101265-79c8-4066-acb3-f5affcba5bab - - - - -] Child 12936 killed by signal 15
2017-02-01 00:13:46.212 12709 INFO oslo_service.service [req-97101265-79c8-4066-acb3-f5affcba5bab - - - - -] Child 12939 killed by signal 15
2017-02-01 00:13:46.212 12709 INFO oslo_service.service [req-97101265-79c8-4066-acb3-f5affcba5bab - - - - -] Child 12905 killed by signal 15
2017-02-01 00:13:46.212 12709 INFO oslo_service.service [req-97101265-79c8-4066-acb3-f5affcba5bab - - - - -] Child 12886 killed by signal 15
2017-02-01 00:13:46.212 12709 INFO oslo_service.service [req-97101265-79c8-4066-acb3-f5affcba5bab - - - - -] Child 12944 killed by signal 15
2017-02-01 00:13:46.213 12709 INFO oslo_service.service [req-97101265-79c8-4066-acb3-f5affcba5bab - - - - -] Child 12946 killed by signal 15
2017-02-01 00:13:46.213 12709 INFO oslo_service.service [req-97101265-79c8-4066-acb3-f5affcba5bab - - - - -] Child 12948 killed by signal 15
2017-02-01 00:13:46.213 12709 INFO oslo_service.service [req-97101265-79c8-4066-acb3-f5affcba5bab - - - - -] Child 12950 killed by signal 15
2017-02-01 00:13:46.214 12709 INFO oslo_service.service [req-97101265-79c8-4066-acb3-f5affcba5bab - - - - -] Child 12957 killed by signal 15
2017-02-01 00:13:46.214 12709 INFO oslo_service.service [req-97101265-79c8-4066-acb3-f5affcba5bab - - - - -] Child 12959 killed by signal 15
2017-02-01 00:13:46.214 12709 INFO oslo_service.service [req-97101265-79c8-4066-acb3-f5affcba5bab - - - - -] Child 12965 killed by signal 15
2017-02-01 00:13:46.214 12709 INFO oslo_service.service [req-97101265-79c8-4066-acb3-f5affcba5bab - - - - -] Child 12967 killed by signal 15
2017-02-01 00:13:46.215 12709 INFO oslo_service.service [req-97101265-79c8-4066-acb3-f5affcba5bab - - - - -] Child 12978 killed by signal 15
2017-02-01 00:13:46.215 12709 INFO oslo_service.service [req-97101265-79c8-4066-acb3-f5affcba5bab - - - - -] Child 12982 killed by signal 15
2017-02-01 00:13:46.215 12709 INFO oslo_service.service [req-97101265-79c8-4066-acb3-f5affcba5bab - - - - -] Child 12974 killed by signal 15
2017-02-01 00:13:46.216 12709 INFO oslo_service.service [req-97101265-79c8-4066-acb3-f5affcba5bab - - - - -] Child 12860 killed by signal 15
2017-02-01 00:13:46.217 12709 INFO oslo_service.service [req-97101265-79c8-4066-acb3-f5affcba5bab - - - - -] Child 12976 killed by signal 15
2017-02-01 00:13:46.217 12709 INFO oslo_service.service [req-97101265-79c8-4066-acb3-f5affcba5bab - - - - -] Child 12980 killed by signal 15
2017-02-01 00:13:46.218 12709 INFO oslo_service.service [req-97101265-79c8-4066-acb3-f5affcba5bab - - - - -] Child 12986 killed by signal 15
2017-02-01 00:13:46.218 12709 INFO oslo_service.service [req-97101265-79c8-4066-acb3-f5affcba5bab - - - - -] Child 12988 killed by signal 15
2017-02-01 00:13:46.218 12709 INFO oslo_service.service [req-97101265-79c8-4066-acb3-f5affcba5bab - - - - -] Child 12992 killed by signal 15
2017-02-01 00:13:46.219 12709 INFO oslo_service.service [req-97101265-79c8-4066-acb3-f5affcba5bab - - - - -] Child 12995 killed by signal 15
2017-02-01 00:13:46.219 12709 INFO oslo_service.service [req-97101265-79c8-4066-acb3-f5affcba5bab - - - - -] Child 12998 killed by signal 15
2017-02-01 00:13:46.219 12709 INFO oslo_service.service [req-97101265-79c8-4066-acb3-f5affcba5bab - - - - -] Child 13000 killed by signal 15
2017-02-01 00:13:46.220 12709 INFO oslo_service.service [req-97101265-79c8-4066-acb3-f5affcba5bab - - - - -] Child 12871 killed by signal 15
2017-02-01 00:13:46.220 12709 INFO oslo_service.service [req-97101265-79c8-4066-acb3-f5affcba5bab - - - - -] Child 12962 killed by signal 15
2017-02-01 00:13:46.221 12709 INFO oslo_service.service [req-97101265-79c8-4066-acb3-f5affcba5bab - - - - -] Child 12969 killed by signal 15
2017-02-01 00:13:46.222 12709 INFO oslo_service.service [req-97101265-79c8-4066-acb3-f5affcba5bab - - - - -] Child 12844 killed by signal 15
2017-02-01 00:13:46.222 12709 INFO oslo_service.service [req-97101265-79c8-4066-acb3-f5affcba5bab - - - - -] Child 12853 killed by signal 15
