2017-02-09 15:25:19.075 6717 ERROR oslo.messaging._drivers.impl_rabbit [-] [ff54c241-d6eb-480b-a280-7198d04e450e] AMQP server on mysql-001.vassilevski.com:5672 is unreachable: Too many heartbeats missed. Trying again in 1 seconds. Client port: 46892
2017-02-09 15:25:29.069 6715 ERROR oslo.messaging._drivers.impl_rabbit [-] [a4e1cd38-dfcb-4340-8f8f-5936ee8e67a1] AMQP server on mysql-001.vassilevski.com:5672 is unreachable: Too many heartbeats missed. Trying again in 1 seconds. Client port: 46888
2017-02-09 15:25:34.091 6717 INFO oslo.messaging._drivers.impl_rabbit [-] A recoverable connection/channel error occurred, trying to reconnect: Too many heartbeats missed
2017-02-09 15:25:34.166 6715 INFO oslo.messaging._drivers.impl_rabbit [-] A recoverable connection/channel error occurred, trying to reconnect: Too many heartbeats missed
2017-02-09 15:25:39.069 6740 ERROR oslo.messaging._drivers.impl_rabbit [-] [f09918ec-ad8e-45b4-92db-bdf98f3357f8] AMQP server on mysql-001.vassilevski.com:5672 is unreachable: Too many heartbeats missed. Trying again in 1 seconds. Client port: 46890
2017-02-09 15:25:39.271 6740 INFO oslo.messaging._drivers.impl_rabbit [-] A recoverable connection/channel error occurred, trying to reconnect: Too many heartbeats missed
2017-02-09 15:25:39.624 6722 INFO oslo.messaging._drivers.impl_rabbit [-] A recoverable connection/channel error occurred, trying to reconnect: Too many heartbeats missed
2017-02-09 15:25:39.672 6705 INFO oslo.messaging._drivers.impl_rabbit [-] A recoverable connection/channel error occurred, trying to reconnect: Too many heartbeats missed
2017-02-09 15:25:39.721 6719 INFO oslo.messaging._drivers.impl_rabbit [-] A recoverable connection/channel error occurred, trying to reconnect: Too many heartbeats missed
2017-02-09 15:25:46.615 6716 ERROR oslo.messaging._drivers.impl_rabbit [-] [a9e2041d-3d5d-40d2-bb7e-b5c7cbb6a79c] AMQP server on mysql-001.vassilevski.com:5672 is unreachable: Too many heartbeats missed. Trying again in 1 seconds. Client port: 46870
2017-02-09 15:25:46.620 6703 ERROR oslo.messaging._drivers.impl_rabbit [-] [758321dd-0b3d-42c9-8d58-524b993f6a59] AMQP server on mysql-001.vassilevski.com:5672 is unreachable: Too many heartbeats missed. Trying again in 1 seconds. Client port: 46874
2017-02-09 15:25:46.623 6704 ERROR oslo.messaging._drivers.impl_rabbit [-] [27e40dcd-a90f-4e38-809c-36dc4bbb5b93] AMQP server on mysql-001.vassilevski.com:5672 is unreachable: Too many heartbeats missed. Trying again in 1 seconds. Client port: 46872
2017-02-09 15:25:46.635 6702 ERROR oslo.messaging._drivers.impl_rabbit [-] [0d264027-08b3-4731-a615-9b8410c74623] AMQP server on mysql-001.vassilevski.com:5672 is unreachable: Too many heartbeats missed. Trying again in 1 seconds. Client port: 46880
2017-02-09 15:25:46.695 6705 ERROR oslo.messaging._drivers.impl_rabbit [-] [a234de99-23c4-4526-a6a7-c333573401f1] AMQP server on mysql-001.vassilevski.com:5672 is unreachable: Too many heartbeats missed. Trying again in 1 seconds. Client port: 46912
2017-02-09 15:25:46.701 6719 ERROR oslo.messaging._drivers.impl_rabbit [-] [1c2b76ab-6323-4c80-b7fb-d8d7a81a3e0f] AMQP server on mysql-001.vassilevski.com:5672 is unreachable: Too many heartbeats missed. Trying again in 1 seconds. Client port: 46908
2017-02-09 15:25:46.712 6736 ERROR oslo.messaging._drivers.impl_rabbit [-] [bfcb0287-bbbb-4b2e-a5d6-450d884c9dce] AMQP server on mysql-001.vassilevski.com:5672 is unreachable: Too many heartbeats missed. Trying again in 1 seconds. Client port: 46914
2017-02-09 15:25:46.712 6723 ERROR oslo.messaging._drivers.impl_rabbit [-] [742e9ec9-3c3f-41e1-8be7-c4fc3408dbbe] AMQP server on mysql-001.vassilevski.com:5672 is unreachable: Too many heartbeats missed. Trying again in 1 seconds. Client port: 46922
2017-02-09 15:25:46.710 6709 ERROR oslo.messaging._drivers.impl_rabbit [-] [722bcd05-1c0b-4084-a85f-ee3aa89da8b6] AMQP server on mysql-001.vassilevski.com:5672 is unreachable: Too many heartbeats missed. Trying again in 1 seconds. Client port: 46916
2017-02-09 15:25:46.719 6737 ERROR oslo.messaging._drivers.impl_rabbit [-] [50b7a94b-139d-4dae-95db-475506f08899] AMQP server on mysql-001.vassilevski.com:5672 is unreachable: Too many heartbeats missed. Trying again in 1 seconds. Client port: 46924
2017-02-09 15:25:46.727 6701 ERROR oslo.messaging._drivers.impl_rabbit [-] [5ecb005d-acc9-476c-811d-62262d198747] AMQP server on mysql-001.vassilevski.com:5672 is unreachable: Too many heartbeats missed. Trying again in 1 seconds. Client port: 46918
2017-02-09 15:25:46.728 6731 ERROR oslo.messaging._drivers.impl_rabbit [-] [7455cabe-7bb0-4b7c-9b37-0a41ada110fb] AMQP server on mysql-001.vassilevski.com:5672 is unreachable: Too many heartbeats missed. Trying again in 1 seconds. Client port: 46946
2017-02-09 15:25:46.737 6729 ERROR oslo.messaging._drivers.impl_rabbit [-] [6a69b552-8fbb-44dd-876e-dbf529fa7b00] AMQP server on mysql-001.vassilevski.com:5672 is unreachable: Too many heartbeats missed. Trying again in 1 seconds. Client port: 46920
2017-02-09 15:25:46.754 6725 ERROR oslo.messaging._drivers.impl_rabbit [-] [3fe9ff75-cf35-45f2-9f2d-3c8fb3a7fcf0] AMQP server on mysql-001.vassilevski.com:5672 is unreachable: Too many heartbeats missed. Trying again in 1 seconds. Client port: 46952
2017-02-09 15:25:46.756 6724 ERROR oslo.messaging._drivers.impl_rabbit [-] [09470863-6265-4131-9f5b-ac71401615f9] AMQP server on mysql-001.vassilevski.com:5672 is unreachable: Too many heartbeats missed. Trying again in 1 seconds. Client port: 46950
2017-02-09 15:25:46.851 6703 INFO oslo.messaging._drivers.impl_rabbit [-] A recoverable connection/channel error occurred, trying to reconnect: Too many heartbeats missed
2017-02-09 15:25:47.020 6704 INFO oslo.messaging._drivers.impl_rabbit [-] A recoverable connection/channel error occurred, trying to reconnect: Too many heartbeats missed
2017-02-09 15:25:47.143 6716 INFO oslo.messaging._drivers.impl_rabbit [-] A recoverable connection/channel error occurred, trying to reconnect: Too many heartbeats missed
2017-02-09 15:25:47.219 6702 INFO oslo.messaging._drivers.impl_rabbit [-] A recoverable connection/channel error occurred, trying to reconnect: Too many heartbeats missed
2017-02-09 15:25:47.278 6731 INFO oslo.messaging._drivers.impl_rabbit [-] A recoverable connection/channel error occurred, trying to reconnect: Too many heartbeats missed
2017-02-09 15:25:47.437 6725 INFO oslo.messaging._drivers.impl_rabbit [-] A recoverable connection/channel error occurred, trying to reconnect: Too many heartbeats missed
2017-02-09 15:25:47.482 6724 INFO oslo.messaging._drivers.impl_rabbit [-] A recoverable connection/channel error occurred, trying to reconnect: Too many heartbeats missed
2017-02-09 15:25:49.069 6732 ERROR oslo.messaging._drivers.impl_rabbit [-] [bd24446b-8c02-4db5-8ea2-1d5eb96ba41a] AMQP server on mysql-001.vassilevski.com:5672 is unreachable: Too many heartbeats missed. Trying again in 1 seconds. Client port: 46894
2017-02-09 15:25:49.280 6732 INFO oslo.messaging._drivers.impl_rabbit [-] A recoverable connection/channel error occurred, trying to reconnect: Too many heartbeats missed
2017-02-09 15:25:54.280 6726 INFO oslo.messaging._drivers.impl_rabbit [-] A recoverable connection/channel error occurred, trying to reconnect: Too many heartbeats missed
2017-02-09 15:26:04.276 6739 INFO oslo.messaging._drivers.impl_rabbit [-] A recoverable connection/channel error occurred, trying to reconnect: Too many heartbeats missed
2017-02-09 15:26:07.500 6712 INFO oslo.messaging._drivers.impl_rabbit [-] [3b6f0318-17f9-4262-824d-ed1d9632e50f] Reconnected to AMQP server on mysql-001.vassilevski.com:5672 via [amqp] clientwith port 39278.
2017-02-09 15:26:08.146 6727 INFO oslo.messaging._drivers.impl_rabbit [-] [28f096d0-f07f-464f-b429-3bb2aeffc86f] Reconnected to AMQP server on mysql-001.vassilevski.com:5672 via [amqp] clientwith port 39280.
2017-02-09 15:26:08.191 6735 INFO oslo.messaging._drivers.impl_rabbit [-] [8d54c368-d57a-45fe-98c9-91adfd7c0659] Reconnected to AMQP server on mysql-001.vassilevski.com:5672 via [amqp] clientwith port 39282.
2017-02-09 15:26:08.278 6718 INFO oslo.messaging._drivers.impl_rabbit [-] [36ac0d22-94b6-483d-b2ba-fefba454632f] Reconnected to AMQP server on mysql-001.vassilevski.com:5672 via [amqp] clientwith port 39284.
2017-02-09 15:26:08.322 6728 INFO oslo.messaging._drivers.impl_rabbit [-] [995008e2-9d57-44aa-93e2-83e7f08f859e] Reconnected to AMQP server on mysql-001.vassilevski.com:5672 via [amqp] clientwith port 39286.
2017-02-09 15:26:10.099 6738 INFO oslo.messaging._drivers.impl_rabbit [-] [8d8d31fd-9a9d-4c31-9c23-2561795f75c0] Reconnected to AMQP server on mysql-001.vassilevski.com:5672 via [amqp] clientwith port 39288.
2017-02-09 15:26:17.685 6730 INFO oslo.messaging._drivers.impl_rabbit [-] [70a35211-f46b-463f-a393-727197dc7105] Reconnected to AMQP server on mysql-001.vassilevski.com:5672 via [amqp] clientwith port 39294.
2017-02-09 15:26:17.723 6722 INFO oslo.messaging._drivers.impl_rabbit [-] [35c83055-ba74-4320-ae3a-be1b35ac4994] Reconnected to AMQP server on mysql-001.vassilevski.com:5672 via [amqp] clientwith port 39302.
2017-02-09 15:26:17.725 6720 INFO oslo.messaging._drivers.impl_rabbit [-] [5fe4b5c8-06ad-4c5f-8dc7-4d04803b6337] Reconnected to AMQP server on mysql-001.vassilevski.com:5672 via [amqp] clientwith port 39300.
2017-02-09 15:26:17.728 6714 INFO oslo.messaging._drivers.impl_rabbit [-] [ff1bf4bb-4060-46af-bfcc-1a279e4538aa] Reconnected to AMQP server on mysql-001.vassilevski.com:5672 via [amqp] clientwith port 39298.
2017-02-09 15:26:17.730 6726 INFO oslo.messaging._drivers.impl_rabbit [-] [f983a65e-d9e3-47b6-afd6-8d3536e340f1] Reconnected to AMQP server on mysql-001.vassilevski.com:5672 via [amqp] clientwith port 39296.
2017-02-09 15:26:17.734 6733 INFO oslo.messaging._drivers.impl_rabbit [-] [4dfa84f1-9fdf-41d4-b9f5-41ea8a1c7519] Reconnected to AMQP server on mysql-001.vassilevski.com:5672 via [amqp] clientwith port 39308.
2017-02-09 15:26:17.736 6710 INFO oslo.messaging._drivers.impl_rabbit [-] [d231f25f-24ee-4ecb-b0dc-d5dfc127c916] Reconnected to AMQP server on mysql-001.vassilevski.com:5672 via [amqp] clientwith port 39306.
2017-02-09 15:26:17.739 6721 INFO oslo.messaging._drivers.impl_rabbit [-] [58649e5e-83bf-4aeb-b179-09f7d67637ea] Reconnected to AMQP server on mysql-001.vassilevski.com:5672 via [amqp] clientwith port 39310.
2017-02-09 15:26:17.740 6739 INFO oslo.messaging._drivers.impl_rabbit [-] [e0e58a22-d04b-44fe-afb3-dbe1e763c929] Reconnected to AMQP server on mysql-001.vassilevski.com:5672 via [amqp] clientwith port 39304.
2017-02-09 15:26:17.748 6713 INFO oslo.messaging._drivers.impl_rabbit [-] [60958029-9d57-498f-9b99-e16b0bf8a2da] Reconnected to AMQP server on mysql-001.vassilevski.com:5672 via [amqp] clientwith port 39314.
2017-02-09 15:26:17.748 6707 INFO oslo.messaging._drivers.impl_rabbit [-] [f2e6158d-559d-4be3-963a-5e179daf7de2] Reconnected to AMQP server on mysql-001.vassilevski.com:5672 via [amqp] clientwith port 39312.
2017-02-09 15:26:17.754 6734 INFO oslo.messaging._drivers.impl_rabbit [-] [1230b7b2-3057-449c-9226-8a7281fd430d] Reconnected to AMQP server on mysql-001.vassilevski.com:5672 via [amqp] clientwith port 39316.
2017-02-09 15:26:17.754 6708 INFO oslo.messaging._drivers.impl_rabbit [-] [f9218da4-39fe-431e-b63d-791a1fcfb2d1] Reconnected to AMQP server on mysql-001.vassilevski.com:5672 via [amqp] clientwith port 39320.
2017-02-09 15:26:17.756 6711 INFO oslo.messaging._drivers.impl_rabbit [-] [bd26b242-2f3a-4d3a-a7dc-b633a9472484] Reconnected to AMQP server on mysql-001.vassilevski.com:5672 via [amqp] clientwith port 39318.
2017-02-09 15:26:17.761 6706 INFO oslo.messaging._drivers.impl_rabbit [-] [e3ad8b73-616d-4f40-991d-b30d08e93fa6] Reconnected to AMQP server on mysql-001.vassilevski.com:5672 via [amqp] clientwith port 39322.
2017-02-09 15:26:20.116 6717 INFO oslo.messaging._drivers.impl_rabbit [-] [ff54c241-d6eb-480b-a280-7198d04e450e] Reconnected to AMQP server on mysql-001.vassilevski.com:5672 via [amqp] clientwith port 39326.
2017-02-09 15:26:30.128 6715 INFO oslo.messaging._drivers.impl_rabbit [-] [a4e1cd38-dfcb-4340-8f8f-5936ee8e67a1] Reconnected to AMQP server on mysql-001.vassilevski.com:5672 via [amqp] clientwith port 39332.
2017-02-09 15:26:40.102 6740 INFO oslo.messaging._drivers.impl_rabbit [-] [f09918ec-ad8e-45b4-92db-bdf98f3357f8] Reconnected to AMQP server on mysql-001.vassilevski.com:5672 via [amqp] clientwith port 39338.
2017-02-09 15:26:47.648 6716 INFO oslo.messaging._drivers.impl_rabbit [-] [a9e2041d-3d5d-40d2-bb7e-b5c7cbb6a79c] Reconnected to AMQP server on mysql-001.vassilevski.com:5672 via [amqp] clientwith port 39346.
2017-02-09 15:26:47.652 6704 INFO oslo.messaging._drivers.impl_rabbit [-] [27e40dcd-a90f-4e38-809c-36dc4bbb5b93] Reconnected to AMQP server on mysql-001.vassilevski.com:5672 via [amqp] clientwith port 39350.
2017-02-09 15:26:47.652 6703 INFO oslo.messaging._drivers.impl_rabbit [-] [758321dd-0b3d-42c9-8d58-524b993f6a59] Reconnected to AMQP server on mysql-001.vassilevski.com:5672 via [amqp] clientwith port 39348.
2017-02-09 15:26:47.672 6702 INFO oslo.messaging._drivers.impl_rabbit [-] [0d264027-08b3-4731-a615-9b8410c74623] Reconnected to AMQP server on mysql-001.vassilevski.com:5672 via [amqp] clientwith port 39352.
2017-02-09 15:26:47.729 6705 INFO oslo.messaging._drivers.impl_rabbit [-] [a234de99-23c4-4526-a6a7-c333573401f1] Reconnected to AMQP server on mysql-001.vassilevski.com:5672 via [amqp] clientwith port 39354.
2017-02-09 15:26:47.741 6719 INFO oslo.messaging._drivers.impl_rabbit [-] [1c2b76ab-6323-4c80-b7fb-d8d7a81a3e0f] Reconnected to AMQP server on mysql-001.vassilevski.com:5672 via [amqp] clientwith port 39356.
2017-02-09 15:26:47.750 6736 INFO oslo.messaging._drivers.impl_rabbit [-] [bfcb0287-bbbb-4b2e-a5d6-450d884c9dce] Reconnected to AMQP server on mysql-001.vassilevski.com:5672 via [amqp] clientwith port 39360.
2017-02-09 15:26:47.758 6731 INFO oslo.messaging._drivers.impl_rabbit [-] [7455cabe-7bb0-4b7c-9b37-0a41ada110fb] Reconnected to AMQP server on mysql-001.vassilevski.com:5672 via [amqp] clientwith port 39368.
2017-02-09 15:26:47.761 6709 INFO oslo.messaging._drivers.impl_rabbit [-] [722bcd05-1c0b-4084-a85f-ee3aa89da8b6] Reconnected to AMQP server on mysql-001.vassilevski.com:5672 via [amqp] clientwith port 39362.
2017-02-09 15:26:47.769 6723 INFO oslo.messaging._drivers.impl_rabbit [-] [742e9ec9-3c3f-41e1-8be7-c4fc3408dbbe] Reconnected to AMQP server on mysql-001.vassilevski.com:5672 via [amqp] clientwith port 39358.
2017-02-09 15:26:47.774 6737 INFO oslo.messaging._drivers.impl_rabbit [-] [50b7a94b-139d-4dae-95db-475506f08899] Reconnected to AMQP server on mysql-001.vassilevski.com:5672 via [amqp] clientwith port 39364.
2017-02-09 15:26:47.777 6729 INFO oslo.messaging._drivers.impl_rabbit [-] [6a69b552-8fbb-44dd-876e-dbf529fa7b00] Reconnected to AMQP server on mysql-001.vassilevski.com:5672 via [amqp] clientwith port 39370.
2017-02-09 15:26:47.785 6725 INFO oslo.messaging._drivers.impl_rabbit [-] [3fe9ff75-cf35-45f2-9f2d-3c8fb3a7fcf0] Reconnected to AMQP server on mysql-001.vassilevski.com:5672 via [amqp] clientwith port 39372.
2017-02-09 15:26:47.786 6724 INFO oslo.messaging._drivers.impl_rabbit [-] [09470863-6265-4131-9f5b-ac71401615f9] Reconnected to AMQP server on mysql-001.vassilevski.com:5672 via [amqp] clientwith port 39374.
2017-02-09 15:26:47.798 6701 INFO oslo.messaging._drivers.impl_rabbit [-] [5ecb005d-acc9-476c-811d-62262d198747] Reconnected to AMQP server on mysql-001.vassilevski.com:5672 via [amqp] clientwith port 39366.
2017-02-09 15:26:50.100 6732 INFO oslo.messaging._drivers.impl_rabbit [-] [bd24446b-8c02-4db5-8ea2-1d5eb96ba41a] Reconnected to AMQP server on mysql-001.vassilevski.com:5672 via [amqp] clientwith port 39378.
2017-02-09 15:27:09.333 6710 ERROR oslo.messaging._drivers.impl_rabbit [-] [135473c1-4b5b-46ff-8aee-78f75a991264] AMQP server on mysql-001.vassilevski.com:5672 is unreachable: timed out. Trying again in 1 seconds. Client port: None
2017-02-09 15:27:09.466 6720 ERROR oslo.messaging._drivers.impl_rabbit [-] [38ddae87-274e-455a-a348-e758484a37a1] AMQP server on mysql-001.vassilevski.com:5672 is unreachable: timed out. Trying again in 1 seconds. Client port: None
2017-02-09 15:27:09.595 6714 ERROR oslo.messaging._drivers.impl_rabbit [-] [357a8f8c-a059-42af-ac4d-4f85ae37a831] AMQP server on mysql-001.vassilevski.com:5672 is unreachable: timed out. Trying again in 1 seconds. Client port: None
2017-02-09 15:27:10.362 6710 INFO oslo.messaging._drivers.impl_rabbit [-] [135473c1-4b5b-46ff-8aee-78f75a991264] Reconnected to AMQP server on mysql-001.vassilevski.com:5672 via [amqp] clientwith port 39410.
2017-02-09 15:27:10.486 6720 INFO oslo.messaging._drivers.impl_rabbit [-] [38ddae87-274e-455a-a348-e758484a37a1] Reconnected to AMQP server on mysql-001.vassilevski.com:5672 via [amqp] clientwith port 39412.
2017-02-09 15:27:10.535 6736 ERROR oslo.messaging._drivers.impl_rabbit [-] [4e0c6642-e3c7-4cf7-8e55-bd0936beb285] AMQP server on mysql-001.vassilevski.com:5672 is unreachable: timed out. Trying again in 1 seconds. Client port: None
2017-02-09 15:27:10.582 6709 ERROR oslo.messaging._drivers.impl_rabbit [-] [7d2f526d-ae0e-44be-a558-3714417ca4ab] AMQP server on mysql-001.vassilevski.com:5672 is unreachable: timed out. Trying again in 1 seconds. Client port: None
2017-02-09 15:27:10.616 6714 INFO oslo.messaging._drivers.impl_rabbit [-] [357a8f8c-a059-42af-ac4d-4f85ae37a831] Reconnected to AMQP server on mysql-001.vassilevski.com:5672 via [amqp] clientwith port 39414.
2017-02-09 15:27:10.642 6701 ERROR oslo.messaging._drivers.impl_rabbit [-] [4c2e0b68-a961-483f-87ae-b5d0a87a5cca] AMQP server on mysql-001.vassilevski.com:5672 is unreachable: timed out. Trying again in 1 seconds. Client port: None
2017-02-09 15:27:10.728 6729 ERROR oslo.messaging._drivers.impl_rabbit [-] [c7d7a398-b354-47a0-980d-0470ac348b7f] AMQP server on mysql-001.vassilevski.com:5672 is unreachable: timed out. Trying again in 1 seconds. Client port: None
2017-02-09 15:27:10.821 6723 ERROR oslo.messaging._drivers.impl_rabbit [-] [49271f85-67d3-4220-afb9-39296812233d] AMQP server on mysql-001.vassilevski.com:5672 is unreachable: timed out. Trying again in 1 seconds. Client port: None
2017-02-09 15:27:10.877 6737 ERROR oslo.messaging._drivers.impl_rabbit [-] [3d481197-4d1d-40e2-a913-01a38a57b3a2] AMQP server on mysql-001.vassilevski.com:5672 is unreachable: timed out. Trying again in 1 seconds. Client port: None
2017-02-09 15:27:11.560 6736 INFO oslo.messaging._drivers.impl_rabbit [-] [4e0c6642-e3c7-4cf7-8e55-bd0936beb285] Reconnected to AMQP server on mysql-001.vassilevski.com:5672 via [amqp] clientwith port 39416.
2017-02-09 15:27:11.603 6709 INFO oslo.messaging._drivers.impl_rabbit [-] [7d2f526d-ae0e-44be-a558-3714417ca4ab] Reconnected to AMQP server on mysql-001.vassilevski.com:5672 via [amqp] clientwith port 39418.
2017-02-09 15:27:11.662 6701 INFO oslo.messaging._drivers.impl_rabbit [-] [4c2e0b68-a961-483f-87ae-b5d0a87a5cca] Reconnected to AMQP server on mysql-001.vassilevski.com:5672 via [amqp] clientwith port 39420.
2017-02-09 15:27:11.748 6729 INFO oslo.messaging._drivers.impl_rabbit [-] [c7d7a398-b354-47a0-980d-0470ac348b7f] Reconnected to AMQP server on mysql-001.vassilevski.com:5672 via [amqp] clientwith port 39422.
2017-02-09 15:27:11.842 6723 INFO oslo.messaging._drivers.impl_rabbit [-] [49271f85-67d3-4220-afb9-39296812233d] Reconnected to AMQP server on mysql-001.vassilevski.com:5672 via [amqp] clientwith port 39424.
2017-02-09 15:27:11.898 6737 INFO oslo.messaging._drivers.impl_rabbit [-] [3d481197-4d1d-40e2-a913-01a38a57b3a2] Reconnected to AMQP server on mysql-001.vassilevski.com:5672 via [amqp] clientwith port 39426.
2017-02-09 15:27:14.281 6730 ERROR oslo.messaging._drivers.impl_rabbit [-] [a59d96ad-565b-4d45-a6ae-0c94a0a9875f] AMQP server on mysql-001.vassilevski.com:5672 is unreachable: timed out. Trying again in 1 seconds. Client port: None
2017-02-09 15:27:14.296 6734 ERROR oslo.messaging._drivers.impl_rabbit [-] [1a3c0080-7479-48b7-89b1-ef4efd1ace5d] AMQP server on mysql-001.vassilevski.com:5672 is unreachable: timed out. Trying again in 1 seconds. Client port: None
2017-02-09 15:27:15.305 6730 INFO oslo.messaging._drivers.impl_rabbit [-] [a59d96ad-565b-4d45-a6ae-0c94a0a9875f] Reconnected to AMQP server on mysql-001.vassilevski.com:5672 via [amqp] clientwith port 39428.
2017-02-09 15:27:15.317 6734 INFO oslo.messaging._drivers.impl_rabbit [-] [1a3c0080-7479-48b7-89b1-ef4efd1ace5d] Reconnected to AMQP server on mysql-001.vassilevski.com:5672 via [amqp] clientwith port 39430.
2017-02-09 15:27:16.214 6721 ERROR oslo.messaging._drivers.impl_rabbit [-] [9c75685a-5dac-435f-a115-e52a2a6a969c] AMQP server on mysql-001.vassilevski.com:5672 is unreachable: timed out. Trying again in 1 seconds. Client port: None
2017-02-09 15:27:16.320 6733 ERROR oslo.messaging._drivers.impl_rabbit [-] [d12d2720-57dc-4d22-b6ad-264fbe92fa98] AMQP server on mysql-001.vassilevski.com:5672 is unreachable: timed out. Trying again in 1 seconds. Client port: None
2017-02-09 15:27:16.394 6708 ERROR oslo.messaging._drivers.impl_rabbit [-] [d0cd584f-9d70-4f10-8931-5feae37fa6ab] AMQP server on mysql-001.vassilevski.com:5672 is unreachable: timed out. Trying again in 1 seconds. Client port: None
2017-02-09 15:27:16.466 6706 ERROR oslo.messaging._drivers.impl_rabbit [-] [a9730b70-b600-47e9-b52d-3698f9b85e14] AMQP server on mysql-001.vassilevski.com:5672 is unreachable: timed out. Trying again in 1 seconds. Client port: None
2017-02-09 15:27:17.055 6713 ERROR oslo.messaging._drivers.impl_rabbit [-] [cb592740-3bed-4ae2-8ee2-d72560083404] AMQP server on mysql-001.vassilevski.com:5672 is unreachable: timed out. Trying again in 1 seconds. Client port: None
2017-02-09 15:27:17.125 6711 ERROR oslo.messaging._drivers.impl_rabbit [-] [b992cc13-ca3e-462a-a9ed-1f91c0345cb6] AMQP server on mysql-001.vassilevski.com:5672 is unreachable: timed out. Trying again in 1 seconds. Client port: None
2017-02-09 15:27:17.237 6721 INFO oslo.messaging._drivers.impl_rabbit [-] [9c75685a-5dac-435f-a115-e52a2a6a969c] Reconnected to AMQP server on mysql-001.vassilevski.com:5672 via [amqp] clientwith port 39432.
2017-02-09 15:27:17.256 6707 ERROR oslo.messaging._drivers.impl_rabbit [-] [ac7f20ff-644a-497f-bebb-f2e022c874fd] AMQP server on mysql-001.vassilevski.com:5672 is unreachable: timed out. Trying again in 1 seconds. Client port: None
2017-02-09 15:27:17.341 6733 INFO oslo.messaging._drivers.impl_rabbit [-] [d12d2720-57dc-4d22-b6ad-264fbe92fa98] Reconnected to AMQP server on mysql-001.vassilevski.com:5672 via [amqp] clientwith port 39434.
2017-02-09 15:27:17.424 6708 INFO oslo.messaging._drivers.impl_rabbit [-] [d0cd584f-9d70-4f10-8931-5feae37fa6ab] Reconnected to AMQP server on mysql-001.vassilevski.com:5672 via [amqp] clientwith port 39436.
2017-02-09 15:27:17.490 6706 INFO oslo.messaging._drivers.impl_rabbit [-] [a9730b70-b600-47e9-b52d-3698f9b85e14] Reconnected to AMQP server on mysql-001.vassilevski.com:5672 via [amqp] clientwith port 39438.
2017-02-09 15:27:18.060 6712 ERROR oslo.messaging._drivers.impl_rabbit [-] [528c2aad-6f3c-4056-a8a4-d701d79a7d50] AMQP server on mysql-001.vassilevski.com:5672 is unreachable: timed out. Trying again in 1 seconds. Client port: None
2017-02-09 15:27:18.080 6713 INFO oslo.messaging._drivers.impl_rabbit [-] [cb592740-3bed-4ae2-8ee2-d72560083404] Reconnected to AMQP server on mysql-001.vassilevski.com:5672 via [amqp] clientwith port 39442.
2017-02-09 15:27:18.126 6727 ERROR oslo.messaging._drivers.impl_rabbit [-] [72739339-f4a9-4105-a58e-21665c55223d] AMQP server on mysql-001.vassilevski.com:5672 is unreachable: timed out. Trying again in 1 seconds. Client port: None
2017-02-09 15:27:18.155 6711 INFO oslo.messaging._drivers.impl_rabbit [-] [b992cc13-ca3e-462a-a9ed-1f91c0345cb6] Reconnected to AMQP server on mysql-001.vassilevski.com:5672 via [amqp] clientwith port 39444.
2017-02-09 15:27:18.279 6707 INFO oslo.messaging._drivers.impl_rabbit [-] [ac7f20ff-644a-497f-bebb-f2e022c874fd] Reconnected to AMQP server on mysql-001.vassilevski.com:5672 via [amqp] clientwith port 39446.
2017-02-09 15:27:18.795 6735 ERROR oslo.messaging._drivers.impl_rabbit [-] [b44d6a27-425b-4b9e-bc74-b32571409ebc] AMQP server on mysql-001.vassilevski.com:5672 is unreachable: timed out. Trying again in 1 seconds. Client port: None
2017-02-09 15:27:18.866 6718 ERROR oslo.messaging._drivers.impl_rabbit [-] [6911b805-df78-43ac-bf9f-e66562d2ce8c] AMQP server on mysql-001.vassilevski.com:5672 is unreachable: timed out. Trying again in 1 seconds. Client port: None
2017-02-09 15:27:18.936 6728 ERROR oslo.messaging._drivers.impl_rabbit [-] [f6bfabaf-8f91-43d9-a204-33507ff7603b] AMQP server on mysql-001.vassilevski.com:5672 is unreachable: timed out. Trying again in 1 seconds. Client port: None
2017-02-09 15:27:19.021 6738 ERROR oslo.messaging._drivers.impl_rabbit [-] [06543081-4b69-4f9b-93d5-3de223df405d] AMQP server on mysql-001.vassilevski.com:5672 is unreachable: timed out. Trying again in 1 seconds. Client port: None
2017-02-09 15:27:19.079 6712 INFO oslo.messaging._drivers.impl_rabbit [-] [528c2aad-6f3c-4056-a8a4-d701d79a7d50] Reconnected to AMQP server on mysql-001.vassilevski.com:5672 via [amqp] clientwith port 39448.
2017-02-09 15:27:19.151 6727 INFO oslo.messaging._drivers.impl_rabbit [-] [72739339-f4a9-4105-a58e-21665c55223d] Reconnected to AMQP server on mysql-001.vassilevski.com:5672 via [amqp] clientwith port 39450.
2017-02-09 15:27:19.816 6735 INFO oslo.messaging._drivers.impl_rabbit [-] [b44d6a27-425b-4b9e-bc74-b32571409ebc] Reconnected to AMQP server on mysql-001.vassilevski.com:5672 via [amqp] clientwith port 39454.
2017-02-09 15:27:19.887 6718 INFO oslo.messaging._drivers.impl_rabbit [-] [6911b805-df78-43ac-bf9f-e66562d2ce8c] Reconnected to AMQP server on mysql-001.vassilevski.com:5672 via [amqp] clientwith port 39456.
2017-02-09 15:27:19.959 6728 INFO oslo.messaging._drivers.impl_rabbit [-] [f6bfabaf-8f91-43d9-a204-33507ff7603b] Reconnected to AMQP server on mysql-001.vassilevski.com:5672 via [amqp] clientwith port 39458.
2017-02-09 15:27:20.043 6738 INFO oslo.messaging._drivers.impl_rabbit [-] [06543081-4b69-4f9b-93d5-3de223df405d] Reconnected to AMQP server on mysql-001.vassilevski.com:5672 via [amqp] clientwith port 39460.
2017-02-09 15:27:34.124 6717 ERROR oslo.messaging._drivers.impl_rabbit [-] [d6f406d3-063d-466a-b86c-21893e086b8a] AMQP server on mysql-001.vassilevski.com:5672 is unreachable: timed out. Trying again in 1 seconds. Client port: None
2017-02-09 15:27:34.179 6715 ERROR oslo.messaging._drivers.impl_rabbit [-] [0cedb21c-7ba5-4e3c-946c-bb22b371ae40] AMQP server on mysql-001.vassilevski.com:5672 is unreachable: timed out. Trying again in 1 seconds. Client port: None
2017-02-09 15:27:35.150 6717 INFO oslo.messaging._drivers.impl_rabbit [-] [d6f406d3-063d-466a-b86c-21893e086b8a] Reconnected to AMQP server on mysql-001.vassilevski.com:5672 via [amqp] clientwith port 39474.
2017-02-09 15:27:35.207 6715 INFO oslo.messaging._drivers.impl_rabbit [-] [0cedb21c-7ba5-4e3c-946c-bb22b371ae40] Reconnected to AMQP server on mysql-001.vassilevski.com:5672 via [amqp] clientwith port 39476.
2017-02-09 15:27:39.292 6740 ERROR oslo.messaging._drivers.impl_rabbit [-] [fdf89f84-111c-4ca4-a847-f6ecd81b5074] AMQP server on mysql-001.vassilevski.com:5672 is unreachable: timed out. Trying again in 1 seconds. Client port: None
2017-02-09 15:27:39.638 6722 ERROR oslo.messaging._drivers.impl_rabbit [-] [406c5d42-7d8b-4517-84cc-00b9d6bed744] AMQP server on mysql-001.vassilevski.com:5672 is unreachable: timed out. Trying again in 1 seconds. Client port: None
2017-02-09 15:27:39.707 6705 ERROR oslo.messaging._drivers.impl_rabbit [-] [af619d3b-bfc9-45dc-bc80-471ef2d9aaaf] AMQP server on mysql-001.vassilevski.com:5672 is unreachable: timed out. Trying again in 1 seconds. Client port: None
2017-02-09 15:27:39.730 6719 ERROR oslo.messaging._drivers.impl_rabbit [-] [78b4ea77-e900-43f9-8154-8d567a0b978f] AMQP server on mysql-001.vassilevski.com:5672 is unreachable: timed out. Trying again in 1 seconds. Client port: None
2017-02-09 15:27:40.316 6740 INFO oslo.messaging._drivers.impl_rabbit [-] [fdf89f84-111c-4ca4-a847-f6ecd81b5074] Reconnected to AMQP server on mysql-001.vassilevski.com:5672 via [amqp] clientwith port 39482.
2017-02-09 15:27:40.659 6722 INFO oslo.messaging._drivers.impl_rabbit [-] [406c5d42-7d8b-4517-84cc-00b9d6bed744] Reconnected to AMQP server on mysql-001.vassilevski.com:5672 via [amqp] clientwith port 39484.
2017-02-09 15:27:40.728 6705 INFO oslo.messaging._drivers.impl_rabbit [-] [af619d3b-bfc9-45dc-bc80-471ef2d9aaaf] Reconnected to AMQP server on mysql-001.vassilevski.com:5672 via [amqp] clientwith port 39488.
2017-02-09 15:27:40.752 6719 INFO oslo.messaging._drivers.impl_rabbit [-] [78b4ea77-e900-43f9-8154-8d567a0b978f] Reconnected to AMQP server on mysql-001.vassilevski.com:5672 via [amqp] clientwith port 39490.
2017-02-09 15:27:46.894 6703 ERROR oslo.messaging._drivers.impl_rabbit [-] [2e978b1b-58b2-4916-a9b2-6cb713cd4580] AMQP server on mysql-001.vassilevski.com:5672 is unreachable: timed out. Trying again in 1 seconds. Client port: None
2017-02-09 15:27:47.049 6704 ERROR oslo.messaging._drivers.impl_rabbit [-] [353eadaf-6be3-4a76-8655-49e331423c74] AMQP server on mysql-001.vassilevski.com:5672 is unreachable: timed out. Trying again in 1 seconds. Client port: None
2017-02-09 15:27:47.220 6716 ERROR oslo.messaging._drivers.impl_rabbit [-] [c9c85fd7-c26c-4395-91cf-42a7a58db28b] AMQP server on mysql-001.vassilevski.com:5672 is unreachable: timed out. Trying again in 1 seconds. Client port: None
2017-02-09 15:27:47.247 6702 ERROR oslo.messaging._drivers.impl_rabbit [-] [e32c6349-81b0-4267-bc69-a2f3ec0ee8ed] AMQP server on mysql-001.vassilevski.com:5672 is unreachable: timed out. Trying again in 1 seconds. Client port: None
2017-02-09 15:27:47.350 6731 ERROR oslo.messaging._drivers.impl_rabbit [-] [9625648f-2c3b-49a9-9990-a70023e005f9] AMQP server on mysql-001.vassilevski.com:5672 is unreachable: timed out. Trying again in 1 seconds. Client port: None
2017-02-09 15:27:47.488 6725 ERROR oslo.messaging._drivers.impl_rabbit [-] [48192a6d-f5bc-4786-a7df-739fe23e1ed9] AMQP server on mysql-001.vassilevski.com:5672 is unreachable: timed out. Trying again in 1 seconds. Client port: None
2017-02-09 15:27:47.525 6724 ERROR oslo.messaging._drivers.impl_rabbit [-] [2998f160-5792-43d4-a60b-18775244c94d] AMQP server on mysql-001.vassilevski.com:5672 is unreachable: timed out. Trying again in 1 seconds. Client port: None
2017-02-09 15:27:47.916 6703 INFO oslo.messaging._drivers.impl_rabbit [-] [2e978b1b-58b2-4916-a9b2-6cb713cd4580] Reconnected to AMQP server on mysql-001.vassilevski.com:5672 via [amqp] clientwith port 39496.
2017-02-09 15:27:48.072 6704 INFO oslo.messaging._drivers.impl_rabbit [-] [353eadaf-6be3-4a76-8655-49e331423c74] Reconnected to AMQP server on mysql-001.vassilevski.com:5672 via [amqp] clientwith port 39498.
2017-02-09 15:27:48.245 6716 INFO oslo.messaging._drivers.impl_rabbit [-] [c9c85fd7-c26c-4395-91cf-42a7a58db28b] Reconnected to AMQP server on mysql-001.vassilevski.com:5672 via [amqp] clientwith port 39500.
2017-02-09 15:27:48.271 6702 INFO oslo.messaging._drivers.impl_rabbit [-] [e32c6349-81b0-4267-bc69-a2f3ec0ee8ed] Reconnected to AMQP server on mysql-001.vassilevski.com:5672 via [amqp] clientwith port 39502.
2017-02-09 15:27:48.378 6731 INFO oslo.messaging._drivers.impl_rabbit [-] [9625648f-2c3b-49a9-9990-a70023e005f9] Reconnected to AMQP server on mysql-001.vassilevski.com:5672 via [amqp] clientwith port 39504.
2017-02-09 15:27:48.510 6725 INFO oslo.messaging._drivers.impl_rabbit [-] [48192a6d-f5bc-4786-a7df-739fe23e1ed9] Reconnected to AMQP server on mysql-001.vassilevski.com:5672 via [amqp] clientwith port 39506.
2017-02-09 15:27:48.545 6724 INFO oslo.messaging._drivers.impl_rabbit [-] [2998f160-5792-43d4-a60b-18775244c94d] Reconnected to AMQP server on mysql-001.vassilevski.com:5672 via [amqp] clientwith port 39508.
2017-02-09 15:27:49.299 6732 ERROR oslo.messaging._drivers.impl_rabbit [-] [19613226-6abb-40fb-b1fd-294c26691577] AMQP server on mysql-001.vassilevski.com:5672 is unreachable: timed out. Trying again in 1 seconds. Client port: None
2017-02-09 15:27:50.320 6732 INFO oslo.messaging._drivers.impl_rabbit [-] [19613226-6abb-40fb-b1fd-294c26691577] Reconnected to AMQP server on mysql-001.vassilevski.com:5672 via [amqp] clientwith port 39512.
2017-02-09 15:27:54.300 6726 ERROR oslo.messaging._drivers.impl_rabbit [-] [496eb954-0aaa-4993-bc70-7b678eff9150] AMQP server on mysql-001.vassilevski.com:5672 is unreachable: timed out. Trying again in 1 seconds. Client port: None
2017-02-09 15:27:55.322 6726 INFO oslo.messaging._drivers.impl_rabbit [-] [496eb954-0aaa-4993-bc70-7b678eff9150] Reconnected to AMQP server on mysql-001.vassilevski.com:5672 via [amqp] clientwith port 39516.
2017-02-09 15:28:04.281 6739 ERROR oslo.messaging._drivers.impl_rabbit [-] [188f525c-4235-40ae-92c8-ed2eabc3c92f] AMQP server on mysql-001.vassilevski.com:5672 is unreachable: timed out. Trying again in 1 seconds. Client port: None
2017-02-09 15:28:05.303 6739 INFO oslo.messaging._drivers.impl_rabbit [-] [188f525c-4235-40ae-92c8-ed2eabc3c92f] Reconnected to AMQP server on mysql-001.vassilevski.com:5672 via [amqp] clientwith port 39526.
2017-02-09 15:32:36.762 4733 WARNING oslo_reports.guru_meditation_report [-] Guru meditation now registers SIGUSR1 and SIGUSR2 by default for backward compatibility. SIGUSR1 will no longer be registered in a future release, so please use SIGUSR2 to generate reports.
2017-02-09 15:32:36.793 4733 INFO oslo_service.service [req-eb648625-f5eb-40a5-88db-86c6b07db788 - - - - -] Starting 40 workers
2017-02-09 15:32:36.805 6705 INFO nova.service [-] Starting conductor node (version 14.0.2-1.el7)
2017-02-09 15:32:36.807 6706 INFO nova.service [-] Starting conductor node (version 14.0.2-1.el7)
2017-02-09 15:32:36.808 6707 INFO nova.service [-] Starting conductor node (version 14.0.2-1.el7)
2017-02-09 15:32:36.810 6708 INFO nova.service [-] Starting conductor node (version 14.0.2-1.el7)
2017-02-09 15:32:36.812 6709 INFO nova.service [-] Starting conductor node (version 14.0.2-1.el7)
2017-02-09 15:32:36.814 6711 INFO nova.service [-] Starting conductor node (version 14.0.2-1.el7)
2017-02-09 15:32:36.814 6710 INFO nova.service [-] Starting conductor node (version 14.0.2-1.el7)
2017-02-09 15:32:36.817 6713 INFO nova.service [-] Starting conductor node (version 14.0.2-1.el7)
2017-02-09 15:32:36.820 6712 INFO nova.service [-] Starting conductor node (version 14.0.2-1.el7)
2017-02-09 15:32:36.824 6715 INFO nova.service [-] Starting conductor node (version 14.0.2-1.el7)
2017-02-09 15:32:36.825 6714 INFO nova.service [-] Starting conductor node (version 14.0.2-1.el7)
2017-02-09 15:32:36.829 6717 INFO nova.service [-] Starting conductor node (version 14.0.2-1.el7)
2017-02-09 15:32:36.829 6716 INFO nova.service [-] Starting conductor node (version 14.0.2-1.el7)
2017-02-09 15:32:36.830 6718 INFO nova.service [-] Starting conductor node (version 14.0.2-1.el7)
2017-02-09 15:32:36.835 6719 INFO nova.service [-] Starting conductor node (version 14.0.2-1.el7)
2017-02-09 15:32:36.837 6720 INFO nova.service [-] Starting conductor node (version 14.0.2-1.el7)
2017-02-09 15:32:36.841 6721 INFO nova.service [-] Starting conductor node (version 14.0.2-1.el7)
2017-02-09 15:32:36.844 6722 INFO nova.service [-] Starting conductor node (version 14.0.2-1.el7)
2017-02-09 15:32:36.847 6723 INFO nova.service [-] Starting conductor node (version 14.0.2-1.el7)
2017-02-09 15:32:36.849 6724 INFO nova.service [-] Starting conductor node (version 14.0.2-1.el7)
2017-02-09 15:32:36.852 6726 INFO nova.service [-] Starting conductor node (version 14.0.2-1.el7)
2017-02-09 15:32:36.852 6725 INFO nova.service [-] Starting conductor node (version 14.0.2-1.el7)
2017-02-09 15:32:36.855 6727 INFO nova.service [-] Starting conductor node (version 14.0.2-1.el7)
2017-02-09 15:32:36.861 6728 INFO nova.service [-] Starting conductor node (version 14.0.2-1.el7)
2017-02-09 15:32:36.864 6729 INFO nova.service [-] Starting conductor node (version 14.0.2-1.el7)
2017-02-09 15:32:36.865 6730 INFO nova.service [-] Starting conductor node (version 14.0.2-1.el7)
2017-02-09 15:32:36.869 6731 INFO nova.service [-] Starting conductor node (version 14.0.2-1.el7)
2017-02-09 15:32:36.872 6734 INFO nova.service [-] Starting conductor node (version 14.0.2-1.el7)
2017-02-09 15:32:36.874 6739 INFO nova.service [-] Starting conductor node (version 14.0.2-1.el7)
2017-02-09 15:32:36.877 6740 INFO nova.service [-] Starting conductor node (version 14.0.2-1.el7)
2017-02-09 15:32:36.877 6741 INFO nova.service [-] Starting conductor node (version 14.0.2-1.el7)
2017-02-09 15:32:36.883 6742 INFO nova.service [-] Starting conductor node (version 14.0.2-1.el7)
2017-02-09 15:32:36.885 6743 INFO nova.service [-] Starting conductor node (version 14.0.2-1.el7)
2017-02-09 15:32:36.888 6744 INFO nova.service [-] Starting conductor node (version 14.0.2-1.el7)
2017-02-09 15:32:36.891 6745 INFO nova.service [-] Starting conductor node (version 14.0.2-1.el7)
2017-02-09 15:32:36.892 6746 INFO nova.service [-] Starting conductor node (version 14.0.2-1.el7)
2017-02-09 15:32:36.895 6747 INFO nova.service [-] Starting conductor node (version 14.0.2-1.el7)
2017-02-09 15:32:36.900 6749 INFO nova.service [-] Starting conductor node (version 14.0.2-1.el7)
2017-02-09 15:32:36.900 6748 INFO nova.service [-] Starting conductor node (version 14.0.2-1.el7)
2017-02-09 15:32:36.902 6750 INFO nova.service [-] Starting conductor node (version 14.0.2-1.el7)
2017-02-09 15:32:42.259 6722 ERROR oslo.messaging._drivers.impl_rabbit [req-6715e47c-d25f-4b66-8d26-c4899986d830 - - - - -] [0cc8aa71-08cb-4223-8583-cc2a85e6377d] AMQP server on mysql-001.vassilevski.com:5672 is unreachable: [Errno 111] ECONNREFUSED. Trying again in 1 seconds. Client port: None
2017-02-09 15:32:43.277 6722 INFO oslo.messaging._drivers.impl_rabbit [req-6715e47c-d25f-4b66-8d26-c4899986d830 - - - - -] [0cc8aa71-08cb-4223-8583-cc2a85e6377d] Reconnected to AMQP server on mysql-001.vassilevski.com:5672 via [amqp] clientwith port 40014.
2017-02-09 16:54:55.981 6750 ERROR nova.scheduler.utils [req-0d63c98d-6d71-42fc-8363-8368f84e23c0 f5f1375023474534b0935a8bd6dd6d95 c674ba8aac9545daa2b9184cd2e984f7 - - -] [instance: 3857ee4e-2a4c-4684-8293-8efcadc99bdc] Error from last host: mysql-002.vassilevski.com (node mysql-002.vassilevski.com): [u'Traceback (most recent call last):\n', u'  File "/usr/lib/python2.7/site-packages/nova/compute/manager.py", line 1779, in _do_build_and_run_instance\n    filter_properties)\n', u'  File "/usr/lib/python2.7/site-packages/nova/compute/manager.py", line 1976, in _build_and_run_instance\n    instance_uuid=instance.uuid, reason=six.text_type(e))\n', u"RescheduledException: Build of instance 3857ee4e-2a4c-4684-8293-8efcadc99bdc was re-scheduled: internal error: qemu unexpectedly closed the monitor: piix3-usb-uhci,id=usb,bus=pci.0,addr=0x1.0x2 -drive file=/var/lib/nova/instances/3857ee4e-2a4c-4684-8293-8efcadc99bdc/disk,format=qcow2,if=none,id=drive-virtio-disk0,cache=writethrough -device virtio-blk-pci,scsi=off,bus=pci.0,addr=0x4,drive=drive-virtio-disk0,id=virtio-disk0,bootindex=1 -netdev tap,fd=26,id=hostnet0 -device virtio-net-pci,netdev=hostnet0,id=net0,mac=fa:16:3e:97:65:c3,bus=pci.0,addr=0x3 -add-fd set=1,fd=29 -chardev file,id=charserial0,path=/dev/fdset/1,append=on -device isa-serial,chardev=charserial0,id=serial0 -chardev pty,id=charserial1 -device isa-serial,chardev=charserial1,id=serial1 -device usb-tablet,id=input0,bus=usb.0,port=1 -vnc x.x.x.2:0 -k en-us -device cirrus-vga,id=video0,bus=pci.0,addr=0x2 -device virtio-balloon-pci,id=balloon0,bus=pci.0,addr=0x5 -msg timestamp=on\nwarning: TCG doesn't support requested feature: CPUID.01H:EDX.vme [bit 1]\nwarning: TCG doesn't support requested feature: CPUID.01H:EDX.ds [bit 21]\nwarning: TCG doesn't s\n"]
2017-02-09 16:57:53.432 6709 ERROR nova.scheduler.utils [req-7a4d42ac-577c-43b4-93db-7739c9199c21 f5f1375023474534b0935a8bd6dd6d95 c674ba8aac9545daa2b9184cd2e984f7 - - -] [instance: 76e3edfb-7325-47ec-9b75-2d4de860ce52] Error from last host: mysql-002.vassilevski.com (node mysql-002.vassilevski.com): [u'Traceback (most recent call last):\n', u'  File "/usr/lib/python2.7/site-packages/nova/compute/manager.py", line 1779, in _do_build_and_run_instance\n    filter_properties)\n', u'  File "/usr/lib/python2.7/site-packages/nova/compute/manager.py", line 1976, in _build_and_run_instance\n    instance_uuid=instance.uuid, reason=six.text_type(e))\n', u"RescheduledException: Build of instance 76e3edfb-7325-47ec-9b75-2d4de860ce52 was re-scheduled: internal error: qemu unexpectedly closed the monitor: warning: TCG doesn't support requested feature: CPUID.01H:EDX.vme [bit 1]\nwarning: TCG doesn't support requested feature: CPUID.01H:EDX.ds [bit 21]\nwarning: TCG doesn't support requested feature: CPUID.01H:EDX.ht [bit 28]\nwarning: TCG doesn't support requested feature: CPUID.01H:EDX.tm [bit 29]\nwarning: TCG doesn't support requested feature: CPUID.01H:EDX.pbe [bit 31]\nwarning: TCG doesn't support requested feature: CPUID.01H:ECX.dtes64 [bit 2]\nwarning: TCG doesn't support requested feature: CPUID.01H:ECX.ds_cpl [bit 4]\nwarning: TCG doesn't support requested feature: CPUID.01H:ECX.vmx [bit 5]\nwarning: TCG doesn't support requested feature: CPUID.01H:ECX.smx [bit 6]\nwarning: TCG doesn't support requested feature: CPUID.01H:ECX.est [bit 7]\nwarning: TCG doesn't support requested feature: CPUID.01H:ECX.tm2 [bit 8]\nwarning: TCG doesn't support requested feature: CPUID.01H:ECX.fma [bit 12]\nwarning: TCG doesn't support requested feature: CPUID.01H:ECX.xtpr [bit 14]\nwarning: TCG\n"]
2017-02-09 16:59:02.560 6728 ERROR nova.scheduler.utils [req-d55c4b4b-2058-46f0-8e5e-6b84fb25b9ac f5f1375023474534b0935a8bd6dd6d95 c674ba8aac9545daa2b9184cd2e984f7 - - -] [instance: 6f5ed8b3-5c7c-4812-9908-c18509271dab] Error from last host: mysql-002.vassilevski.com (node mysql-002.vassilevski.com): [u'Traceback (most recent call last):\n', u'  File "/usr/lib/python2.7/site-packages/nova/compute/manager.py", line 1779, in _do_build_and_run_instance\n    filter_properties)\n', u'  File "/usr/lib/python2.7/site-packages/nova/compute/manager.py", line 1976, in _build_and_run_instance\n    instance_uuid=instance.uuid, reason=six.text_type(e))\n', u"RescheduledException: Build of instance 6f5ed8b3-5c7c-4812-9908-c18509271dab was re-scheduled: internal error: process exited while connecting to monitor: piix3-usb-uhci,id=usb,bus=pci.0,addr=0x1.0x2 -drive file=/var/lib/nova/instances/6f5ed8b3-5c7c-4812-9908-c18509271dab/disk,format=qcow2,if=none,id=drive-virtio-disk0,cache=writethrough -device virtio-blk-pci,scsi=off,bus=pci.0,addr=0x4,drive=drive-virtio-disk0,id=virtio-disk0,bootindex=1 -netdev tap,fd=26,id=hostnet0 -device virtio-net-pci,netdev=hostnet0,id=net0,mac=fa:16:3e:15:82:de,bus=pci.0,addr=0x3 -add-fd set=1,fd=29 -chardev file,id=charserial0,path=/dev/fdset/1,append=on -device isa-serial,chardev=charserial0,id=serial0 -chardev pty,id=charserial1 -device isa-serial,chardev=charserial1,id=serial1 -device usb-tablet,id=input0,bus=usb.0,port=1 -vnc x.x.x.2:0 -k en-us -device cirrus-vga,id=video0,bus=pci.0,addr=0x2 -device virtio-balloon-pci,id=balloon0,bus=pci.0,addr=0x5 -msg timestamp=on\nwarning: TCG doesn't support requested feature: CPUID.01H:EDX.vme [bit 1]\nwarning: TCG doesn't support requested feature: CPUID.01H:EDX.ds [bit 21]\nwarning: TCG doe\n"]
2017-02-09 17:07:05.853 6714 ERROR nova.servicegroup.drivers.db [-] Unexpected error while reporting service status
2017-02-09 17:07:05.853 6714 ERROR nova.servicegroup.drivers.db Traceback (most recent call last):
2017-02-09 17:07:05.853 6714 ERROR nova.servicegroup.drivers.db   File "/usr/lib/python2.7/site-packages/nova/servicegroup/drivers/db.py", line 89, in _report_state
2017-02-09 17:07:05.853 6714 ERROR nova.servicegroup.drivers.db     service.service_ref.save()
2017-02-09 17:07:05.853 6714 ERROR nova.servicegroup.drivers.db   File "/usr/lib/python2.7/site-packages/oslo_versionedobjects/base.py", line 226, in wrapper
2017-02-09 17:07:05.853 6714 ERROR nova.servicegroup.drivers.db     return fn(self, *args, **kwargs)
2017-02-09 17:07:05.853 6714 ERROR nova.servicegroup.drivers.db   File "/usr/lib/python2.7/site-packages/nova/objects/service.py", line 314, in save
2017-02-09 17:07:05.853 6714 ERROR nova.servicegroup.drivers.db     db_service = db.service_update(self._context, self.id, updates)
2017-02-09 17:07:05.853 6714 ERROR nova.servicegroup.drivers.db   File "/usr/lib/python2.7/site-packages/nova/db/api.py", line 183, in service_update
2017-02-09 17:07:05.853 6714 ERROR nova.servicegroup.drivers.db     return IMPL.service_update(context, service_id, values)
2017-02-09 17:07:05.853 6714 ERROR nova.servicegroup.drivers.db   File "/usr/lib/python2.7/site-packages/oslo_db/api.py", line 151, in wrapper
2017-02-09 17:07:05.853 6714 ERROR nova.servicegroup.drivers.db     ectxt.value = e.inner_exc
2017-02-09 17:07:05.853 6714 ERROR nova.servicegroup.drivers.db   File "/usr/lib/python2.7/site-packages/oslo_utils/excutils.py", line 220, in __exit__
2017-02-09 17:07:05.853 6714 ERROR nova.servicegroup.drivers.db     self.force_reraise()
2017-02-09 17:07:05.853 6714 ERROR nova.servicegroup.drivers.db   File "/usr/lib/python2.7/site-packages/oslo_utils/excutils.py", line 196, in force_reraise
2017-02-09 17:07:05.853 6714 ERROR nova.servicegroup.drivers.db     six.reraise(self.type_, self.value, self.tb)
2017-02-09 17:07:05.853 6714 ERROR nova.servicegroup.drivers.db   File "/usr/lib/python2.7/site-packages/oslo_db/api.py", line 139, in wrapper
2017-02-09 17:07:05.853 6714 ERROR nova.servicegroup.drivers.db     return f(*args, **kwargs)
2017-02-09 17:07:05.853 6714 ERROR nova.servicegroup.drivers.db   File "/usr/lib/python2.7/site-packages/nova/db/sqlalchemy/api.py", line 240, in wrapped
2017-02-09 17:07:05.853 6714 ERROR nova.servicegroup.drivers.db     return f(context, *args, **kwargs)
2017-02-09 17:07:05.853 6714 ERROR nova.servicegroup.drivers.db   File "/usr/lib/python2.7/site-packages/nova/db/sqlalchemy/api.py", line 566, in service_update
2017-02-09 17:07:05.853 6714 ERROR nova.servicegroup.drivers.db     service_ref = service_get(context, service_id)
2017-02-09 17:07:05.853 6714 ERROR nova.servicegroup.drivers.db   File "/usr/lib/python2.7/site-packages/nova/db/sqlalchemy/api.py", line 255, in wrapped
2017-02-09 17:07:05.853 6714 ERROR nova.servicegroup.drivers.db     return f(context, *args, **kwargs)
2017-02-09 17:07:05.853 6714 ERROR nova.servicegroup.drivers.db   File "/usr/lib/python2.7/site-packages/nova/db/sqlalchemy/api.py", line 443, in service_get
2017-02-09 17:07:05.853 6714 ERROR nova.servicegroup.drivers.db     result = query.first()
2017-02-09 17:07:05.853 6714 ERROR nova.servicegroup.drivers.db   File "/usr/lib64/python2.7/site-packages/sqlalchemy/orm/query.py", line 2634, in first
2017-02-09 17:07:05.853 6714 ERROR nova.servicegroup.drivers.db     ret = list(self[0:1])
2017-02-09 17:07:05.853 6714 ERROR nova.servicegroup.drivers.db   File "/usr/lib64/python2.7/site-packages/sqlalchemy/orm/query.py", line 2457, in __getitem__
2017-02-09 17:07:05.853 6714 ERROR nova.servicegroup.drivers.db     return list(res)
2017-02-09 17:07:05.853 6714 ERROR nova.servicegroup.drivers.db   File "/usr/lib64/python2.7/site-packages/sqlalchemy/orm/query.py", line 2736, in __iter__
2017-02-09 17:07:05.853 6714 ERROR nova.servicegroup.drivers.db     return self._execute_and_instances(context)
2017-02-09 17:07:05.853 6714 ERROR nova.servicegroup.drivers.db   File "/usr/lib64/python2.7/site-packages/sqlalchemy/orm/query.py", line 2749, in _execute_and_instances
2017-02-09 17:07:05.853 6714 ERROR nova.servicegroup.drivers.db     close_with_result=True)
2017-02-09 17:07:05.853 6714 ERROR nova.servicegroup.drivers.db   File "/usr/lib64/python2.7/site-packages/sqlalchemy/orm/query.py", line 2740, in _connection_from_session
2017-02-09 17:07:05.853 6714 ERROR nova.servicegroup.drivers.db     **kw)
2017-02-09 17:07:05.853 6714 ERROR nova.servicegroup.drivers.db   File "/usr/lib64/python2.7/site-packages/sqlalchemy/orm/session.py", line 905, in connection
2017-02-09 17:07:05.853 6714 ERROR nova.servicegroup.drivers.db     execution_options=execution_options)
2017-02-09 17:07:05.853 6714 ERROR nova.servicegroup.drivers.db   File "/usr/lib64/python2.7/site-packages/sqlalchemy/orm/session.py", line 910, in _connection_for_bind
2017-02-09 17:07:05.853 6714 ERROR nova.servicegroup.drivers.db     engine, execution_options)
2017-02-09 17:07:05.853 6714 ERROR nova.servicegroup.drivers.db   File "/usr/lib64/python2.7/site-packages/sqlalchemy/orm/session.py", line 334, in _connection_for_bind
2017-02-09 17:07:05.853 6714 ERROR nova.servicegroup.drivers.db     conn = bind.contextual_connect()
2017-02-09 17:07:05.853 6714 ERROR nova.servicegroup.drivers.db   File "/usr/lib64/python2.7/site-packages/sqlalchemy/engine/base.py", line 2039, in contextual_connect
2017-02-09 17:07:05.853 6714 ERROR nova.servicegroup.drivers.db     self._wrap_pool_connect(self.pool.connect, None),
2017-02-09 17:07:05.853 6714 ERROR nova.servicegroup.drivers.db   File "/usr/lib64/python2.7/site-packages/sqlalchemy/engine/base.py", line 2078, in _wrap_pool_connect
2017-02-09 17:07:05.853 6714 ERROR nova.servicegroup.drivers.db     e, dialect, self)
2017-02-09 17:07:05.853 6714 ERROR nova.servicegroup.drivers.db   File "/usr/lib64/python2.7/site-packages/sqlalchemy/engine/base.py", line 1401, in _handle_dbapi_exception_noconnection
2017-02-09 17:07:05.853 6714 ERROR nova.servicegroup.drivers.db     util.raise_from_cause(newraise, exc_info)
