2017-02-09 07:43:46.643 14579 WARNING oslo_reports.guru_meditation_report [-] Guru meditation now registers SIGUSR1 and SIGUSR2 by default for backward compatibility. SIGUSR1 will no longer be registered in a future release, so please use SIGUSR2 to generate reports.
2017-02-09 07:43:46.659 14579 INFO oslo_service.service [req-95e35b36-bdd3-4367-9a06-2bd941b9c807 - - - - -] Starting 40 workers
2017-02-09 07:43:46.668 15128 INFO nova.service [-] Starting conductor node (version 14.0.2-1.el7)
2017-02-09 07:43:46.670 15131 INFO nova.service [-] Starting conductor node (version 14.0.2-1.el7)
2017-02-09 07:43:46.669 15127 INFO nova.service [-] Starting conductor node (version 14.0.2-1.el7)
2017-02-09 07:43:46.672 15130 INFO nova.service [-] Starting conductor node (version 14.0.2-1.el7)
2017-02-09 07:43:46.674 15132 INFO nova.service [-] Starting conductor node (version 14.0.2-1.el7)
2017-02-09 07:43:46.676 15133 INFO nova.service [-] Starting conductor node (version 14.0.2-1.el7)
2017-02-09 07:43:46.677 15134 INFO nova.service [-] Starting conductor node (version 14.0.2-1.el7)
2017-02-09 07:43:46.679 15135 INFO nova.service [-] Starting conductor node (version 14.0.2-1.el7)
2017-02-09 07:43:46.680 15136 INFO nova.service [-] Starting conductor node (version 14.0.2-1.el7)
2017-02-09 07:43:46.684 15138 INFO nova.service [-] Starting conductor node (version 14.0.2-1.el7)
2017-02-09 07:43:46.684 15137 INFO nova.service [-] Starting conductor node (version 14.0.2-1.el7)
2017-02-09 07:43:46.687 15139 INFO nova.service [-] Starting conductor node (version 14.0.2-1.el7)
2017-02-09 07:43:46.690 15141 INFO nova.service [-] Starting conductor node (version 14.0.2-1.el7)
2017-02-09 07:43:46.691 15142 INFO nova.service [-] Starting conductor node (version 14.0.2-1.el7)
2017-02-09 07:43:46.690 15140 INFO nova.service [-] Starting conductor node (version 14.0.2-1.el7)
2017-02-09 07:43:46.691 15143 INFO nova.service [-] Starting conductor node (version 14.0.2-1.el7)
2017-02-09 07:43:46.694 15145 INFO nova.service [-] Starting conductor node (version 14.0.2-1.el7)
2017-02-09 07:43:46.698 15149 INFO nova.service [-] Starting conductor node (version 14.0.2-1.el7)
2017-02-09 07:43:46.709 15150 INFO nova.service [-] Starting conductor node (version 14.0.2-1.el7)
2017-02-09 07:43:46.711 15152 INFO nova.service [-] Starting conductor node (version 14.0.2-1.el7)
2017-02-09 07:43:46.713 15153 INFO nova.service [-] Starting conductor node (version 14.0.2-1.el7)
2017-02-09 07:43:46.715 15157 INFO nova.service [-] Starting conductor node (version 14.0.2-1.el7)
2017-02-09 07:43:46.725 15161 INFO nova.service [-] Starting conductor node (version 14.0.2-1.el7)
2017-02-09 07:43:46.729 15164 INFO nova.service [-] Starting conductor node (version 14.0.2-1.el7)
2017-02-09 07:43:46.733 15166 INFO nova.service [-] Starting conductor node (version 14.0.2-1.el7)
2017-02-09 07:43:46.734 15173 INFO nova.service [-] Starting conductor node (version 14.0.2-1.el7)
2017-02-09 07:43:46.735 15167 INFO nova.service [-] Starting conductor node (version 14.0.2-1.el7)
2017-02-09 07:43:46.739 15174 INFO nova.service [-] Starting conductor node (version 14.0.2-1.el7)
2017-02-09 07:43:46.748 15176 INFO nova.service [-] Starting conductor node (version 14.0.2-1.el7)
2017-02-09 07:43:46.753 15178 INFO nova.service [-] Starting conductor node (version 14.0.2-1.el7)
2017-02-09 07:43:46.753 15177 INFO nova.service [-] Starting conductor node (version 14.0.2-1.el7)
2017-02-09 07:43:46.758 15180 INFO nova.service [-] Starting conductor node (version 14.0.2-1.el7)
2017-02-09 07:43:46.768 15182 INFO nova.service [-] Starting conductor node (version 14.0.2-1.el7)
2017-02-09 07:43:46.771 15187 INFO nova.service [-] Starting conductor node (version 14.0.2-1.el7)
2017-02-09 07:43:46.774 15189 INFO nova.service [-] Starting conductor node (version 14.0.2-1.el7)
2017-02-09 07:43:46.785 15190 INFO nova.service [-] Starting conductor node (version 14.0.2-1.el7)
2017-02-09 07:43:46.789 15192 INFO nova.service [-] Starting conductor node (version 14.0.2-1.el7)
2017-02-09 07:43:46.796 15197 INFO nova.service [-] Starting conductor node (version 14.0.2-1.el7)
2017-02-09 07:43:46.798 15195 INFO nova.service [-] Starting conductor node (version 14.0.2-1.el7)
2017-02-09 07:43:46.807 15200 INFO nova.service [-] Starting conductor node (version 14.0.2-1.el7)
2017-02-09 08:22:53.135 15164 INFO oslo.messaging._drivers.impl_rabbit [-] A recoverable connection/channel error occurred, trying to reconnect: Too many heartbeats missed
2017-02-09 08:22:54.425 15135 ERROR oslo.messaging._drivers.impl_rabbit [-] [c9428b15-be20-43c5-bbb3-8c283d9c4672] AMQP server on mysql-001.vassilevski.com:5672 is unreachable: Too many heartbeats missed. Trying again in 1 seconds. Client port: 33874
2017-02-09 08:22:59.889 15200 INFO oslo.messaging._drivers.impl_rabbit [-] A recoverable connection/channel error occurred, trying to reconnect: Too many heartbeats missed
2017-02-09 08:23:02.188 15143 ERROR oslo.messaging._drivers.impl_rabbit [-] [e028f275-61ce-452e-aa1d-01bc87864d7e] AMQP server on mysql-001.vassilevski.com:5672 is unreachable: Too many heartbeats missed. Trying again in 1 seconds. Client port: 33858
2017-02-09 08:23:02.251 15153 ERROR oslo.messaging._drivers.impl_rabbit [-] [dc2f041b-0156-48df-babf-47c9d08542ce] AMQP server on mysql-001.vassilevski.com:5672 is unreachable: Too many heartbeats missed. Trying again in 1 seconds. Client port: 33892
2017-02-09 08:23:02.264 15134 ERROR oslo.messaging._drivers.impl_rabbit [-] [8051641b-d4ea-4299-b15e-74f09872adc9] AMQP server on mysql-001.vassilevski.com:5672 is unreachable: Too many heartbeats missed. Trying again in 1 seconds. Client port: 33898
2017-02-09 08:23:02.266 15149 ERROR oslo.messaging._drivers.impl_rabbit [-] [0c43d075-48f7-4ee5-9d21-69054518b1bd] AMQP server on mysql-001.vassilevski.com:5672 is unreachable: Too many heartbeats missed. Trying again in 1 seconds. Client port: 33900
2017-02-09 08:23:02.267 15166 ERROR oslo.messaging._drivers.impl_rabbit [-] [1da74124-d952-44df-8b55-29ff40a41271] AMQP server on mysql-001.vassilevski.com:5672 is unreachable: Too many heartbeats missed. Trying again in 1 seconds. Client port: 33902
2017-02-09 08:23:02.275 15150 ERROR oslo.messaging._drivers.impl_rabbit [-] [31aed8b3-1ee6-4ff8-b965-1b2cb6c5897e] AMQP server on mysql-001.vassilevski.com:5672 is unreachable: Too many heartbeats missed. Trying again in 1 seconds. Client port: 33904
2017-02-09 08:23:02.278 15182 ERROR oslo.messaging._drivers.impl_rabbit [-] [23230e4a-307a-4911-b86e-0c209db0b76b] AMQP server on mysql-001.vassilevski.com:5672 is unreachable: Too many heartbeats missed. Trying again in 1 seconds. Client port: 33906
2017-02-09 08:23:02.279 15138 ERROR oslo.messaging._drivers.impl_rabbit [-] [c72f80bd-6eee-4976-bc8e-5f4374ef6303] AMQP server on mysql-001.vassilevski.com:5672 is unreachable: Too many heartbeats missed. Trying again in 1 seconds. Client port: 33908
2017-02-09 08:23:02.327 15161 ERROR oslo.messaging._drivers.impl_rabbit [-] [4e2076a3-402c-4b4a-a550-84624b455289] AMQP server on mysql-001.vassilevski.com:5672 is unreachable: Too many heartbeats missed. Trying again in 1 seconds. Client port: 33928
2017-02-09 08:23:02.327 15167 ERROR oslo.messaging._drivers.impl_rabbit [-] [39c4b8bf-737f-4e00-861d-270db813308d] AMQP server on mysql-001.vassilevski.com:5672 is unreachable: Too many heartbeats missed. Trying again in 1 seconds. Client port: 33926
2017-02-09 08:23:02.335 15176 ERROR oslo.messaging._drivers.impl_rabbit [-] [fa483a25-d75d-4315-b120-48e602136e2b] AMQP server on mysql-001.vassilevski.com:5672 is unreachable: Too many heartbeats missed. Trying again in 1 seconds. Client port: 33930
2017-02-09 08:23:02.355 15152 ERROR oslo.messaging._drivers.impl_rabbit [-] [444c58a0-24a7-4477-91a2-742facad4004] AMQP server on mysql-001.vassilevski.com:5672 is unreachable: Too many heartbeats missed. Trying again in 1 seconds. Client port: 33932
2017-02-09 08:23:02.360 15173 ERROR oslo.messaging._drivers.impl_rabbit [-] [9b3e5b9b-6529-4d55-8972-4ee9fbf680f7] AMQP server on mysql-001.vassilevski.com:5672 is unreachable: Too many heartbeats missed. Trying again in 1 seconds. Client port: 33934
2017-02-09 08:23:02.370 15178 ERROR oslo.messaging._drivers.impl_rabbit [-] [8fb90a7d-2344-44dd-bd02-cf8e9688e033] AMQP server on mysql-001.vassilevski.com:5672 is unreachable: Too many heartbeats missed. Trying again in 1 seconds. Client port: 33938
2017-02-09 08:23:02.432 15200 ERROR oslo.messaging._drivers.impl_rabbit [-] [a1b7c211-0b0d-4a23-9d14-46a2e20e48b0] AMQP server on mysql-001.vassilevski.com:5672 is unreachable: Too many heartbeats missed. Trying again in 1 seconds. Client port: 33944
2017-02-09 08:23:02.597 15143 INFO oslo.messaging._drivers.impl_rabbit [-] A recoverable connection/channel error occurred, trying to reconnect: Too many heartbeats missed
2017-02-09 08:23:03.405 15167 INFO oslo.messaging._drivers.impl_rabbit [-] A recoverable connection/channel error occurred, trying to reconnect: Too many heartbeats missed
2017-02-09 08:23:03.483 15161 INFO oslo.messaging._drivers.impl_rabbit [-] A recoverable connection/channel error occurred, trying to reconnect: Too many heartbeats missed
2017-02-09 08:23:03.584 15176 INFO oslo.messaging._drivers.impl_rabbit [-] A recoverable connection/channel error occurred, trying to reconnect: Too many heartbeats missed
2017-02-09 08:23:03.642 15152 INFO oslo.messaging._drivers.impl_rabbit [-] A recoverable connection/channel error occurred, trying to reconnect: Too many heartbeats missed
2017-02-09 08:23:04.423 15133 ERROR oslo.messaging._drivers.impl_rabbit [-] [11cc8d55-1dc2-4a70-81f5-2a60b9483b29] AMQP server on mysql-001.vassilevski.com:5672 is unreachable: Too many heartbeats missed. Trying again in 1 seconds. Client port: 33876
2017-02-09 08:23:04.523 15135 INFO oslo.messaging._drivers.impl_rabbit [-] A recoverable connection/channel error occurred, trying to reconnect: Too many heartbeats missed
2017-02-09 08:23:04.608 15133 INFO oslo.messaging._drivers.impl_rabbit [-] A recoverable connection/channel error occurred, trying to reconnect: Too many heartbeats missed
2017-02-09 08:23:09.851 15173 INFO oslo.messaging._drivers.impl_rabbit [-] A recoverable connection/channel error occurred, trying to reconnect: Too many heartbeats missed
2017-02-09 08:23:09.857 15180 INFO oslo.messaging._drivers.impl_rabbit [-] A recoverable connection/channel error occurred, trying to reconnect: Too many heartbeats missed
2017-02-09 08:23:09.891 15140 INFO oslo.messaging._drivers.impl_rabbit [-] A recoverable connection/channel error occurred, trying to reconnect: Too many heartbeats missed
2017-02-09 08:23:11.476 15178 INFO oslo.messaging._drivers.impl_rabbit [-] A recoverable connection/channel error occurred, trying to reconnect: Too many heartbeats missed
2017-02-09 08:23:14.045 15130 ERROR oslo.messaging._drivers.impl_rabbit [-] [4deda250-2e09-490d-a793-99b9484a48d3] AMQP server on mysql-001.vassilevski.com:5672 is unreachable: Too many heartbeats missed. Trying again in 1 seconds. Client port: 33882
2017-02-09 08:23:14.422 15142 ERROR oslo.messaging._drivers.impl_rabbit [-] [b3fe5f2f-c011-47ff-8322-992c687ade5a] AMQP server on mysql-001.vassilevski.com:5672 is unreachable: Too many heartbeats missed. Trying again in 1 seconds. Client port: 33884
2017-02-09 08:23:14.728 15174 ERROR oslo.messaging._drivers.impl_rabbit [-] [66b09f28-652b-4ed4-bb66-0df619217812] AMQP server on mysql-001.vassilevski.com:5672 is unreachable: Too many heartbeats missed. Trying again in 1 seconds. Client port: 33886
2017-02-09 08:23:14.767 15127 ERROR oslo.messaging._drivers.impl_rabbit [-] [ec4bb420-5d73-4024-a60d-aab0ad24c92f] AMQP server on mysql-001.vassilevski.com:5672 is unreachable: Too many heartbeats missed. Trying again in 1 seconds. Client port: 33880
2017-02-09 08:23:14.839 15139 ERROR oslo.messaging._drivers.impl_rabbit [-] [a1908a35-9740-4bf1-84c2-d3ae836ce27f] AMQP server on mysql-001.vassilevski.com:5672 is unreachable: Too many heartbeats missed. Trying again in 1 seconds. Client port: 33888
2017-02-09 08:23:14.923 15141 ERROR oslo.messaging._drivers.impl_rabbit [-] [00e7658d-d30a-4495-a47a-2ff54c3fedbf] AMQP server on mysql-001.vassilevski.com:5672 is unreachable: Too many heartbeats missed. Trying again in 1 seconds. Client port: 33890
2017-02-09 08:23:19.686 15130 INFO oslo.messaging._drivers.impl_rabbit [-] A recoverable connection/channel error occurred, trying to reconnect: Too many heartbeats missed
2017-02-09 08:23:19.769 15142 INFO oslo.messaging._drivers.impl_rabbit [-] A recoverable connection/channel error occurred, trying to reconnect: Too many heartbeats missed
2017-02-09 08:23:19.856 15197 INFO oslo.messaging._drivers.impl_rabbit [-] A recoverable connection/channel error occurred, trying to reconnect: Too many heartbeats missed
2017-02-09 08:23:19.866 15127 INFO oslo.messaging._drivers.impl_rabbit [-] A recoverable connection/channel error occurred, trying to reconnect: Too many heartbeats missed
2017-02-09 08:23:22.889 15139 INFO oslo.messaging._drivers.impl_rabbit [-] A recoverable connection/channel error occurred, trying to reconnect: Too many heartbeats missed
2017-02-09 08:23:23.028 15141 INFO oslo.messaging._drivers.impl_rabbit [-] A recoverable connection/channel error occurred, trying to reconnect: Too many heartbeats missed
2017-02-09 08:23:23.050 15164 ERROR oslo.messaging._drivers.impl_rabbit [-] [053041ee-0710-4b34-b165-018215984421] AMQP server on mysql-001.vassilevski.com:5672 is unreachable: Too many heartbeats missed. Trying again in 1 seconds. Client port: 33896
2017-02-09 08:23:23.277 15153 INFO oslo.messaging._drivers.impl_rabbit [-] A recoverable connection/channel error occurred, trying to reconnect: Too many heartbeats missed
2017-02-09 08:23:23.332 15149 INFO oslo.messaging._drivers.impl_rabbit [-] A recoverable connection/channel error occurred, trying to reconnect: Too many heartbeats missed
2017-02-09 08:23:23.401 15166 INFO oslo.messaging._drivers.impl_rabbit [-] A recoverable connection/channel error occurred, trying to reconnect: Too many heartbeats missed
2017-02-09 08:23:23.474 15134 INFO oslo.messaging._drivers.impl_rabbit [-] A recoverable connection/channel error occurred, trying to reconnect: Too many heartbeats missed
2017-02-09 08:23:23.592 15150 INFO oslo.messaging._drivers.impl_rabbit [-] A recoverable connection/channel error occurred, trying to reconnect: Too many heartbeats missed
2017-02-09 08:23:23.801 15138 INFO oslo.messaging._drivers.impl_rabbit [-] A recoverable connection/channel error occurred, trying to reconnect: Too many heartbeats missed
2017-02-09 08:23:23.842 15182 INFO oslo.messaging._drivers.impl_rabbit [-] A recoverable connection/channel error occurred, trying to reconnect: Too many heartbeats missed
2017-02-09 08:23:24.867 15174 INFO oslo.messaging._drivers.impl_rabbit [-] A recoverable connection/channel error occurred, trying to reconnect: Too many heartbeats missed
2017-02-09 08:23:29.871 15187 INFO oslo.messaging._drivers.impl_rabbit [-] A recoverable connection/channel error occurred, trying to reconnect: Too many heartbeats missed
2017-02-09 08:23:29.883 15177 INFO oslo.messaging._drivers.impl_rabbit [-] A recoverable connection/channel error occurred, trying to reconnect: Too many heartbeats missed
2017-02-09 08:23:32.203 15145 ERROR oslo.messaging._drivers.impl_rabbit [-] [be0f3dfd-d23f-4812-beb5-abe5ebfe5d02] AMQP server on mysql-001.vassilevski.com:5672 is unreachable: Too many heartbeats missed. Trying again in 1 seconds. Client port: 33860
2017-02-09 08:23:32.210 15137 ERROR oslo.messaging._drivers.impl_rabbit [-] [ba41a281-d6b2-4930-b5e1-b73b56cb3d40] AMQP server on mysql-001.vassilevski.com:5672 is unreachable: Too many heartbeats missed. Trying again in 1 seconds. Client port: 33866
2017-02-09 08:23:32.214 15131 ERROR oslo.messaging._drivers.impl_rabbit [-] [d06d27ae-76bf-4da2-945f-f8571bba1e30] AMQP server on mysql-001.vassilevski.com:5672 is unreachable: Too many heartbeats missed. Trying again in 1 seconds. Client port: 33864
2017-02-09 08:23:32.222 15157 ERROR oslo.messaging._drivers.impl_rabbit [-] [e3b85723-d3a3-4ce9-a578-3cbdbaad4da4] AMQP server on mysql-001.vassilevski.com:5672 is unreachable: Too many heartbeats missed. Trying again in 1 seconds. Client port: 33868
2017-02-09 08:23:32.224 15132 ERROR oslo.messaging._drivers.impl_rabbit [-] [29738324-fb71-4670-855e-39879faf84ec] AMQP server on mysql-001.vassilevski.com:5672 is unreachable: Too many heartbeats missed. Trying again in 1 seconds. Client port: 33870
2017-02-09 08:23:32.228 15128 ERROR oslo.messaging._drivers.impl_rabbit [-] [eed24f44-683d-40e3-a877-c42bf76806b1] AMQP server on mysql-001.vassilevski.com:5672 is unreachable: Too many heartbeats missed. Trying again in 1 seconds. Client port: 33872
2017-02-09 08:23:32.243 15136 ERROR oslo.messaging._drivers.impl_rabbit [-] [63098a60-acde-4538-8807-f92eb40dd669] AMQP server on mysql-001.vassilevski.com:5672 is unreachable: Too many heartbeats missed. Trying again in 1 seconds. Client port: 33878
2017-02-09 08:23:32.284 15177 ERROR oslo.messaging._drivers.impl_rabbit [-] [a39e12a4-3d89-4f40-b8af-62102286d2a4] AMQP server on mysql-001.vassilevski.com:5672 is unreachable: Too many heartbeats missed. Trying again in 1 seconds. Client port: 33910
2017-02-09 08:23:32.291 15187 ERROR oslo.messaging._drivers.impl_rabbit [-] [9679f8a1-4278-4a91-97ad-eff93b134f93] AMQP server on mysql-001.vassilevski.com:5672 is unreachable: Too many heartbeats missed. Trying again in 1 seconds. Client port: 33916
2017-02-09 08:23:32.293 15197 ERROR oslo.messaging._drivers.impl_rabbit [-] [16119cd9-e7f0-4e73-a6bd-ec75e4a81833] AMQP server on mysql-001.vassilevski.com:5672 is unreachable: Too many heartbeats missed. Trying again in 1 seconds. Client port: 33914
2017-02-09 08:23:32.294 15189 ERROR oslo.messaging._drivers.impl_rabbit [-] [03e3da9b-0807-4d83-b178-79c02542f72c] AMQP server on mysql-001.vassilevski.com:5672 is unreachable: Too many heartbeats missed. Trying again in 1 seconds. Client port: 33918
2017-02-09 08:23:32.303 15140 ERROR oslo.messaging._drivers.impl_rabbit [-] [a185e798-f7c1-4095-86bb-054e70178fe0] AMQP server on mysql-001.vassilevski.com:5672 is unreachable: Too many heartbeats missed. Trying again in 1 seconds. Client port: 33912
2017-02-09 08:23:32.318 15190 ERROR oslo.messaging._drivers.impl_rabbit [-] [82bd5492-fb1c-4272-a780-f1d76bccea39] AMQP server on mysql-001.vassilevski.com:5672 is unreachable: Too many heartbeats missed. Trying again in 1 seconds. Client port: 33920
2017-02-09 08:23:32.318 15192 ERROR oslo.messaging._drivers.impl_rabbit [-] [267833d4-5661-4570-8e91-0b88116e1d43] AMQP server on mysql-001.vassilevski.com:5672 is unreachable: Too many heartbeats missed. Trying again in 1 seconds. Client port: 33921
2017-02-09 08:23:32.330 15195 ERROR oslo.messaging._drivers.impl_rabbit [-] [3f93489f-169c-4893-8767-7ec0bc1642ff] AMQP server on mysql-001.vassilevski.com:5672 is unreachable: Too many heartbeats missed. Trying again in 1 seconds. Client port: 33924
2017-02-09 08:23:32.377 15189 INFO oslo.messaging._drivers.impl_rabbit [-] A recoverable connection/channel error occurred, trying to reconnect: Too many heartbeats missed
2017-02-09 08:23:32.462 15180 ERROR oslo.messaging._drivers.impl_rabbit [-] [860c1855-a165-46f0-ae68-eacca588b577] AMQP server on mysql-001.vassilevski.com:5672 is unreachable: Too many heartbeats missed. Trying again in 1 seconds. Client port: 33946
2017-02-09 08:23:32.685 15145 INFO oslo.messaging._drivers.impl_rabbit [-] A recoverable connection/channel error occurred, trying to reconnect: Too many heartbeats missed
2017-02-09 08:23:32.796 15137 INFO oslo.messaging._drivers.impl_rabbit [-] A recoverable connection/channel error occurred, trying to reconnect: Too many heartbeats missed
2017-02-09 08:23:32.840 15132 INFO oslo.messaging._drivers.impl_rabbit [-] A recoverable connection/channel error occurred, trying to reconnect: Too many heartbeats missed
2017-02-09 08:23:33.154 15190 INFO oslo.messaging._drivers.impl_rabbit [-] A recoverable connection/channel error occurred, trying to reconnect: Too many heartbeats missed
2017-02-09 08:23:33.240 15192 INFO oslo.messaging._drivers.impl_rabbit [-] A recoverable connection/channel error occurred, trying to reconnect: Too many heartbeats missed
2017-02-09 08:23:33.322 15195 INFO oslo.messaging._drivers.impl_rabbit [-] A recoverable connection/channel error occurred, trying to reconnect: Too many heartbeats missed
2017-02-09 08:23:33.941 15131 INFO oslo.messaging._drivers.impl_rabbit [-] A recoverable connection/channel error occurred, trying to reconnect: Too many heartbeats missed
2017-02-09 08:23:33.975 15157 INFO oslo.messaging._drivers.impl_rabbit [-] A recoverable connection/channel error occurred, trying to reconnect: Too many heartbeats missed
2017-02-09 08:23:34.422 15128 INFO oslo.messaging._drivers.impl_rabbit [-] A recoverable connection/channel error occurred, trying to reconnect: Too many heartbeats missed
2017-02-09 08:23:34.455 15136 INFO oslo.messaging._drivers.impl_rabbit [-] A recoverable connection/channel error occurred, trying to reconnect: Too many heartbeats missed
2017-02-09 08:23:55.464 15135 INFO oslo.messaging._drivers.impl_rabbit [-] [c9428b15-be20-43c5-bbb3-8c283d9c4672] Reconnected to AMQP server on mysql-001.vassilevski.com:5672 via [amqp] clientwith port 60100.
2017-02-09 08:24:03.219 15143 INFO oslo.messaging._drivers.impl_rabbit [-] [e028f275-61ce-452e-aa1d-01bc87864d7e] Reconnected to AMQP server on mysql-001.vassilevski.com:5672 via [amqp] clientwith port 60104.
2017-02-09 08:24:03.302 15134 INFO oslo.messaging._drivers.impl_rabbit [-] [8051641b-d4ea-4299-b15e-74f09872adc9] Reconnected to AMQP server on mysql-001.vassilevski.com:5672 via [amqp] clientwith port 60108.
2017-02-09 08:24:03.303 15166 INFO oslo.messaging._drivers.impl_rabbit [-] [1da74124-d952-44df-8b55-29ff40a41271] Reconnected to AMQP server on mysql-001.vassilevski.com:5672 via [amqp] clientwith port 60110.
2017-02-09 08:24:03.308 15182 INFO oslo.messaging._drivers.impl_rabbit [-] [23230e4a-307a-4911-b86e-0c209db0b76b] Reconnected to AMQP server on mysql-001.vassilevski.com:5672 via [amqp] clientwith port 60116.
2017-02-09 08:24:03.310 15150 INFO oslo.messaging._drivers.impl_rabbit [-] [31aed8b3-1ee6-4ff8-b965-1b2cb6c5897e] Reconnected to AMQP server on mysql-001.vassilevski.com:5672 via [amqp] clientwith port 60114.
2017-02-09 08:24:03.313 15138 INFO oslo.messaging._drivers.impl_rabbit [-] [c72f80bd-6eee-4976-bc8e-5f4374ef6303] Reconnected to AMQP server on mysql-001.vassilevski.com:5672 via [amqp] clientwith port 60120.
2017-02-09 08:24:03.314 15149 INFO oslo.messaging._drivers.impl_rabbit [-] [0c43d075-48f7-4ee5-9d21-69054518b1bd] Reconnected to AMQP server on mysql-001.vassilevski.com:5672 via [amqp] clientwith port 60112.
2017-02-09 08:24:03.325 15153 INFO oslo.messaging._drivers.impl_rabbit [-] [dc2f041b-0156-48df-babf-47c9d08542ce] Reconnected to AMQP server on mysql-001.vassilevski.com:5672 via [amqp] clientwith port 60106.
2017-02-09 08:24:03.373 15161 INFO oslo.messaging._drivers.impl_rabbit [-] [4e2076a3-402c-4b4a-a550-84624b455289] Reconnected to AMQP server on mysql-001.vassilevski.com:5672 via [amqp] clientwith port 60122.
2017-02-09 08:24:03.378 15167 INFO oslo.messaging._drivers.impl_rabbit [-] [39c4b8bf-737f-4e00-861d-270db813308d] Reconnected to AMQP server on mysql-001.vassilevski.com:5672 via [amqp] clientwith port 60124.
2017-02-09 08:24:03.381 15176 INFO oslo.messaging._drivers.impl_rabbit [-] [fa483a25-d75d-4315-b120-48e602136e2b] Reconnected to AMQP server on mysql-001.vassilevski.com:5672 via [amqp] clientwith port 60126.
2017-02-09 08:24:03.394 15173 INFO oslo.messaging._drivers.impl_rabbit [-] [9b3e5b9b-6529-4d55-8972-4ee9fbf680f7] Reconnected to AMQP server on mysql-001.vassilevski.com:5672 via [amqp] clientwith port 60130.
2017-02-09 08:24:03.395 15152 INFO oslo.messaging._drivers.impl_rabbit [-] [444c58a0-24a7-4477-91a2-742facad4004] Reconnected to AMQP server on mysql-001.vassilevski.com:5672 via [amqp] clientwith port 60128.
2017-02-09 08:24:03.412 15178 INFO oslo.messaging._drivers.impl_rabbit [-] [8fb90a7d-2344-44dd-bd02-cf8e9688e033] Reconnected to AMQP server on mysql-001.vassilevski.com:5672 via [amqp] clientwith port 60132.
2017-02-09 08:24:03.465 15200 INFO oslo.messaging._drivers.impl_rabbit [-] [a1b7c211-0b0d-4a23-9d14-46a2e20e48b0] Reconnected to AMQP server on mysql-001.vassilevski.com:5672 via [amqp] clientwith port 60134.
2017-02-09 08:24:05.455 15133 INFO oslo.messaging._drivers.impl_rabbit [-] [11cc8d55-1dc2-4a70-81f5-2a60b9483b29] Reconnected to AMQP server on mysql-001.vassilevski.com:5672 via [amqp] clientwith port 60136.
2017-02-09 08:24:15.103 15130 INFO oslo.messaging._drivers.impl_rabbit [-] [4deda250-2e09-490d-a793-99b9484a48d3] Reconnected to AMQP server on mysql-001.vassilevski.com:5672 via [amqp] clientwith port 60142.
2017-02-09 08:24:15.475 15142 INFO oslo.messaging._drivers.impl_rabbit [-] [b3fe5f2f-c011-47ff-8322-992c687ade5a] Reconnected to AMQP server on mysql-001.vassilevski.com:5672 via [amqp] clientwith port 60144.
2017-02-09 08:24:15.802 15127 INFO oslo.messaging._drivers.impl_rabbit [-] [ec4bb420-5d73-4024-a60d-aab0ad24c92f] Reconnected to AMQP server on mysql-001.vassilevski.com:5672 via [amqp] clientwith port 60148.
2017-02-09 08:24:15.815 15174 INFO oslo.messaging._drivers.impl_rabbit [-] [66b09f28-652b-4ed4-bb66-0df619217812] Reconnected to AMQP server on mysql-001.vassilevski.com:5672 via [amqp] clientwith port 60146.
2017-02-09 08:24:15.918 15139 INFO oslo.messaging._drivers.impl_rabbit [-] [a1908a35-9740-4bf1-84c2-d3ae836ce27f] Reconnected to AMQP server on mysql-001.vassilevski.com:5672 via [amqp] clientwith port 60150.
2017-02-09 08:24:15.965 15141 INFO oslo.messaging._drivers.impl_rabbit [-] [00e7658d-d30a-4495-a47a-2ff54c3fedbf] Reconnected to AMQP server on mysql-001.vassilevski.com:5672 via [amqp] clientwith port 60152.
2017-02-09 08:24:24.078 15164 INFO oslo.messaging._drivers.impl_rabbit [-] [053041ee-0710-4b34-b165-018215984421] Reconnected to AMQP server on mysql-001.vassilevski.com:5672 via [amqp] clientwith port 60164.
2017-02-09 08:24:33.239 15145 INFO oslo.messaging._drivers.impl_rabbit [-] [be0f3dfd-d23f-4812-beb5-abe5ebfe5d02] Reconnected to AMQP server on mysql-001.vassilevski.com:5672 via [amqp] clientwith port 60166.
2017-02-09 08:24:33.240 15137 INFO oslo.messaging._drivers.impl_rabbit [-] [ba41a281-d6b2-4930-b5e1-b73b56cb3d40] Reconnected to AMQP server on mysql-001.vassilevski.com:5672 via [amqp] clientwith port 60168.
2017-02-09 08:24:33.248 15132 INFO oslo.messaging._drivers.impl_rabbit [-] [29738324-fb71-4670-855e-39879faf84ec] Reconnected to AMQP server on mysql-001.vassilevski.com:5672 via [amqp] clientwith port 60172.
2017-02-09 08:24:33.262 15131 INFO oslo.messaging._drivers.impl_rabbit [-] [d06d27ae-76bf-4da2-945f-f8571bba1e30] Reconnected to AMQP server on mysql-001.vassilevski.com:5672 via [amqp] clientwith port 60170.
2017-02-09 08:24:33.277 15157 INFO oslo.messaging._drivers.impl_rabbit [-] [e3b85723-d3a3-4ce9-a578-3cbdbaad4da4] Reconnected to AMQP server on mysql-001.vassilevski.com:5672 via [amqp] clientwith port 60174.
2017-02-09 08:24:33.307 15128 INFO oslo.messaging._drivers.impl_rabbit [-] [eed24f44-683d-40e3-a877-c42bf76806b1] Reconnected to AMQP server on mysql-001.vassilevski.com:5672 via [amqp] clientwith port 60176.
2017-02-09 08:24:33.320 15187 INFO oslo.messaging._drivers.impl_rabbit [-] [9679f8a1-4278-4a91-97ad-eff93b134f93] Reconnected to AMQP server on mysql-001.vassilevski.com:5672 via [amqp] clientwith port 60182.
2017-02-09 08:24:33.320 15136 INFO oslo.messaging._drivers.impl_rabbit [-] [63098a60-acde-4538-8807-f92eb40dd669] Reconnected to AMQP server on mysql-001.vassilevski.com:5672 via [amqp] clientwith port 60178.
2017-02-09 08:24:33.322 15177 INFO oslo.messaging._drivers.impl_rabbit [-] [a39e12a4-3d89-4f40-b8af-62102286d2a4] Reconnected to AMQP server on mysql-001.vassilevski.com:5672 via [amqp] clientwith port 60180.
2017-02-09 08:24:33.325 15189 INFO oslo.messaging._drivers.impl_rabbit [-] [03e3da9b-0807-4d83-b178-79c02542f72c] Reconnected to AMQP server on mysql-001.vassilevski.com:5672 via [amqp] clientwith port 60186.
2017-02-09 08:24:33.327 15197 INFO oslo.messaging._drivers.impl_rabbit [-] [16119cd9-e7f0-4e73-a6bd-ec75e4a81833] Reconnected to AMQP server on mysql-001.vassilevski.com:5672 via [amqp] clientwith port 60184.
2017-02-09 08:24:33.345 15190 INFO oslo.messaging._drivers.impl_rabbit [-] [82bd5492-fb1c-4272-a780-f1d76bccea39] Reconnected to AMQP server on mysql-001.vassilevski.com:5672 via [amqp] clientwith port 60190.
2017-02-09 08:24:33.346 15192 INFO oslo.messaging._drivers.impl_rabbit [-] [267833d4-5661-4570-8e91-0b88116e1d43] Reconnected to AMQP server on mysql-001.vassilevski.com:5672 via [amqp] clientwith port 60192.
2017-02-09 08:24:33.352 15140 INFO oslo.messaging._drivers.impl_rabbit [-] [a185e798-f7c1-4095-86bb-054e70178fe0] Reconnected to AMQP server on mysql-001.vassilevski.com:5672 via [amqp] clientwith port 60188.
2017-02-09 08:24:33.361 15195 INFO oslo.messaging._drivers.impl_rabbit [-] [3f93489f-169c-4893-8767-7ec0bc1642ff] Reconnected to AMQP server on mysql-001.vassilevski.com:5672 via [amqp] clientwith port 60194.
2017-02-09 08:24:33.518 15180 INFO oslo.messaging._drivers.impl_rabbit [-] [860c1855-a165-46f0-ae68-eacca588b577] Reconnected to AMQP server on mysql-001.vassilevski.com:5672 via [amqp] clientwith port 60196.
2017-02-09 08:24:53.141 15164 ERROR oslo.messaging._drivers.impl_rabbit [-] [58e84f85-411f-4409-98d0-f32c49a24207] AMQP server on mysql-001.vassilevski.com:5672 is unreachable: timed out. Trying again in 1 seconds. Client port: None
2017-02-09 08:24:54.164 15164 INFO oslo.messaging._drivers.impl_rabbit [-] [58e84f85-411f-4409-98d0-f32c49a24207] Reconnected to AMQP server on mysql-001.vassilevski.com:5672 via [amqp] clientwith port 60230.
2017-02-09 08:24:54.272 14579 INFO oslo_service.service [req-95e35b36-bdd3-4367-9a06-2bd941b9c807 - - - - -] Caught SIGTERM, stopping children
2017-02-09 08:24:54.464 14579 INFO oslo_service.service [req-95e35b36-bdd3-4367-9a06-2bd941b9c807 - - - - -] Waiting on 40 children to exit
2017-02-09 08:24:54.465 14579 INFO oslo_service.service [req-95e35b36-bdd3-4367-9a06-2bd941b9c807 - - - - -] Child 15127 killed by signal 15
2017-02-09 08:24:54.465 14579 INFO oslo_service.service [req-95e35b36-bdd3-4367-9a06-2bd941b9c807 - - - - -] Child 15128 killed by signal 15
2017-02-09 08:24:54.466 14579 INFO oslo_service.service [req-95e35b36-bdd3-4367-9a06-2bd941b9c807 - - - - -] Child 15130 killed by signal 15
2017-02-09 08:24:54.466 14579 INFO oslo_service.service [req-95e35b36-bdd3-4367-9a06-2bd941b9c807 - - - - -] Child 15131 killed by signal 15
2017-02-09 08:24:54.466 14579 INFO oslo_service.service [req-95e35b36-bdd3-4367-9a06-2bd941b9c807 - - - - -] Child 15132 killed by signal 15
2017-02-09 08:24:54.467 14579 INFO oslo_service.service [req-95e35b36-bdd3-4367-9a06-2bd941b9c807 - - - - -] Child 15133 killed by signal 15
2017-02-09 08:24:54.467 14579 INFO oslo_service.service [req-95e35b36-bdd3-4367-9a06-2bd941b9c807 - - - - -] Child 15134 killed by signal 15
2017-02-09 08:24:54.468 14579 INFO oslo_service.service [req-95e35b36-bdd3-4367-9a06-2bd941b9c807 - - - - -] Child 15135 killed by signal 15
2017-02-09 08:24:54.468 14579 INFO oslo_service.service [req-95e35b36-bdd3-4367-9a06-2bd941b9c807 - - - - -] Child 15136 killed by signal 15
2017-02-09 08:24:54.468 14579 INFO oslo_service.service [req-95e35b36-bdd3-4367-9a06-2bd941b9c807 - - - - -] Child 15137 killed by signal 15
2017-02-09 08:24:54.469 14579 INFO oslo_service.service [req-95e35b36-bdd3-4367-9a06-2bd941b9c807 - - - - -] Child 15138 killed by signal 15
2017-02-09 08:24:54.469 14579 INFO oslo_service.service [req-95e35b36-bdd3-4367-9a06-2bd941b9c807 - - - - -] Child 15139 killed by signal 15
2017-02-09 08:24:54.470 14579 INFO oslo_service.service [req-95e35b36-bdd3-4367-9a06-2bd941b9c807 - - - - -] Child 15153 killed by signal 15
2017-02-09 08:24:54.476 14579 INFO oslo_service.service [req-95e35b36-bdd3-4367-9a06-2bd941b9c807 - - - - -] Child 15174 killed by signal 15
2017-02-09 08:24:54.476 14579 INFO oslo_service.service [req-95e35b36-bdd3-4367-9a06-2bd941b9c807 - - - - -] Child 15182 killed by signal 15
2017-02-09 08:24:54.477 14579 INFO oslo_service.service [req-95e35b36-bdd3-4367-9a06-2bd941b9c807 - - - - -] Child 15157 killed by signal 15
2017-02-09 08:24:54.484 14579 INFO oslo_service.service [req-95e35b36-bdd3-4367-9a06-2bd941b9c807 - - - - -] Child 15190 killed by signal 15
2017-02-09 08:24:54.489 14579 INFO oslo_service.service [req-95e35b36-bdd3-4367-9a06-2bd941b9c807 - - - - -] Child 15200 killed by signal 15
2017-02-09 08:24:54.504 14579 INFO oslo_service.service [req-95e35b36-bdd3-4367-9a06-2bd941b9c807 - - - - -] Child 15177 killed by signal 15
2017-02-09 08:24:54.511 14579 INFO oslo_service.service [req-95e35b36-bdd3-4367-9a06-2bd941b9c807 - - - - -] Child 15142 killed by signal 15
2017-02-09 08:24:54.514 14579 INFO oslo_service.service [req-95e35b36-bdd3-4367-9a06-2bd941b9c807 - - - - -] Child 15152 killed by signal 15
2017-02-09 08:24:54.516 14579 INFO oslo_service.service [req-95e35b36-bdd3-4367-9a06-2bd941b9c807 - - - - -] Child 15141 killed by signal 15
2017-02-09 08:24:54.518 14579 INFO oslo_service.service [req-95e35b36-bdd3-4367-9a06-2bd941b9c807 - - - - -] Child 15140 killed by signal 15
2017-02-09 08:24:54.519 14579 INFO oslo_service.service [req-95e35b36-bdd3-4367-9a06-2bd941b9c807 - - - - -] Child 15143 killed by signal 15
2017-02-09 08:24:54.521 14579 INFO oslo_service.service [req-95e35b36-bdd3-4367-9a06-2bd941b9c807 - - - - -] Child 15149 killed by signal 15
2017-02-09 08:24:54.524 14579 INFO oslo_service.service [req-95e35b36-bdd3-4367-9a06-2bd941b9c807 - - - - -] Child 15145 killed by signal 15
2017-02-09 08:24:54.528 14579 INFO oslo_service.service [req-95e35b36-bdd3-4367-9a06-2bd941b9c807 - - - - -] Child 15161 killed by signal 15
2017-02-09 08:24:54.536 14579 INFO oslo_service.service [req-95e35b36-bdd3-4367-9a06-2bd941b9c807 - - - - -] Child 15166 killed by signal 15
2017-02-09 08:24:54.539 14579 INFO oslo_service.service [req-95e35b36-bdd3-4367-9a06-2bd941b9c807 - - - - -] Child 15150 killed by signal 15
2017-02-09 08:24:54.541 14579 INFO oslo_service.service [req-95e35b36-bdd3-4367-9a06-2bd941b9c807 - - - - -] Child 15176 killed by signal 15
2017-02-09 08:24:54.544 14579 INFO oslo_service.service [req-95e35b36-bdd3-4367-9a06-2bd941b9c807 - - - - -] Child 15173 killed by signal 15
2017-02-09 08:24:54.544 14579 INFO oslo_service.service [req-95e35b36-bdd3-4367-9a06-2bd941b9c807 - - - - -] Child 15167 killed by signal 15
2017-02-09 08:24:54.545 14579 INFO oslo_service.service [req-95e35b36-bdd3-4367-9a06-2bd941b9c807 - - - - -] Child 15178 killed by signal 15
2017-02-09 08:24:54.545 14579 INFO oslo_service.service [req-95e35b36-bdd3-4367-9a06-2bd941b9c807 - - - - -] Child 15197 killed by signal 15
2017-02-09 08:24:54.546 14579 INFO oslo_service.service [req-95e35b36-bdd3-4367-9a06-2bd941b9c807 - - - - -] Child 15189 killed by signal 15
2017-02-09 08:24:54.546 14579 INFO oslo_service.service [req-95e35b36-bdd3-4367-9a06-2bd941b9c807 - - - - -] Child 15195 killed by signal 15
2017-02-09 08:24:54.548 14579 INFO oslo_service.service [req-95e35b36-bdd3-4367-9a06-2bd941b9c807 - - - - -] Child 15180 killed by signal 15
2017-02-09 08:24:54.549 14579 INFO oslo_service.service [req-95e35b36-bdd3-4367-9a06-2bd941b9c807 - - - - -] Child 15187 killed by signal 15
2017-02-09 08:24:54.550 14579 INFO oslo_service.service [req-95e35b36-bdd3-4367-9a06-2bd941b9c807 - - - - -] Child 15164 killed by signal 15
2017-02-09 08:24:54.553 14579 INFO oslo_service.service [req-95e35b36-bdd3-4367-9a06-2bd941b9c807 - - - - -] Child 15192 killed by signal 15
2017-02-09 08:30:27.294 23809 WARNING oslo_reports.guru_meditation_report [-] Guru meditation now registers SIGUSR1 and SIGUSR2 by default for backward compatibility. SIGUSR1 will no longer be registered in a future release, so please use SIGUSR2 to generate reports.
2017-02-09 08:30:27.309 23809 INFO oslo_service.service [req-6fd76ecd-25c0-4370-953e-f6e93e026127 - - - - -] Starting 40 workers
2017-02-09 08:30:27.320 24306 INFO nova.service [-] Starting conductor node (version 14.0.2-1.el7)
2017-02-09 08:30:27.321 24305 INFO nova.service [-] Starting conductor node (version 14.0.2-1.el7)
2017-02-09 08:30:27.323 24307 INFO nova.service [-] Starting conductor node (version 14.0.2-1.el7)
2017-02-09 08:30:27.324 24308 INFO nova.service [-] Starting conductor node (version 14.0.2-1.el7)
2017-02-09 08:30:27.326 24309 INFO nova.service [-] Starting conductor node (version 14.0.2-1.el7)
2017-02-09 08:30:27.328 24310 INFO nova.service [-] Starting conductor node (version 14.0.2-1.el7)
2017-02-09 08:30:27.330 24311 INFO nova.service [-] Starting conductor node (version 14.0.2-1.el7)
2017-02-09 08:30:27.331 24314 INFO nova.service [-] Starting conductor node (version 14.0.2-1.el7)
2017-02-09 08:30:27.331 24312 INFO nova.service [-] Starting conductor node (version 14.0.2-1.el7)
2017-02-09 08:30:27.332 24315 INFO nova.service [-] Starting conductor node (version 14.0.2-1.el7)
2017-02-09 08:30:27.332 24313 INFO nova.service [-] Starting conductor node (version 14.0.2-1.el7)
2017-02-09 08:30:27.337 24316 INFO nova.service [-] Starting conductor node (version 14.0.2-1.el7)
2017-02-09 08:30:27.338 24317 INFO nova.service [-] Starting conductor node (version 14.0.2-1.el7)
2017-02-09 08:30:27.345 24318 INFO nova.service [-] Starting conductor node (version 14.0.2-1.el7)
2017-02-09 08:30:27.346 24321 INFO nova.service [-] Starting conductor node (version 14.0.2-1.el7)
2017-02-09 08:30:27.346 24319 INFO nova.service [-] Starting conductor node (version 14.0.2-1.el7)
2017-02-09 08:30:27.348 24320 INFO nova.service [-] Starting conductor node (version 14.0.2-1.el7)
2017-02-09 08:30:27.349 24323 INFO nova.service [-] Starting conductor node (version 14.0.2-1.el7)
2017-02-09 08:30:27.356 24326 INFO nova.service [-] Starting conductor node (version 14.0.2-1.el7)
2017-02-09 08:30:27.363 24328 INFO nova.service [-] Starting conductor node (version 14.0.2-1.el7)
2017-02-09 08:30:27.367 24331 INFO nova.service [-] Starting conductor node (version 14.0.2-1.el7)
2017-02-09 08:30:27.368 24335 INFO nova.service [-] Starting conductor node (version 14.0.2-1.el7)
2017-02-09 08:30:27.373 24337 INFO nova.service [-] Starting conductor node (version 14.0.2-1.el7)
2017-02-09 08:30:27.374 24340 INFO nova.service [-] Starting conductor node (version 14.0.2-1.el7)
2017-02-09 08:30:27.378 24347 INFO nova.service [-] Starting conductor node (version 14.0.2-1.el7)
2017-02-09 08:30:27.384 24343 INFO nova.service [-] Starting conductor node (version 14.0.2-1.el7)
2017-02-09 08:30:27.388 24350 INFO nova.service [-] Starting conductor node (version 14.0.2-1.el7)
2017-02-09 08:30:27.392 24353 INFO nova.service [-] Starting conductor node (version 14.0.2-1.el7)
2017-02-09 08:30:27.392 24352 INFO nova.service [-] Starting conductor node (version 14.0.2-1.el7)
2017-02-09 08:30:27.404 24354 INFO nova.service [-] Starting conductor node (version 14.0.2-1.el7)
2017-02-09 08:30:27.408 24355 INFO nova.service [-] Starting conductor node (version 14.0.2-1.el7)
2017-02-09 08:30:27.411 24358 INFO nova.service [-] Starting conductor node (version 14.0.2-1.el7)
2017-02-09 08:30:27.411 24357 INFO nova.service [-] Starting conductor node (version 14.0.2-1.el7)
2017-02-09 08:30:27.417 24361 INFO nova.service [-] Starting conductor node (version 14.0.2-1.el7)
2017-02-09 08:30:27.429 24366 INFO nova.service [-] Starting conductor node (version 14.0.2-1.el7)
2017-02-09 08:30:27.436 24365 INFO nova.service [-] Starting conductor node (version 14.0.2-1.el7)
2017-02-09 08:30:27.438 24368 INFO nova.service [-] Starting conductor node (version 14.0.2-1.el7)
2017-02-09 08:30:27.453 24372 INFO nova.service [-] Starting conductor node (version 14.0.2-1.el7)
2017-02-09 08:30:27.458 24375 INFO nova.service [-] Starting conductor node (version 14.0.2-1.el7)
2017-02-09 08:30:27.466 24370 INFO nova.service [-] Starting conductor node (version 14.0.2-1.el7)
2017-02-09 13:26:34.247 24306 ERROR oslo.messaging._drivers.impl_rabbit [-] [d015fdbb-9257-48e2-8b48-f365152821c3] AMQP server on mysql-001.vassilevski.com:5672 is unreachable: Too many heartbeats missed. Trying again in 1 seconds. Client port: 35854
2017-02-09 13:26:42.620 24350 INFO oslo.messaging._drivers.impl_rabbit [-] A recoverable connection/channel error occurred, trying to reconnect: Too many heartbeats missed
2017-02-09 13:26:43.448 24350 ERROR oslo.messaging._drivers.impl_rabbit [-] [48a80cc4-117e-4fc7-ba24-9264f1a101a3] AMQP server on mysql-001.vassilevski.com:5672 is unreachable: Too many heartbeats missed. Trying again in 1 seconds. Client port: 35904
2017-02-09 13:26:43.457 24357 ERROR oslo.messaging._drivers.impl_rabbit [-] [d5bd6336-7adc-47a4-822a-5c7d4f44be77] AMQP server on mysql-001.vassilevski.com:5672 is unreachable: Too many heartbeats missed. Trying again in 1 seconds. Client port: 35906
2017-02-09 13:26:43.464 24312 ERROR oslo.messaging._drivers.impl_rabbit [-] [f2187c93-6993-4d9c-b9da-087725684ada] AMQP server on mysql-001.vassilevski.com:5672 is unreachable: Too many heartbeats missed. Trying again in 1 seconds. Client port: 35910
2017-02-09 13:26:44.248 24305 ERROR oslo.messaging._drivers.impl_rabbit [-] [47efdf84-8b86-4a1a-9206-57bd8f98503a] AMQP server on mysql-001.vassilevski.com:5672 is unreachable: Too many heartbeats missed. Trying again in 1 seconds. Client port: 35838
2017-02-09 13:26:46.154 24306 INFO oslo.messaging._drivers.impl_rabbit [-] A recoverable connection/channel error occurred, trying to reconnect: Too many heartbeats missed
2017-02-09 13:26:46.693 24305 INFO oslo.messaging._drivers.impl_rabbit [-] A recoverable connection/channel error occurred, trying to reconnect: Too many heartbeats missed
2017-02-09 13:26:52.148 24357 INFO oslo.messaging._drivers.impl_rabbit [-] A recoverable connection/channel error occurred, trying to reconnect: Too many heartbeats missed
2017-02-09 13:26:52.575 24312 INFO oslo.messaging._drivers.impl_rabbit [-] A recoverable connection/channel error occurred, trying to reconnect: Too many heartbeats missed
2017-02-09 13:26:54.249 24317 ERROR oslo.messaging._drivers.impl_rabbit [-] [cb03c40f-92b0-4301-95a6-5bb629dc7d92] AMQP server on mysql-001.vassilevski.com:5672 is unreachable: Too many heartbeats missed. Trying again in 1 seconds. Client port: 35864
2017-02-09 13:27:00.430 24321 ERROR oslo.messaging._drivers.impl_rabbit [-] [85c90a60-c8ee-4fd7-9dde-01d118fe90a2] AMQP server on mysql-001.vassilevski.com:5672 is unreachable: Too many heartbeats missed. Trying again in 1 seconds. Client port: 35858
2017-02-09 13:27:00.477 24316 ERROR oslo.messaging._drivers.impl_rabbit [-] [9a3a8bf9-9b7f-464e-abb3-4237689623a9] AMQP server on mysql-001.vassilevski.com:5672 is unreachable: Too many heartbeats missed. Trying again in 1 seconds. Client port: 35860
2017-02-09 13:27:00.699 24319 ERROR oslo.messaging._drivers.impl_rabbit [-] [91fbe2d9-fa9b-4db6-bcd0-d5d8672fbadd] AMQP server on mysql-001.vassilevski.com:5672 is unreachable: Too many heartbeats missed. Trying again in 1 seconds. Client port: 35852
2017-02-09 13:27:01.649 24311 ERROR oslo.messaging._drivers.impl_rabbit [-] [56aceace-ab4f-4501-86e7-56c6109cf4ce] AMQP server on mysql-001.vassilevski.com:5672 is unreachable: Too many heartbeats missed. Trying again in 1 seconds. Client port: 35868
2017-02-09 13:27:01.731 24317 INFO oslo.messaging._drivers.impl_rabbit [-] A recoverable connection/channel error occurred, trying to reconnect: Too many heartbeats missed
2017-02-09 13:27:01.810 24321 INFO oslo.messaging._drivers.impl_rabbit [-] A recoverable connection/channel error occurred, trying to reconnect: Too many heartbeats missed
2017-02-09 13:27:01.844 24316 INFO oslo.messaging._drivers.impl_rabbit [-] A recoverable connection/channel error occurred, trying to reconnect: Too many heartbeats missed
2017-02-09 13:27:01.968 24319 INFO oslo.messaging._drivers.impl_rabbit [-] A recoverable connection/channel error occurred, trying to reconnect: Too many heartbeats missed
2017-02-09 13:27:01.999 24311 INFO oslo.messaging._drivers.impl_rabbit [-] A recoverable connection/channel error occurred, trying to reconnect: Too many heartbeats missed
2017-02-09 13:27:02.580 24337 INFO oslo.messaging._drivers.impl_rabbit [-] A recoverable connection/channel error occurred, trying to reconnect: Too many heartbeats missed
2017-02-09 13:27:04.247 24313 ERROR oslo.messaging._drivers.impl_rabbit [-] [f5eefaac-eecf-4c20-bfbb-66af1e21acae] AMQP server on mysql-001.vassilevski.com:5672 is unreachable: Too many heartbeats missed. Trying again in 1 seconds. Client port: 35870
2017-02-09 13:27:06.168 24328 INFO oslo.messaging._drivers.impl_rabbit [-] A recoverable connection/channel error occurred, trying to reconnect: Too many heartbeats missed
2017-02-09 13:27:06.215 24335 INFO oslo.messaging._drivers.impl_rabbit [-] A recoverable connection/channel error occurred, trying to reconnect: Too many heartbeats missed
2017-02-09 13:27:06.232 24331 INFO oslo.messaging._drivers.impl_rabbit [-] A recoverable connection/channel error occurred, trying to reconnect: Too many heartbeats missed
2017-02-09 13:27:07.131 24365 INFO oslo.messaging._drivers.impl_rabbit [-] A recoverable connection/channel error occurred, trying to reconnect: Too many heartbeats missed
2017-02-09 13:27:07.143 24313 INFO oslo.messaging._drivers.impl_rabbit [-] A recoverable connection/channel error occurred, trying to reconnect: Too many heartbeats missed
2017-02-09 13:27:07.191 24343 INFO oslo.messaging._drivers.impl_rabbit [-] A recoverable connection/channel error occurred, trying to reconnect: Too many heartbeats missed
2017-02-09 13:27:07.239 24368 INFO oslo.messaging._drivers.impl_rabbit [-] A recoverable connection/channel error occurred, trying to reconnect: Too many heartbeats missed
2017-02-09 13:27:07.332 24307 INFO oslo.messaging._drivers.impl_rabbit [-] A recoverable connection/channel error occurred, trying to reconnect: Too many heartbeats missed
2017-02-09 13:27:07.434 24320 INFO oslo.messaging._drivers.impl_rabbit [-] A recoverable connection/channel error occurred, trying to reconnect: Too many heartbeats missed
2017-02-09 13:27:07.496 24355 INFO oslo.messaging._drivers.impl_rabbit [-] A recoverable connection/channel error occurred, trying to reconnect: Too many heartbeats missed
2017-02-09 13:27:10.428 24315 ERROR oslo.messaging._drivers.impl_rabbit [-] [2ed26246-112c-4d6b-baf5-b348b57472a3] AMQP server on mysql-001.vassilevski.com:5672 is unreachable: Too many heartbeats missed. Trying again in 1 seconds. Client port: 35842
2017-02-09 13:27:10.904 23809 INFO oslo_service.service [req-6fd76ecd-25c0-4370-953e-f6e93e026127 - - - - -] Caught SIGTERM, stopping children
2017-02-09 13:27:11.183 23809 INFO oslo_service.service [req-6fd76ecd-25c0-4370-953e-f6e93e026127 - - - - -] Waiting on 40 children to exit
2017-02-09 13:27:11.185 23809 INFO oslo_service.service [req-6fd76ecd-25c0-4370-953e-f6e93e026127 - - - - -] Child 24320 killed by signal 15
2017-02-09 13:27:11.186 23809 INFO oslo_service.service [req-6fd76ecd-25c0-4370-953e-f6e93e026127 - - - - -] Child 24321 killed by signal 15
2017-02-09 13:27:11.187 23809 INFO oslo_service.service [req-6fd76ecd-25c0-4370-953e-f6e93e026127 - - - - -] Child 24323 killed by signal 15
2017-02-09 13:27:11.187 23809 INFO oslo_service.service [req-6fd76ecd-25c0-4370-953e-f6e93e026127 - - - - -] Child 24326 killed by signal 15
2017-02-09 13:27:11.188 23809 INFO oslo_service.service [req-6fd76ecd-25c0-4370-953e-f6e93e026127 - - - - -] Child 24328 killed by signal 15
2017-02-09 13:27:11.188 23809 INFO oslo_service.service [req-6fd76ecd-25c0-4370-953e-f6e93e026127 - - - - -] Child 24331 killed by signal 15
2017-02-09 13:27:11.189 23809 INFO oslo_service.service [req-6fd76ecd-25c0-4370-953e-f6e93e026127 - - - - -] Child 24335 killed by signal 15
2017-02-09 13:27:11.189 23809 INFO oslo_service.service [req-6fd76ecd-25c0-4370-953e-f6e93e026127 - - - - -] Child 24337 killed by signal 15
2017-02-09 13:27:11.190 23809 INFO oslo_service.service [req-6fd76ecd-25c0-4370-953e-f6e93e026127 - - - - -] Child 24340 killed by signal 15
2017-02-09 13:27:11.190 23809 INFO oslo_service.service [req-6fd76ecd-25c0-4370-953e-f6e93e026127 - - - - -] Child 24343 killed by signal 15
2017-02-09 13:27:11.191 23809 INFO oslo_service.service [req-6fd76ecd-25c0-4370-953e-f6e93e026127 - - - - -] Child 24353 killed by signal 15
2017-02-09 13:27:11.191 23809 INFO oslo_service.service [req-6fd76ecd-25c0-4370-953e-f6e93e026127 - - - - -] Child 24350 killed by signal 15
2017-02-09 13:27:11.192 23809 INFO oslo_service.service [req-6fd76ecd-25c0-4370-953e-f6e93e026127 - - - - -] Child 24354 killed by signal 15
2017-02-09 13:27:11.192 23809 INFO oslo_service.service [req-6fd76ecd-25c0-4370-953e-f6e93e026127 - - - - -] Child 24357 killed by signal 15
2017-02-09 13:27:11.193 23809 INFO oslo_service.service [req-6fd76ecd-25c0-4370-953e-f6e93e026127 - - - - -] Child 24358 killed by signal 15
2017-02-09 13:27:11.198 23809 INFO oslo_service.service [req-6fd76ecd-25c0-4370-953e-f6e93e026127 - - - - -] Child 24347 killed by signal 15
2017-02-09 13:27:11.229 23809 INFO oslo_service.service [req-6fd76ecd-25c0-4370-953e-f6e93e026127 - - - - -] Child 24352 killed by signal 15
2017-02-09 13:27:11.245 23809 INFO oslo_service.service [req-6fd76ecd-25c0-4370-953e-f6e93e026127 - - - - -] Child 24365 killed by signal 15
2017-02-09 13:27:11.250 23809 INFO oslo_service.service [req-6fd76ecd-25c0-4370-953e-f6e93e026127 - - - - -] Child 24355 killed by signal 15
