2017-02-09 14:14:24.160 30513 INFO oslo_service.service [req-447c161a-29f2-4f84-bc25-8989b8f3ed39 - - - - -] Child 31278 exited with status 0
2017-02-09 14:14:24.163 33826 WARNING oslo_db.sqlalchemy.engines [req-1e4aa746-c92d-4771-bf4c-8043d1583a2b - - - - -] SQL connection failed. -1 attempts left.
2017-02-09 14:14:24.166 33827 WARNING oslo_db.sqlalchemy.engines [req-ddf4d6ae-a3a9-4a55-be22-1807f872caf7 - - - - -] SQL connection failed. -1 attempts left.
2017-02-09 14:14:24.166 30513 INFO oslo_service.service [req-447c161a-29f2-4f84-bc25-8989b8f3ed39 - - - - -] Child 31281 exited with status 0
2017-02-09 14:14:24.170 33828 WARNING oslo_db.sqlalchemy.engines [req-b51d382c-d1fa-4886-8d5f-00a5468638a1 - - - - -] SQL connection failed. -1 attempts left.
2017-02-09 14:14:24.170 30513 INFO oslo_service.service [req-447c161a-29f2-4f84-bc25-8989b8f3ed39 - - - - -] Child 31283 exited with status 0
2017-02-09 14:14:24.175 30513 INFO oslo_service.service [req-447c161a-29f2-4f84-bc25-8989b8f3ed39 - - - - -] Child 31285 exited with status 0
2017-02-09 14:14:24.175 33829 WARNING oslo_db.sqlalchemy.engines [req-8b6ce9ac-4660-4c32-b5f1-75f40a73cdc8 - - - - -] SQL connection failed. -1 attempts left.
2017-02-09 14:14:24.176 33830 WARNING oslo_db.sqlalchemy.engines [req-0b034862-bdf2-4eb6-8f13-d5230052ad3a - - - - -] SQL connection failed. -1 attempts left.
2017-02-09 14:14:24.179 30513 INFO oslo_service.service [req-447c161a-29f2-4f84-bc25-8989b8f3ed39 - - - - -] Child 31287 exited with status 0
2017-02-09 14:14:24.183 30513 INFO oslo_service.service [req-447c161a-29f2-4f84-bc25-8989b8f3ed39 - - - - -] Child 31288 exited with status 0
2017-02-09 14:14:24.185 33831 WARNING oslo_db.sqlalchemy.engines [req-338f6aa2-491e-40f6-be55-2d407fa8b6ed - - - - -] SQL connection failed. -1 attempts left.
2017-02-09 14:14:24.187 30513 INFO oslo_service.service [req-447c161a-29f2-4f84-bc25-8989b8f3ed39 - - - - -] Child 31291 exited with status 0
2017-02-09 14:14:24.190 33832 WARNING oslo_db.sqlalchemy.engines [req-3bf0d03c-41f8-4f29-9ac9-ae7a1f47fe1e - - - - -] SQL connection failed. -1 attempts left.
2017-02-09 14:14:24.192 30513 INFO oslo_service.service [req-447c161a-29f2-4f84-bc25-8989b8f3ed39 - - - - -] Child 31292 exited with status 0
2017-02-09 14:14:24.195 33833 WARNING oslo_db.sqlalchemy.engines [req-47ce41c7-e499-4bfc-afe3-85d5627b5762 - - - - -] SQL connection failed. -1 attempts left.
2017-02-09 14:14:24.196 30513 INFO oslo_service.service [req-447c161a-29f2-4f84-bc25-8989b8f3ed39 - - - - -] Child 31294 exited with status 0
2017-02-09 14:14:24.198 33834 WARNING oslo_db.sqlalchemy.engines [req-7f36035c-e0ba-4eeb-bf5d-575815309db1 - - - - -] SQL connection failed. -1 attempts left.
2017-02-09 14:14:24.200 30513 INFO oslo_service.service [req-447c161a-29f2-4f84-bc25-8989b8f3ed39 - - - - -] Child 31296 exited with status 0
2017-02-09 14:14:24.202 33835 WARNING oslo_db.sqlalchemy.engines [req-db565f27-54b7-4a7d-a9f7-22c4f41a610f - - - - -] SQL connection failed. -1 attempts left.
2017-02-09 14:14:24.204 30513 INFO oslo_service.service [req-447c161a-29f2-4f84-bc25-8989b8f3ed39 - - - - -] Child 31297 exited with status 0
2017-02-09 14:14:24.209 33836 WARNING oslo_db.sqlalchemy.engines [req-238ab041-a2f2-4424-a386-1c869ae3bd10 - - - - -] SQL connection failed. -1 attempts left.
2017-02-09 14:14:24.211 33837 WARNING oslo_db.sqlalchemy.engines [req-e6a1cf59-b409-4147-8224-99833ab78d29 - - - - -] SQL connection failed. -1 attempts left.
2017-02-09 14:14:24.214 33838 WARNING oslo_db.sqlalchemy.engines [req-4e2a54a8-eeea-49d8-9b96-d1a132824729 - - - - -] SQL connection failed. -1 attempts left.
2017-02-09 14:14:24.218 30513 INFO oslo_service.service [req-447c161a-29f2-4f84-bc25-8989b8f3ed39 - - - - -] Caught SIGTERM, stopping children
2017-02-09 14:14:24.219 33839 WARNING oslo_db.sqlalchemy.engines [req-43b49fcc-9911-4099-b79c-b4e535d0babb - - - - -] SQL connection failed. -1 attempts left.
2017-02-09 14:14:24.219 30513 INFO nova.wsgi [req-447c161a-29f2-4f84-bc25-8989b8f3ed39 - - - - -] Stopping WSGI server.
2017-02-09 14:14:24.220 30513 INFO nova.wsgi [req-447c161a-29f2-4f84-bc25-8989b8f3ed39 - - - - -] Stopping WSGI server.
2017-02-09 14:14:24.221 33806 INFO nova.wsgi [-] Stopping WSGI server.
2017-02-09 14:14:24.221 33807 INFO nova.wsgi [-] Stopping WSGI server.
2017-02-09 14:14:24.221 33798 INFO nova.wsgi [-] Stopping WSGI server.
2017-02-09 14:14:24.221 33822 INFO nova.wsgi [-] Stopping WSGI server.
2017-02-09 14:14:24.221 33800 INFO nova.wsgi [-] Stopping WSGI server.
2017-02-09 14:14:24.224 30513 INFO oslo_service.service [req-447c161a-29f2-4f84-bc25-8989b8f3ed39 - - - - -] Waiting on 80 children to exit
2017-02-09 14:14:24.224 33839 INFO nova.wsgi [-] Stopping WSGI server.
2017-02-09 14:14:24.225 33796 INFO nova.wsgi [-] Stopping WSGI server.
2017-02-09 14:14:24.225 33801 INFO nova.wsgi [-] Stopping WSGI server.
2017-02-09 14:14:24.225 33772 INFO nova.wsgi [-] Stopping WSGI server.
2017-02-09 14:14:24.225 33799 INFO nova.wsgi [-] Stopping WSGI server.
2017-02-09 14:14:24.225 33813 INFO nova.wsgi [-] Stopping WSGI server.
2017-02-09 14:14:24.225 33789 INFO nova.wsgi [-] Stopping WSGI server.
2017-02-09 14:14:24.225 33827 INFO nova.wsgi [-] Stopping WSGI server.
2017-02-09 14:14:24.225 33832 INFO nova.wsgi [-] Stopping WSGI server.
2017-02-09 14:14:24.225 33812 INFO nova.wsgi [-] Stopping WSGI server.
2017-02-09 14:14:24.225 33794 INFO nova.wsgi [-] Stopping WSGI server.
2017-02-09 14:14:24.225 33825 INFO nova.wsgi [-] Stopping WSGI server.
2017-02-09 14:14:24.225 33815 INFO nova.wsgi [-] Stopping WSGI server.
2017-02-09 14:14:24.225 33787 INFO nova.wsgi [-] Stopping WSGI server.
2017-02-09 14:14:24.225 33826 INFO nova.wsgi [-] Stopping WSGI server.
2017-02-09 14:14:24.225 33779 INFO nova.wsgi [-] Stopping WSGI server.
2017-02-09 14:14:24.225 33821 INFO nova.wsgi [-] Stopping WSGI server.
2017-02-09 14:14:24.225 33824 INFO nova.wsgi [-] Stopping WSGI server.
2017-02-09 14:14:24.225 33783 INFO nova.wsgi [-] Stopping WSGI server.
2017-02-09 14:14:24.225 33831 INFO nova.wsgi [-] Stopping WSGI server.
2017-02-09 14:14:24.225 33829 INFO nova.wsgi [-] Stopping WSGI server.
2017-02-09 14:14:24.225 33805 INFO nova.wsgi [-] Stopping WSGI server.
2017-02-09 14:14:24.225 33759 INFO nova.wsgi [-] Stopping WSGI server.
2017-02-09 14:14:24.225 33828 INFO nova.wsgi [-] Stopping WSGI server.
2017-02-09 14:14:24.225 33823 INFO nova.wsgi [-] Stopping WSGI server.
2017-02-09 14:14:24.225 33811 INFO nova.wsgi [-] Stopping WSGI server.
2017-02-09 14:14:24.225 33781 INFO nova.wsgi [-] Stopping WSGI server.
2017-02-09 14:14:24.225 33833 INFO nova.wsgi [-] Stopping WSGI server.
2017-02-09 14:14:24.226 33774 INFO nova.wsgi [-] Stopping WSGI server.
2017-02-09 14:14:24.226 33780 INFO nova.wsgi [-] Stopping WSGI server.
2017-02-09 14:14:24.226 33820 INFO nova.wsgi [-] Stopping WSGI server.
2017-02-09 14:14:24.226 33804 INFO nova.wsgi [-] Stopping WSGI server.
2017-02-09 14:14:24.226 33768 INFO nova.wsgi [-] Stopping WSGI server.
2017-02-09 14:14:24.226 33776 INFO nova.wsgi [-] Stopping WSGI server.
2017-02-09 14:14:24.226 33818 INFO nova.wsgi [-] Stopping WSGI server.
2017-02-09 14:14:24.226 33785 INFO nova.wsgi [-] Stopping WSGI server.
2017-02-09 14:14:24.226 33816 INFO nova.wsgi [-] Stopping WSGI server.
2017-02-09 14:14:24.226 33817 INFO nova.wsgi [-] Stopping WSGI server.
2017-02-09 14:14:24.226 33788 INFO nova.wsgi [-] Stopping WSGI server.
2017-02-09 14:14:24.226 33771 INFO nova.wsgi [-] Stopping WSGI server.
2017-02-09 14:14:24.226 33790 INFO nova.wsgi [-] Stopping WSGI server.
2017-02-09 14:14:24.226 33770 INFO nova.wsgi [-] Stopping WSGI server.
2017-02-09 14:14:24.226 33797 INFO nova.wsgi [-] Stopping WSGI server.
2017-02-09 14:14:24.226 33757 INFO nova.wsgi [-] Stopping WSGI server.
2017-02-09 14:14:24.227 33756 INFO nova.wsgi [-] Stopping WSGI server.
2017-02-09 14:14:24.226 33792 INFO nova.wsgi [-] Stopping WSGI server.
2017-02-09 14:14:24.227 33803 INFO nova.wsgi [-] Stopping WSGI server.
2017-02-09 14:14:24.227 33786 INFO nova.wsgi [-] Stopping WSGI server.
2017-02-09 14:14:24.226 33840 INFO nova.wsgi [-] Stopping WSGI server.
2017-02-09 14:14:24.227 33791 INFO nova.wsgi [-] Stopping WSGI server.
2017-02-09 14:14:24.227 33809 INFO nova.wsgi [-] Stopping WSGI server.
2017-02-09 14:14:24.227 33795 INFO nova.wsgi [-] Stopping WSGI server.
2017-02-09 14:14:24.225 33755 INFO nova.wsgi [-] Stopping WSGI server.
2017-02-09 14:14:24.227 33793 INFO nova.wsgi [-] Stopping WSGI server.
2017-02-09 14:14:24.227 33835 INFO nova.wsgi [-] Stopping WSGI server.
2017-02-09 14:14:24.227 33764 INFO nova.wsgi [-] Stopping WSGI server.
2017-02-09 14:14:24.227 33784 INFO nova.wsgi [-] Stopping WSGI server.
2017-02-09 14:14:24.227 33834 INFO nova.wsgi [-] Stopping WSGI server.
2017-02-09 14:14:24.227 33765 INFO nova.wsgi [-] Stopping WSGI server.
2017-02-09 14:14:24.227 33814 INFO nova.wsgi [-] Stopping WSGI server.
2017-02-09 14:14:24.227 33838 INFO nova.wsgi [-] Stopping WSGI server.
2017-02-09 14:14:24.226 33837 INFO nova.wsgi [-] Stopping WSGI server.
2017-02-09 14:14:24.227 33836 INFO nova.wsgi [-] Stopping WSGI server.
2017-02-09 14:14:24.227 33819 INFO nova.wsgi [-] Stopping WSGI server.
2017-02-09 14:14:24.227 33830 INFO nova.wsgi [-] Stopping WSGI server.
2017-02-09 14:14:24.227 33802 INFO nova.wsgi [-] Stopping WSGI server.
2017-02-09 14:14:24.227 33758 INFO nova.wsgi [-] Stopping WSGI server.
2017-02-09 14:14:24.227 33810 INFO nova.wsgi [-] Stopping WSGI server.
2017-02-09 14:14:24.227 33766 INFO nova.wsgi [-] Stopping WSGI server.
2017-02-09 14:14:24.227 33769 INFO nova.wsgi [-] Stopping WSGI server.
2017-02-09 14:14:24.228 33760 INFO nova.wsgi [-] Stopping WSGI server.
2017-02-09 14:14:24.228 33767 INFO nova.wsgi [-] Stopping WSGI server.
2017-02-09 14:14:24.227 33782 INFO nova.wsgi [-] Stopping WSGI server.
2017-02-09 14:14:24.228 33841 INFO nova.wsgi [-] Stopping WSGI server.
2017-02-09 14:14:24.236 30513 INFO oslo_service.service [req-447c161a-29f2-4f84-bc25-8989b8f3ed39 - - - - -] Child 33798 exited with status 0
2017-02-09 14:14:24.237 30513 INFO oslo_service.service [req-447c161a-29f2-4f84-bc25-8989b8f3ed39 - - - - -] Child 33807 exited with status 0
2017-02-09 14:14:24.237 30513 INFO oslo_service.service [req-447c161a-29f2-4f84-bc25-8989b8f3ed39 - - - - -] Child 33822 exited with status 0
2017-02-09 14:14:24.238 33842 INFO nova.wsgi [-] Stopping WSGI server.
2017-02-09 14:14:24.239 30513 INFO oslo_service.service [req-447c161a-29f2-4f84-bc25-8989b8f3ed39 - - - - -] Child 33813 exited with status 0
2017-02-09 14:14:24.244 30513 INFO oslo_service.service [req-447c161a-29f2-4f84-bc25-8989b8f3ed39 - - - - -] Child 33806 exited with status 0
2017-02-09 14:14:24.252 30513 INFO oslo_service.service [req-447c161a-29f2-4f84-bc25-8989b8f3ed39 - - - - -] Child 33800 exited with status 0
2017-02-09 14:14:24.252 30513 INFO oslo_service.service [req-447c161a-29f2-4f84-bc25-8989b8f3ed39 - - - - -] Child 33795 exited with status 0
2017-02-09 14:14:24.254 30513 INFO oslo_service.service [req-447c161a-29f2-4f84-bc25-8989b8f3ed39 - - - - -] Child 33799 exited with status 0
2017-02-09 14:14:24.254 30513 INFO oslo_service.service [req-447c161a-29f2-4f84-bc25-8989b8f3ed39 - - - - -] Child 33764 exited with status 0
2017-02-09 14:14:24.255 30513 INFO oslo_service.service [req-447c161a-29f2-4f84-bc25-8989b8f3ed39 - - - - -] Child 33769 exited with status 0
2017-02-09 14:14:24.255 30513 INFO oslo_service.service [req-447c161a-29f2-4f84-bc25-8989b8f3ed39 - - - - -] Child 33835 exited with status 0
2017-02-09 14:14:24.255 30513 INFO oslo_service.service [req-447c161a-29f2-4f84-bc25-8989b8f3ed39 - - - - -] Child 33837 exited with status 0
2017-02-09 14:14:24.256 30513 INFO oslo_service.service [req-447c161a-29f2-4f84-bc25-8989b8f3ed39 - - - - -] Child 33805 exited with status 0
2017-02-09 14:14:24.256 30513 INFO oslo_service.service [req-447c161a-29f2-4f84-bc25-8989b8f3ed39 - - - - -] Child 33818 exited with status 0
2017-02-09 14:14:24.256 30513 INFO oslo_service.service [req-447c161a-29f2-4f84-bc25-8989b8f3ed39 - - - - -] Child 33767 exited with status 0
2017-02-09 14:14:24.257 30513 INFO oslo_service.service [req-447c161a-29f2-4f84-bc25-8989b8f3ed39 - - - - -] Child 33791 exited with status 0
2017-02-09 14:14:24.258 30513 INFO oslo_service.service [req-447c161a-29f2-4f84-bc25-8989b8f3ed39 - - - - -] Child 33821 exited with status 0
2017-02-09 14:14:24.261 30513 INFO oslo_service.service [req-447c161a-29f2-4f84-bc25-8989b8f3ed39 - - - - -] Child 33826 exited with status 0
2017-02-09 14:14:24.261 30513 INFO oslo_service.service [req-447c161a-29f2-4f84-bc25-8989b8f3ed39 - - - - -] Child 33833 exited with status 0
2017-02-09 14:14:24.264 30513 INFO oslo_service.service [req-447c161a-29f2-4f84-bc25-8989b8f3ed39 - - - - -] Child 33785 exited with status 0
2017-02-09 14:14:24.265 30513 INFO oslo_service.service [req-447c161a-29f2-4f84-bc25-8989b8f3ed39 - - - - -] Child 33768 exited with status 0
2017-02-09 14:14:24.266 30513 INFO oslo_service.service [req-447c161a-29f2-4f84-bc25-8989b8f3ed39 - - - - -] Child 33786 exited with status 0
2017-02-09 14:14:24.267 30513 INFO oslo_service.service [req-447c161a-29f2-4f84-bc25-8989b8f3ed39 - - - - -] Child 33838 exited with status 0
2017-02-09 14:14:24.268 30513 INFO oslo_service.service [req-447c161a-29f2-4f84-bc25-8989b8f3ed39 - - - - -] Child 33828 exited with status 0
2017-02-09 14:14:24.268 30513 INFO oslo_service.service [req-447c161a-29f2-4f84-bc25-8989b8f3ed39 - - - - -] Child 33825 exited with status 0
2017-02-09 14:14:24.268 30513 INFO oslo_service.service [req-447c161a-29f2-4f84-bc25-8989b8f3ed39 - - - - -] Child 33793 exited with status 0
2017-02-09 14:14:24.269 30513 INFO oslo_service.service [req-447c161a-29f2-4f84-bc25-8989b8f3ed39 - - - - -] Child 33801 exited with status 0
2017-02-09 14:14:24.270 30513 INFO oslo_service.service [req-447c161a-29f2-4f84-bc25-8989b8f3ed39 - - - - -] Child 33796 exited with status 0
2017-02-09 14:14:24.270 30513 INFO oslo_service.service [req-447c161a-29f2-4f84-bc25-8989b8f3ed39 - - - - -] Child 33809 exited with status 0
2017-02-09 14:14:24.271 30513 INFO oslo_service.service [req-447c161a-29f2-4f84-bc25-8989b8f3ed39 - - - - -] Child 33824 exited with status 0
2017-02-09 14:14:24.272 30513 INFO oslo_service.service [req-447c161a-29f2-4f84-bc25-8989b8f3ed39 - - - - -] Child 33757 exited with status 0
2017-02-09 14:14:24.272 30513 INFO oslo_service.service [req-447c161a-29f2-4f84-bc25-8989b8f3ed39 - - - - -] Child 33780 exited with status 0
2017-02-09 14:14:24.273 30513 INFO oslo_service.service [req-447c161a-29f2-4f84-bc25-8989b8f3ed39 - - - - -] Child 33774 exited with status 0
2017-02-09 14:14:24.274 30513 INFO oslo_service.service [req-447c161a-29f2-4f84-bc25-8989b8f3ed39 - - - - -] Child 33788 exited with status 0
2017-02-09 14:14:24.274 30513 INFO oslo_service.service [req-447c161a-29f2-4f84-bc25-8989b8f3ed39 - - - - -] Child 33756 exited with status 0
2017-02-09 14:14:24.274 30513 INFO oslo_service.service [req-447c161a-29f2-4f84-bc25-8989b8f3ed39 - - - - -] Child 33779 exited with status 0
2017-02-09 14:14:24.275 30513 INFO oslo_service.service [req-447c161a-29f2-4f84-bc25-8989b8f3ed39 - - - - -] Child 33812 exited with status 0
2017-02-09 14:14:24.275 30513 INFO oslo_service.service [req-447c161a-29f2-4f84-bc25-8989b8f3ed39 - - - - -] Child 33819 exited with status 0
2017-02-09 14:14:24.275 30513 INFO oslo_service.service [req-447c161a-29f2-4f84-bc25-8989b8f3ed39 - - - - -] Child 33823 exited with status 0
2017-02-09 14:14:24.276 30513 INFO oslo_service.service [req-447c161a-29f2-4f84-bc25-8989b8f3ed39 - - - - -] Child 33783 exited with status 0
2017-02-09 14:14:24.276 30513 INFO oslo_service.service [req-447c161a-29f2-4f84-bc25-8989b8f3ed39 - - - - -] Child 33814 exited with status 0
2017-02-09 14:14:24.277 30513 INFO oslo_service.service [req-447c161a-29f2-4f84-bc25-8989b8f3ed39 - - - - -] Child 33836 exited with status 0
2017-02-09 14:14:24.277 30513 INFO oslo_service.service [req-447c161a-29f2-4f84-bc25-8989b8f3ed39 - - - - -] Child 33841 exited with status 0
2017-02-09 14:14:24.278 30513 INFO oslo_service.service [req-447c161a-29f2-4f84-bc25-8989b8f3ed39 - - - - -] Child 33810 exited with status 0
2017-02-09 14:14:24.278 30513 INFO oslo_service.service [req-447c161a-29f2-4f84-bc25-8989b8f3ed39 - - - - -] Child 33782 exited with status 0
2017-02-09 14:14:24.278 30513 INFO oslo_service.service [req-447c161a-29f2-4f84-bc25-8989b8f3ed39 - - - - -] Child 33827 exited with status 0
2017-02-09 14:14:24.279 30513 INFO oslo_service.service [req-447c161a-29f2-4f84-bc25-8989b8f3ed39 - - - - -] Child 33817 exited with status 0
2017-02-09 14:14:24.280 30513 INFO oslo_service.service [req-447c161a-29f2-4f84-bc25-8989b8f3ed39 - - - - -] Child 33820 exited with status 0
2017-02-09 14:14:24.280 30513 INFO oslo_service.service [req-447c161a-29f2-4f84-bc25-8989b8f3ed39 - - - - -] Child 33787 exited with status 0
2017-02-09 14:14:24.280 30513 INFO oslo_service.service [req-447c161a-29f2-4f84-bc25-8989b8f3ed39 - - - - -] Child 33829 exited with status 0
2017-02-09 14:14:24.281 30513 INFO oslo_service.service [req-447c161a-29f2-4f84-bc25-8989b8f3ed39 - - - - -] Child 33831 exited with status 0
2017-02-09 14:14:24.282 30513 INFO oslo_service.service [req-447c161a-29f2-4f84-bc25-8989b8f3ed39 - - - - -] Child 33832 exited with status 0
2017-02-09 14:14:24.283 30513 INFO oslo_service.service [req-447c161a-29f2-4f84-bc25-8989b8f3ed39 - - - - -] Child 33792 exited with status 0
2017-02-09 14:14:24.284 30513 INFO oslo_service.service [req-447c161a-29f2-4f84-bc25-8989b8f3ed39 - - - - -] Child 33811 exited with status 0
2017-02-09 14:14:24.284 30513 INFO oslo_service.service [req-447c161a-29f2-4f84-bc25-8989b8f3ed39 - - - - -] Child 33771 exited with status 0
2017-02-09 14:14:24.284 30513 INFO oslo_service.service [req-447c161a-29f2-4f84-bc25-8989b8f3ed39 - - - - -] Child 33758 exited with status 0
2017-02-09 14:14:24.285 30513 INFO oslo_service.service [req-447c161a-29f2-4f84-bc25-8989b8f3ed39 - - - - -] Child 33804 exited with status 0
2017-02-09 14:14:24.286 30513 INFO oslo_service.service [req-447c161a-29f2-4f84-bc25-8989b8f3ed39 - - - - -] Child 33803 exited with status 0
2017-02-09 14:14:24.286 30513 INFO oslo_service.service [req-447c161a-29f2-4f84-bc25-8989b8f3ed39 - - - - -] Child 33815 exited with status 0
2017-02-09 14:14:24.286 30513 INFO oslo_service.service [req-447c161a-29f2-4f84-bc25-8989b8f3ed39 - - - - -] Child 33789 exited with status 0
2017-02-09 14:14:24.288 30513 INFO oslo_service.service [req-447c161a-29f2-4f84-bc25-8989b8f3ed39 - - - - -] Child 33842 exited with status 0
2017-02-09 14:14:24.288 30513 INFO oslo_service.service [req-447c161a-29f2-4f84-bc25-8989b8f3ed39 - - - - -] Child 33755 exited with status 0
2017-02-09 14:14:24.290 30513 INFO oslo_service.service [req-447c161a-29f2-4f84-bc25-8989b8f3ed39 - - - - -] Child 33830 exited with status 0
2017-02-09 14:14:24.290 30513 INFO oslo_service.service [req-447c161a-29f2-4f84-bc25-8989b8f3ed39 - - - - -] Child 33765 exited with status 0
2017-02-09 14:14:24.290 30513 INFO oslo_service.service [req-447c161a-29f2-4f84-bc25-8989b8f3ed39 - - - - -] Child 33766 exited with status 0
2017-02-09 14:14:24.291 30513 INFO oslo_service.service [req-447c161a-29f2-4f84-bc25-8989b8f3ed39 - - - - -] Child 33770 exited with status 0
2017-02-09 14:14:24.291 30513 INFO oslo_service.service [req-447c161a-29f2-4f84-bc25-8989b8f3ed39 - - - - -] Child 33839 exited with status 0
2017-02-09 14:14:24.292 30513 INFO oslo_service.service [req-447c161a-29f2-4f84-bc25-8989b8f3ed39 - - - - -] Child 33802 exited with status 0
2017-02-09 14:14:24.293 30513 INFO oslo_service.service [req-447c161a-29f2-4f84-bc25-8989b8f3ed39 - - - - -] Child 33760 exited with status 0
2017-02-09 14:14:24.293 30513 INFO oslo_service.service [req-447c161a-29f2-4f84-bc25-8989b8f3ed39 - - - - -] Child 33772 exited with status 0
2017-02-09 14:14:24.294 30513 INFO oslo_service.service [req-447c161a-29f2-4f84-bc25-8989b8f3ed39 - - - - -] Child 33759 exited with status 0
2017-02-09 14:14:24.294 30513 INFO oslo_service.service [req-447c161a-29f2-4f84-bc25-8989b8f3ed39 - - - - -] Child 33816 exited with status 0
2017-02-09 14:14:24.294 30513 INFO oslo_service.service [req-447c161a-29f2-4f84-bc25-8989b8f3ed39 - - - - -] Child 33781 exited with status 0
2017-02-09 14:14:24.295 30513 INFO oslo_service.service [req-447c161a-29f2-4f84-bc25-8989b8f3ed39 - - - - -] Child 33776 exited with status 0
2017-02-09 14:14:24.295 30513 INFO oslo_service.service [req-447c161a-29f2-4f84-bc25-8989b8f3ed39 - - - - -] Child 33784 exited with status 0
2017-02-09 14:14:24.295 30513 INFO oslo_service.service [req-447c161a-29f2-4f84-bc25-8989b8f3ed39 - - - - -] Child 33790 exited with status 0
2017-02-09 14:14:24.296 30513 INFO oslo_service.service [req-447c161a-29f2-4f84-bc25-8989b8f3ed39 - - - - -] Child 33794 exited with status 0
2017-02-09 14:14:24.296 30513 INFO oslo_service.service [req-447c161a-29f2-4f84-bc25-8989b8f3ed39 - - - - -] Child 33797 exited with status 0
2017-02-09 14:14:24.296 30513 INFO oslo_service.service [req-447c161a-29f2-4f84-bc25-8989b8f3ed39 - - - - -] Child 33834 exited with status 0
2017-02-09 14:14:24.296 30513 INFO oslo_service.service [req-447c161a-29f2-4f84-bc25-8989b8f3ed39 - - - - -] Child 33840 exited with status 0
2017-02-09 14:16:31.235 35667 WARNING oslo_reports.guru_meditation_report [-] Guru meditation now registers SIGUSR1 and SIGUSR2 by default for backward compatibility. SIGUSR1 will no longer be registered in a future release, so please use SIGUSR2 to generate reports.
2017-02-09 14:16:31.996 35667 INFO nova.api.openstack [req-fbe1d762-727d-4059-8288-f1e01038ff98 - - - - -] Loaded extensions: ['extensions', 'flavors', 'image-metadata', 'image-size', 'images', 'ips', 'limits', 'os-admin-actions', 'os-admin-password', 'os-agents', 'os-aggregates', 'os-assisted-volume-snapshots', 'os-attach-interfaces', 'os-availability-zone', 'os-baremetal-nodes', 'os-block-device-mapping', 'os-cells', 'os-certificates', 'os-cloudpipe', 'os-config-drive', 'os-console-auth-tokens', 'os-console-output', 'os-consoles', 'os-create-backup', 'os-deferred-delete', 'os-evacuate', 'os-extended-availability-zone', 'os-extended-server-attributes', 'os-extended-status', 'os-extended-volumes', 'os-fixed-ips', 'os-flavor-access', 'os-flavor-extra-specs', 'os-flavor-manage', 'os-flavor-rxtx', 'os-floating-ip-dns', 'os-floating-ip-pools', 'os-floating-ips', 'os-floating-ips-bulk', 'os-fping', 'os-hide-server-addresses', 'os-hosts', 'os-hypervisors', 'os-instance-actions', 'os-instance-usage-audit-log', 'os-keypairs', 'os-lock-server', 'os-migrate-server', 'os-migrations', 'os-multinic', 'os-multiple-create', 'os-networks', 'os-networks-associate', 'os-pause-server', 'os-quota-class-sets', 'os-quota-sets', 'os-remote-consoles', 'os-rescue', 'os-scheduler-hints', 'os-security-group-default-rules', 'os-security-groups', 'os-server-diagnostics', 'os-server-external-events', 'os-server-groups', 'os-server-password', 'os-server-tags', 'os-server-usage', 'os-services', 'os-shelve', 'os-simple-tenant-usage', 'os-suspend-server', 'os-tenant-networks', 'os-used-limits', 'os-user-data', 'os-virtual-interfaces', 'os-volumes', 'server-metadata', 'server-migrations', 'servers', 'versions']
2017-02-09 14:16:32.213 35667 INFO nova.api.openstack [req-fbe1d762-727d-4059-8288-f1e01038ff98 - - - - -] Loaded extensions: ['extensions', 'flavors', 'image-metadata', 'image-size', 'images', 'ips', 'limits', 'os-admin-actions', 'os-admin-password', 'os-agents', 'os-aggregates', 'os-assisted-volume-snapshots', 'os-attach-interfaces', 'os-availability-zone', 'os-baremetal-nodes', 'os-block-device-mapping', 'os-cells', 'os-certificates', 'os-cloudpipe', 'os-config-drive', 'os-console-auth-tokens', 'os-console-output', 'os-consoles', 'os-create-backup', 'os-deferred-delete', 'os-evacuate', 'os-extended-availability-zone', 'os-extended-server-attributes', 'os-extended-status', 'os-extended-volumes', 'os-fixed-ips', 'os-flavor-access', 'os-flavor-extra-specs', 'os-flavor-manage', 'os-flavor-rxtx', 'os-floating-ip-dns', 'os-floating-ip-pools', 'os-floating-ips', 'os-floating-ips-bulk', 'os-fping', 'os-hide-server-addresses', 'os-hosts', 'os-hypervisors', 'os-instance-actions', 'os-instance-usage-audit-log', 'os-keypairs', 'os-lock-server', 'os-migrate-server', 'os-migrations', 'os-multinic', 'os-multiple-create', 'os-networks', 'os-networks-associate', 'os-pause-server', 'os-quota-class-sets', 'os-quota-sets', 'os-remote-consoles', 'os-rescue', 'os-scheduler-hints', 'os-security-group-default-rules', 'os-security-groups', 'os-server-diagnostics', 'os-server-external-events', 'os-server-groups', 'os-server-password', 'os-server-tags', 'os-server-usage', 'os-services', 'os-shelve', 'os-simple-tenant-usage', 'os-suspend-server', 'os-tenant-networks', 'os-used-limits', 'os-user-data', 'os-virtual-interfaces', 'os-volumes', 'server-metadata', 'server-migrations', 'servers', 'versions']
2017-02-09 14:16:32.224 35667 INFO nova.wsgi [req-fbe1d762-727d-4059-8288-f1e01038ff98 - - - - -] osapi_compute listening on 0.0.0.0:8774
2017-02-09 14:16:32.224 35667 INFO oslo_service.service [req-fbe1d762-727d-4059-8288-f1e01038ff98 - - - - -] Starting 40 workers
2017-02-09 14:16:32.383 35667 INFO nova.network.driver [req-fbe1d762-727d-4059-8288-f1e01038ff98 - - - - -] Loading network driver 'nova.network.linux_net'
2017-02-09 14:16:32.677 36393 INFO nova.osapi_compute.wsgi.server [req-7e1fcf52-ee68-4a3f-adb3-bd657747e9e5 - - - - -] (36393) wsgi starting up on http://0.0.0.0:8774
2017-02-09 14:16:32.693 36360 INFO nova.osapi_compute.wsgi.server [req-01569e96-f6b7-46ed-96e0-2cb2a0ff8ce4 - - - - -] (36360) wsgi starting up on http://0.0.0.0:8774
2017-02-09 14:16:32.697 36348 INFO nova.osapi_compute.wsgi.server [req-2cdd2e82-fa78-4cf3-a1fb-158825101e75 - - - - -] (36348) wsgi starting up on http://0.0.0.0:8774
2017-02-09 14:16:32.697 36359 INFO nova.osapi_compute.wsgi.server [req-57ded588-6e01-43ca-a67d-ae0e20aff271 - - - - -] (36359) wsgi starting up on http://0.0.0.0:8774
2017-02-09 14:16:32.701 36350 INFO nova.osapi_compute.wsgi.server [req-f0a9abfd-fd83-42be-b965-e5fbaf7d650c - - - - -] (36350) wsgi starting up on http://0.0.0.0:8774
2017-02-09 14:16:32.709 36343 INFO nova.osapi_compute.wsgi.server [req-4b9518ea-7556-4e64-bad4-71f70248bb30 - - - - -] (36343) wsgi starting up on http://0.0.0.0:8774
2017-02-09 14:16:32.721 36367 INFO nova.osapi_compute.wsgi.server [req-f252583c-5f9b-457c-a5de-563ed84d174f - - - - -] (36367) wsgi starting up on http://0.0.0.0:8774
2017-02-09 14:16:32.722 36354 INFO nova.osapi_compute.wsgi.server [req-24e9c8b0-3a49-481d-bdc0-0bcc8bb4c36f - - - - -] (36354) wsgi starting up on http://0.0.0.0:8774
2017-02-09 14:16:32.730 36377 INFO nova.osapi_compute.wsgi.server [req-b74895f6-f91f-468e-9101-01fb4de3b56c - - - - -] (36377) wsgi starting up on http://0.0.0.0:8774
2017-02-09 14:16:32.732 36353 INFO nova.osapi_compute.wsgi.server [req-55b30b71-54bb-4628-90f6-b6f48edd3fd7 - - - - -] (36353) wsgi starting up on http://0.0.0.0:8774
2017-02-09 14:16:32.732 36342 INFO nova.osapi_compute.wsgi.server [req-cb11339d-985e-4213-bb49-1b22cf78c335 - - - - -] (36342) wsgi starting up on http://0.0.0.0:8774
2017-02-09 14:16:32.733 36358 INFO nova.osapi_compute.wsgi.server [req-d0fe9176-5d66-4b50-8981-ee5bfcef72e6 - - - - -] (36358) wsgi starting up on http://0.0.0.0:8774
2017-02-09 14:16:32.735 36356 INFO nova.osapi_compute.wsgi.server [req-e9fb7775-67fe-4e2a-b333-6a09268af6f2 - - - - -] (36356) wsgi starting up on http://0.0.0.0:8774
2017-02-09 14:16:32.737 36357 INFO nova.osapi_compute.wsgi.server [req-ece593be-22d4-4669-9ad5-377963eba582 - - - - -] (36357) wsgi starting up on http://0.0.0.0:8774
2017-02-09 14:16:32.738 36410 INFO nova.osapi_compute.wsgi.server [req-8e7bc8e7-4efe-4a02-9750-631e98b3734b - - - - -] (36410) wsgi starting up on http://0.0.0.0:8774
2017-02-09 14:16:32.738 36355 INFO nova.osapi_compute.wsgi.server [req-d325ab41-81fb-41b5-93b2-5a1952812994 - - - - -] (36355) wsgi starting up on http://0.0.0.0:8774
2017-02-09 14:16:32.740 36402 INFO nova.osapi_compute.wsgi.server [req-01c0682d-0dc3-400b-9aac-b3513ae1ac67 - - - - -] (36402) wsgi starting up on http://0.0.0.0:8774
2017-02-09 14:16:32.741 36371 INFO nova.osapi_compute.wsgi.server [req-175a8d84-22e3-488f-a0e8-e3fe897aaccc - - - - -] (36371) wsgi starting up on http://0.0.0.0:8774
2017-02-09 14:16:32.742 36408 INFO nova.osapi_compute.wsgi.server [req-62968794-c4d1-449e-a362-48fef8fbadea - - - - -] (36408) wsgi starting up on http://0.0.0.0:8774
2017-02-09 14:16:32.760 36397 INFO nova.osapi_compute.wsgi.server [req-62656d50-a6e0-4524-93a0-5f3607bc89fd - - - - -] (36397) wsgi starting up on http://0.0.0.0:8774
2017-02-09 14:16:32.768 36417 INFO nova.osapi_compute.wsgi.server [req-89a55145-9780-4420-a221-9b6b3f35b083 - - - - -] (36417) wsgi starting up on http://0.0.0.0:8774
2017-02-09 14:16:32.769 36389 INFO nova.osapi_compute.wsgi.server [req-7d8222a0-b3f9-4bcf-b9bf-7689d1915ea6 - - - - -] (36389) wsgi starting up on http://0.0.0.0:8774
2017-02-09 14:16:32.774 36392 INFO nova.osapi_compute.wsgi.server [req-f259bb03-a86a-4fc8-a9ab-10b298db3fe6 - - - - -] (36392) wsgi starting up on http://0.0.0.0:8774
2017-02-09 14:16:32.775 36366 INFO nova.osapi_compute.wsgi.server [req-f1b34837-7c81-4761-ae01-684b33f6f3e8 - - - - -] (36366) wsgi starting up on http://0.0.0.0:8774
2017-02-09 14:16:32.774 36362 INFO nova.osapi_compute.wsgi.server [req-f1423b67-7220-403e-bf53-3bca8786cd5c - - - - -] (36362) wsgi starting up on http://0.0.0.0:8774
2017-02-09 14:16:32.774 36399 INFO nova.osapi_compute.wsgi.server [req-76f50a81-d771-47de-8d8e-3ff298e83317 - - - - -] (36399) wsgi starting up on http://0.0.0.0:8774
2017-02-09 14:16:32.775 36346 INFO nova.osapi_compute.wsgi.server [req-9adcddb2-d3ab-461b-b2cc-ee96c9726022 - - - - -] (36346) wsgi starting up on http://0.0.0.0:8774
2017-02-09 14:16:32.774 36395 INFO nova.osapi_compute.wsgi.server [req-4a58baac-d56a-41e4-a5fd-b2022cb4d028 - - - - -] (36395) wsgi starting up on http://0.0.0.0:8774
2017-02-09 14:16:32.776 36352 INFO nova.osapi_compute.wsgi.server [req-4853de6c-8046-44b3-9f4f-7ea4703c0d69 - - - - -] (36352) wsgi starting up on http://0.0.0.0:8774
2017-02-09 14:16:32.777 36344 INFO nova.osapi_compute.wsgi.server [req-1167dc11-4bbd-484e-b6d7-ef11ca09092d - - - - -] (36344) wsgi starting up on http://0.0.0.0:8774
2017-02-09 14:16:32.780 36364 INFO nova.osapi_compute.wsgi.server [req-ad45f3e1-527e-41d7-a3a0-008934b226b6 - - - - -] (36364) wsgi starting up on http://0.0.0.0:8774
2017-02-09 14:16:32.780 36403 INFO nova.osapi_compute.wsgi.server [req-4b3bd18e-a814-4352-bd36-06304d1414df - - - - -] (36403) wsgi starting up on http://0.0.0.0:8774
2017-02-09 14:16:32.781 36349 INFO nova.osapi_compute.wsgi.server [req-45a610f4-0ac8-4c95-92c6-38cb89e72136 - - - - -] (36349) wsgi starting up on http://0.0.0.0:8774
2017-02-09 14:16:32.782 36414 INFO nova.osapi_compute.wsgi.server [req-909f64c7-ae23-4846-ae48-6611b95c3ace - - - - -] (36414) wsgi starting up on http://0.0.0.0:8774
2017-02-09 14:16:32.782 36361 INFO nova.osapi_compute.wsgi.server [req-3b745c1d-dccd-46c2-8fcd-096ead0ea90b - - - - -] (36361) wsgi starting up on http://0.0.0.0:8774
2017-02-09 14:16:32.783 36345 INFO nova.osapi_compute.wsgi.server [req-fc46d219-fae3-4e2b-a077-205ebb0465fc - - - - -] (36345) wsgi starting up on http://0.0.0.0:8774
2017-02-09 14:16:32.791 36405 INFO nova.osapi_compute.wsgi.server [req-32baae43-0ee1-4117-98f8-de5178ef8b1f - - - - -] (36405) wsgi starting up on http://0.0.0.0:8774
2017-02-09 14:16:32.795 36416 INFO nova.osapi_compute.wsgi.server [req-aee1377b-eeb3-4f1a-93e9-f8680d0b6af0 - - - - -] (36416) wsgi starting up on http://0.0.0.0:8774
2017-02-09 14:16:32.802 36351 INFO nova.osapi_compute.wsgi.server [req-f03d07b5-7c56-44d6-ab29-8d9433540461 - - - - -] (36351) wsgi starting up on http://0.0.0.0:8774
2017-02-09 14:16:32.817 36411 INFO nova.osapi_compute.wsgi.server [req-0a57a2f5-0900-46d2-9b75-67687f2a7741 - - - - -] (36411) wsgi starting up on http://0.0.0.0:8774
2017-02-09 14:16:32.883 35667 INFO nova.wsgi [req-fbe1d762-727d-4059-8288-f1e01038ff98 - - - - -] metadata listening on 0.0.0.0:8775
2017-02-09 14:16:32.883 35667 INFO oslo_service.service [req-fbe1d762-727d-4059-8288-f1e01038ff98 - - - - -] Starting 40 workers
2017-02-09 14:16:33.202 36446 INFO nova.metadata.wsgi.server [req-9efecef2-ae95-4470-afbd-4b5235c4a38a - - - - -] (36446) wsgi starting up on http://0.0.0.0:8775
2017-02-09 14:16:33.214 36456 INFO nova.metadata.wsgi.server [req-92f93212-761a-4ed1-b596-09816919be5e - - - - -] (36456) wsgi starting up on http://0.0.0.0:8775
2017-02-09 14:16:33.234 36474 INFO nova.metadata.wsgi.server [req-fb5af2b3-88f5-4bc2-ac4d-8fc1e2a640a5 - - - - -] (36474) wsgi starting up on http://0.0.0.0:8775
2017-02-09 14:16:33.241 36460 INFO nova.metadata.wsgi.server [req-02874d3d-994d-49c3-badb-4aea10373c99 - - - - -] (36460) wsgi starting up on http://0.0.0.0:8775
2017-02-09 14:16:33.244 36470 INFO nova.metadata.wsgi.server [req-03acd550-be7d-411d-be9b-4a4d81911d04 - - - - -] (36470) wsgi starting up on http://0.0.0.0:8775
2017-02-09 14:16:33.245 36450 INFO nova.metadata.wsgi.server [req-8f37a90a-b454-4cd3-b6af-09a91ff7dc7b - - - - -] (36450) wsgi starting up on http://0.0.0.0:8775
2017-02-09 14:16:33.261 36445 INFO nova.metadata.wsgi.server [req-2da3a896-edce-41ae-9d22-a498e39802c5 - - - - -] (36445) wsgi starting up on http://0.0.0.0:8775
2017-02-09 14:16:33.270 36448 INFO nova.metadata.wsgi.server [req-948a8617-b43c-446c-bbc0-66570034b768 - - - - -] (36448) wsgi starting up on http://0.0.0.0:8775
2017-02-09 14:16:33.270 36452 INFO nova.metadata.wsgi.server [req-403e73d1-527a-4c19-af16-372056b336f5 - - - - -] (36452) wsgi starting up on http://0.0.0.0:8775
2017-02-09 14:16:33.272 36458 INFO nova.metadata.wsgi.server [req-210999af-4529-436a-8289-921cac4158d1 - - - - -] (36458) wsgi starting up on http://0.0.0.0:8775
2017-02-09 14:16:33.272 36449 INFO nova.metadata.wsgi.server [req-e993e78e-50f3-4ecc-9c79-684f732f8ae0 - - - - -] (36449) wsgi starting up on http://0.0.0.0:8775
2017-02-09 14:16:33.277 36455 INFO nova.metadata.wsgi.server [req-3292574a-1e14-484e-9a03-d764a411b8f3 - - - - -] (36455) wsgi starting up on http://0.0.0.0:8775
2017-02-09 14:16:33.278 36447 INFO nova.metadata.wsgi.server [req-334c56f4-5171-48de-8e1b-f810133ca75c - - - - -] (36447) wsgi starting up on http://0.0.0.0:8775
2017-02-09 14:16:33.281 36467 INFO nova.metadata.wsgi.server [req-72425aa0-8a69-43ae-944a-c9bab4835013 - - - - -] (36467) wsgi starting up on http://0.0.0.0:8775
2017-02-09 14:16:33.285 36444 INFO nova.metadata.wsgi.server [req-eafe991d-a955-4c28-a891-1f4e45e44a1b - - - - -] (36444) wsgi starting up on http://0.0.0.0:8775
2017-02-09 14:16:33.294 36482 INFO nova.metadata.wsgi.server [req-fc34621b-000f-4ae6-b977-68a3c7dc879e - - - - -] (36482) wsgi starting up on http://0.0.0.0:8775
2017-02-09 14:16:33.300 36453 INFO nova.metadata.wsgi.server [req-2c8ac7fa-ea43-4f07-95b2-80283880acf2 - - - - -] (36453) wsgi starting up on http://0.0.0.0:8775
2017-02-09 14:16:33.323 36514 INFO nova.metadata.wsgi.server [req-80a86ef3-4c4b-427a-8eb5-e450f8556a01 - - - - -] (36514) wsgi starting up on http://0.0.0.0:8775
2017-02-09 14:16:33.323 36479 INFO nova.metadata.wsgi.server [req-bcc8566d-514b-44d2-b20f-30915a7d33c7 - - - - -] (36479) wsgi starting up on http://0.0.0.0:8775
2017-02-09 14:16:33.325 36490 INFO nova.metadata.wsgi.server [req-68dc247d-a267-49e1-8fd9-8e4661ca5fd2 - - - - -] (36490) wsgi starting up on http://0.0.0.0:8775
2017-02-09 14:16:33.327 36494 INFO nova.metadata.wsgi.server [req-9d6bab09-d684-4e10-8641-940d5f28a8ca - - - - -] (36494) wsgi starting up on http://0.0.0.0:8775
2017-02-09 14:16:33.328 36499 INFO nova.metadata.wsgi.server [req-67f2db42-10a6-4783-86fc-8608281ae947 - - - - -] (36499) wsgi starting up on http://0.0.0.0:8775
2017-02-09 14:16:33.332 36497 INFO nova.metadata.wsgi.server [req-fd545d9c-d5d5-40e3-ae68-b5f929c8cd23 - - - - -] (36497) wsgi starting up on http://0.0.0.0:8775
2017-02-09 14:16:33.333 36506 INFO nova.metadata.wsgi.server [req-cd6638c2-2a3e-40b9-8da1-8cad9d7722dc - - - - -] (36506) wsgi starting up on http://0.0.0.0:8775
2017-02-09 14:16:33.343 36509 INFO nova.metadata.wsgi.server [req-296895c9-57b4-42cd-af9f-3a6c9499c014 - - - - -] (36509) wsgi starting up on http://0.0.0.0:8775
2017-02-09 14:16:33.352 36485 INFO nova.metadata.wsgi.server [req-1cbdcb6d-add2-46c0-9a8d-d744bffa06ae - - - - -] (36485) wsgi starting up on http://0.0.0.0:8775
2017-02-09 14:16:33.358 36511 INFO nova.metadata.wsgi.server [req-71ff4eb1-2d58-4786-8432-04be5b0cbfd2 - - - - -] (36511) wsgi starting up on http://0.0.0.0:8775
2017-02-09 14:16:33.361 36505 INFO nova.metadata.wsgi.server [req-63841ee9-2713-4324-940c-8c53237fee0c - - - - -] (36505) wsgi starting up on http://0.0.0.0:8775
2017-02-09 14:16:33.367 36517 INFO nova.metadata.wsgi.server [req-7b097b91-7fb9-4955-b502-854b1b16e70a - - - - -] (36517) wsgi starting up on http://0.0.0.0:8775
2017-02-09 14:16:33.373 36492 INFO nova.metadata.wsgi.server [req-0cc654ee-a49a-4263-a20d-cb9af13b386f - - - - -] (36492) wsgi starting up on http://0.0.0.0:8775
2017-02-09 14:16:33.374 36496 INFO nova.metadata.wsgi.server [req-151dbf17-77d6-434c-a3ae-4c92ca831af0 - - - - -] (36496) wsgi starting up on http://0.0.0.0:8775
2017-02-09 14:16:33.374 36488 INFO nova.metadata.wsgi.server [req-c6ab7bfd-0e17-412d-8ba3-1a3991510d47 - - - - -] (36488) wsgi starting up on http://0.0.0.0:8775
2017-02-09 14:16:33.388 36501 INFO nova.metadata.wsgi.server [req-b56726a1-df4a-4285-9545-e9d06e4b61db - - - - -] (36501) wsgi starting up on http://0.0.0.0:8775
2017-02-09 14:16:33.391 36524 INFO nova.metadata.wsgi.server [req-821cbeb3-5ce1-4be1-a057-e10b6cc3d4dd - - - - -] (36524) wsgi starting up on http://0.0.0.0:8775
2017-02-09 14:16:33.395 36519 INFO nova.metadata.wsgi.server [req-bc7dd888-b535-4b20-a498-f2e1c483e10b - - - - -] (36519) wsgi starting up on http://0.0.0.0:8775
2017-02-09 14:16:33.403 36525 INFO nova.metadata.wsgi.server [req-6531a6b3-a969-4a22-9777-6bacb14b4f93 - - - - -] (36525) wsgi starting up on http://0.0.0.0:8775
2017-02-09 14:16:33.422 36503 INFO nova.metadata.wsgi.server [req-84e3e50a-e168-4592-9345-2593ad8a62e0 - - - - -] (36503) wsgi starting up on http://0.0.0.0:8775
2017-02-09 14:16:33.443 36522 INFO nova.metadata.wsgi.server [req-cfa47786-17e9-443e-91e9-25c2bb32a934 - - - - -] (36522) wsgi starting up on http://0.0.0.0:8775
2017-02-09 14:16:33.462 36528 INFO nova.metadata.wsgi.server [req-b4f0acae-ba6d-4f1e-9300-54f869cadb0b - - - - -] (36528) wsgi starting up on http://0.0.0.0:8775
2017-02-09 14:16:33.523 36530 INFO nova.metadata.wsgi.server [req-e64d01f3-df73-498a-b619-32bf25478294 - - - - -] (36530) wsgi starting up on http://0.0.0.0:8775
2017-02-09 15:06:13.828 36342 INFO nova.wsgi [-] Stopping WSGI server.
2017-02-09 15:06:13.828 36352 INFO nova.wsgi [-] Stopping WSGI server.
2017-02-09 15:06:13.828 36351 INFO nova.wsgi [-] Stopping WSGI server.
2017-02-09 15:06:13.829 36354 INFO nova.wsgi [-] Stopping WSGI server.
2017-02-09 15:06:13.829 36348 INFO nova.wsgi [-] Stopping WSGI server.
2017-02-09 15:06:13.829 36392 INFO nova.wsgi [-] Stopping WSGI server.
2017-02-09 15:06:13.829 36345 INFO nova.wsgi [-] Stopping WSGI server.
2017-02-09 15:06:13.829 36343 INFO nova.wsgi [-] Stopping WSGI server.
2017-02-09 15:06:13.829 36395 INFO nova.wsgi [-] Stopping WSGI server.
2017-02-09 15:06:13.829 36366 INFO nova.wsgi [-] Stopping WSGI server.
2017-02-09 15:06:13.829 36364 INFO nova.wsgi [-] Stopping WSGI server.
2017-02-09 15:06:13.829 36482 INFO nova.wsgi [-] Stopping WSGI server.
2017-02-09 15:06:13.829 36371 INFO nova.wsgi [-] Stopping WSGI server.
2017-02-09 15:06:13.829 36359 INFO nova.wsgi [-] Stopping WSGI server.
2017-02-09 15:06:13.829 36402 INFO nova.wsgi [-] Stopping WSGI server.
2017-02-09 15:06:13.829 36377 INFO nova.wsgi [-] Stopping WSGI server.
2017-02-09 15:06:13.829 36417 INFO nova.wsgi [-] Stopping WSGI server.
2017-02-09 15:06:13.829 36342 INFO nova.osapi_compute.wsgi.server [req-cb11339d-985e-4213-bb49-1b22cf78c335 - - - - -] (36342) wsgi exited, is_accepting=True
2017-02-09 15:06:13.829 36405 INFO nova.wsgi [-] Stopping WSGI server.
2017-02-09 15:06:13.829 36479 INFO nova.wsgi [-] Stopping WSGI server.
2017-02-09 15:06:13.829 36367 INFO nova.wsgi [-] Stopping WSGI server.
2017-02-09 15:06:13.829 36448 INFO nova.wsgi [-] Stopping WSGI server.
2017-02-09 15:06:13.829 36358 INFO nova.wsgi [-] Stopping WSGI server.
2017-02-09 15:06:13.829 36444 INFO nova.wsgi [-] Stopping WSGI server.
2017-02-09 15:06:13.829 36503 INFO nova.wsgi [-] Stopping WSGI server.
2017-02-09 15:06:13.829 36467 INFO nova.wsgi [-] Stopping WSGI server.
2017-02-09 15:06:13.829 36460 INFO nova.wsgi [-] Stopping WSGI server.
2017-02-09 15:06:13.829 36505 INFO nova.wsgi [-] Stopping WSGI server.
2017-02-09 15:06:13.829 36525 INFO nova.wsgi [-] Stopping WSGI server.
2017-02-09 15:06:13.830 36485 INFO nova.wsgi [-] Stopping WSGI server.
2017-02-09 15:06:13.830 36452 INFO nova.wsgi [-] Stopping WSGI server.
2017-02-09 15:06:13.830 36352 INFO nova.osapi_compute.wsgi.server [req-4853de6c-8046-44b3-9f4f-7ea4703c0d69 - - - - -] (36352) wsgi exited, is_accepting=True
2017-02-09 15:06:13.830 36470 INFO nova.wsgi [-] Stopping WSGI server.
2017-02-09 15:06:13.830 36514 INFO nova.wsgi [-] Stopping WSGI server.
2017-02-09 15:06:13.830 36530 INFO nova.wsgi [-] Stopping WSGI server.
2017-02-09 15:06:13.831 36403 INFO nova.wsgi [-] Stopping WSGI server.
2017-02-09 15:06:13.831 36528 INFO nova.wsgi [-] Stopping WSGI server.
2017-02-09 15:06:13.831 36346 INFO nova.wsgi [-] Stopping WSGI server.
2017-02-09 15:06:13.831 36447 INFO nova.wsgi [-] Stopping WSGI server.
2017-02-09 15:06:13.829 36389 INFO nova.wsgi [-] Stopping WSGI server.
2017-02-09 15:06:13.831 36450 INFO nova.wsgi [-] Stopping WSGI server.
2017-02-09 15:06:13.831 36362 INFO nova.wsgi [-] Stopping WSGI server.
2017-02-09 15:06:13.831 36499 INFO nova.wsgi [-] Stopping WSGI server.
2017-02-09 15:06:13.831 36524 INFO nova.wsgi [-] Stopping WSGI server.
2017-02-09 15:06:13.831 36397 INFO nova.wsgi [-] Stopping WSGI server.
2017-02-09 15:06:13.831 36446 INFO nova.wsgi [-] Stopping WSGI server.
2017-02-09 15:06:13.829 36414 INFO nova.wsgi [-] Stopping WSGI server.
2017-02-09 15:06:13.832 36470 INFO nova.metadata.wsgi.server [req-03acd550-be7d-411d-be9b-4a4d81911d04 - - - - -] (36470) wsgi exited, is_accepting=True
2017-02-09 15:06:13.832 36408 INFO nova.wsgi [-] Stopping WSGI server.
2017-02-09 15:06:13.831 36519 INFO nova.wsgi [-] Stopping WSGI server.
2017-02-09 15:06:13.832 36525 INFO nova.metadata.wsgi.server [req-6531a6b3-a969-4a22-9777-6bacb14b4f93 - - - - -] (36525) wsgi exited, is_accepting=True
2017-02-09 15:06:13.832 36494 INFO nova.wsgi [-] Stopping WSGI server.
2017-02-09 15:06:13.832 36474 INFO nova.wsgi [-] Stopping WSGI server.
2017-02-09 15:06:13.832 36353 INFO nova.wsgi [-] Stopping WSGI server.
2017-02-09 15:06:13.832 36399 INFO nova.wsgi [-] Stopping WSGI server.
2017-02-09 15:06:13.833 36354 INFO nova.osapi_compute.wsgi.server [req-24e9c8b0-3a49-481d-bdc0-0bcc8bb4c36f - - - - -] (36354) wsgi exited, is_accepting=True
2017-02-09 15:06:13.833 36458 INFO nova.wsgi [-] Stopping WSGI server.
2017-02-09 15:06:13.833 36497 INFO nova.wsgi [-] Stopping WSGI server.
2017-02-09 15:06:13.833 36519 INFO nova.metadata.wsgi.server [req-bc7dd888-b535-4b20-a498-f2e1c483e10b - - - - -] (36519) wsgi exited, is_accepting=True
2017-02-09 15:06:13.833 36455 INFO nova.wsgi [-] Stopping WSGI server.
2017-02-09 15:06:13.833 36511 INFO nova.wsgi [-] Stopping WSGI server.
2017-02-09 15:06:13.833 36470 INFO nova.wsgi [req-fbe1d762-727d-4059-8288-f1e01038ff98 - - - - -] WSGI server has stopped.
2017-02-09 15:06:13.833 36522 INFO nova.wsgi [-] Stopping WSGI server.
2017-02-09 15:06:13.833 36456 INFO nova.wsgi [-] Stopping WSGI server.
2017-02-09 15:06:13.833 36453 INFO nova.wsgi [-] Stopping WSGI server.
2017-02-09 15:06:13.833 36357 INFO nova.wsgi [-] Stopping WSGI server.
2017-02-09 15:06:13.834 36402 INFO nova.osapi_compute.wsgi.server [req-01c0682d-0dc3-400b-9aac-b3513ae1ac67 - - - - -] (36402) wsgi exited, is_accepting=True
2017-02-09 15:06:13.833 36444 INFO nova.metadata.wsgi.server [req-eafe991d-a955-4c28-a891-1f4e45e44a1b - - - - -] (36444) wsgi exited, is_accepting=True
2017-02-09 15:06:13.834 36525 INFO nova.wsgi [req-fbe1d762-727d-4059-8288-f1e01038ff98 - - - - -] WSGI server has stopped.
2017-02-09 15:06:13.834 36467 INFO nova.metadata.wsgi.server [req-72425aa0-8a69-43ae-944a-c9bab4835013 - - - - -] (36467) wsgi exited, is_accepting=True
2017-02-09 15:06:13.834 36366 INFO nova.osapi_compute.wsgi.server [req-f1b34837-7c81-4761-ae01-684b33f6f3e8 - - - - -] (36366) wsgi exited, is_accepting=True
2017-02-09 15:06:13.834 36497 INFO nova.metadata.wsgi.server [req-fd545d9c-d5d5-40e3-ae68-b5f929c8cd23 - - - - -] (36497) wsgi exited, is_accepting=True
2017-02-09 15:06:13.834 36458 INFO nova.metadata.wsgi.server [req-210999af-4529-436a-8289-921cac4158d1 - - - - -] (36458) wsgi exited, is_accepting=True
2017-02-09 15:06:13.834 36455 INFO nova.metadata.wsgi.server [req-3292574a-1e14-484e-9a03-d764a411b8f3 - - - - -] (36455) wsgi exited, is_accepting=True
2017-02-09 15:06:13.834 36453 INFO nova.metadata.wsgi.server [req-2c8ac7fa-ea43-4f07-95b2-80283880acf2 - - - - -] (36453) wsgi exited, is_accepting=True
2017-02-09 15:06:13.834 36456 INFO nova.metadata.wsgi.server [req-92f93212-761a-4ed1-b596-09816919be5e - - - - -] (36456) wsgi exited, is_accepting=True
2017-02-09 15:06:13.834 36522 INFO nova.metadata.wsgi.server [req-cfa47786-17e9-443e-91e9-25c2bb32a934 - - - - -] (36522) wsgi exited, is_accepting=True
2017-02-09 15:06:13.834 36511 INFO nova.metadata.wsgi.server [req-71ff4eb1-2d58-4786-8432-04be5b0cbfd2 - - - - -] (36511) wsgi exited, is_accepting=True
2017-02-09 15:06:13.834 36357 INFO nova.osapi_compute.wsgi.server [req-ece593be-22d4-4669-9ad5-377963eba582 - - - - -] (36357) wsgi exited, is_accepting=True
2017-02-09 15:06:13.834 36417 INFO nova.osapi_compute.wsgi.server [req-89a55145-9780-4420-a221-9b6b3f35b083 - - - - -] (36417) wsgi exited, is_accepting=True
2017-02-09 15:06:13.835 36519 INFO nova.wsgi [req-fbe1d762-727d-4059-8288-f1e01038ff98 - - - - -] WSGI server has stopped.
2017-02-09 15:06:13.835 36402 INFO nova.wsgi [req-fbe1d762-727d-4059-8288-f1e01038ff98 - - - - -] WSGI server has stopped.
2017-02-09 15:06:13.836 36497 INFO nova.wsgi [req-fbe1d762-727d-4059-8288-f1e01038ff98 - - - - -] WSGI server has stopped.
2017-02-09 15:06:13.836 36366 INFO nova.wsgi [req-fbe1d762-727d-4059-8288-f1e01038ff98 - - - - -] WSGI server has stopped.
2017-02-09 15:06:13.836 36467 INFO nova.wsgi [req-fbe1d762-727d-4059-8288-f1e01038ff98 - - - - -] WSGI server has stopped.
2017-02-09 15:06:13.836 36490 INFO nova.wsgi [-] Stopping WSGI server.
2017-02-09 15:06:13.836 36453 INFO nova.wsgi [req-fbe1d762-727d-4059-8288-f1e01038ff98 - - - - -] WSGI server has stopped.
2017-02-09 15:06:13.836 36456 INFO nova.wsgi [req-fbe1d762-727d-4059-8288-f1e01038ff98 - - - - -] WSGI server has stopped.
2017-02-09 15:06:13.836 36455 INFO nova.wsgi [req-fbe1d762-727d-4059-8288-f1e01038ff98 - - - - -] WSGI server has stopped.
2017-02-09 15:06:13.836 36357 INFO nova.wsgi [req-fbe1d762-727d-4059-8288-f1e01038ff98 - - - - -] WSGI server has stopped.
2017-02-09 15:06:13.836 36417 INFO nova.wsgi [req-fbe1d762-727d-4059-8288-f1e01038ff98 - - - - -] WSGI server has stopped.
2017-02-09 15:06:13.836 36494 INFO nova.metadata.wsgi.server [req-9d6bab09-d684-4e10-8641-940d5f28a8ca - - - - -] (36494) wsgi exited, is_accepting=True
2017-02-09 15:06:13.837 36517 INFO nova.wsgi [-] Stopping WSGI server.
2017-02-09 15:06:13.837 36490 INFO nova.metadata.wsgi.server [req-68dc247d-a267-49e1-8fd9-8e4661ca5fd2 - - - - -] (36490) wsgi exited, is_accepting=True
2017-02-09 15:06:13.837 36509 INFO nova.wsgi [-] Stopping WSGI server.
2017-02-09 15:06:13.838 36506 INFO nova.wsgi [-] Stopping WSGI server.
2017-02-09 15:06:13.838 36517 INFO nova.metadata.wsgi.server [req-7b097b91-7fb9-4955-b502-854b1b16e70a - - - - -] (36517) wsgi exited, is_accepting=True
2017-02-09 15:06:13.838 36509 INFO nova.metadata.wsgi.server [req-296895c9-57b4-42cd-af9f-3a6c9499c014 - - - - -] (36509) wsgi exited, is_accepting=True
2017-02-09 15:06:13.839 36506 INFO nova.metadata.wsgi.server [req-cd6638c2-2a3e-40b9-8da1-8cad9d7722dc - - - - -] (36506) wsgi exited, is_accepting=True
2017-02-09 15:06:13.839 36397 INFO nova.osapi_compute.wsgi.server [req-62656d50-a6e0-4524-93a0-5f3607bc89fd - - - - -] (36397) wsgi exited, is_accepting=True
2017-02-09 15:06:13.839 36517 INFO nova.wsgi [req-fbe1d762-727d-4059-8288-f1e01038ff98 - - - - -] WSGI server has stopped.
2017-02-09 15:06:13.839 36410 INFO nova.wsgi [-] Stopping WSGI server.
2017-02-09 15:06:13.842 36499 INFO nova.metadata.wsgi.server [req-67f2db42-10a6-4783-86fc-8608281ae947 - - - - -] (36499) wsgi exited, is_accepting=True
2017-02-09 15:06:13.842 36524 INFO nova.metadata.wsgi.server [req-821cbeb3-5ce1-4be1-a057-e10b6cc3d4dd - - - - -] (36524) wsgi exited, is_accepting=True
2017-02-09 15:06:13.842 36343 INFO nova.osapi_compute.wsgi.server [req-4b9518ea-7556-4e64-bad4-71f70248bb30 - - - - -] (36343) wsgi exited, is_accepting=True
2017-02-09 15:06:13.842 36410 INFO nova.osapi_compute.wsgi.server [req-8e7bc8e7-4efe-4a02-9750-631e98b3734b - - - - -] (36410) wsgi exited, is_accepting=True
2017-02-09 15:06:13.842 36393 INFO nova.wsgi [-] Stopping WSGI server.
2017-02-09 15:06:13.842 36501 INFO nova.wsgi [-] Stopping WSGI server.
2017-02-09 15:06:13.843 36528 INFO nova.metadata.wsgi.server [req-b4f0acae-ba6d-4f1e-9300-54f869cadb0b - - - - -] (36528) wsgi exited, is_accepting=True
2017-02-09 15:06:13.844 36393 INFO nova.osapi_compute.wsgi.server [req-7e1fcf52-ee68-4a3f-adb3-bd657747e9e5 - - - - -] (36393) wsgi exited, is_accepting=True
