2017-02-09 14:00:04.979 31283 INFO nova.metadata.wsgi.server [req-570b6e28-b72d-46ee-8a5e-ec61fdcb03a8 - - - - -] (31283) wsgi starting up on http://0.0.0.0:8775
2017-02-09 14:00:04.981 31265 INFO nova.metadata.wsgi.server [req-57f13047-22d5-46f6-9600-73a98e37f1fd - - - - -] (31265) wsgi starting up on http://0.0.0.0:8775
2017-02-09 14:00:04.985 31276 INFO nova.metadata.wsgi.server [req-350576ea-c9ab-484b-a4a6-cadca2bea0dd - - - - -] (31276) wsgi starting up on http://0.0.0.0:8775
2017-02-09 14:00:04.988 31267 INFO nova.metadata.wsgi.server [req-01b4fe7e-7640-455b-b373-3d0f1b01a854 - - - - -] (31267) wsgi starting up on http://0.0.0.0:8775
2017-02-09 14:00:05.000 31278 INFO nova.metadata.wsgi.server [req-09780594-a15d-4681-9e61-7df39d3dcb74 - - - - -] (31278) wsgi starting up on http://0.0.0.0:8775
2017-02-09 14:00:05.004 31288 INFO nova.metadata.wsgi.server [req-866bb703-9a55-4438-91d6-86f8ee398ec4 - - - - -] (31288) wsgi starting up on http://0.0.0.0:8775
2017-02-09 14:00:05.008 31294 INFO nova.metadata.wsgi.server [req-6fc43594-5136-4606-880a-7f10d38b8af5 - - - - -] (31294) wsgi starting up on http://0.0.0.0:8775
2017-02-09 14:00:05.033 31287 INFO nova.metadata.wsgi.server [req-c403e1c7-741d-41c1-830f-caf7fa1191f6 - - - - -] (31287) wsgi starting up on http://0.0.0.0:8775
2017-02-09 14:00:05.034 31296 INFO nova.metadata.wsgi.server [req-a938c9ab-6e3f-4749-b8dc-07e473079bf4 - - - - -] (31296) wsgi starting up on http://0.0.0.0:8775
2017-02-09 14:00:05.038 31281 INFO nova.metadata.wsgi.server [req-a64d02b9-2bf2-42f2-b2dd-f2f0407edf55 - - - - -] (31281) wsgi starting up on http://0.0.0.0:8775
2017-02-09 14:00:05.045 31285 INFO nova.metadata.wsgi.server [req-fe91c252-8127-4bf2-aba6-c57f081735c3 - - - - -] (31285) wsgi starting up on http://0.0.0.0:8775
2017-02-09 14:00:05.050 31291 INFO nova.metadata.wsgi.server [req-e2ad64ec-433d-47a6-b55b-27753428470d - - - - -] (31291) wsgi starting up on http://0.0.0.0:8775
2017-02-09 14:00:05.066 31297 INFO nova.metadata.wsgi.server [req-3e6f9e72-387c-42db-8da2-a3e94d566168 - - - - -] (31297) wsgi starting up on http://0.0.0.0:8775
2017-02-09 14:14:23.573 31135 INFO nova.wsgi [-] Stopping WSGI server.
2017-02-09 14:14:23.573 31145 INFO nova.wsgi [-] Stopping WSGI server.
2017-02-09 14:14:23.573 31136 INFO nova.wsgi [-] Stopping WSGI server.
2017-02-09 14:14:23.573 31133 INFO nova.wsgi [-] Stopping WSGI server.
2017-02-09 14:14:23.574 31174 INFO nova.wsgi [-] Stopping WSGI server.
2017-02-09 14:14:23.573 31165 INFO nova.wsgi [-] Stopping WSGI server.
2017-02-09 14:14:23.574 31151 INFO nova.wsgi [-] Stopping WSGI server.
2017-02-09 14:14:23.574 31135 INFO nova.osapi_compute.wsgi.server [req-29229c00-92e6-4895-b0d7-006e8981eeb1 - - - - -] (31135) wsgi exited, is_accepting=True
2017-02-09 14:14:23.573 31146 INFO nova.wsgi [-] Stopping WSGI server.
2017-02-09 14:14:23.574 31181 INFO nova.wsgi [-] Stopping WSGI server.
2017-02-09 14:14:23.574 31160 INFO nova.wsgi [-] Stopping WSGI server.
2017-02-09 14:14:23.575 31136 INFO nova.osapi_compute.wsgi.server [req-45a1494e-2079-4a8e-ae94-b37cbcc3603e - - - - -] (31136) wsgi exited, is_accepting=True
2017-02-09 14:14:23.575 31174 INFO nova.osapi_compute.wsgi.server [req-05c3e007-c3cd-4853-9383-776961d7f8a1 - - - - -] (31174) wsgi exited, is_accepting=True
2017-02-09 14:14:23.575 31145 INFO nova.osapi_compute.wsgi.server [req-867937c6-1329-4be1-993b-c16ab87affaf - - - - -] (31145) wsgi exited, is_accepting=True
2017-02-09 14:14:23.575 31133 INFO nova.osapi_compute.wsgi.server [req-4e70a1cd-657c-4db2-baa6-93c9eacd3294 - - - - -] (31133) wsgi exited, is_accepting=True
2017-02-09 14:14:23.574 31168 INFO nova.wsgi [-] Stopping WSGI server.
2017-02-09 14:14:23.575 31165 INFO nova.osapi_compute.wsgi.server [req-3a72d755-6379-4049-b99a-a6f2419c6169 - - - - -] (31165) wsgi exited, is_accepting=True
2017-02-09 14:14:23.575 31151 INFO nova.osapi_compute.wsgi.server [req-28d010c3-2906-42a3-86c0-ccce1a9ee79f - - - - -] (31151) wsgi exited, is_accepting=True
2017-02-09 14:14:23.575 31189 INFO nova.wsgi [-] Stopping WSGI server.
2017-02-09 14:14:23.575 31201 INFO nova.wsgi [-] Stopping WSGI server.
2017-02-09 14:14:23.575 31146 INFO nova.osapi_compute.wsgi.server [req-1fbd63a7-67d7-4043-8642-c1412ef609d3 - - - - -] (31146) wsgi exited, is_accepting=True
2017-02-09 14:14:23.575 31181 INFO nova.osapi_compute.wsgi.server [req-3672fea7-5596-4a20-94c8-381251f3ed4f - - - - -] (31181) wsgi exited, is_accepting=True
2017-02-09 14:14:23.576 31136 INFO nova.wsgi [req-447c161a-29f2-4f84-bc25-8989b8f3ed39 - - - - -] WSGI server has stopped.
2017-02-09 14:14:23.575 31160 INFO nova.osapi_compute.wsgi.server [req-144b19c7-1afc-4213-a63d-6d0eec4db8d5 - - - - -] (31160) wsgi exited, is_accepting=True
2017-02-09 14:14:23.576 31135 INFO nova.wsgi [req-447c161a-29f2-4f84-bc25-8989b8f3ed39 - - - - -] WSGI server has stopped.
2017-02-09 14:14:23.574 31197 INFO nova.wsgi [-] Stopping WSGI server.
2017-02-09 14:14:23.575 31196 INFO nova.wsgi [-] Stopping WSGI server.
2017-02-09 14:14:23.575 31184 INFO nova.wsgi [-] Stopping WSGI server.
2017-02-09 14:14:23.575 31141 INFO nova.wsgi [-] Stopping WSGI server.
2017-02-09 14:14:23.575 31200 INFO nova.wsgi [-] Stopping WSGI server.
2017-02-09 14:14:23.575 31143 INFO nova.wsgi [-] Stopping WSGI server.
2017-02-09 14:14:23.574 31223 INFO nova.wsgi [-] Stopping WSGI server.
2017-02-09 14:14:23.577 31288 INFO nova.wsgi [-] Stopping WSGI server.
2017-02-09 14:14:23.576 31248 INFO nova.wsgi [-] Stopping WSGI server.
2017-02-09 14:14:23.576 31171 INFO nova.wsgi [-] Stopping WSGI server.
2017-02-09 14:14:23.576 31138 INFO nova.wsgi [-] Stopping WSGI server.
2017-02-09 14:14:23.577 31228 INFO nova.wsgi [-] Stopping WSGI server.
2017-02-09 14:14:23.573 31137 INFO nova.wsgi [-] Stopping WSGI server.
2017-02-09 14:14:23.577 31278 INFO nova.wsgi [-] Stopping WSGI server.
2017-02-09 14:14:23.577 31268 INFO nova.wsgi [-] Stopping WSGI server.
2017-02-09 14:14:23.577 31231 INFO nova.wsgi [-] Stopping WSGI server.
2017-02-09 14:14:23.576 31154 INFO nova.wsgi [-] Stopping WSGI server.
2017-02-09 14:14:23.577 31296 INFO nova.wsgi [-] Stopping WSGI server.
2017-02-09 14:14:23.577 31255 INFO nova.wsgi [-] Stopping WSGI server.
2017-02-09 14:14:23.577 31197 INFO nova.osapi_compute.wsgi.server [req-8f0c1f7c-0f43-4a0c-94d1-8e66803015fa - - - - -] (31197) wsgi exited, is_accepting=True
2017-02-09 14:14:23.577 31239 INFO nova.wsgi [-] Stopping WSGI server.
2017-02-09 14:14:23.577 31275 INFO nova.wsgi [-] Stopping WSGI server.
2017-02-09 14:14:23.577 31287 INFO nova.wsgi [-] Stopping WSGI server.
2017-02-09 14:14:23.578 31288 INFO nova.metadata.wsgi.server [req-866bb703-9a55-4438-91d6-86f8ee398ec4 - - - - -] (31288) wsgi exited, is_accepting=True
2017-02-09 14:14:23.574 31180 INFO nova.wsgi [-] Stopping WSGI server.
2017-02-09 14:14:23.578 31223 INFO nova.metadata.wsgi.server [req-2d3ab6a3-8282-4d6d-95c7-d24132950a5c - - - - -] (31223) wsgi exited, is_accepting=True
2017-02-09 14:14:23.578 31251 INFO nova.wsgi [-] Stopping WSGI server.
2017-02-09 14:14:23.578 31276 INFO nova.wsgi [-] Stopping WSGI server.
2017-02-09 14:14:23.578 31184 INFO nova.osapi_compute.wsgi.server [req-475f173d-b2e3-4027-af54-a75b91fc24d9 - - - - -] (31184) wsgi exited, is_accepting=True
2017-02-09 14:14:23.578 31138 INFO nova.osapi_compute.wsgi.server [req-26abedc6-ac8a-4a29-904d-c7774972aae9 - - - - -] (31138) wsgi exited, is_accepting=True
2017-02-09 14:14:23.578 31226 INFO nova.wsgi [-] Stopping WSGI server.
2017-02-09 14:14:23.578 31294 INFO nova.wsgi [-] Stopping WSGI server.
2017-02-09 14:14:23.578 31174 INFO nova.wsgi [req-447c161a-29f2-4f84-bc25-8989b8f3ed39 - - - - -] WSGI server has stopped.
2017-02-09 14:14:23.578 31296 INFO nova.metadata.wsgi.server [req-a938c9ab-6e3f-4749-b8dc-07e473079bf4 - - - - -] (31296) wsgi exited, is_accepting=True
2017-02-09 14:14:23.574 31140 INFO nova.wsgi [-] Stopping WSGI server.
2017-02-09 14:14:23.582 31143 INFO nova.osapi_compute.wsgi.server [req-4fd486f0-12ff-4c2a-a8cc-5c7143eab87d - - - - -] (31143) wsgi exited, is_accepting=True
2017-02-09 14:14:23.582 31224 INFO nova.wsgi [-] Stopping WSGI server.
2017-02-09 14:14:23.583 31251 INFO nova.metadata.wsgi.server [req-0d7bd6a3-8d16-447b-a5b5-302e32c17966 - - - - -] (31251) wsgi exited, is_accepting=True
2017-02-09 14:14:23.583 31239 INFO nova.metadata.wsgi.server [req-aa1b4283-6034-4cab-baaf-6e11d78b9a70 - - - - -] (31239) wsgi exited, is_accepting=True
2017-02-09 14:14:23.578 31230 INFO nova.wsgi [-] Stopping WSGI server.
2017-02-09 14:14:23.583 31146 INFO nova.wsgi [req-447c161a-29f2-4f84-bc25-8989b8f3ed39 - - - - -] WSGI server has stopped.
2017-02-09 14:14:23.583 31220 INFO nova.wsgi [-] Stopping WSGI server.
2017-02-09 14:14:23.583 31287 INFO nova.metadata.wsgi.server [req-c403e1c7-741d-41c1-830f-caf7fa1191f6 - - - - -] (31287) wsgi exited, is_accepting=True
2017-02-09 14:14:23.583 31244 INFO nova.wsgi [-] Stopping WSGI server.
2017-02-09 14:14:23.583 31151 INFO nova.wsgi [req-447c161a-29f2-4f84-bc25-8989b8f3ed39 - - - - -] WSGI server has stopped.
2017-02-09 14:14:23.578 31275 INFO nova.metadata.wsgi.server [req-e9ef81cb-9c1f-48a7-925b-27476c1b2d9b - - - - -] (31275) wsgi exited, is_accepting=True
2017-02-09 14:14:23.578 31265 INFO nova.wsgi [-] Stopping WSGI server.
2017-02-09 14:14:23.584 31140 INFO nova.osapi_compute.wsgi.server [req-15cc3261-d277-4f34-b234-034f6cbea38d - - - - -] (31140) wsgi exited, is_accepting=True
2017-02-09 14:14:23.584 31224 INFO nova.metadata.wsgi.server [req-6361b00d-9357-4155-a7b3-ead8774a4ced - - - - -] (31224) wsgi exited, is_accepting=True
2017-02-09 14:14:23.585 31184 INFO nova.wsgi [req-447c161a-29f2-4f84-bc25-8989b8f3ed39 - - - - -] WSGI server has stopped.
2017-02-09 14:14:23.585 31160 INFO nova.wsgi [req-447c161a-29f2-4f84-bc25-8989b8f3ed39 - - - - -] WSGI server has stopped.
2017-02-09 14:14:23.574 31148 INFO nova.wsgi [-] Stopping WSGI server.
2017-02-09 14:14:23.585 31296 INFO nova.wsgi [req-447c161a-29f2-4f84-bc25-8989b8f3ed39 - - - - -] WSGI server has stopped.
2017-02-09 14:14:23.585 31244 INFO nova.metadata.wsgi.server [req-a5c53bf8-b204-4eb3-8f7e-f569b48af159 - - - - -] (31244) wsgi exited, is_accepting=True
2017-02-09 14:14:23.585 31251 INFO nova.wsgi [req-447c161a-29f2-4f84-bc25-8989b8f3ed39 - - - - -] WSGI server has stopped.
2017-02-09 14:14:23.585 31265 INFO nova.metadata.wsgi.server [req-57f13047-22d5-46f6-9600-73a98e37f1fd - - - - -] (31265) wsgi exited, is_accepting=True
2017-02-09 14:14:23.586 31239 INFO nova.wsgi [req-447c161a-29f2-4f84-bc25-8989b8f3ed39 - - - - -] WSGI server has stopped.
2017-02-09 14:14:23.586 31287 INFO nova.wsgi [req-447c161a-29f2-4f84-bc25-8989b8f3ed39 - - - - -] WSGI server has stopped.
2017-02-09 14:14:23.586 31281 INFO nova.wsgi [-] Stopping WSGI server.
2017-02-09 14:14:23.586 31148 INFO nova.osapi_compute.wsgi.server [req-751c18cd-8342-4dff-b45d-a9a6fbfcdc22 - - - - -] (31148) wsgi exited, is_accepting=True
2017-02-09 14:14:23.586 31275 INFO nova.wsgi [req-447c161a-29f2-4f84-bc25-8989b8f3ed39 - - - - -] WSGI server has stopped.
2017-02-09 14:14:23.586 31140 INFO nova.wsgi [req-447c161a-29f2-4f84-bc25-8989b8f3ed39 - - - - -] WSGI server has stopped.
2017-02-09 14:14:23.586 31228 INFO nova.metadata.wsgi.server [req-ed5b09a3-01fe-4eb8-a0f5-e414e81c527f - - - - -] (31228) wsgi exited, is_accepting=True
2017-02-09 14:14:23.587 31281 INFO nova.metadata.wsgi.server [req-a64d02b9-2bf2-42f2-b2dd-f2f0407edf55 - - - - -] (31281) wsgi exited, is_accepting=True
2017-02-09 14:14:23.579 31222 INFO nova.wsgi [-] Stopping WSGI server.
2017-02-09 14:14:23.585 31230 INFO nova.metadata.wsgi.server [req-a198cf58-1498-4352-9f36-e5d67c6147be - - - - -] (31230) wsgi exited, is_accepting=True
2017-02-09 14:14:23.585 31220 INFO nova.metadata.wsgi.server [req-626339ff-3180-4ec3-9f63-ebfd29087913 - - - - -] (31220) wsgi exited, is_accepting=True
2017-02-09 14:14:23.588 31222 INFO nova.metadata.wsgi.server [req-3734bbd0-6c8e-44a0-acb0-344761dcbc88 - - - - -] (31222) wsgi exited, is_accepting=True
2017-02-09 14:14:23.588 31274 INFO nova.wsgi [-] Stopping WSGI server.
2017-02-09 14:14:23.588 31244 INFO nova.wsgi [req-447c161a-29f2-4f84-bc25-8989b8f3ed39 - - - - -] WSGI server has stopped.
2017-02-09 14:14:23.589 31230 INFO nova.wsgi [req-447c161a-29f2-4f84-bc25-8989b8f3ed39 - - - - -] WSGI server has stopped.
2017-02-09 14:14:23.589 31274 INFO nova.metadata.wsgi.server [req-2e5c0be6-5ef0-4dd7-a14a-f8f431ab3483 - - - - -] (31274) wsgi exited, is_accepting=True
2017-02-09 14:14:23.589 31220 INFO nova.wsgi [req-447c161a-29f2-4f84-bc25-8989b8f3ed39 - - - - -] WSGI server has stopped.
2017-02-09 14:14:23.576 31192 INFO nova.wsgi [-] Stopping WSGI server.
2017-02-09 14:14:23.590 31222 INFO nova.wsgi [req-447c161a-29f2-4f84-bc25-8989b8f3ed39 - - - - -] WSGI server has stopped.
2017-02-09 14:14:23.591 31274 INFO nova.wsgi [req-447c161a-29f2-4f84-bc25-8989b8f3ed39 - - - - -] WSGI server has stopped.
2017-02-09 14:14:23.590 31148 INFO nova.wsgi [req-447c161a-29f2-4f84-bc25-8989b8f3ed39 - - - - -] WSGI server has stopped.
2017-02-09 14:14:23.575 31283 INFO nova.wsgi [-] Stopping WSGI server.
2017-02-09 14:14:23.591 31192 INFO nova.osapi_compute.wsgi.server [req-8050a80f-be4a-4a45-9891-1208821601ff - - - - -] (31192) wsgi exited, is_accepting=True
2017-02-09 14:14:23.592 31283 INFO nova.metadata.wsgi.server [req-570b6e28-b72d-46ee-8a5e-ec61fdcb03a8 - - - - -] (31283) wsgi exited, is_accepting=True
2017-02-09 14:14:23.592 31171 INFO nova.osapi_compute.wsgi.server [req-33dd9eb9-f6af-4c43-813d-09168e3819e0 - - - - -] (31171) wsgi exited, is_accepting=True
2017-02-09 14:14:23.592 31192 INFO nova.wsgi [req-447c161a-29f2-4f84-bc25-8989b8f3ed39 - - - - -] WSGI server has stopped.
2017-02-09 14:14:23.592 31285 INFO nova.wsgi [-] Stopping WSGI server.
2017-02-09 14:14:23.593 31283 INFO nova.wsgi [req-447c161a-29f2-4f84-bc25-8989b8f3ed39 - - - - -] WSGI server has stopped.
2017-02-09 14:14:23.593 31285 INFO nova.metadata.wsgi.server [req-fe91c252-8127-4bf2-aba6-c57f081735c3 - - - - -] (31285) wsgi exited, is_accepting=True
2017-02-09 14:14:23.594 31171 INFO nova.wsgi [req-447c161a-29f2-4f84-bc25-8989b8f3ed39 - - - - -] WSGI server has stopped.
2017-02-09 14:14:23.595 31285 INFO nova.wsgi [req-447c161a-29f2-4f84-bc25-8989b8f3ed39 - - - - -] WSGI server has stopped.
2017-02-09 14:14:23.578 31165 INFO nova.wsgi [req-447c161a-29f2-4f84-bc25-8989b8f3ed39 - - - - -] WSGI server has stopped.
2017-02-09 14:14:23.576 31145 INFO nova.wsgi [req-447c161a-29f2-4f84-bc25-8989b8f3ed39 - - - - -] WSGI server has stopped.
2017-02-09 14:14:23.602 31228 INFO nova.wsgi [req-447c161a-29f2-4f84-bc25-8989b8f3ed39 - - - - -] WSGI server has stopped.
2017-02-09 14:14:23.607 31180 INFO nova.osapi_compute.wsgi.server [req-af066f97-7498-41eb-a548-ed790b90b2dd - - - - -] (31180) wsgi exited, is_accepting=True
2017-02-09 14:14:23.607 31143 INFO nova.wsgi [req-447c161a-29f2-4f84-bc25-8989b8f3ed39 - - - - -] WSGI server has stopped.
2017-02-09 14:14:23.600 31265 INFO nova.wsgi [req-447c161a-29f2-4f84-bc25-8989b8f3ed39 - - - - -] WSGI server has stopped.
2017-02-09 14:14:23.609 31180 INFO nova.wsgi [req-447c161a-29f2-4f84-bc25-8989b8f3ed39 - - - - -] WSGI server has stopped.
2017-02-09 14:14:23.574 31195 INFO nova.wsgi [-] Stopping WSGI server.
2017-02-09 14:14:23.612 31226 INFO nova.metadata.wsgi.server [req-d01b0ae3-8270-4c4e-a015-9df605aeda01 - - - - -] (31226) wsgi exited, is_accepting=True
2017-02-09 14:14:23.612 31231 INFO nova.metadata.wsgi.server [req-6193363d-6d4d-48e8-8522-fc070f22f7f3 - - - - -] (31231) wsgi exited, is_accepting=True
2017-02-09 14:14:23.613 31195 INFO nova.osapi_compute.wsgi.server [req-b615320b-308e-494c-a911-a17aa46e17c6 - - - - -] (31195) wsgi exited, is_accepting=True
2017-02-09 14:14:23.613 31281 INFO nova.wsgi [req-447c161a-29f2-4f84-bc25-8989b8f3ed39 - - - - -] WSGI server has stopped.
2017-02-09 14:14:23.614 31248 INFO nova.metadata.wsgi.server [req-cd0b7ec8-3121-4ce0-ab8c-8e3bff59ab89 - - - - -] (31248) wsgi exited, is_accepting=True
2017-02-09 14:14:23.575 31188 INFO nova.wsgi [-] Stopping WSGI server.
2017-02-09 14:14:23.614 31181 INFO nova.wsgi [req-447c161a-29f2-4f84-bc25-8989b8f3ed39 - - - - -] WSGI server has stopped.
2017-02-09 14:14:23.615 31226 INFO nova.wsgi [req-447c161a-29f2-4f84-bc25-8989b8f3ed39 - - - - -] WSGI server has stopped.
2017-02-09 14:14:23.615 31231 INFO nova.wsgi [req-447c161a-29f2-4f84-bc25-8989b8f3ed39 - - - - -] WSGI server has stopped.
2017-02-09 14:14:23.615 31188 INFO nova.osapi_compute.wsgi.server [req-9f409de4-da0d-4cd1-b6c2-51a5d48fc52f - - - - -] (31188) wsgi exited, is_accepting=True
2017-02-09 14:14:23.615 31294 INFO nova.metadata.wsgi.server [req-6fc43594-5136-4606-880a-7f10d38b8af5 - - - - -] (31294) wsgi exited, is_accepting=True
2017-02-09 14:14:23.616 31248 INFO nova.wsgi [req-447c161a-29f2-4f84-bc25-8989b8f3ed39 - - - - -] WSGI server has stopped.
2017-02-09 14:14:23.617 31188 INFO nova.wsgi [req-447c161a-29f2-4f84-bc25-8989b8f3ed39 - - - - -] WSGI server has stopped.
2017-02-09 14:14:23.618 31294 INFO nova.wsgi [req-447c161a-29f2-4f84-bc25-8989b8f3ed39 - - - - -] WSGI server has stopped.
2017-02-09 14:14:23.576 31254 INFO nova.wsgi [-] Stopping WSGI server.
2017-02-09 14:14:23.573 31130 INFO nova.wsgi [-] Stopping WSGI server.
2017-02-09 14:14:23.619 31254 INFO nova.metadata.wsgi.server [req-520c84a4-8507-4462-9600-17bb627d74ac - - - - -] (31254) wsgi exited, is_accepting=True
2017-02-09 14:14:23.621 31130 INFO nova.osapi_compute.wsgi.server [req-3da5619a-b9b0-44c6-b895-d91f81b6ebed - - - - -] (31130) wsgi exited, is_accepting=True
2017-02-09 14:14:23.622 31254 INFO nova.wsgi [req-447c161a-29f2-4f84-bc25-8989b8f3ed39 - - - - -] WSGI server has stopped.
2017-02-09 14:14:23.624 31241 INFO nova.wsgi [-] Stopping WSGI server.
2017-02-09 14:14:23.626 31241 INFO nova.metadata.wsgi.server [req-a0b985f3-ac9a-41b3-b13e-9e5ff6e229f5 - - - - -] (31241) wsgi exited, is_accepting=True
2017-02-09 14:14:23.626 31227 INFO nova.wsgi [-] Stopping WSGI server.
2017-02-09 14:14:23.627 31241 INFO nova.wsgi [req-447c161a-29f2-4f84-bc25-8989b8f3ed39 - - - - -] WSGI server has stopped.
2017-02-09 14:14:23.627 31261 INFO nova.wsgi [-] Stopping WSGI server.
2017-02-09 14:14:23.578 31189 INFO nova.osapi_compute.wsgi.server [req-dac63758-c7fd-45b0-b151-a1ec4aeaa3ad - - - - -] (31189) wsgi exited, is_accepting=True
2017-02-09 14:14:23.628 31261 INFO nova.metadata.wsgi.server [req-b071ebee-6b9e-4a1d-ae35-595a92666332 - - - - -] (31261) wsgi exited, is_accepting=True
2017-02-09 14:14:23.577 31229 INFO nova.wsgi [-] Stopping WSGI server.
2017-02-09 14:14:23.629 31189 INFO nova.wsgi [req-447c161a-29f2-4f84-bc25-8989b8f3ed39 - - - - -] WSGI server has stopped.
2017-02-09 14:14:23.631 31229 INFO nova.metadata.wsgi.server [req-487a99d8-2f11-4aa0-ba7b-3eaf4be7e74f - - - - -] (31229) wsgi exited, is_accepting=True
2017-02-09 14:14:23.633 31229 INFO nova.wsgi [req-447c161a-29f2-4f84-bc25-8989b8f3ed39 - - - - -] WSGI server has stopped.
2017-02-09 14:14:23.586 31224 INFO nova.wsgi [req-447c161a-29f2-4f84-bc25-8989b8f3ed39 - - - - -] WSGI server has stopped.
2017-02-09 14:14:23.634 31195 INFO nova.wsgi [req-447c161a-29f2-4f84-bc25-8989b8f3ed39 - - - - -] WSGI server has stopped.
2017-02-09 14:14:23.579 31133 INFO nova.wsgi [req-447c161a-29f2-4f84-bc25-8989b8f3ed39 - - - - -] WSGI server has stopped.
2017-02-09 14:14:23.641 31267 INFO nova.wsgi [-] Stopping WSGI server.
2017-02-09 14:14:23.642 31267 INFO nova.metadata.wsgi.server [req-01b4fe7e-7640-455b-b373-3d0f1b01a854 - - - - -] (31267) wsgi exited, is_accepting=True
2017-02-09 14:14:23.650 31227 INFO nova.metadata.wsgi.server [req-4ef9a1d4-fc33-402a-a0a3-3c977fb357fa - - - - -] (31227) wsgi exited, is_accepting=True
2017-02-09 14:14:23.651 31227 INFO nova.wsgi [req-447c161a-29f2-4f84-bc25-8989b8f3ed39 - - - - -] WSGI server has stopped.
2017-02-09 14:14:23.653 31138 INFO nova.wsgi [req-447c161a-29f2-4f84-bc25-8989b8f3ed39 - - - - -] WSGI server has stopped.
2017-02-09 14:14:23.576 31292 INFO nova.wsgi [-] Stopping WSGI server.
2017-02-09 14:14:23.656 31292 INFO nova.metadata.wsgi.server [req-da297e08-d20f-4693-b23a-f765a2c76bd7 - - - - -] (31292) wsgi exited, is_accepting=True
2017-02-09 14:14:23.658 31292 INFO nova.wsgi [req-447c161a-29f2-4f84-bc25-8989b8f3ed39 - - - - -] WSGI server has stopped.
2017-02-09 14:14:23.576 31168 INFO nova.osapi_compute.wsgi.server [req-581371df-8251-47b4-9225-2285cca7d485 - - - - -] (31168) wsgi exited, is_accepting=True
2017-02-09 14:14:23.663 31168 INFO nova.wsgi [req-447c161a-29f2-4f84-bc25-8989b8f3ed39 - - - - -] WSGI server has stopped.
2017-02-09 14:14:23.576 31297 INFO nova.wsgi [-] Stopping WSGI server.
2017-02-09 14:14:23.680 31261 INFO nova.wsgi [req-447c161a-29f2-4f84-bc25-8989b8f3ed39 - - - - -] WSGI server has stopped.
2017-02-09 14:14:23.682 31130 INFO nova.wsgi [req-447c161a-29f2-4f84-bc25-8989b8f3ed39 - - - - -] WSGI server has stopped.
2017-02-09 14:14:23.683 31297 INFO nova.metadata.wsgi.server [req-3e6f9e72-387c-42db-8da2-a3e94d566168 - - - - -] (31297) wsgi exited, is_accepting=True
2017-02-09 14:14:23.683 31267 INFO nova.wsgi [req-447c161a-29f2-4f84-bc25-8989b8f3ed39 - - - - -] WSGI server has stopped.
2017-02-09 14:14:23.683 31134 INFO nova.wsgi [-] Stopping WSGI server.
2017-02-09 14:14:23.685 31134 INFO nova.osapi_compute.wsgi.server [req-5867ef19-5a22-4ff8-96fa-160cf3113431 - - - - -] (31134) wsgi exited, is_accepting=True
2017-02-09 14:14:23.685 31297 INFO nova.wsgi [req-447c161a-29f2-4f84-bc25-8989b8f3ed39 - - - - -] WSGI server has stopped.
2017-02-09 14:14:23.576 31201 INFO nova.osapi_compute.wsgi.server [req-48875f80-8e21-47f8-b14e-2bc91e811aa0 - - - - -] (31201) wsgi exited, is_accepting=True
2017-02-09 14:14:23.704 31201 INFO nova.wsgi [req-447c161a-29f2-4f84-bc25-8989b8f3ed39 - - - - -] WSGI server has stopped.
2017-02-09 14:14:23.686 31134 INFO nova.wsgi [req-447c161a-29f2-4f84-bc25-8989b8f3ed39 - - - - -] WSGI server has stopped.
2017-02-09 14:14:23.574 31225 INFO nova.wsgi [-] Stopping WSGI server.
2017-02-09 14:14:23.573 31155 INFO nova.wsgi [-] Stopping WSGI server.
2017-02-09 14:14:23.725 31155 INFO nova.osapi_compute.wsgi.server [req-bba1f223-fdda-436c-bc37-07a320974340 - - - - -] (31155) wsgi exited, is_accepting=True
2017-02-09 14:14:23.726 31155 INFO nova.wsgi [req-447c161a-29f2-4f84-bc25-8989b8f3ed39 - - - - -] WSGI server has stopped.
2017-02-09 14:14:23.573 31158 INFO nova.wsgi [-] Stopping WSGI server.
2017-02-09 14:14:23.574 31182 INFO nova.wsgi [-] Stopping WSGI server.
2017-02-09 14:14:23.576 31235 INFO nova.wsgi [-] Stopping WSGI server.
2017-02-09 14:14:23.576 31147 INFO nova.wsgi [-] Stopping WSGI server.
2017-02-09 14:14:23.573 31139 INFO nova.wsgi [-] Stopping WSGI server.
2017-02-09 14:14:23.728 31182 INFO nova.osapi_compute.wsgi.server [req-4ebb34d1-61f4-440a-be41-10252b8d991f - - - - -] (31182) wsgi exited, is_accepting=True
2017-02-09 14:14:23.729 31147 INFO nova.osapi_compute.wsgi.server [req-cbd958d4-2323-4c1e-8dab-566d859887b8 - - - - -] (31147) wsgi exited, is_accepting=True
2017-02-09 14:14:23.729 31139 INFO nova.osapi_compute.wsgi.server [req-65b317e8-9e61-4ada-bda1-a98c7ecc775b - - - - -] (31139) wsgi exited, is_accepting=True
2017-02-09 14:14:23.730 31182 INFO nova.wsgi [req-447c161a-29f2-4f84-bc25-8989b8f3ed39 - - - - -] WSGI server has stopped.
2017-02-09 14:14:23.730 31225 INFO nova.metadata.wsgi.server [req-1eb300fb-068a-4bdc-8602-f29b64fd88ae - - - - -] (31225) wsgi exited, is_accepting=True
2017-02-09 14:14:23.730 31139 INFO nova.wsgi [req-447c161a-29f2-4f84-bc25-8989b8f3ed39 - - - - -] WSGI server has stopped.
2017-02-09 14:14:23.730 31147 INFO nova.wsgi [req-447c161a-29f2-4f84-bc25-8989b8f3ed39 - - - - -] WSGI server has stopped.
2017-02-09 14:14:23.727 31158 INFO nova.osapi_compute.wsgi.server [req-e2c2c092-db19-4c5d-a58a-5e53ba0fd8c6 - - - - -] (31158) wsgi exited, is_accepting=True
2017-02-09 14:14:23.731 31225 INFO nova.wsgi [req-447c161a-29f2-4f84-bc25-8989b8f3ed39 - - - - -] WSGI server has stopped.
2017-02-09 14:14:23.732 31158 INFO nova.wsgi [req-447c161a-29f2-4f84-bc25-8989b8f3ed39 - - - - -] WSGI server has stopped.
2017-02-09 14:14:23.741 31235 INFO nova.metadata.wsgi.server [req-4a753a5b-68c2-4cb7-9b0f-4fc765cbe807 - - - - -] (31235) wsgi exited, is_accepting=True
2017-02-09 14:14:23.742 31235 INFO nova.wsgi [req-447c161a-29f2-4f84-bc25-8989b8f3ed39 - - - - -] WSGI server has stopped.
2017-02-09 14:14:23.574 31191 INFO nova.wsgi [-] Stopping WSGI server.
2017-02-09 14:14:23.752 31191 INFO nova.osapi_compute.wsgi.server [req-45c67708-3b23-4f37-8140-2a202c760cbe - - - - -] (31191) wsgi exited, is_accepting=True
2017-02-09 14:14:23.754 31191 INFO nova.wsgi [req-447c161a-29f2-4f84-bc25-8989b8f3ed39 - - - - -] WSGI server has stopped.
2017-02-09 14:14:23.575 31144 INFO nova.wsgi [-] Stopping WSGI server.
2017-02-09 14:14:23.573 31131 INFO nova.wsgi [-] Stopping WSGI server.
2017-02-09 14:14:23.573 31132 INFO nova.wsgi [-] Stopping WSGI server.
2017-02-09 14:14:23.575 31291 INFO nova.wsgi [-] Stopping WSGI server.
2017-02-09 14:14:23.761 31144 INFO nova.osapi_compute.wsgi.server [req-331c4a3b-79d1-4006-bf58-3fabea9f572b - - - - -] (31144) wsgi exited, is_accepting=True
2017-02-09 14:14:23.761 31132 INFO nova.osapi_compute.wsgi.server [req-257d302a-692b-435f-9501-d0b4318bf329 - - - - -] (31132) wsgi exited, is_accepting=True
2017-02-09 14:14:23.762 31291 INFO nova.metadata.wsgi.server [req-e2ad64ec-433d-47a6-b55b-27753428470d - - - - -] (31291) wsgi exited, is_accepting=True
2017-02-09 14:14:23.582 31276 INFO nova.metadata.wsgi.server [req-350576ea-c9ab-484b-a4a6-cadca2bea0dd - - - - -] (31276) wsgi exited, is_accepting=True
2017-02-09 14:14:23.762 31144 INFO nova.wsgi [req-447c161a-29f2-4f84-bc25-8989b8f3ed39 - - - - -] WSGI server has stopped.
2017-02-09 14:14:23.763 31291 INFO nova.wsgi [req-447c161a-29f2-4f84-bc25-8989b8f3ed39 - - - - -] WSGI server has stopped.
2017-02-09 14:14:23.763 31132 INFO nova.wsgi [req-447c161a-29f2-4f84-bc25-8989b8f3ed39 - - - - -] WSGI server has stopped.
2017-02-09 14:14:23.763 31276 INFO nova.wsgi [req-447c161a-29f2-4f84-bc25-8989b8f3ed39 - - - - -] WSGI server has stopped.
2017-02-09 14:14:23.761 31131 INFO nova.osapi_compute.wsgi.server [req-15f5dd18-8002-4405-a319-59fda1298236 - - - - -] (31131) wsgi exited, is_accepting=True
2017-02-09 14:14:23.776 31131 INFO nova.wsgi [req-447c161a-29f2-4f84-bc25-8989b8f3ed39 - - - - -] WSGI server has stopped.
2017-02-09 14:14:23.703 30513 INFO oslo_service.service [req-447c161a-29f2-4f84-bc25-8989b8f3ed39 - - - - -] Child 31135 exited with status 0
2017-02-09 14:14:23.579 31271 INFO nova.wsgi [-] Stopping WSGI server.
2017-02-09 14:14:23.582 31197 INFO nova.wsgi [req-447c161a-29f2-4f84-bc25-8989b8f3ed39 - - - - -] WSGI server has stopped.
2017-02-09 14:14:23.582 31255 INFO nova.metadata.wsgi.server [req-4062bb87-61aa-4356-a099-8afd4f00cdf2 - - - - -] (31255) wsgi exited, is_accepting=True
2017-02-09 14:14:23.784 31271 INFO nova.metadata.wsgi.server [req-237b9e60-9afb-4766-a9d4-a19685bb686e - - - - -] (31271) wsgi exited, is_accepting=True
2017-02-09 14:14:23.785 31255 INFO nova.wsgi [req-447c161a-29f2-4f84-bc25-8989b8f3ed39 - - - - -] WSGI server has stopped.
2017-02-09 14:14:23.786 31271 INFO nova.wsgi [req-447c161a-29f2-4f84-bc25-8989b8f3ed39 - - - - -] WSGI server has stopped.
2017-02-09 14:14:23.786 30513 INFO oslo_service.service [req-447c161a-29f2-4f84-bc25-8989b8f3ed39 - - - - -] Child 31133 exited with status 0
2017-02-09 14:14:23.582 31196 INFO nova.osapi_compute.wsgi.server [req-41f76018-1e90-4991-a716-dce79a9d6032 - - - - -] (31196) wsgi exited, is_accepting=True
2017-02-09 14:14:23.582 31200 INFO nova.osapi_compute.wsgi.server [req-93b23ddb-87fc-4cca-aad4-04a66617afcf - - - - -] (31200) wsgi exited, is_accepting=True
2017-02-09 14:14:23.582 31154 INFO nova.osapi_compute.wsgi.server [req-9b712b52-a777-40cf-ba0f-3a4c9c013339 - - - - -] (31154) wsgi exited, is_accepting=True
2017-02-09 14:14:23.582 31258 INFO nova.wsgi [-] Stopping WSGI server.
2017-02-09 14:14:23.794 31258 INFO nova.metadata.wsgi.server [req-da75b609-e98d-4d6e-b3ac-378ca0010517 - - - - -] (31258) wsgi exited, is_accepting=True
2017-02-09 14:14:23.794 31196 INFO nova.wsgi [req-447c161a-29f2-4f84-bc25-8989b8f3ed39 - - - - -] WSGI server has stopped.
2017-02-09 14:14:23.794 31200 INFO nova.wsgi [req-447c161a-29f2-4f84-bc25-8989b8f3ed39 - - - - -] WSGI server has stopped.
2017-02-09 14:14:23.794 31154 INFO nova.wsgi [req-447c161a-29f2-4f84-bc25-8989b8f3ed39 - - - - -] WSGI server has stopped.
2017-02-09 14:14:23.795 31258 INFO nova.wsgi [req-447c161a-29f2-4f84-bc25-8989b8f3ed39 - - - - -] WSGI server has stopped.
2017-02-09 14:14:23.582 31223 INFO nova.wsgi [req-447c161a-29f2-4f84-bc25-8989b8f3ed39 - - - - -] WSGI server has stopped.
2017-02-09 14:14:23.582 31141 INFO nova.osapi_compute.wsgi.server [req-690eac4c-8ec4-4cf1-baf2-86360e4f618a - - - - -] (31141) wsgi exited, is_accepting=True
2017-02-09 14:14:23.797 30513 INFO oslo_service.service [req-447c161a-29f2-4f84-bc25-8989b8f3ed39 - - - - -] Child 31132 exited with status 0
2017-02-09 14:14:23.582 31288 INFO nova.wsgi [req-447c161a-29f2-4f84-bc25-8989b8f3ed39 - - - - -] WSGI server has stopped.
2017-02-09 14:14:23.582 31278 INFO nova.metadata.wsgi.server [req-09780594-a15d-4681-9e61-7df39d3dcb74 - - - - -] (31278) wsgi exited, is_accepting=True
2017-02-09 14:14:23.582 31221 INFO nova.wsgi [-] Stopping WSGI server.
2017-02-09 14:14:23.578 31137 INFO nova.osapi_compute.wsgi.server [req-f0e71c2c-c36a-492b-9b1c-b45a42918e2f - - - - -] (31137) wsgi exited, is_accepting=True
2017-02-09 14:14:23.582 31268 INFO nova.metadata.wsgi.server [req-911634f5-dfa4-4910-93ed-962bdbd39adf - - - - -] (31268) wsgi exited, is_accepting=True
2017-02-09 14:14:23.801 31221 INFO nova.metadata.wsgi.server [req-bbb3ee9d-73d3-4773-9b91-7fa203e2c8e1 - - - - -] (31221) wsgi exited, is_accepting=True
2017-02-09 14:14:23.802 31278 INFO nova.wsgi [req-447c161a-29f2-4f84-bc25-8989b8f3ed39 - - - - -] WSGI server has stopped.
2017-02-09 14:14:23.802 31268 INFO nova.wsgi [req-447c161a-29f2-4f84-bc25-8989b8f3ed39 - - - - -] WSGI server has stopped.
2017-02-09 14:14:23.803 31221 INFO nova.wsgi [req-447c161a-29f2-4f84-bc25-8989b8f3ed39 - - - - -] WSGI server has stopped.
2017-02-09 14:14:23.810 30513 INFO oslo_service.service [req-447c161a-29f2-4f84-bc25-8989b8f3ed39 - - - - -] Child 31130 exited with status 0
2017-02-09 14:14:23.813 31141 INFO nova.wsgi [req-447c161a-29f2-4f84-bc25-8989b8f3ed39 - - - - -] WSGI server has stopped.
2017-02-09 14:14:23.817 30513 INFO oslo_service.service [req-447c161a-29f2-4f84-bc25-8989b8f3ed39 - - - - -] Child 31136 exited with status 0
2017-02-09 14:14:23.822 31137 INFO nova.wsgi [req-447c161a-29f2-4f84-bc25-8989b8f3ed39 - - - - -] WSGI server has stopped.
2017-02-09 14:14:23.825 30513 INFO oslo_service.service [req-447c161a-29f2-4f84-bc25-8989b8f3ed39 - - - - -] Child 31134 exited with status 0
2017-02-09 14:14:23.831 30513 INFO oslo_service.service [req-447c161a-29f2-4f84-bc25-8989b8f3ed39 - - - - -] Child 31138 exited with status 0
2017-02-09 14:14:23.839 30513 INFO oslo_service.service [req-447c161a-29f2-4f84-bc25-8989b8f3ed39 - - - - -] Child 31139 exited with status 0
2017-02-09 14:14:23.848 30513 INFO oslo_service.service [req-447c161a-29f2-4f84-bc25-8989b8f3ed39 - - - - -] Child 31131 exited with status 0
2017-02-09 14:14:23.856 30513 INFO oslo_service.service [req-447c161a-29f2-4f84-bc25-8989b8f3ed39 - - - - -] Child 31140 exited with status 0
2017-02-09 14:14:23.876 30513 INFO oslo_service.service [req-447c161a-29f2-4f84-bc25-8989b8f3ed39 - - - - -] Child 31137 exited with status 0
2017-02-09 14:14:23.877 33758 WARNING oslo_db.sqlalchemy.engines [req-b95b0d7a-bf1d-427c-a907-ecedc3f1d603 - - - - -] SQL connection failed. -1 attempts left.
2017-02-09 14:14:23.879 33759 WARNING oslo_db.sqlalchemy.engines [req-ef01a9bc-1e60-420e-8e4c-7b079582bc1b - - - - -] SQL connection failed. -1 attempts left.
2017-02-09 14:14:23.886 33764 WARNING oslo_db.sqlalchemy.engines [req-ae901aa0-22c4-4f7e-852c-7c2470c9fcf7 - - - - -] SQL connection failed. -1 attempts left.
2017-02-09 14:14:23.886 30513 INFO oslo_service.service [req-447c161a-29f2-4f84-bc25-8989b8f3ed39 - - - - -] Child 31141 exited with status 0
2017-02-09 14:14:23.889 33755 WARNING oslo_db.sqlalchemy.engines [req-8e44aaf1-231b-4157-86cf-c88797c245b2 - - - - -] SQL connection failed. -1 attempts left.
2017-02-09 14:14:23.895 30513 INFO oslo_service.service [req-447c161a-29f2-4f84-bc25-8989b8f3ed39 - - - - -] Child 31143 exited with status 0
2017-02-09 14:14:23.904 30513 INFO oslo_service.service [req-447c161a-29f2-4f84-bc25-8989b8f3ed39 - - - - -] Child 31144 exited with status 0
2017-02-09 14:14:23.906 33760 WARNING oslo_db.sqlalchemy.engines [req-1831b21d-90fd-4590-b7cd-3068192863e3 - - - - -] SQL connection failed. -1 attempts left.
2017-02-09 14:14:23.909 30513 INFO oslo_service.service [req-447c161a-29f2-4f84-bc25-8989b8f3ed39 - - - - -] Child 31145 exited with status 0
2017-02-09 14:14:23.911 33766 WARNING oslo_db.sqlalchemy.engines [req-637d26ac-d754-46f2-9458-90ca86ca376c - - - - -] SQL connection failed. -1 attempts left.
2017-02-09 14:14:23.912 33767 WARNING oslo_db.sqlalchemy.engines [req-3f645d5b-2628-49b7-a932-aeb5600a9a6d - - - - -] SQL connection failed. -1 attempts left.
2017-02-09 14:14:23.914 30513 INFO oslo_service.service [req-447c161a-29f2-4f84-bc25-8989b8f3ed39 - - - - -] Child 31146 exited with status 0
2017-02-09 14:14:23.920 33768 WARNING oslo_db.sqlalchemy.engines [req-ada62595-5d4d-4db8-a677-8162eac35214 - - - - -] SQL connection failed. -1 attempts left.
2017-02-09 14:14:23.919 30513 INFO oslo_service.service [req-447c161a-29f2-4f84-bc25-8989b8f3ed39 - - - - -] Child 31147 exited with status 0
2017-02-09 14:14:23.920 33765 WARNING oslo_db.sqlalchemy.engines [req-7a120de0-8800-49e2-9ac1-6d4a770f4d23 - - - - -] SQL connection failed. -1 attempts left.
2017-02-09 14:14:23.924 30513 INFO oslo_service.service [req-447c161a-29f2-4f84-bc25-8989b8f3ed39 - - - - -] Child 31148 exited with status 0
2017-02-09 14:14:23.925 33769 WARNING oslo_db.sqlalchemy.engines [req-ebb0c162-2ec3-4dc8-8510-6520d80c7b19 - - - - -] SQL connection failed. -1 attempts left.
2017-02-09 14:14:23.927 33756 WARNING oslo_db.sqlalchemy.engines [req-52bb7a78-b955-489b-bd88-9cf9f3fb825f - - - - -] SQL connection failed. -1 attempts left.
2017-02-09 14:14:23.927 33757 WARNING oslo_db.sqlalchemy.engines [req-f1f0b484-70fc-4a68-8c1e-44266a2e6172 - - - - -] SQL connection failed. -1 attempts left.
2017-02-09 14:14:23.929 33770 WARNING oslo_db.sqlalchemy.engines [req-0a99491d-e95f-485b-afb4-0cdb54680657 - - - - -] SQL connection failed. -1 attempts left.
2017-02-09 14:14:23.929 30513 INFO oslo_service.service [req-447c161a-29f2-4f84-bc25-8989b8f3ed39 - - - - -] Child 31151 exited with status 0
2017-02-09 14:14:23.933 30513 INFO oslo_service.service [req-447c161a-29f2-4f84-bc25-8989b8f3ed39 - - - - -] Child 31154 exited with status 0
2017-02-09 14:14:23.937 30513 INFO oslo_service.service [req-447c161a-29f2-4f84-bc25-8989b8f3ed39 - - - - -] Child 31155 exited with status 0
2017-02-09 14:14:23.943 30513 INFO oslo_service.service [req-447c161a-29f2-4f84-bc25-8989b8f3ed39 - - - - -] Child 31158 exited with status 0
2017-02-09 14:14:23.947 33774 WARNING oslo_db.sqlalchemy.engines [req-30d1b945-b682-4a59-b774-afbece1336b8 - - - - -] SQL connection failed. -1 attempts left.
2017-02-09 14:14:23.947 33771 WARNING oslo_db.sqlalchemy.engines [req-a21e4ac6-3432-46f1-a196-ef7c58a0b24e - - - - -] SQL connection failed. -1 attempts left.
2017-02-09 14:14:23.949 30513 INFO oslo_service.service [req-447c161a-29f2-4f84-bc25-8989b8f3ed39 - - - - -] Child 31160 exited with status 0
2017-02-09 14:14:23.950 33776 WARNING oslo_db.sqlalchemy.engines [req-5ae380ff-03fd-4be7-afff-ef10a11d1038 - - - - -] SQL connection failed. -1 attempts left.
2017-02-09 14:14:23.950 33772 WARNING oslo_db.sqlalchemy.engines [req-0da1836c-35ae-40c2-bab3-b5323c186bea - - - - -] SQL connection failed. -1 attempts left.
2017-02-09 14:14:23.952 33779 WARNING oslo_db.sqlalchemy.engines [req-f2db9b7b-ec1c-461a-97c6-cd4f4bb4d74d - - - - -] SQL connection failed. -1 attempts left.
2017-02-09 14:14:23.953 30513 INFO oslo_service.service [req-447c161a-29f2-4f84-bc25-8989b8f3ed39 - - - - -] Child 31165 exited with status 0
2017-02-09 14:14:23.957 33780 WARNING oslo_db.sqlalchemy.engines [req-f5ed3362-4f02-485f-9eb5-b547bc66df6f - - - - -] SQL connection failed. -1 attempts left.
2017-02-09 14:14:23.957 30513 INFO oslo_service.service [req-447c161a-29f2-4f84-bc25-8989b8f3ed39 - - - - -] Child 31168 exited with status 0
2017-02-09 14:14:23.962 30513 INFO oslo_service.service [req-447c161a-29f2-4f84-bc25-8989b8f3ed39 - - - - -] Child 31171 exited with status 0
2017-02-09 14:14:23.963 33781 WARNING oslo_db.sqlalchemy.engines [req-5fd6830e-aed7-42d4-b7e9-fab785668b85 - - - - -] SQL connection failed. -1 attempts left.
2017-02-09 14:14:23.967 33782 WARNING oslo_db.sqlalchemy.engines [req-9fa07fa9-b0ce-40be-8344-798bdd3a66b0 - - - - -] SQL connection failed. -1 attempts left.
2017-02-09 14:14:23.967 30513 INFO oslo_service.service [req-447c161a-29f2-4f84-bc25-8989b8f3ed39 - - - - -] Child 31174 exited with status 0
2017-02-09 14:14:23.971 30513 INFO oslo_service.service [req-447c161a-29f2-4f84-bc25-8989b8f3ed39 - - - - -] Child 31180 exited with status 0
2017-02-09 14:14:23.973 33783 WARNING oslo_db.sqlalchemy.engines [req-eaad4cd3-e6bc-4841-bd17-5f55389603cd - - - - -] SQL connection failed. -1 attempts left.
2017-02-09 14:14:23.976 30513 INFO oslo_service.service [req-447c161a-29f2-4f84-bc25-8989b8f3ed39 - - - - -] Child 31181 exited with status 0
2017-02-09 14:14:23.977 33784 WARNING oslo_db.sqlalchemy.engines [req-2b8563d6-4e1f-431e-a359-7335ec55067c - - - - -] SQL connection failed. -1 attempts left.
2017-02-09 14:14:23.980 33785 WARNING oslo_db.sqlalchemy.engines [req-66f2a008-45e1-4546-952e-46ce3e11299b - - - - -] SQL connection failed. -1 attempts left.
2017-02-09 14:14:23.981 30513 INFO oslo_service.service [req-447c161a-29f2-4f84-bc25-8989b8f3ed39 - - - - -] Child 31182 exited with status 0
2017-02-09 14:14:23.985 30513 INFO oslo_service.service [req-447c161a-29f2-4f84-bc25-8989b8f3ed39 - - - - -] Child 31184 exited with status 0
2017-02-09 14:14:23.987 33786 WARNING oslo_db.sqlalchemy.engines [req-2c0e4a78-6b1a-4765-b84c-f91ea812b920 - - - - -] SQL connection failed. -1 attempts left.
2017-02-09 14:14:23.989 30513 INFO oslo_service.service [req-447c161a-29f2-4f84-bc25-8989b8f3ed39 - - - - -] Child 31188 exited with status 0
2017-02-09 14:14:23.992 33787 WARNING oslo_db.sqlalchemy.engines [req-7f8237cf-6346-41b9-a357-5e72941eb28a - - - - -] SQL connection failed. -1 attempts left.
2017-02-09 14:14:23.994 30513 INFO oslo_service.service [req-447c161a-29f2-4f84-bc25-8989b8f3ed39 - - - - -] Child 31189 exited with status 0
2017-02-09 14:14:23.996 33788 WARNING oslo_db.sqlalchemy.engines [req-f405dfd6-fc72-4597-ade8-68a277cbe621 - - - - -] SQL connection failed. -1 attempts left.
2017-02-09 14:14:23.999 30513 INFO oslo_service.service [req-447c161a-29f2-4f84-bc25-8989b8f3ed39 - - - - -] Child 31191 exited with status 0
2017-02-09 14:14:24.001 33789 WARNING oslo_db.sqlalchemy.engines [req-1cdfb434-4baf-43e3-8028-0e6a300ea167 - - - - -] SQL connection failed. -1 attempts left.
2017-02-09 14:14:24.003 30513 INFO oslo_service.service [req-447c161a-29f2-4f84-bc25-8989b8f3ed39 - - - - -] Child 31192 exited with status 0
2017-02-09 14:14:24.006 33790 WARNING oslo_db.sqlalchemy.engines [req-2c5c890f-403a-47ac-a0ef-af7cfcfb2aa4 - - - - -] SQL connection failed. -1 attempts left.
2017-02-09 14:14:24.008 33791 WARNING oslo_db.sqlalchemy.engines [req-8994527e-f338-4459-ada2-c8550be397bc - - - - -] SQL connection failed. -1 attempts left.
2017-02-09 14:14:24.008 30513 INFO oslo_service.service [req-447c161a-29f2-4f84-bc25-8989b8f3ed39 - - - - -] Child 31195 exited with status 0
2017-02-09 14:14:24.013 30513 INFO oslo_service.service [req-447c161a-29f2-4f84-bc25-8989b8f3ed39 - - - - -] Child 31196 exited with status 0
2017-02-09 14:14:24.015 33792 WARNING oslo_db.sqlalchemy.engines [req-497e3379-ec06-4438-af5b-e043e77cb32e - - - - -] SQL connection failed. -1 attempts left.
2017-02-09 14:14:24.018 30513 INFO oslo_service.service [req-447c161a-29f2-4f84-bc25-8989b8f3ed39 - - - - -] Child 31197 exited with status 0
2017-02-09 14:14:24.019 33793 WARNING oslo_db.sqlalchemy.engines [req-f655bcb4-4663-4402-9e2e-93eb24de09aa - - - - -] SQL connection failed. -1 attempts left.
2017-02-09 14:14:24.023 30513 INFO oslo_service.service [req-447c161a-29f2-4f84-bc25-8989b8f3ed39 - - - - -] Child 31200 exited with status 0
2017-02-09 14:14:24.025 33794 WARNING oslo_db.sqlalchemy.engines [req-8ffc341a-f3ba-4add-963a-a153f5892dd2 - - - - -] SQL connection failed. -1 attempts left.
2017-02-09 14:14:24.028 30513 INFO oslo_service.service [req-447c161a-29f2-4f84-bc25-8989b8f3ed39 - - - - -] Child 31201 exited with status 0
2017-02-09 14:14:24.029 33795 WARNING oslo_db.sqlalchemy.engines [req-9764e394-0cd5-40de-9ecf-d6a767e1adda - - - - -] SQL connection failed. -1 attempts left.
2017-02-09 14:14:24.032 30513 INFO oslo_service.service [req-447c161a-29f2-4f84-bc25-8989b8f3ed39 - - - - -] Child 31220 exited with status 0
2017-02-09 14:14:24.033 33796 WARNING oslo_db.sqlalchemy.engines [req-5b765cbd-efac-40b0-83ca-37996abffc1e - - - - -] SQL connection failed. -1 attempts left.
2017-02-09 14:14:24.036 33797 WARNING oslo_db.sqlalchemy.engines [req-91c5199d-382a-4156-9a5a-e9beadb5e35b - - - - -] SQL connection failed. -1 attempts left.
2017-02-09 14:14:24.036 30513 INFO oslo_service.service [req-447c161a-29f2-4f84-bc25-8989b8f3ed39 - - - - -] Child 31221 exited with status 0
2017-02-09 14:14:24.040 30513 INFO oslo_service.service [req-447c161a-29f2-4f84-bc25-8989b8f3ed39 - - - - -] Child 31222 exited with status 0
2017-02-09 14:14:24.041 33798 WARNING oslo_db.sqlalchemy.engines [req-ecfbcd50-f6b7-4b1c-84e5-172ae35d4d65 - - - - -] SQL connection failed. -1 attempts left.
2017-02-09 14:14:24.046 30513 INFO oslo_service.service [req-447c161a-29f2-4f84-bc25-8989b8f3ed39 - - - - -] Child 31223 exited with status 0
2017-02-09 14:14:24.047 33799 WARNING oslo_db.sqlalchemy.engines [req-893497d9-3f29-4bd9-9e66-7dc478a10b23 - - - - -] SQL connection failed. -1 attempts left.
2017-02-09 14:14:24.050 30513 INFO oslo_service.service [req-447c161a-29f2-4f84-bc25-8989b8f3ed39 - - - - -] Child 31224 exited with status 0
2017-02-09 14:14:24.053 33800 WARNING oslo_db.sqlalchemy.engines [req-d6c1c100-542a-4440-aa70-38da297f971c - - - - -] SQL connection failed. -1 attempts left.
2017-02-09 14:14:24.054 30513 INFO oslo_service.service [req-447c161a-29f2-4f84-bc25-8989b8f3ed39 - - - - -] Child 31225 exited with status 0
2017-02-09 14:14:24.057 33801 WARNING oslo_db.sqlalchemy.engines [req-4889af52-9e82-47e3-b37e-eb0fe022b82f - - - - -] SQL connection failed. -1 attempts left.
2017-02-09 14:14:24.058 30513 INFO oslo_service.service [req-447c161a-29f2-4f84-bc25-8989b8f3ed39 - - - - -] Child 31226 exited with status 0
2017-02-09 14:14:24.061 33802 WARNING oslo_db.sqlalchemy.engines [req-65477a7c-b63d-427b-b54d-b1566a5f8c9e - - - - -] SQL connection failed. -1 attempts left.
2017-02-09 14:14:24.064 30513 INFO oslo_service.service [req-447c161a-29f2-4f84-bc25-8989b8f3ed39 - - - - -] Child 31227 exited with status 0
2017-02-09 14:14:24.065 33803 WARNING oslo_db.sqlalchemy.engines [req-8abe0c73-18d2-4f73-938f-da59b8e8fb4e - - - - -] SQL connection failed. -1 attempts left.
2017-02-09 14:14:24.068 33804 WARNING oslo_db.sqlalchemy.engines [req-e13631fe-e8c5-4fc5-be29-ff95fa05a264 - - - - -] SQL connection failed. -1 attempts left.
2017-02-09 14:14:24.069 30513 INFO oslo_service.service [req-447c161a-29f2-4f84-bc25-8989b8f3ed39 - - - - -] Child 31228 exited with status 0
2017-02-09 14:14:24.073 30513 INFO oslo_service.service [req-447c161a-29f2-4f84-bc25-8989b8f3ed39 - - - - -] Child 31229 exited with status 0
2017-02-09 14:14:24.074 33805 WARNING oslo_db.sqlalchemy.engines [req-1d33adf0-d05c-4484-848e-db57b172ef32 - - - - -] SQL connection failed. -1 attempts left.
2017-02-09 14:14:24.077 30513 INFO oslo_service.service [req-447c161a-29f2-4f84-bc25-8989b8f3ed39 - - - - -] Child 31230 exited with status 0
2017-02-09 14:14:24.078 33806 WARNING oslo_db.sqlalchemy.engines [req-f4c1e3ce-dfb1-4b50-89af-72b623b372c2 - - - - -] SQL connection failed. -1 attempts left.
2017-02-09 14:14:24.082 30513 INFO oslo_service.service [req-447c161a-29f2-4f84-bc25-8989b8f3ed39 - - - - -] Child 31231 exited with status 0
2017-02-09 14:14:24.084 33807 WARNING oslo_db.sqlalchemy.engines [req-c2591c43-a8af-4a3b-9c33-7897f9b6e2e1 - - - - -] SQL connection failed. -1 attempts left.
2017-02-09 14:14:24.086 30513 INFO oslo_service.service [req-447c161a-29f2-4f84-bc25-8989b8f3ed39 - - - - -] Child 31235 exited with status 0
2017-02-09 14:14:24.087 33809 WARNING oslo_db.sqlalchemy.engines [req-f3b8c699-12f0-47a2-bb26-0c3e86651ae6 - - - - -] SQL connection failed. -1 attempts left.
2017-02-09 14:14:24.091 30513 INFO oslo_service.service [req-447c161a-29f2-4f84-bc25-8989b8f3ed39 - - - - -] Child 31239 exited with status 0
2017-02-09 14:14:24.091 33810 WARNING oslo_db.sqlalchemy.engines [req-54767c23-d4e1-45a8-b75d-d97d6e572f98 - - - - -] SQL connection failed. -1 attempts left.
2017-02-09 14:14:24.095 30513 INFO oslo_service.service [req-447c161a-29f2-4f84-bc25-8989b8f3ed39 - - - - -] Child 31241 exited with status 0
2017-02-09 14:14:24.097 33811 WARNING oslo_db.sqlalchemy.engines [req-ff31df9d-fa8a-4a7f-b758-3f5958818182 - - - - -] SQL connection failed. -1 attempts left.
2017-02-09 14:14:24.097 33812 WARNING oslo_db.sqlalchemy.engines [req-371a7495-65d1-4cff-8c57-58e9f7e9e269 - - - - -] SQL connection failed. -1 attempts left.
2017-02-09 14:14:24.099 30513 INFO oslo_service.service [req-447c161a-29f2-4f84-bc25-8989b8f3ed39 - - - - -] Child 31244 exited with status 0
2017-02-09 14:14:24.104 33813 WARNING oslo_db.sqlalchemy.engines [req-32a8b12e-6de2-49d7-8d60-bc44c5bca4da - - - - -] SQL connection failed. -1 attempts left.
2017-02-09 14:14:24.104 30513 INFO oslo_service.service [req-447c161a-29f2-4f84-bc25-8989b8f3ed39 - - - - -] Child 31248 exited with status 0
2017-02-09 14:14:24.108 30513 INFO oslo_service.service [req-447c161a-29f2-4f84-bc25-8989b8f3ed39 - - - - -] Child 31251 exited with status 0
2017-02-09 14:14:24.111 33814 WARNING oslo_db.sqlalchemy.engines [req-3e392e03-5878-47c6-8d74-de7975b5dffc - - - - -] SQL connection failed. -1 attempts left.
2017-02-09 14:14:24.113 30513 INFO oslo_service.service [req-447c161a-29f2-4f84-bc25-8989b8f3ed39 - - - - -] Child 31254 exited with status 0
2017-02-09 14:14:24.114 33815 WARNING oslo_db.sqlalchemy.engines [req-9a15c886-cd52-45cb-8134-51657ecc536d - - - - -] SQL connection failed. -1 attempts left.
2017-02-09 14:14:24.117 30513 INFO oslo_service.service [req-447c161a-29f2-4f84-bc25-8989b8f3ed39 - - - - -] Child 31255 exited with status 0
2017-02-09 14:14:24.118 33816 WARNING oslo_db.sqlalchemy.engines [req-0cdf9e55-56dc-4adc-823b-2ae1faaf38e1 - - - - -] SQL connection failed. -1 attempts left.
2017-02-09 14:14:24.121 30513 INFO oslo_service.service [req-447c161a-29f2-4f84-bc25-8989b8f3ed39 - - - - -] Child 31258 exited with status 0
2017-02-09 14:14:24.123 33818 WARNING oslo_db.sqlalchemy.engines [req-ab4669fb-16d4-4c82-8138-e83f74262cac - - - - -] SQL connection failed. -1 attempts left.
2017-02-09 14:14:24.123 33817 WARNING oslo_db.sqlalchemy.engines [req-53481f1c-fdf8-4fc3-9f28-910bc8efcc71 - - - - -] SQL connection failed. -1 attempts left.
2017-02-09 14:14:24.126 30513 INFO oslo_service.service [req-447c161a-29f2-4f84-bc25-8989b8f3ed39 - - - - -] Child 31261 exited with status 0
2017-02-09 14:14:24.130 33819 WARNING oslo_db.sqlalchemy.engines [req-2df9c03c-eca4-413a-8ef4-0594340279a7 - - - - -] SQL connection failed. -1 attempts left.
2017-02-09 14:14:24.131 30513 INFO oslo_service.service [req-447c161a-29f2-4f84-bc25-8989b8f3ed39 - - - - -] Child 31265 exited with status 0
2017-02-09 14:14:24.135 30513 INFO oslo_service.service [req-447c161a-29f2-4f84-bc25-8989b8f3ed39 - - - - -] Child 31267 exited with status 0
2017-02-09 14:14:24.137 33820 WARNING oslo_db.sqlalchemy.engines [req-0c2b3275-e63a-42ac-a54b-299422b3ecee - - - - -] SQL connection failed. -1 attempts left.
2017-02-09 14:14:24.139 30513 INFO oslo_service.service [req-447c161a-29f2-4f84-bc25-8989b8f3ed39 - - - - -] Child 31268 exited with status 0
2017-02-09 14:14:24.139 33821 WARNING oslo_db.sqlalchemy.engines [req-4750a315-a453-4b53-be85-66aa2b616035 - - - - -] SQL connection failed. -1 attempts left.
2017-02-09 14:14:24.144 30513 INFO oslo_service.service [req-447c161a-29f2-4f84-bc25-8989b8f3ed39 - - - - -] Child 31271 exited with status 0
2017-02-09 14:14:24.144 33822 WARNING oslo_db.sqlalchemy.engines [req-d3666abe-84d4-44d2-b868-fc64fd4c94e2 - - - - -] SQL connection failed. -1 attempts left.
2017-02-09 14:14:24.148 30513 INFO oslo_service.service [req-447c161a-29f2-4f84-bc25-8989b8f3ed39 - - - - -] Child 31274 exited with status 0
2017-02-09 14:14:24.150 33824 WARNING oslo_db.sqlalchemy.engines [req-7ea71e3f-5f80-4bf2-a637-03087ef9a753 - - - - -] SQL connection failed. -1 attempts left.
2017-02-09 14:14:24.150 33823 WARNING oslo_db.sqlalchemy.engines [req-da5e346a-9626-45fe-bd11-1b87ddb60620 - - - - -] SQL connection failed. -1 attempts left.
2017-02-09 14:14:24.152 30513 INFO oslo_service.service [req-447c161a-29f2-4f84-bc25-8989b8f3ed39 - - - - -] Child 31275 exited with status 0
2017-02-09 14:14:24.156 33825 WARNING oslo_db.sqlalchemy.engines [req-ea18cbbf-77d8-4476-804c-c2ab15655cae - - - - -] SQL connection failed. -1 attempts left.
2017-02-09 14:14:24.156 30513 INFO oslo_service.service [req-447c161a-29f2-4f84-bc25-8989b8f3ed39 - - - - -] Child 31276 exited with status 0
