2017-02-09 08:24:54.451 14572 INFO oslo_service.service [req-6a60cd70-60b4-433a-a4a5-26916edc711c - - - - -] Child 15245 exited with status 0
2017-02-09 08:24:54.461 14572 INFO oslo_service.service [req-6a60cd70-60b4-433a-a4a5-26916edc711c - - - - -] Child 15248 exited with status 0
2017-02-09 08:24:54.470 14572 INFO oslo_service.service [req-6a60cd70-60b4-433a-a4a5-26916edc711c - - - - -] Child 15249 exited with status 0
2017-02-09 08:24:54.478 14572 INFO oslo_service.service [req-6a60cd70-60b4-433a-a4a5-26916edc711c - - - - -] Child 15250 exited with status 0
2017-02-09 08:24:54.494 14572 INFO oslo_service.service [req-6a60cd70-60b4-433a-a4a5-26916edc711c - - - - -] Child 15251 exited with status 0
2017-02-09 08:24:54.510 14572 INFO oslo_service.service [req-6a60cd70-60b4-433a-a4a5-26916edc711c - - - - -] Child 15252 exited with status 0
2017-02-09 08:24:54.519 14572 INFO oslo_service.service [req-6a60cd70-60b4-433a-a4a5-26916edc711c - - - - -] Child 15253 exited with status 0
2017-02-09 08:24:54.528 14572 INFO oslo_service.service [req-6a60cd70-60b4-433a-a4a5-26916edc711c - - - - -] Child 15254 exited with status 0
2017-02-09 08:24:54.532 21182 WARNING oslo_db.sqlalchemy.engines [req-be7d0d67-8b08-4db1-aa80-ab0227bd840f - - - - -] SQL connection failed. -1 attempts left.
2017-02-09 08:24:54.536 21185 WARNING oslo_db.sqlalchemy.engines [req-66a4c3ff-ec32-498e-8ee5-86ee40907dc0 - - - - -] SQL connection failed. -1 attempts left.
2017-02-09 08:24:54.536 21175 WARNING oslo_db.sqlalchemy.engines [req-7b6ebb5e-8908-4497-ae98-1d298ca7e576 - - - - -] SQL connection failed. -1 attempts left.
2017-02-09 08:24:54.538 14572 INFO oslo_service.service [req-6a60cd70-60b4-433a-a4a5-26916edc711c - - - - -] Child 15255 exited with status 0
2017-02-09 08:24:54.541 21174 WARNING oslo_db.sqlalchemy.engines [req-3fa8572a-c451-495f-a294-86da56cce3d6 - - - - -] SQL connection failed. -1 attempts left.
2017-02-09 08:24:54.542 21178 WARNING oslo_db.sqlalchemy.engines [req-91e439fd-82de-4d27-b2e6-22962e0179e7 - - - - -] SQL connection failed. -1 attempts left.
2017-02-09 08:24:54.543 21186 WARNING oslo_db.sqlalchemy.engines [req-cab7961e-203a-4922-8aa8-371217de8875 - - - - -] SQL connection failed. -1 attempts left.
2017-02-09 08:24:54.546 21183 WARNING oslo_db.sqlalchemy.engines [req-c709648c-2520-4ffd-b689-48b99624f305 - - - - -] SQL connection failed. -1 attempts left.
2017-02-09 08:24:54.550 21176 WARNING oslo_db.sqlalchemy.engines [req-0c35a556-0af6-4607-880d-08a36d426d8e - - - - -] SQL connection failed. -1 attempts left.
2017-02-09 08:24:54.549 14572 INFO oslo_service.service [req-6a60cd70-60b4-433a-a4a5-26916edc711c - - - - -] Child 15257 exited with status 0
2017-02-09 08:24:54.556 14572 INFO oslo_service.service [req-6a60cd70-60b4-433a-a4a5-26916edc711c - - - - -] Child 15247 exited with status 0
2017-02-09 08:24:54.562 14572 INFO oslo_service.service [req-6a60cd70-60b4-433a-a4a5-26916edc711c - - - - -] Child 15258 exited with status 0
2017-02-09 08:24:54.566 21191 WARNING oslo_db.sqlalchemy.engines [req-49aad111-4888-4870-9845-6867f3db852c - - - - -] SQL connection failed. -1 attempts left.
2017-02-09 08:24:54.566 21190 WARNING oslo_db.sqlalchemy.engines [req-123d50c7-282f-4f78-8338-8cee365d059c - - - - -] SQL connection failed. -1 attempts left.
2017-02-09 08:24:54.566 21192 WARNING oslo_db.sqlalchemy.engines [req-d7aefa95-79d8-4f8d-9d8f-7b5ded8cebc2 - - - - -] SQL connection failed. -1 attempts left.
2017-02-09 08:24:54.568 14572 INFO oslo_service.service [req-6a60cd70-60b4-433a-a4a5-26916edc711c - - - - -] Child 15259 exited with status 0
2017-02-09 08:24:54.574 21184 WARNING oslo_db.sqlalchemy.engines [req-8e849d3e-cecd-4a76-a2f1-8cc36ee8b36f - - - - -] SQL connection failed. -1 attempts left.
2017-02-09 08:24:54.574 21187 WARNING oslo_db.sqlalchemy.engines [req-f1a2c179-8ea1-4244-a0c0-c1cd7c4d5924 - - - - -] SQL connection failed. -1 attempts left.
2017-02-09 08:24:54.574 21189 WARNING oslo_db.sqlalchemy.engines [req-3666a11a-c856-4153-846f-979de7c58be6 - - - - -] SQL connection failed. -1 attempts left.
2017-02-09 08:24:54.574 21188 WARNING oslo_db.sqlalchemy.engines [req-52ca9adb-d5ad-4ac1-a372-f0081d079eaa - - - - -] SQL connection failed. -1 attempts left.
2017-02-09 08:24:54.575 14572 INFO oslo_service.service [req-6a60cd70-60b4-433a-a4a5-26916edc711c - - - - -] Child 15263 exited with status 0
2017-02-09 08:24:54.576 21193 WARNING oslo_db.sqlalchemy.engines [req-ddae784b-10c8-499c-b8fb-485df1389ab9 - - - - -] SQL connection failed. -1 attempts left.
2017-02-09 08:24:54.581 14572 INFO oslo_service.service [req-6a60cd70-60b4-433a-a4a5-26916edc711c - - - - -] Child 15264 exited with status 0
2017-02-09 08:24:54.587 14572 INFO oslo_service.service [req-6a60cd70-60b4-433a-a4a5-26916edc711c - - - - -] Child 15265 exited with status 0
2017-02-09 08:24:54.594 14572 INFO oslo_service.service [req-6a60cd70-60b4-433a-a4a5-26916edc711c - - - - -] Child 15267 exited with status 0
2017-02-09 08:24:54.601 14572 INFO oslo_service.service [req-6a60cd70-60b4-433a-a4a5-26916edc711c - - - - -] Child 15276 exited with status 0
2017-02-09 08:24:54.608 14572 INFO oslo_service.service [req-6a60cd70-60b4-433a-a4a5-26916edc711c - - - - -] Child 15279 exited with status 0
2017-02-09 08:24:54.609 21197 WARNING oslo_db.sqlalchemy.engines [req-262a0e69-fb60-4e77-8ce4-e36f23140db0 - - - - -] SQL connection failed. -1 attempts left.
2017-02-09 08:24:54.609 21194 WARNING oslo_db.sqlalchemy.engines [req-af38c267-44b3-4e0c-9cab-a21c3b518a61 - - - - -] SQL connection failed. -1 attempts left.
2017-02-09 08:24:54.609 21196 WARNING oslo_db.sqlalchemy.engines [req-0e5c0ba6-392e-4d96-8c82-2a118520d5b3 - - - - -] SQL connection failed. -1 attempts left.
2017-02-09 08:24:54.609 21198 WARNING oslo_db.sqlalchemy.engines [req-c22459aa-2ed0-42ee-8b12-fe82a939069d - - - - -] SQL connection failed. -1 attempts left.
2017-02-09 08:24:54.609 21195 WARNING oslo_db.sqlalchemy.engines [req-e325995c-6747-4ee8-a4d9-a1a3af83fd07 - - - - -] SQL connection failed. -1 attempts left.
2017-02-09 08:24:54.615 21199 WARNING oslo_db.sqlalchemy.engines [req-d80733d4-ca5e-4c03-bde2-d4f0ad1df93a - - - - -] SQL connection failed. -1 attempts left.
2017-02-09 08:24:54.614 14572 INFO oslo_service.service [req-6a60cd70-60b4-433a-a4a5-26916edc711c - - - - -] Child 15281 exited with status 0
2017-02-09 08:24:54.622 21203 WARNING oslo_db.sqlalchemy.engines [req-d0df6ad9-1a37-426f-951d-e43b4bfc6c12 - - - - -] SQL connection failed. -1 attempts left.
2017-02-09 08:24:54.621 14572 INFO oslo_service.service [req-6a60cd70-60b4-433a-a4a5-26916edc711c - - - - -] Child 15285 exited with status 0
2017-02-09 08:24:54.627 21204 WARNING oslo_db.sqlalchemy.engines [req-23e4c8f7-effb-41ed-8f50-51f42666a8ec - - - - -] SQL connection failed. -1 attempts left.
2017-02-09 08:24:54.628 14572 INFO oslo_service.service [req-6a60cd70-60b4-433a-a4a5-26916edc711c - - - - -] Child 15289 exited with status 0
2017-02-09 08:24:54.634 21205 WARNING oslo_db.sqlalchemy.engines [req-5071a69b-f20d-4407-bea2-34b2fb632130 - - - - -] SQL connection failed. -1 attempts left.
2017-02-09 08:24:54.635 14572 INFO oslo_service.service [req-6a60cd70-60b4-433a-a4a5-26916edc711c - - - - -] Child 15291 exited with status 0
2017-02-09 08:24:54.641 21206 WARNING oslo_db.sqlalchemy.engines [req-2f68d1a5-6c63-45bd-994a-fc916fc8903d - - - - -] SQL connection failed. -1 attempts left.
2017-02-09 08:24:54.641 14572 INFO oslo_service.service [req-6a60cd70-60b4-433a-a4a5-26916edc711c - - - - -] Child 15293 exited with status 0
2017-02-09 08:24:54.647 21207 WARNING oslo_db.sqlalchemy.engines [req-d74077aa-dd14-4930-a437-d14a21279d11 - - - - -] SQL connection failed. -1 attempts left.
2017-02-09 08:24:54.648 14572 INFO oslo_service.service [req-6a60cd70-60b4-433a-a4a5-26916edc711c - - - - -] Child 15296 exited with status 0
2017-02-09 08:24:54.653 21208 WARNING oslo_db.sqlalchemy.engines [req-77a162a0-9a60-41a2-b518-929e711ba40a - - - - -] SQL connection failed. -1 attempts left.
2017-02-09 08:24:54.653 14572 INFO oslo_service.service [req-6a60cd70-60b4-433a-a4a5-26916edc711c - - - - -] Child 15301 exited with status 0
2017-02-09 08:24:54.660 21210 WARNING oslo_db.sqlalchemy.engines [req-2ff89724-8867-46ba-87b7-97932df32e8e - - - - -] SQL connection failed. -1 attempts left.
2017-02-09 08:24:54.660 14572 INFO oslo_service.service [req-6a60cd70-60b4-433a-a4a5-26916edc711c - - - - -] Child 15302 exited with status 0
2017-02-09 08:24:54.664 21211 WARNING oslo_db.sqlalchemy.engines [req-218e40eb-1171-41d5-9a3f-9bcda6e70dee - - - - -] SQL connection failed. -1 attempts left.
2017-02-09 08:24:54.666 14572 INFO oslo_service.service [req-6a60cd70-60b4-433a-a4a5-26916edc711c - - - - -] Child 15304 exited with status 0
2017-02-09 08:24:54.672 21212 WARNING oslo_db.sqlalchemy.engines [req-67bfbfd8-5ce3-40a6-b544-ad5f8abc0702 - - - - -] SQL connection failed. -1 attempts left.
2017-02-09 08:24:54.672 14572 INFO oslo_service.service [req-6a60cd70-60b4-433a-a4a5-26916edc711c - - - - -] Child 15306 exited with status 0
2017-02-09 08:24:54.677 21213 WARNING oslo_db.sqlalchemy.engines [req-ef252c0e-38f9-4b9a-9399-2d4d7a0e7d8c - - - - -] SQL connection failed. -1 attempts left.
2017-02-09 08:24:54.678 14572 INFO oslo_service.service [req-6a60cd70-60b4-433a-a4a5-26916edc711c - - - - -] Child 15308 exited with status 0
2017-02-09 08:24:54.683 21214 WARNING oslo_db.sqlalchemy.engines [req-3c06b116-d444-4dfb-bcf5-5015d2d1688c - - - - -] SQL connection failed. -1 attempts left.
2017-02-09 08:24:54.683 14572 INFO oslo_service.service [req-6a60cd70-60b4-433a-a4a5-26916edc711c - - - - -] Child 15309 exited with status 0
2017-02-09 08:24:54.690 14572 INFO oslo_service.service [req-6a60cd70-60b4-433a-a4a5-26916edc711c - - - - -] Child 15310 exited with status 0
2017-02-09 08:24:54.691 21215 WARNING oslo_db.sqlalchemy.engines [req-c1a5b418-4c82-4049-a4fb-7f984d474ef2 - - - - -] SQL connection failed. -1 attempts left.
2017-02-09 08:24:54.696 21216 WARNING oslo_db.sqlalchemy.engines [req-8b35a2c8-0ba0-4eb4-b971-aca32ca83113 - - - - -] SQL connection failed. -1 attempts left.
2017-02-09 08:24:54.696 14572 INFO oslo_service.service [req-6a60cd70-60b4-433a-a4a5-26916edc711c - - - - -] Child 15313 exited with status 0
2017-02-09 08:24:54.702 21217 WARNING oslo_db.sqlalchemy.engines [req-49810d28-1ce5-44e8-9ec9-4f9d21d7036a - - - - -] SQL connection failed. -1 attempts left.
2017-02-09 08:24:54.701 14572 INFO oslo_service.service [req-6a60cd70-60b4-433a-a4a5-26916edc711c - - - - -] Child 15338 exited with status 0
2017-02-09 08:24:54.708 21218 WARNING oslo_db.sqlalchemy.engines [req-6bd9d336-5a78-457a-aa6f-6017cd4da94d - - - - -] SQL connection failed. -1 attempts left.
2017-02-09 08:24:54.708 14572 INFO oslo_service.service [req-6a60cd70-60b4-433a-a4a5-26916edc711c - - - - -] Child 15339 exited with status 0
2017-02-09 08:24:54.714 21219 WARNING oslo_db.sqlalchemy.engines [req-d29ef813-72eb-4db5-9857-98ad136784c6 - - - - -] SQL connection failed. -1 attempts left.
2017-02-09 08:24:54.714 14572 INFO oslo_service.service [req-6a60cd70-60b4-433a-a4a5-26916edc711c - - - - -] Child 15340 exited with status 0
2017-02-09 08:24:54.720 21220 WARNING oslo_db.sqlalchemy.engines [req-95d0065d-3ad6-4344-86e2-36c62e31948f - - - - -] SQL connection failed. -1 attempts left.
2017-02-09 08:24:54.720 14572 INFO oslo_service.service [req-6a60cd70-60b4-433a-a4a5-26916edc711c - - - - -] Child 15342 exited with status 0
2017-02-09 08:24:54.726 21221 WARNING oslo_db.sqlalchemy.engines [req-46dabd4e-9434-46d8-a452-360c5fd4dcf3 - - - - -] SQL connection failed. -1 attempts left.
2017-02-09 08:24:54.727 14572 INFO oslo_service.service [req-6a60cd70-60b4-433a-a4a5-26916edc711c - - - - -] Child 15343 exited with status 0
2017-02-09 08:24:54.733 21222 WARNING oslo_db.sqlalchemy.engines [req-3592f3dc-3016-40f9-8ca8-34c7366157f4 - - - - -] SQL connection failed. -1 attempts left.
2017-02-09 08:24:54.733 14572 INFO oslo_service.service [req-6a60cd70-60b4-433a-a4a5-26916edc711c - - - - -] Child 15344 exited with status 0
2017-02-09 08:24:54.739 21223 WARNING oslo_db.sqlalchemy.engines [req-2d6d3688-7c24-4cad-9970-744e64e89319 - - - - -] SQL connection failed. -1 attempts left.
2017-02-09 08:24:54.739 14572 INFO oslo_service.service [req-6a60cd70-60b4-433a-a4a5-26916edc711c - - - - -] Child 15345 exited with status 0
2017-02-09 08:24:54.744 14572 INFO oslo_service.service [req-6a60cd70-60b4-433a-a4a5-26916edc711c - - - - -] Child 15346 exited with status 0
2017-02-09 08:24:54.745 21224 WARNING oslo_db.sqlalchemy.engines [req-4d86b822-ba7e-404a-9881-35577a9cc516 - - - - -] SQL connection failed. -1 attempts left.
2017-02-09 08:24:54.749 14572 INFO oslo_service.service [req-6a60cd70-60b4-433a-a4a5-26916edc711c - - - - -] Child 15347 exited with status 0
2017-02-09 08:24:54.751 21225 WARNING oslo_db.sqlalchemy.engines [req-9da1f294-d829-43e9-957f-c67d4f03fdde - - - - -] SQL connection failed. -1 attempts left.
2017-02-09 08:24:54.753 14572 INFO oslo_service.service [req-6a60cd70-60b4-433a-a4a5-26916edc711c - - - - -] Child 15349 exited with status 0
2017-02-09 08:24:54.756 21227 WARNING oslo_db.sqlalchemy.engines [req-c6d7103f-f7ab-44d6-8135-9fd06319a747 - - - - -] SQL connection failed. -1 attempts left.
2017-02-09 08:24:54.758 14572 INFO oslo_service.service [req-6a60cd70-60b4-433a-a4a5-26916edc711c - - - - -] Child 15351 exited with status 0
2017-02-09 08:24:54.761 21229 WARNING oslo_db.sqlalchemy.engines [req-3711b42d-f363-4e79-ad24-3033e46fd80e - - - - -] SQL connection failed. -1 attempts left.
2017-02-09 08:24:54.764 14572 INFO oslo_service.service [req-6a60cd70-60b4-433a-a4a5-26916edc711c - - - - -] Child 15354 exited with status 0
2017-02-09 08:24:54.768 21230 WARNING oslo_db.sqlalchemy.engines [req-80fddd40-6fe6-4d62-b975-31743f5df02d - - - - -] SQL connection failed. -1 attempts left.
2017-02-09 08:24:54.769 14572 INFO oslo_service.service [req-6a60cd70-60b4-433a-a4a5-26916edc711c - - - - -] Child 15356 exited with status 0
2017-02-09 08:24:54.772 21231 WARNING oslo_db.sqlalchemy.engines [req-20d6ab9b-4fe9-425b-a10c-fbd2ca215cc7 - - - - -] SQL connection failed. -1 attempts left.
2017-02-09 08:24:54.775 14572 INFO oslo_service.service [req-6a60cd70-60b4-433a-a4a5-26916edc711c - - - - -] Child 15358 exited with status 0
2017-02-09 08:24:54.778 21232 WARNING oslo_db.sqlalchemy.engines [req-b23db19b-d31e-40b3-8358-d441e3611ae7 - - - - -] SQL connection failed. -1 attempts left.
2017-02-09 08:24:54.780 14572 INFO oslo_service.service [req-6a60cd70-60b4-433a-a4a5-26916edc711c - - - - -] Child 15360 exited with status 0
2017-02-09 08:24:54.783 21233 WARNING oslo_db.sqlalchemy.engines [req-0e81c9b8-9124-4bd8-8fd6-d0a076c9a6a4 - - - - -] SQL connection failed. -1 attempts left.
2017-02-09 08:24:54.785 14572 INFO oslo_service.service [req-6a60cd70-60b4-433a-a4a5-26916edc711c - - - - -] Child 15362 exited with status 0
2017-02-09 08:24:54.788 21234 WARNING oslo_db.sqlalchemy.engines [req-69417794-12f3-40b6-a52b-0d2a0ae26b67 - - - - -] SQL connection failed. -1 attempts left.
2017-02-09 08:24:54.789 14572 INFO oslo_service.service [req-6a60cd70-60b4-433a-a4a5-26916edc711c - - - - -] Child 15365 exited with status 0
2017-02-09 08:24:54.793 21235 WARNING oslo_db.sqlalchemy.engines [req-a33b9cea-5767-4b3a-9a44-1dc0ed03c0e0 - - - - -] SQL connection failed. -1 attempts left.
2017-02-09 08:24:54.794 14572 INFO oslo_service.service [req-6a60cd70-60b4-433a-a4a5-26916edc711c - - - - -] Child 15368 exited with status 0
2017-02-09 08:24:54.796 21236 WARNING oslo_db.sqlalchemy.engines [req-4a0b916e-e34e-45d1-b697-08a04c6db7da - - - - -] SQL connection failed. -1 attempts left.
2017-02-09 08:24:54.799 14572 INFO oslo_service.service [req-6a60cd70-60b4-433a-a4a5-26916edc711c - - - - -] Child 15371 exited with status 0
2017-02-09 08:24:54.803 21237 WARNING oslo_db.sqlalchemy.engines [req-bf49a597-ffb1-412b-82cb-52e603bff01e - - - - -] SQL connection failed. -1 attempts left.
2017-02-09 08:24:54.804 14572 INFO oslo_service.service [req-6a60cd70-60b4-433a-a4a5-26916edc711c - - - - -] Child 15374 exited with status 0
2017-02-09 08:24:54.807 21238 WARNING oslo_db.sqlalchemy.engines [req-ef7e2f76-ad95-46a0-8f28-044d729f9baa - - - - -] SQL connection failed. -1 attempts left.
2017-02-09 08:24:54.809 14572 INFO oslo_service.service [req-6a60cd70-60b4-433a-a4a5-26916edc711c - - - - -] Child 15376 exited with status 0
2017-02-09 08:24:54.813 21239 WARNING oslo_db.sqlalchemy.engines [req-0aa8831d-4d0d-4101-b1df-963b2409b143 - - - - -] SQL connection failed. -1 attempts left.
2017-02-09 08:24:54.814 14572 INFO oslo_service.service [req-6a60cd70-60b4-433a-a4a5-26916edc711c - - - - -] Child 15379 exited with status 0
2017-02-09 08:24:54.817 21240 WARNING oslo_db.sqlalchemy.engines [req-2f2cb658-6bce-4c64-ad92-384a49c24554 - - - - -] SQL connection failed. -1 attempts left.
2017-02-09 08:24:54.819 14572 INFO oslo_service.service [req-6a60cd70-60b4-433a-a4a5-26916edc711c - - - - -] Child 15380 exited with status 0
2017-02-09 08:24:54.821 21241 WARNING oslo_db.sqlalchemy.engines [req-7f98be15-a2e5-4fa4-8d14-83eecb82a769 - - - - -] SQL connection failed. -1 attempts left.
2017-02-09 08:24:54.824 14572 INFO oslo_service.service [req-6a60cd70-60b4-433a-a4a5-26916edc711c - - - - -] Child 15383 exited with status 0
2017-02-09 08:24:54.828 21242 WARNING oslo_db.sqlalchemy.engines [req-a7fdfff8-7843-48c6-9d2b-c0fa83f33fb9 - - - - -] SQL connection failed. -1 attempts left.
2017-02-09 08:24:54.829 14572 INFO oslo_service.service [req-6a60cd70-60b4-433a-a4a5-26916edc711c - - - - -] Child 15384 exited with status 0
2017-02-09 08:24:54.832 21243 WARNING oslo_db.sqlalchemy.engines [req-703039ff-4261-40fb-8ce9-ba24b24c03fe - - - - -] SQL connection failed. -1 attempts left.
2017-02-09 08:24:54.834 14572 INFO oslo_service.service [req-6a60cd70-60b4-433a-a4a5-26916edc711c - - - - -] Child 15386 exited with status 0
2017-02-09 08:24:54.837 21244 WARNING oslo_db.sqlalchemy.engines [req-a4586966-7dae-4863-b2bb-6da48c95b8f4 - - - - -] SQL connection failed. -1 attempts left.
2017-02-09 08:24:54.839 14572 INFO oslo_service.service [req-6a60cd70-60b4-433a-a4a5-26916edc711c - - - - -] Child 15387 exited with status 0
2017-02-09 08:24:54.842 21245 WARNING oslo_db.sqlalchemy.engines [req-78258274-9b52-4199-9a60-17292e7cd77e - - - - -] SQL connection failed. -1 attempts left.
2017-02-09 08:24:54.844 14572 INFO oslo_service.service [req-6a60cd70-60b4-433a-a4a5-26916edc711c - - - - -] Child 15389 exited with status 0
2017-02-09 08:24:54.848 21246 WARNING oslo_db.sqlalchemy.engines [req-003e9ec8-a50e-46c1-9b43-f98d0b9f2f5c - - - - -] SQL connection failed. -1 attempts left.
2017-02-09 08:24:54.849 14572 INFO oslo_service.service [req-6a60cd70-60b4-433a-a4a5-26916edc711c - - - - -] Child 15393 exited with status 0
2017-02-09 08:24:54.852 21247 WARNING oslo_db.sqlalchemy.engines [req-53ed7982-821e-46ad-9bb8-32c10edd3a20 - - - - -] SQL connection failed. -1 attempts left.
2017-02-09 08:24:54.855 14572 INFO oslo_service.service [req-6a60cd70-60b4-433a-a4a5-26916edc711c - - - - -] Child 15394 exited with status 0
2017-02-09 08:24:54.857 21248 WARNING oslo_db.sqlalchemy.engines [req-363eb3c6-e317-4f1a-92e3-965f4f7e400e - - - - -] SQL connection failed. -1 attempts left.
2017-02-09 08:24:54.859 14572 INFO oslo_service.service [req-6a60cd70-60b4-433a-a4a5-26916edc711c - - - - -] Child 15395 exited with status 0
2017-02-09 08:24:54.863 21249 WARNING oslo_db.sqlalchemy.engines [req-079e6ae8-c841-487d-b906-b2b31205fc57 - - - - -] SQL connection failed. -1 attempts left.
2017-02-09 08:24:54.864 14572 INFO oslo_service.service [req-6a60cd70-60b4-433a-a4a5-26916edc711c - - - - -] Child 15397 exited with status 0
2017-02-09 08:24:54.868 21250 WARNING oslo_db.sqlalchemy.engines [req-1873eac0-e71d-4f91-940b-df29ac29034a - - - - -] SQL connection failed. -1 attempts left.
2017-02-09 08:24:54.870 14572 INFO oslo_service.service [req-6a60cd70-60b4-433a-a4a5-26916edc711c - - - - -] Child 15399 exited with status 0
2017-02-09 08:24:54.874 21251 WARNING oslo_db.sqlalchemy.engines [req-f7bcf8cc-25d0-4a9f-b7fd-c449977b0376 - - - - -] SQL connection failed. -1 attempts left.
2017-02-09 08:24:54.875 14572 INFO oslo_service.service [req-6a60cd70-60b4-433a-a4a5-26916edc711c - - - - -] Child 15401 exited with status 0
2017-02-09 08:24:54.883 21252 WARNING oslo_db.sqlalchemy.engines [req-ac09731e-b4c7-4516-b6ad-8396d970581d - - - - -] SQL connection failed. -1 attempts left.
2017-02-09 08:24:54.885 14572 INFO oslo_service.service [req-6a60cd70-60b4-433a-a4a5-26916edc711c - - - - -] Child 15402 exited with status 0
2017-02-09 08:24:54.887 21253 WARNING oslo_db.sqlalchemy.engines [req-e92a1f35-6cc4-4bc7-a1e2-3b7b3b37b1bc - - - - -] SQL connection failed. -1 attempts left.
2017-02-09 08:24:54.890 14572 INFO oslo_service.service [req-6a60cd70-60b4-433a-a4a5-26916edc711c - - - - -] Child 15405 exited with status 0
2017-02-09 08:24:54.893 21254 WARNING oslo_db.sqlalchemy.engines [req-b11aedd6-2580-4028-b46d-135f23bf2e12 - - - - -] SQL connection failed. -1 attempts left.
2017-02-09 08:24:54.894 14572 INFO oslo_service.service [req-6a60cd70-60b4-433a-a4a5-26916edc711c - - - - -] Child 15406 exited with status 0
2017-02-09 08:24:54.897 21255 WARNING oslo_db.sqlalchemy.engines [req-15912667-0ec0-4a61-bc78-d7ebe721ecd8 - - - - -] SQL connection failed. -1 attempts left.
2017-02-09 08:24:54.899 14572 INFO oslo_service.service [req-6a60cd70-60b4-433a-a4a5-26916edc711c - - - - -] Child 15410 exited with status 0
2017-02-09 08:24:54.903 21256 WARNING oslo_db.sqlalchemy.engines [req-1708383a-aa5c-491a-ad9a-439404d370ab - - - - -] SQL connection failed. -1 attempts left.
2017-02-09 08:24:54.905 14572 INFO oslo_service.service [req-6a60cd70-60b4-433a-a4a5-26916edc711c - - - - -] Child 15411 exited with status 0
2017-02-09 08:24:54.908 21257 WARNING oslo_db.sqlalchemy.engines [req-bcd0ee64-b57d-4761-b36c-c35fd1c4c3c6 - - - - -] SQL connection failed. -1 attempts left.
2017-02-09 08:24:54.911 14572 INFO oslo_service.service [req-6a60cd70-60b4-433a-a4a5-26916edc711c - - - - -] Child 15414 exited with status 0
2017-02-09 08:24:54.914 21258 WARNING oslo_db.sqlalchemy.engines [req-f09c8003-606e-4637-8c6f-81194020c3ba - - - - -] SQL connection failed. -1 attempts left.
2017-02-09 08:24:54.921 21259 WARNING oslo_db.sqlalchemy.engines [req-f862be45-d0f4-4d8a-9d6d-b171bca351d6 - - - - -] SQL connection failed. -1 attempts left.
2017-02-09 08:24:54.925 21260 WARNING oslo_db.sqlalchemy.engines [req-a5ab6fbf-f7ed-46b7-85db-0612169ce125 - - - - -] SQL connection failed. -1 attempts left.
2017-02-09 08:24:54.927 14572 INFO oslo_service.service [req-6a60cd70-60b4-433a-a4a5-26916edc711c - - - - -] Caught SIGTERM, stopping children
2017-02-09 08:24:54.929 14572 INFO nova.wsgi [req-6a60cd70-60b4-433a-a4a5-26916edc711c - - - - -] Stopping WSGI server.
2017-02-09 08:24:54.929 14572 INFO nova.wsgi [req-6a60cd70-60b4-433a-a4a5-26916edc711c - - - - -] Stopping WSGI server.
2017-02-09 08:24:54.930 21214 INFO nova.wsgi [-] Stopping WSGI server.
2017-02-09 08:24:54.930 21188 INFO nova.wsgi [-] Stopping WSGI server.
2017-02-09 08:24:54.933 14572 INFO oslo_service.service [req-6a60cd70-60b4-433a-a4a5-26916edc711c - - - - -] Waiting on 80 children to exit
2017-02-09 08:24:54.933 21232 INFO nova.wsgi [-] Stopping WSGI server.
2017-02-09 08:24:54.933 21222 INFO nova.wsgi [-] Stopping WSGI server.
2017-02-09 08:24:54.934 21261 WARNING oslo_db.sqlalchemy.engines [req-29db3350-507f-4bef-90d1-45948092ce94 - - - - -] SQL connection failed. -1 attempts left.
2017-02-09 08:24:54.934 21218 INFO nova.wsgi [-] Stopping WSGI server.
2017-02-09 08:24:54.934 21225 INFO nova.wsgi [-] Stopping WSGI server.
2017-02-09 08:24:54.934 21260 INFO nova.wsgi [-] Stopping WSGI server.
2017-02-09 08:24:54.934 21230 INFO nova.wsgi [-] Stopping WSGI server.
2017-02-09 08:24:54.934 21199 INFO nova.wsgi [-] Stopping WSGI server.
2017-02-09 08:24:54.934 21210 INFO nova.wsgi [-] Stopping WSGI server.
2017-02-09 08:24:54.935 21220 INFO nova.wsgi [-] Stopping WSGI server.
2017-02-09 08:24:54.935 21190 INFO nova.wsgi [-] Stopping WSGI server.
2017-02-09 08:24:54.935 21255 INFO nova.wsgi [-] Stopping WSGI server.
2017-02-09 08:24:54.935 21251 INFO nova.wsgi [-] Stopping WSGI server.
2017-02-09 08:24:54.935 21186 INFO nova.wsgi [-] Stopping WSGI server.
2017-02-09 08:24:54.935 21235 INFO nova.wsgi [-] Stopping WSGI server.
2017-02-09 08:24:54.935 21208 INFO nova.wsgi [-] Stopping WSGI server.
2017-02-09 08:24:54.935 21256 INFO nova.wsgi [-] Stopping WSGI server.
2017-02-09 08:24:54.935 21231 INFO nova.wsgi [-] Stopping WSGI server.
2017-02-09 08:24:54.935 21238 INFO nova.wsgi [-] Stopping WSGI server.
2017-02-09 08:24:54.935 21243 INFO nova.wsgi [-] Stopping WSGI server.
2017-02-09 08:24:54.935 21248 INFO nova.wsgi [-] Stopping WSGI server.
2017-02-09 08:24:54.934 21216 INFO nova.wsgi [-] Stopping WSGI server.
2017-02-09 08:24:54.936 21254 INFO nova.wsgi [-] Stopping WSGI server.
2017-02-09 08:24:54.935 21234 INFO nova.wsgi [-] Stopping WSGI server.
2017-02-09 08:24:54.935 21198 INFO nova.wsgi [-] Stopping WSGI server.
2017-02-09 08:24:54.934 21258 INFO nova.wsgi [-] Stopping WSGI server.
2017-02-09 08:24:54.935 21195 INFO nova.wsgi [-] Stopping WSGI server.
2017-02-09 08:24:54.935 21191 INFO nova.wsgi [-] Stopping WSGI server.
2017-02-09 08:24:54.935 21236 INFO nova.wsgi [-] Stopping WSGI server.
2017-02-09 08:24:54.936 21183 INFO nova.wsgi [-] Stopping WSGI server.
2017-02-09 08:24:54.936 21178 INFO nova.wsgi [-] Stopping WSGI server.
2017-02-09 08:24:54.934 21223 INFO nova.wsgi [-] Stopping WSGI server.
2017-02-09 08:24:54.934 21221 INFO nova.wsgi [-] Stopping WSGI server.
2017-02-09 08:24:54.936 21252 INFO nova.wsgi [-] Stopping WSGI server.
2017-02-09 08:24:54.936 21194 INFO nova.wsgi [-] Stopping WSGI server.
2017-02-09 08:24:54.935 21184 INFO nova.wsgi [-] Stopping WSGI server.
2017-02-09 08:24:54.936 21250 INFO nova.wsgi [-] Stopping WSGI server.
2017-02-09 08:24:54.935 21229 INFO nova.wsgi [-] Stopping WSGI server.
2017-02-09 08:24:54.935 21215 INFO nova.wsgi [-] Stopping WSGI server.
2017-02-09 08:24:54.935 21239 INFO nova.wsgi [-] Stopping WSGI server.
2017-02-09 08:24:54.935 21206 INFO nova.wsgi [-] Stopping WSGI server.
2017-02-09 08:24:54.936 21207 INFO nova.wsgi [-] Stopping WSGI server.
2017-02-09 08:24:54.936 21192 INFO nova.wsgi [-] Stopping WSGI server.
2017-02-09 08:24:54.936 21253 INFO nova.wsgi [-] Stopping WSGI server.
2017-02-09 08:24:54.934 21233 INFO nova.wsgi [-] Stopping WSGI server.
2017-02-09 08:24:54.935 21241 INFO nova.wsgi [-] Stopping WSGI server.
2017-02-09 08:24:54.934 21219 INFO nova.wsgi [-] Stopping WSGI server.
2017-02-09 08:24:54.936 21174 INFO nova.wsgi [-] Stopping WSGI server.
2017-02-09 08:24:54.935 21196 INFO nova.wsgi [-] Stopping WSGI server.
2017-02-09 08:24:54.936 21240 INFO nova.wsgi [-] Stopping WSGI server.
2017-02-09 08:24:54.935 21224 INFO nova.wsgi [-] Stopping WSGI server.
2017-02-09 08:24:54.935 21182 INFO nova.wsgi [-] Stopping WSGI server.
2017-02-09 08:24:54.935 21244 INFO nova.wsgi [-] Stopping WSGI server.
2017-02-09 08:24:54.936 21246 INFO nova.wsgi [-] Stopping WSGI server.
2017-02-09 08:24:54.934 21213 INFO nova.wsgi [-] Stopping WSGI server.
2017-02-09 08:24:54.936 21185 INFO nova.wsgi [-] Stopping WSGI server.
2017-02-09 08:24:54.936 21217 INFO nova.wsgi [-] Stopping WSGI server.
2017-02-09 08:24:54.935 21259 INFO nova.wsgi [-] Stopping WSGI server.
2017-02-09 08:24:54.936 21227 INFO nova.wsgi [-] Stopping WSGI server.
2017-02-09 08:24:54.936 21193 INFO nova.wsgi [-] Stopping WSGI server.
2017-02-09 08:24:54.936 21242 INFO nova.wsgi [-] Stopping WSGI server.
2017-02-09 08:24:54.936 21249 INFO nova.wsgi [-] Stopping WSGI server.
2017-02-09 08:24:54.935 21176 INFO nova.wsgi [-] Stopping WSGI server.
2017-02-09 08:24:54.935 21205 INFO nova.wsgi [-] Stopping WSGI server.
2017-02-09 08:24:54.935 21204 INFO nova.wsgi [-] Stopping WSGI server.
2017-02-09 08:24:54.936 21257 INFO nova.wsgi [-] Stopping WSGI server.
2017-02-09 08:24:54.936 21245 INFO nova.wsgi [-] Stopping WSGI server.
2017-02-09 08:24:54.942 21262 INFO nova.wsgi [-] Stopping WSGI server.
2017-02-09 08:24:54.935 21212 INFO nova.wsgi [-] Stopping WSGI server.
2017-02-09 08:24:54.936 21261 INFO nova.wsgi [-] Stopping WSGI server.
2017-02-09 08:24:54.951 21263 INFO nova.wsgi [-] Stopping WSGI server.
2017-02-09 08:24:54.935 21197 INFO nova.wsgi [-] Stopping WSGI server.
2017-02-09 08:24:54.935 21203 INFO nova.wsgi [-] Stopping WSGI server.
2017-02-09 08:24:54.936 21211 INFO nova.wsgi [-] Stopping WSGI server.
2017-02-09 08:24:54.935 21247 INFO nova.wsgi [-] Stopping WSGI server.
2017-02-09 08:24:54.935 21187 INFO nova.wsgi [-] Stopping WSGI server.
2017-02-09 08:24:54.935 21237 INFO nova.wsgi [-] Stopping WSGI server.
2017-02-09 08:24:54.955 14572 INFO oslo_service.service [req-6a60cd70-60b4-433a-a4a5-26916edc711c - - - - -] Child 21230 exited with status 0
2017-02-09 08:24:54.936 21175 INFO nova.wsgi [-] Stopping WSGI server.
2017-02-09 08:24:54.955 14572 INFO oslo_service.service [req-6a60cd70-60b4-433a-a4a5-26916edc711c - - - - -] Child 21231 exited with status 0
2017-02-09 08:24:54.992 14572 INFO oslo_service.service [req-6a60cd70-60b4-433a-a4a5-26916edc711c - - - - -] Child 21174 exited with status 0
2017-02-09 08:24:54.993 14572 INFO oslo_service.service [req-6a60cd70-60b4-433a-a4a5-26916edc711c - - - - -] Child 21178 exited with status 0
2017-02-09 08:24:54.935 21189 INFO nova.wsgi [-] Stopping WSGI server.
2017-02-09 08:24:54.993 14572 INFO oslo_service.service [req-6a60cd70-60b4-433a-a4a5-26916edc711c - - - - -] Child 21183 exited with status 0
2017-02-09 08:24:54.995 14572 INFO oslo_service.service [req-6a60cd70-60b4-433a-a4a5-26916edc711c - - - - -] Child 21182 exited with status 0
2017-02-09 08:24:54.995 14572 INFO oslo_service.service [req-6a60cd70-60b4-433a-a4a5-26916edc711c - - - - -] Child 21184 exited with status 0
2017-02-09 08:24:54.995 14572 INFO oslo_service.service [req-6a60cd70-60b4-433a-a4a5-26916edc711c - - - - -] Child 21186 exited with status 0
2017-02-09 08:24:54.996 14572 INFO oslo_service.service [req-6a60cd70-60b4-433a-a4a5-26916edc711c - - - - -] Child 21187 exited with status 0
2017-02-09 08:24:54.996 14572 INFO oslo_service.service [req-6a60cd70-60b4-433a-a4a5-26916edc711c - - - - -] Child 21188 exited with status 0
2017-02-09 08:24:54.996 14572 INFO oslo_service.service [req-6a60cd70-60b4-433a-a4a5-26916edc711c - - - - -] Child 21190 exited with status 0
2017-02-09 08:24:54.997 14572 INFO oslo_service.service [req-6a60cd70-60b4-433a-a4a5-26916edc711c - - - - -] Child 21192 exited with status 0
2017-02-09 08:24:54.997 14572 INFO oslo_service.service [req-6a60cd70-60b4-433a-a4a5-26916edc711c - - - - -] Child 21193 exited with status 0
2017-02-09 08:24:54.997 14572 INFO oslo_service.service [req-6a60cd70-60b4-433a-a4a5-26916edc711c - - - - -] Child 21185 exited with status 0
2017-02-09 08:24:54.998 14572 INFO oslo_service.service [req-6a60cd70-60b4-433a-a4a5-26916edc711c - - - - -] Child 21191 exited with status 0
2017-02-09 08:24:54.998 14572 INFO oslo_service.service [req-6a60cd70-60b4-433a-a4a5-26916edc711c - - - - -] Child 21194 exited with status 0
2017-02-09 08:24:54.998 14572 INFO oslo_service.service [req-6a60cd70-60b4-433a-a4a5-26916edc711c - - - - -] Child 21195 exited with status 0
2017-02-09 08:24:54.998 14572 INFO oslo_service.service [req-6a60cd70-60b4-433a-a4a5-26916edc711c - - - - -] Child 21196 exited with status 0
2017-02-09 08:24:54.999 14572 INFO oslo_service.service [req-6a60cd70-60b4-433a-a4a5-26916edc711c - - - - -] Child 21197 exited with status 0
2017-02-09 08:24:54.999 14572 INFO oslo_service.service [req-6a60cd70-60b4-433a-a4a5-26916edc711c - - - - -] Child 21175 exited with status 0
2017-02-09 08:24:55.000 14572 INFO oslo_service.service [req-6a60cd70-60b4-433a-a4a5-26916edc711c - - - - -] Child 21198 exited with status 0
2017-02-09 08:24:55.000 14572 INFO oslo_service.service [req-6a60cd70-60b4-433a-a4a5-26916edc711c - - - - -] Child 21199 exited with status 0
2017-02-09 08:24:55.001 14572 INFO oslo_service.service [req-6a60cd70-60b4-433a-a4a5-26916edc711c - - - - -] Child 21176 exited with status 0
2017-02-09 08:24:55.001 14572 INFO oslo_service.service [req-6a60cd70-60b4-433a-a4a5-26916edc711c - - - - -] Child 21189 exited with status 0
2017-02-09 08:24:55.001 14572 INFO oslo_service.service [req-6a60cd70-60b4-433a-a4a5-26916edc711c - - - - -] Child 21203 exited with status 0
2017-02-09 08:24:55.002 14572 INFO oslo_service.service [req-6a60cd70-60b4-433a-a4a5-26916edc711c - - - - -] Child 21204 exited with status 0
2017-02-09 08:24:55.002 14572 INFO oslo_service.service [req-6a60cd70-60b4-433a-a4a5-26916edc711c - - - - -] Child 21205 exited with status 0
2017-02-09 08:24:55.002 14572 INFO oslo_service.service [req-6a60cd70-60b4-433a-a4a5-26916edc711c - - - - -] Child 21206 exited with status 0
2017-02-09 08:24:55.003 14572 INFO oslo_service.service [req-6a60cd70-60b4-433a-a4a5-26916edc711c - - - - -] Child 21207 exited with status 0
2017-02-09 08:24:55.003 14572 INFO oslo_service.service [req-6a60cd70-60b4-433a-a4a5-26916edc711c - - - - -] Child 21208 exited with status 0
2017-02-09 08:24:55.003 14572 INFO oslo_service.service [req-6a60cd70-60b4-433a-a4a5-26916edc711c - - - - -] Child 21210 exited with status 0
2017-02-09 08:24:55.003 14572 INFO oslo_service.service [req-6a60cd70-60b4-433a-a4a5-26916edc711c - - - - -] Child 21211 exited with status 0
2017-02-09 08:24:55.004 14572 INFO oslo_service.service [req-6a60cd70-60b4-433a-a4a5-26916edc711c - - - - -] Child 21212 exited with status 0
2017-02-09 08:24:55.004 14572 INFO oslo_service.service [req-6a60cd70-60b4-433a-a4a5-26916edc711c - - - - -] Child 21213 exited with status 0
2017-02-09 08:24:55.004 14572 INFO oslo_service.service [req-6a60cd70-60b4-433a-a4a5-26916edc711c - - - - -] Child 21214 exited with status 0
2017-02-09 08:24:55.005 14572 INFO oslo_service.service [req-6a60cd70-60b4-433a-a4a5-26916edc711c - - - - -] Child 21215 exited with status 0
2017-02-09 08:24:55.005 14572 INFO oslo_service.service [req-6a60cd70-60b4-433a-a4a5-26916edc711c - - - - -] Child 21216 exited with status 0
2017-02-09 08:24:55.005 14572 INFO oslo_service.service [req-6a60cd70-60b4-433a-a4a5-26916edc711c - - - - -] Child 21217 exited with status 0
2017-02-09 08:24:55.005 14572 INFO oslo_service.service [req-6a60cd70-60b4-433a-a4a5-26916edc711c - - - - -] Child 21218 exited with status 0
2017-02-09 08:24:55.006 14572 INFO oslo_service.service [req-6a60cd70-60b4-433a-a4a5-26916edc711c - - - - -] Child 21219 exited with status 0
2017-02-09 08:24:55.006 14572 INFO oslo_service.service [req-6a60cd70-60b4-433a-a4a5-26916edc711c - - - - -] Child 21220 exited with status 0
2017-02-09 08:24:55.006 14572 INFO oslo_service.service [req-6a60cd70-60b4-433a-a4a5-26916edc711c - - - - -] Child 21221 exited with status 0
2017-02-09 08:24:55.007 14572 INFO oslo_service.service [req-6a60cd70-60b4-433a-a4a5-26916edc711c - - - - -] Child 21222 exited with status 0
2017-02-09 08:24:55.007 14572 INFO oslo_service.service [req-6a60cd70-60b4-433a-a4a5-26916edc711c - - - - -] Child 21223 exited with status 0
2017-02-09 08:24:55.008 14572 INFO oslo_service.service [req-6a60cd70-60b4-433a-a4a5-26916edc711c - - - - -] Child 21224 exited with status 0
2017-02-09 08:24:55.008 14572 INFO oslo_service.service [req-6a60cd70-60b4-433a-a4a5-26916edc711c - - - - -] Child 21225 exited with status 0
2017-02-09 08:24:55.008 14572 INFO oslo_service.service [req-6a60cd70-60b4-433a-a4a5-26916edc711c - - - - -] Child 21227 exited with status 0
2017-02-09 08:24:55.008 14572 INFO oslo_service.service [req-6a60cd70-60b4-433a-a4a5-26916edc711c - - - - -] Child 21229 exited with status 0
2017-02-09 08:24:55.009 14572 INFO oslo_service.service [req-6a60cd70-60b4-433a-a4a5-26916edc711c - - - - -] Child 21232 exited with status 0
2017-02-09 08:24:55.009 14572 INFO oslo_service.service [req-6a60cd70-60b4-433a-a4a5-26916edc711c - - - - -] Child 21233 exited with status 0
2017-02-09 08:24:55.010 14572 INFO oslo_service.service [req-6a60cd70-60b4-433a-a4a5-26916edc711c - - - - -] Child 21234 exited with status 0
2017-02-09 08:24:55.010 14572 INFO oslo_service.service [req-6a60cd70-60b4-433a-a4a5-26916edc711c - - - - -] Child 21235 exited with status 0
2017-02-09 08:24:55.010 14572 INFO oslo_service.service [req-6a60cd70-60b4-433a-a4a5-26916edc711c - - - - -] Child 21236 exited with status 0
2017-02-09 08:24:55.010 14572 INFO oslo_service.service [req-6a60cd70-60b4-433a-a4a5-26916edc711c - - - - -] Child 21237 exited with status 0
2017-02-09 08:24:55.011 14572 INFO oslo_service.service [req-6a60cd70-60b4-433a-a4a5-26916edc711c - - - - -] Child 21238 exited with status 0
2017-02-09 08:24:55.011 14572 INFO oslo_service.service [req-6a60cd70-60b4-433a-a4a5-26916edc711c - - - - -] Child 21239 exited with status 0
2017-02-09 08:24:55.011 14572 INFO oslo_service.service [req-6a60cd70-60b4-433a-a4a5-26916edc711c - - - - -] Child 21240 exited with status 0
2017-02-09 08:24:55.012 14572 INFO oslo_service.service [req-6a60cd70-60b4-433a-a4a5-26916edc711c - - - - -] Child 21241 exited with status 0
2017-02-09 08:24:55.012 14572 INFO oslo_service.service [req-6a60cd70-60b4-433a-a4a5-26916edc711c - - - - -] Child 21242 exited with status 0
2017-02-09 08:24:55.012 14572 INFO oslo_service.service [req-6a60cd70-60b4-433a-a4a5-26916edc711c - - - - -] Child 21243 exited with status 0
2017-02-09 08:24:55.013 14572 INFO oslo_service.service [req-6a60cd70-60b4-433a-a4a5-26916edc711c - - - - -] Child 21244 exited with status 0
2017-02-09 08:24:55.013 14572 INFO oslo_service.service [req-6a60cd70-60b4-433a-a4a5-26916edc711c - - - - -] Child 21245 exited with status 0
2017-02-09 08:24:55.013 14572 INFO oslo_service.service [req-6a60cd70-60b4-433a-a4a5-26916edc711c - - - - -] Child 21246 exited with status 0
2017-02-09 08:24:55.014 14572 INFO oslo_service.service [req-6a60cd70-60b4-433a-a4a5-26916edc711c - - - - -] Child 21247 exited with status 0
2017-02-09 08:24:55.014 14572 INFO oslo_service.service [req-6a60cd70-60b4-433a-a4a5-26916edc711c - - - - -] Child 21248 exited with status 0
2017-02-09 08:24:55.014 14572 INFO oslo_service.service [req-6a60cd70-60b4-433a-a4a5-26916edc711c - - - - -] Child 21249 exited with status 0
2017-02-09 08:24:55.015 14572 INFO oslo_service.service [req-6a60cd70-60b4-433a-a4a5-26916edc711c - - - - -] Child 21250 exited with status 0
2017-02-09 08:24:55.015 14572 INFO oslo_service.service [req-6a60cd70-60b4-433a-a4a5-26916edc711c - - - - -] Child 21251 exited with status 0
2017-02-09 08:24:55.015 14572 INFO oslo_service.service [req-6a60cd70-60b4-433a-a4a5-26916edc711c - - - - -] Child 21252 exited with status 0
2017-02-09 08:24:55.016 14572 INFO oslo_service.service [req-6a60cd70-60b4-433a-a4a5-26916edc711c - - - - -] Child 21253 exited with status 0
2017-02-09 08:24:55.016 14572 INFO oslo_service.service [req-6a60cd70-60b4-433a-a4a5-26916edc711c - - - - -] Child 21254 exited with status 0
2017-02-09 08:24:55.016 14572 INFO oslo_service.service [req-6a60cd70-60b4-433a-a4a5-26916edc711c - - - - -] Child 21255 exited with status 0
2017-02-09 08:24:55.017 14572 INFO oslo_service.service [req-6a60cd70-60b4-433a-a4a5-26916edc711c - - - - -] Child 21256 exited with status 0
2017-02-09 08:24:55.017 14572 INFO oslo_service.service [req-6a60cd70-60b4-433a-a4a5-26916edc711c - - - - -] Child 21257 exited with status 0
2017-02-09 08:24:55.017 14572 INFO oslo_service.service [req-6a60cd70-60b4-433a-a4a5-26916edc711c - - - - -] Child 21258 exited with status 0
2017-02-09 08:24:55.018 14572 INFO oslo_service.service [req-6a60cd70-60b4-433a-a4a5-26916edc711c - - - - -] Child 21259 exited with status 0
2017-02-09 08:24:55.018 14572 INFO oslo_service.service [req-6a60cd70-60b4-433a-a4a5-26916edc711c - - - - -] Child 21260 exited with status 0
2017-02-09 08:24:55.018 14572 INFO oslo_service.service [req-6a60cd70-60b4-433a-a4a5-26916edc711c - - - - -] Child 21261 exited with status 0
2017-02-09 08:24:55.018 14572 INFO oslo_service.service [req-6a60cd70-60b4-433a-a4a5-26916edc711c - - - - -] Child 21262 exited with status 0
2017-02-09 08:24:55.019 14572 INFO oslo_service.service [req-6a60cd70-60b4-433a-a4a5-26916edc711c - - - - -] Child 21263 exited with status 0
2017-02-09 08:30:27.318 23803 WARNING oslo_reports.guru_meditation_report [-] Guru meditation now registers SIGUSR1 and SIGUSR2 by default for backward compatibility. SIGUSR1 will no longer be registered in a future release, so please use SIGUSR2 to generate reports.
2017-02-09 08:30:27.987 23803 INFO nova.api.openstack [req-14228c9e-5683-4c19-ac22-5c5d456bf4f0 - - - - -] Loaded extensions: ['extensions', 'flavors', 'image-metadata', 'image-size', 'images', 'ips', 'limits', 'os-admin-actions', 'os-admin-password', 'os-agents', 'os-aggregates', 'os-assisted-volume-snapshots', 'os-attach-interfaces', 'os-availability-zone', 'os-baremetal-nodes', 'os-block-device-mapping', 'os-cells', 'os-certificates', 'os-cloudpipe', 'os-config-drive', 'os-console-auth-tokens', 'os-console-output', 'os-consoles', 'os-create-backup', 'os-deferred-delete', 'os-evacuate', 'os-extended-availability-zone', 'os-extended-server-attributes', 'os-extended-status', 'os-extended-volumes', 'os-fixed-ips', 'os-flavor-access', 'os-flavor-extra-specs', 'os-flavor-manage', 'os-flavor-rxtx', 'os-floating-ip-dns', 'os-floating-ip-pools', 'os-floating-ips', 'os-floating-ips-bulk', 'os-fping', 'os-hide-server-addresses', 'os-hosts', 'os-hypervisors', 'os-instance-actions', 'os-instance-usage-audit-log', 'os-keypairs', 'os-lock-server', 'os-migrate-server', 'os-migrations', 'os-multinic', 'os-multiple-create', 'os-networks', 'os-networks-associate', 'os-pause-server', 'os-quota-class-sets', 'os-quota-sets', 'os-remote-consoles', 'os-rescue', 'os-scheduler-hints', 'os-security-group-default-rules', 'os-security-groups', 'os-server-diagnostics', 'os-server-external-events', 'os-server-groups', 'os-server-password', 'os-server-tags', 'os-server-usage', 'os-services', 'os-shelve', 'os-simple-tenant-usage', 'os-suspend-server', 'os-tenant-networks', 'os-used-limits', 'os-user-data', 'os-virtual-interfaces', 'os-volumes', 'server-metadata', 'server-migrations', 'servers', 'versions']
2017-02-09 08:30:28.213 23803 INFO nova.api.openstack [req-14228c9e-5683-4c19-ac22-5c5d456bf4f0 - - - - -] Loaded extensions: ['extensions', 'flavors', 'image-metadata', 'image-size', 'images', 'ips', 'limits', 'os-admin-actions', 'os-admin-password', 'os-agents', 'os-aggregates', 'os-assisted-volume-snapshots', 'os-attach-interfaces', 'os-availability-zone', 'os-baremetal-nodes', 'os-block-device-mapping', 'os-cells', 'os-certificates', 'os-cloudpipe', 'os-config-drive', 'os-console-auth-tokens', 'os-console-output', 'os-consoles', 'os-create-backup', 'os-deferred-delete', 'os-evacuate', 'os-extended-availability-zone', 'os-extended-server-attributes', 'os-extended-status', 'os-extended-volumes', 'os-fixed-ips', 'os-flavor-access', 'os-flavor-extra-specs', 'os-flavor-manage', 'os-flavor-rxtx', 'os-floating-ip-dns', 'os-floating-ip-pools', 'os-floating-ips', 'os-floating-ips-bulk', 'os-fping', 'os-hide-server-addresses', 'os-hosts', 'os-hypervisors', 'os-instance-actions', 'os-instance-usage-audit-log', 'os-keypairs', 'os-lock-server', 'os-migrate-server', 'os-migrations', 'os-multinic', 'os-multiple-create', 'os-networks', 'os-networks-associate', 'os-pause-server', 'os-quota-class-sets', 'os-quota-sets', 'os-remote-consoles', 'os-rescue', 'os-scheduler-hints', 'os-security-group-default-rules', 'os-security-groups', 'os-server-diagnostics', 'os-server-external-events', 'os-server-groups', 'os-server-password', 'os-server-tags', 'os-server-usage', 'os-services', 'os-shelve', 'os-simple-tenant-usage', 'os-suspend-server', 'os-tenant-networks', 'os-used-limits', 'os-user-data', 'os-virtual-interfaces', 'os-volumes', 'server-metadata', 'server-migrations', 'servers', 'versions']
2017-02-09 08:30:28.225 23803 INFO nova.wsgi [req-14228c9e-5683-4c19-ac22-5c5d456bf4f0 - - - - -] osapi_compute listening on 0.0.0.0:8774
2017-02-09 08:30:28.226 23803 INFO oslo_service.service [req-14228c9e-5683-4c19-ac22-5c5d456bf4f0 - - - - -] Starting 40 workers
2017-02-09 08:30:28.391 23803 INFO nova.network.driver [req-14228c9e-5683-4c19-ac22-5c5d456bf4f0 - - - - -] Loading network driver 'nova.network.linux_net'
2017-02-09 08:30:28.651 24452 INFO nova.osapi_compute.wsgi.server [req-7a835dac-31f0-4fb5-8e19-7755aeac9699 - - - - -] (24452) wsgi starting up on http://0.0.0.0:8774
2017-02-09 08:30:28.667 24421 INFO nova.osapi_compute.wsgi.server [req-f1abf92d-420b-43da-b8ed-48b420ebc300 - - - - -] (24421) wsgi starting up on http://0.0.0.0:8774
2017-02-09 08:30:28.673 24419 INFO nova.osapi_compute.wsgi.server [req-39160e35-9dbe-473b-8e69-0e63a6245656 - - - - -] (24419) wsgi starting up on http://0.0.0.0:8774
2017-02-09 08:30:28.675 24431 INFO nova.osapi_compute.wsgi.server [req-ef81c90c-1fb6-439a-8831-923adf7e7a15 - - - - -] (24431) wsgi starting up on http://0.0.0.0:8774
2017-02-09 08:30:28.677 24427 INFO nova.osapi_compute.wsgi.server [req-c270b9ff-8fdd-4164-b9aa-2663c43d607e - - - - -] (24427) wsgi starting up on http://0.0.0.0:8774
2017-02-09 08:30:28.699 24423 INFO nova.osapi_compute.wsgi.server [req-5d9e2293-b847-4cdf-a566-c4fa84752119 - - - - -] (24423) wsgi starting up on http://0.0.0.0:8774
2017-02-09 08:30:28.706 24460 INFO nova.osapi_compute.wsgi.server [req-f4a94a0f-e6f6-45ee-8a76-2a80e9c891ca - - - - -] (24460) wsgi starting up on http://0.0.0.0:8774
2017-02-09 08:30:28.709 24446 INFO nova.osapi_compute.wsgi.server [req-1fb73fa8-8a55-4e12-86ae-3d9ea7daa5df - - - - -] (24446) wsgi starting up on http://0.0.0.0:8774
2017-02-09 08:30:28.713 24420 INFO nova.osapi_compute.wsgi.server [req-28df6097-b23e-4c4f-9a85-c18618db1404 - - - - -] (24420) wsgi starting up on http://0.0.0.0:8774
2017-02-09 08:30:28.714 24458 INFO nova.osapi_compute.wsgi.server [req-b48bc77a-b367-40f9-a1ef-d641c299eb70 - - - - -] (24458) wsgi starting up on http://0.0.0.0:8774
2017-02-09 08:30:28.718 24455 INFO nova.osapi_compute.wsgi.server [req-e8d52e51-20b6-4d12-8ab1-ac29a87d2d07 - - - - -] (24455) wsgi starting up on http://0.0.0.0:8774
2017-02-09 08:30:28.718 24424 INFO nova.osapi_compute.wsgi.server [req-1b372e69-5be3-4ace-a0bc-0c937730d5bc - - - - -] (24424) wsgi starting up on http://0.0.0.0:8774
2017-02-09 08:30:28.725 24435 INFO nova.osapi_compute.wsgi.server [req-3358a321-1e6c-4af3-9874-7c83ef28a60a - - - - -] (24435) wsgi starting up on http://0.0.0.0:8774
2017-02-09 08:30:28.734 24485 INFO nova.osapi_compute.wsgi.server [req-46c1b404-b274-4c56-8d51-9d129c1222d8 - - - - -] (24485) wsgi starting up on http://0.0.0.0:8774
2017-02-09 08:30:28.735 24459 INFO nova.osapi_compute.wsgi.server [req-f453b01f-8e38-43bb-80c2-f82303ff9254 - - - - -] (24459) wsgi starting up on http://0.0.0.0:8774
2017-02-09 08:30:28.736 24426 INFO nova.osapi_compute.wsgi.server [req-70b214e0-004f-442d-91b1-8fea7de9a218 - - - - -] (24426) wsgi starting up on http://0.0.0.0:8774
2017-02-09 08:30:28.737 24489 INFO nova.osapi_compute.wsgi.server [req-250746cd-62a9-4999-b8a7-b667107933d3 - - - - -] (24489) wsgi starting up on http://0.0.0.0:8774
2017-02-09 08:30:28.738 24461 INFO nova.osapi_compute.wsgi.server [req-ee2159c1-2883-41e7-874f-ff207bf25fe6 - - - - -] (24461) wsgi starting up on http://0.0.0.0:8774
2017-02-09 08:30:28.738 24428 INFO nova.osapi_compute.wsgi.server [req-50ce98c3-cd0b-417a-9d0b-429b447f68f5 - - - - -] (24428) wsgi starting up on http://0.0.0.0:8774
2017-02-09 08:30:28.739 24476 INFO nova.osapi_compute.wsgi.server [req-34b8dc6f-ca2c-46ea-8932-53976763a743 - - - - -] (24476) wsgi starting up on http://0.0.0.0:8774
2017-02-09 08:30:28.740 24440 INFO nova.osapi_compute.wsgi.server [req-80387b55-8986-4f18-93d6-a2eab451850c - - - - -] (24440) wsgi starting up on http://0.0.0.0:8774
2017-02-09 08:30:28.741 24483 INFO nova.osapi_compute.wsgi.server [req-fd0be1a3-4a8d-4239-967a-6b7b9ca15e18 - - - - -] (24483) wsgi starting up on http://0.0.0.0:8774
2017-02-09 08:30:28.741 24443 INFO nova.osapi_compute.wsgi.server [req-69c0c837-1012-48c6-9f26-a11e63900750 - - - - -] (24443) wsgi starting up on http://0.0.0.0:8774
2017-02-09 08:30:28.749 24467 INFO nova.osapi_compute.wsgi.server [req-25ba69d4-acc9-4dd8-b030-7f9e4202222b - - - - -] (24467) wsgi starting up on http://0.0.0.0:8774
2017-02-09 08:30:28.750 24441 INFO nova.osapi_compute.wsgi.server [req-f8ff4cb7-c5dd-494c-a3fd-363703418243 - - - - -] (24441) wsgi starting up on http://0.0.0.0:8774
2017-02-09 08:30:28.751 24472 INFO nova.osapi_compute.wsgi.server [req-61889c10-d832-453b-a733-986741d28d90 - - - - -] (24472) wsgi starting up on http://0.0.0.0:8774
2017-02-09 08:30:28.751 24434 INFO nova.osapi_compute.wsgi.server [req-fe6d629a-2976-4b6d-a1ce-4671026e7801 - - - - -] (24434) wsgi starting up on http://0.0.0.0:8774
2017-02-09 08:30:28.752 24432 INFO nova.osapi_compute.wsgi.server [req-e58d0102-1485-4659-b155-79cd2a649a3f - - - - -] (24432) wsgi starting up on http://0.0.0.0:8774
2017-02-09 08:30:28.757 24448 INFO nova.osapi_compute.wsgi.server [req-56a763b4-5a1e-43ce-8e3a-f422d41ba68d - - - - -] (24448) wsgi starting up on http://0.0.0.0:8774
2017-02-09 08:30:28.757 24430 INFO nova.osapi_compute.wsgi.server [req-5334160a-fae2-40b0-9f64-c9085eee1232 - - - - -] (24430) wsgi starting up on http://0.0.0.0:8774
2017-02-09 08:30:28.757 24429 INFO nova.osapi_compute.wsgi.server [req-211c850e-b46d-443e-8a3b-568d8eb04f04 - - - - -] (24429) wsgi starting up on http://0.0.0.0:8774
2017-02-09 08:30:28.758 24422 INFO nova.osapi_compute.wsgi.server [req-2d794fee-6b21-4fbf-8ef7-9012ea174874 - - - - -] (24422) wsgi starting up on http://0.0.0.0:8774
2017-02-09 08:30:28.765 24487 INFO nova.osapi_compute.wsgi.server [req-c7ed3d80-7151-4814-8826-67dbfee289af - - - - -] (24487) wsgi starting up on http://0.0.0.0:8774
