2017-02-09 15:06:14.226 35673 INFO oslo_service.service [req-2391b302-999f-4aac-9eb3-b4eabb7d5aa4 - - - - -] Child 36280 killed by signal 15
2017-02-09 15:06:14.226 35673 INFO oslo_service.service [req-2391b302-999f-4aac-9eb3-b4eabb7d5aa4 - - - - -] Child 36238 killed by signal 15
2017-02-09 15:06:14.227 35673 INFO oslo_service.service [req-2391b302-999f-4aac-9eb3-b4eabb7d5aa4 - - - - -] Child 36297 killed by signal 15
2017-02-09 15:06:14.227 35673 INFO oslo_service.service [req-2391b302-999f-4aac-9eb3-b4eabb7d5aa4 - - - - -] Child 36260 killed by signal 15
2017-02-09 15:06:14.238 35673 INFO oslo_service.service [req-2391b302-999f-4aac-9eb3-b4eabb7d5aa4 - - - - -] Child 36287 killed by signal 15
2017-02-09 15:06:14.239 35673 INFO oslo_service.service [req-2391b302-999f-4aac-9eb3-b4eabb7d5aa4 - - - - -] Child 36241 killed by signal 15
2017-02-09 15:06:14.240 35673 INFO oslo_service.service [req-2391b302-999f-4aac-9eb3-b4eabb7d5aa4 - - - - -] Child 36243 killed by signal 15
2017-02-09 15:06:14.241 35673 INFO oslo_service.service [req-2391b302-999f-4aac-9eb3-b4eabb7d5aa4 - - - - -] Child 36266 killed by signal 15
2017-02-09 15:06:14.245 35673 INFO oslo_service.service [req-2391b302-999f-4aac-9eb3-b4eabb7d5aa4 - - - - -] Child 36267 killed by signal 15
2017-02-09 15:06:14.246 35673 INFO oslo_service.service [req-2391b302-999f-4aac-9eb3-b4eabb7d5aa4 - - - - -] Child 36237 killed by signal 15
2017-02-09 15:06:14.247 35673 INFO oslo_service.service [req-2391b302-999f-4aac-9eb3-b4eabb7d5aa4 - - - - -] Child 36229 killed by signal 15
2017-02-09 15:06:14.247 35673 INFO oslo_service.service [req-2391b302-999f-4aac-9eb3-b4eabb7d5aa4 - - - - -] Child 36233 killed by signal 15
2017-02-09 15:06:14.248 35673 INFO oslo_service.service [req-2391b302-999f-4aac-9eb3-b4eabb7d5aa4 - - - - -] Child 36234 killed by signal 15
2017-02-09 15:06:14.250 35673 INFO oslo_service.service [req-2391b302-999f-4aac-9eb3-b4eabb7d5aa4 - - - - -] Child 36269 killed by signal 15
2017-02-09 15:06:14.251 35673 INFO oslo_service.service [req-2391b302-999f-4aac-9eb3-b4eabb7d5aa4 - - - - -] Child 36284 killed by signal 15
2017-02-09 15:06:14.253 35673 INFO oslo_service.service [req-2391b302-999f-4aac-9eb3-b4eabb7d5aa4 - - - - -] Child 36292 killed by signal 15
2017-02-09 15:09:52.745 4726 WARNING oslo_reports.guru_meditation_report [-] Guru meditation now registers SIGUSR1 and SIGUSR2 by default for backward compatibility. SIGUSR1 will no longer be registered in a future release, so please use SIGUSR2 to generate reports.
2017-02-09 15:09:52.764 4726 INFO oslo_service.service [req-a35bc933-23fd-4239-8f8a-57b4c475f8aa - - - - -] Starting 40 workers
2017-02-09 15:09:52.774 6701 INFO nova.service [-] Starting conductor node (version 14.0.2-1.el7)
2017-02-09 15:09:52.777 6702 INFO nova.service [-] Starting conductor node (version 14.0.2-1.el7)
2017-02-09 15:09:52.777 6703 INFO nova.service [-] Starting conductor node (version 14.0.2-1.el7)
2017-02-09 15:09:52.780 6704 INFO nova.service [-] Starting conductor node (version 14.0.2-1.el7)
2017-02-09 15:09:52.781 6706 INFO nova.service [-] Starting conductor node (version 14.0.2-1.el7)
2017-02-09 15:09:52.782 6705 INFO nova.service [-] Starting conductor node (version 14.0.2-1.el7)
2017-02-09 15:09:52.784 6707 INFO nova.service [-] Starting conductor node (version 14.0.2-1.el7)
2017-02-09 15:09:52.785 6708 INFO nova.service [-] Starting conductor node (version 14.0.2-1.el7)
2017-02-09 15:09:52.787 6710 INFO nova.service [-] Starting conductor node (version 14.0.2-1.el7)
2017-02-09 15:09:52.788 6711 INFO nova.service [-] Starting conductor node (version 14.0.2-1.el7)
2017-02-09 15:09:52.787 6709 INFO nova.service [-] Starting conductor node (version 14.0.2-1.el7)
2017-02-09 15:09:52.789 6712 INFO nova.service [-] Starting conductor node (version 14.0.2-1.el7)
2017-02-09 15:09:52.792 6714 INFO nova.service [-] Starting conductor node (version 14.0.2-1.el7)
2017-02-09 15:09:52.793 6713 INFO nova.service [-] Starting conductor node (version 14.0.2-1.el7)
2017-02-09 15:09:52.795 6716 INFO nova.service [-] Starting conductor node (version 14.0.2-1.el7)
2017-02-09 15:09:52.796 6715 INFO nova.service [-] Starting conductor node (version 14.0.2-1.el7)
2017-02-09 15:09:52.803 6717 INFO nova.service [-] Starting conductor node (version 14.0.2-1.el7)
2017-02-09 15:09:52.805 6718 INFO nova.service [-] Starting conductor node (version 14.0.2-1.el7)
2017-02-09 15:09:52.808 6719 INFO nova.service [-] Starting conductor node (version 14.0.2-1.el7)
2017-02-09 15:09:52.813 6720 INFO nova.service [-] Starting conductor node (version 14.0.2-1.el7)
2017-02-09 15:09:52.814 6722 INFO nova.service [-] Starting conductor node (version 14.0.2-1.el7)
2017-02-09 15:09:52.814 6721 INFO nova.service [-] Starting conductor node (version 14.0.2-1.el7)
2017-02-09 15:09:52.820 6723 INFO nova.service [-] Starting conductor node (version 14.0.2-1.el7)
2017-02-09 15:09:52.823 6724 INFO nova.service [-] Starting conductor node (version 14.0.2-1.el7)
2017-02-09 15:09:52.825 6725 INFO nova.service [-] Starting conductor node (version 14.0.2-1.el7)
2017-02-09 15:09:52.825 6726 INFO nova.service [-] Starting conductor node (version 14.0.2-1.el7)
2017-02-09 15:09:52.829 6727 INFO nova.service [-] Starting conductor node (version 14.0.2-1.el7)
2017-02-09 15:09:52.830 6729 INFO nova.service [-] Starting conductor node (version 14.0.2-1.el7)
2017-02-09 15:09:52.830 6728 INFO nova.service [-] Starting conductor node (version 14.0.2-1.el7)
2017-02-09 15:09:52.833 6730 INFO nova.service [-] Starting conductor node (version 14.0.2-1.el7)
2017-02-09 15:09:52.833 6731 INFO nova.service [-] Starting conductor node (version 14.0.2-1.el7)
2017-02-09 15:09:52.836 6732 INFO nova.service [-] Starting conductor node (version 14.0.2-1.el7)
2017-02-09 15:09:52.837 6733 INFO nova.service [-] Starting conductor node (version 14.0.2-1.el7)
2017-02-09 15:09:52.842 6734 INFO nova.service [-] Starting conductor node (version 14.0.2-1.el7)
2017-02-09 15:09:52.843 6736 INFO nova.service [-] Starting conductor node (version 14.0.2-1.el7)
2017-02-09 15:09:52.843 6735 INFO nova.service [-] Starting conductor node (version 14.0.2-1.el7)
2017-02-09 15:09:52.845 6737 INFO nova.service [-] Starting conductor node (version 14.0.2-1.el7)
2017-02-09 15:09:52.848 6738 INFO nova.service [-] Starting conductor node (version 14.0.2-1.el7)
2017-02-09 15:09:52.849 6739 INFO nova.service [-] Starting conductor node (version 14.0.2-1.el7)
2017-02-09 15:09:52.852 6740 INFO nova.service [-] Starting conductor node (version 14.0.2-1.el7)
2017-02-09 15:09:58.272 6705 ERROR oslo.messaging._drivers.impl_rabbit [req-208f66a3-f524-4513-9fdb-1b76550ec46b - - - - -] [a234de99-23c4-4526-a6a7-c333573401f1] AMQP server on mysql-001.vassilevski.com:5672 is unreachable: [Errno 111] ECONNREFUSED. Trying again in 1 seconds. Client port: None
2017-02-09 15:09:58.274 6701 ERROR oslo.messaging._drivers.impl_rabbit [req-1b2c18b6-6b0e-4c3c-8f73-bea7b96cd127 - - - - -] [5ecb005d-acc9-476c-811d-62262d198747] AMQP server on mysql-001.vassilevski.com:5672 is unreachable: [Errno 111] ECONNREFUSED. Trying again in 1 seconds. Client port: None
2017-02-09 15:09:58.278 6702 ERROR oslo.messaging._drivers.impl_rabbit [req-2b729bff-79f1-4ac1-92e6-dc95140e5a18 - - - - -] [0d264027-08b3-4731-a615-9b8410c74623] AMQP server on mysql-001.vassilevski.com:5672 is unreachable: [Errno 111] ECONNREFUSED. Trying again in 1 seconds. Client port: None
2017-02-09 15:09:58.280 6712 ERROR oslo.messaging._drivers.impl_rabbit [req-558364ad-6768-4ed9-9325-7d8661d8e298 - - - - -] [3b6f0318-17f9-4262-824d-ed1d9632e50f] AMQP server on mysql-001.vassilevski.com:5672 is unreachable: [Errno 111] ECONNREFUSED. Trying again in 1 seconds. Client port: None
2017-02-09 15:09:58.281 6708 ERROR oslo.messaging._drivers.impl_rabbit [req-d3851bf7-64c1-4676-a2f0-3cbe0cbb9ae1 - - - - -] [f9218da4-39fe-431e-b63d-791a1fcfb2d1] AMQP server on mysql-001.vassilevski.com:5672 is unreachable: [Errno 111] ECONNREFUSED. Trying again in 1 seconds. Client port: None
2017-02-09 15:09:58.282 6716 ERROR oslo.messaging._drivers.impl_rabbit [req-77f713b5-3160-4744-97d3-8d33dd128c32 - - - - -] [a9e2041d-3d5d-40d2-bb7e-b5c7cbb6a79c] AMQP server on mysql-001.vassilevski.com:5672 is unreachable: [Errno 111] ECONNREFUSED. Trying again in 1 seconds. Client port: None
2017-02-09 15:09:58.284 6707 ERROR oslo.messaging._drivers.impl_rabbit [req-4ae653d2-95c0-430d-b4b3-9543dfa4ac0f - - - - -] [f2e6158d-559d-4be3-963a-5e179daf7de2] AMQP server on mysql-001.vassilevski.com:5672 is unreachable: [Errno 111] ECONNREFUSED. Trying again in 1 seconds. Client port: None
2017-02-09 15:09:58.286 6704 ERROR oslo.messaging._drivers.impl_rabbit [req-8cb0aa1d-30e1-4859-83d0-d348b27ec48d - - - - -] [27e40dcd-a90f-4e38-809c-36dc4bbb5b93] AMQP server on mysql-001.vassilevski.com:5672 is unreachable: [Errno 111] ECONNREFUSED. Trying again in 1 seconds. Client port: None
2017-02-09 15:09:58.288 6711 ERROR oslo.messaging._drivers.impl_rabbit [req-00acad9a-61aa-4893-a53c-c5206a2f22c5 - - - - -] [bd26b242-2f3a-4d3a-a7dc-b633a9472484] AMQP server on mysql-001.vassilevski.com:5672 is unreachable: [Errno 111] ECONNREFUSED. Trying again in 1 seconds. Client port: None
2017-02-09 15:09:58.290 6714 ERROR oslo.messaging._drivers.impl_rabbit [req-6812d0ea-720d-41dd-af01-a7e4c4484571 - - - - -] [ff1bf4bb-4060-46af-bfcc-1a279e4538aa] AMQP server on mysql-001.vassilevski.com:5672 is unreachable: [Errno 111] ECONNREFUSED. Trying again in 1 seconds. Client port: None
2017-02-09 15:09:58.295 6713 ERROR oslo.messaging._drivers.impl_rabbit [req-30720b17-9579-40f1-abca-ba4f536f112e - - - - -] [60958029-9d57-498f-9b99-e16b0bf8a2da] AMQP server on mysql-001.vassilevski.com:5672 is unreachable: [Errno 111] ECONNREFUSED. Trying again in 1 seconds. Client port: None
2017-02-09 15:09:58.295 6738 ERROR oslo.messaging._drivers.impl_rabbit [req-4b2d0a81-6f66-47ed-8e7b-9cd82a77f466 - - - - -] [8d8d31fd-9a9d-4c31-9c23-2561795f75c0] AMQP server on mysql-001.vassilevski.com:5672 is unreachable: [Errno 111] ECONNREFUSED. Trying again in 1 seconds. Client port: None
2017-02-09 15:09:58.296 6703 ERROR oslo.messaging._drivers.impl_rabbit [req-ff39bec1-c2ae-434c-be7a-e6989802380d - - - - -] [758321dd-0b3d-42c9-8d58-524b993f6a59] AMQP server on mysql-001.vassilevski.com:5672 is unreachable: [Errno 111] ECONNREFUSED. Trying again in 1 seconds. Client port: None
2017-02-09 15:09:58.296 6727 ERROR oslo.messaging._drivers.impl_rabbit [req-0e62bf34-4360-4a6c-85e4-cd061f915af4 - - - - -] [28f096d0-f07f-464f-b429-3bb2aeffc86f] AMQP server on mysql-001.vassilevski.com:5672 is unreachable: [Errno 111] ECONNREFUSED. Trying again in 1 seconds. Client port: None
2017-02-09 15:09:58.296 6719 ERROR oslo.messaging._drivers.impl_rabbit [req-929d091b-db2a-43f7-a472-44a7639a4b75 - - - - -] [1c2b76ab-6323-4c80-b7fb-d8d7a81a3e0f] AMQP server on mysql-001.vassilevski.com:5672 is unreachable: [Errno 111] ECONNREFUSED. Trying again in 1 seconds. Client port: None
2017-02-09 15:09:58.298 6736 ERROR oslo.messaging._drivers.impl_rabbit [req-08aee66c-e929-4b65-9424-594b8bc1f5a6 - - - - -] [bfcb0287-bbbb-4b2e-a5d6-450d884c9dce] AMQP server on mysql-001.vassilevski.com:5672 is unreachable: [Errno 111] ECONNREFUSED. Trying again in 1 seconds. Client port: None
2017-02-09 15:09:58.300 6735 ERROR oslo.messaging._drivers.impl_rabbit [req-cae3a72a-2e41-4847-b276-b43f53a89ff8 - - - - -] [8d54c368-d57a-45fe-98c9-91adfd7c0659] AMQP server on mysql-001.vassilevski.com:5672 is unreachable: [Errno 111] ECONNREFUSED. Trying again in 1 seconds. Client port: None
2017-02-09 15:09:58.300 6718 ERROR oslo.messaging._drivers.impl_rabbit [req-7958a1af-0840-4936-a43d-20951eb6cf67 - - - - -] [36ac0d22-94b6-483d-b2ba-fefba454632f] AMQP server on mysql-001.vassilevski.com:5672 is unreachable: [Errno 111] ECONNREFUSED. Trying again in 1 seconds. Client port: None
2017-02-09 15:09:58.301 6722 ERROR oslo.messaging._drivers.impl_rabbit [req-613984cd-b964-4367-a8f8-bdb46d43dff5 - - - - -] [35c83055-ba74-4320-ae3a-be1b35ac4994] AMQP server on mysql-001.vassilevski.com:5672 is unreachable: [Errno 111] ECONNREFUSED. Trying again in 1 seconds. Client port: None
2017-02-09 15:09:58.301 6728 ERROR oslo.messaging._drivers.impl_rabbit [req-bbbe4744-41a9-4b69-81a5-68b3747fcdb1 - - - - -] [995008e2-9d57-44aa-93e2-83e7f08f859e] AMQP server on mysql-001.vassilevski.com:5672 is unreachable: [Errno 111] ECONNREFUSED. Trying again in 1 seconds. Client port: None
2017-02-09 15:09:58.301 6715 ERROR oslo.messaging._drivers.impl_rabbit [req-a44196fc-40a6-47b6-b1f9-c1e21497eedd - - - - -] [a4e1cd38-dfcb-4340-8f8f-5936ee8e67a1] AMQP server on mysql-001.vassilevski.com:5672 is unreachable: [Errno 111] ECONNREFUSED. Trying again in 1 seconds. Client port: None
2017-02-09 15:09:58.303 6717 ERROR oslo.messaging._drivers.impl_rabbit [req-71119781-11ee-47d5-83e2-c5c8e35a058d - - - - -] [ff54c241-d6eb-480b-a280-7198d04e450e] AMQP server on mysql-001.vassilevski.com:5672 is unreachable: [Errno 111] ECONNREFUSED. Trying again in 1 seconds. Client port: None
2017-02-09 15:09:58.306 6730 ERROR oslo.messaging._drivers.impl_rabbit [req-388301f8-1756-47a3-8219-3f673f324418 - - - - -] [70a35211-f46b-463f-a393-727197dc7105] AMQP server on mysql-001.vassilevski.com:5672 is unreachable: [Errno 111] ECONNREFUSED. Trying again in 1 seconds. Client port: None
2017-02-09 15:09:58.307 6740 ERROR oslo.messaging._drivers.impl_rabbit [req-a3181615-8aff-44dc-ab8f-d8432e026db0 - - - - -] [f09918ec-ad8e-45b4-92db-bdf98f3357f8] AMQP server on mysql-001.vassilevski.com:5672 is unreachable: [Errno 111] ECONNREFUSED. Trying again in 1 seconds. Client port: None
2017-02-09 15:09:58.308 6720 ERROR oslo.messaging._drivers.impl_rabbit [req-bc046e22-884a-4b79-91b4-1113ee3f27ff - - - - -] [5fe4b5c8-06ad-4c5f-8dc7-4d04803b6337] AMQP server on mysql-001.vassilevski.com:5672 is unreachable: [Errno 111] ECONNREFUSED. Trying again in 1 seconds. Client port: None
2017-02-09 15:09:58.310 6733 ERROR oslo.messaging._drivers.impl_rabbit [req-f33fbf86-8ab7-4303-83be-016e5cff4a39 - - - - -] [4dfa84f1-9fdf-41d4-b9f5-41ea8a1c7519] AMQP server on mysql-001.vassilevski.com:5672 is unreachable: [Errno 111] ECONNREFUSED. Trying again in 1 seconds. Client port: None
2017-02-09 15:09:58.311 6726 ERROR oslo.messaging._drivers.impl_rabbit [req-6f907bac-779c-4640-85e9-b570b4aebb90 - - - - -] [f983a65e-d9e3-47b6-afd6-8d3536e340f1] AMQP server on mysql-001.vassilevski.com:5672 is unreachable: [Errno 111] ECONNREFUSED. Trying again in 1 seconds. Client port: None
2017-02-09 15:09:58.315 6723 ERROR oslo.messaging._drivers.impl_rabbit [req-b32d66f3-998d-4f15-831d-e851955cf394 - - - - -] [742e9ec9-3c3f-41e1-8be7-c4fc3408dbbe] AMQP server on mysql-001.vassilevski.com:5672 is unreachable: [Errno 111] ECONNREFUSED. Trying again in 1 seconds. Client port: None
2017-02-09 15:09:58.315 6709 ERROR oslo.messaging._drivers.impl_rabbit [req-8f4eae2b-ccef-42ac-893e-8688910ddf7a - - - - -] [722bcd05-1c0b-4084-a85f-ee3aa89da8b6] AMQP server on mysql-001.vassilevski.com:5672 is unreachable: [Errno 111] ECONNREFUSED. Trying again in 1 seconds. Client port: None
2017-02-09 15:09:58.316 6734 ERROR oslo.messaging._drivers.impl_rabbit [req-facfb721-539e-4ab1-aeee-3204f59ded8e - - - - -] [1230b7b2-3057-449c-9226-8a7281fd430d] AMQP server on mysql-001.vassilevski.com:5672 is unreachable: [Errno 111] ECONNREFUSED. Trying again in 1 seconds. Client port: None
2017-02-09 15:09:58.316 6732 ERROR oslo.messaging._drivers.impl_rabbit [req-36aed4e8-8074-4f38-a67a-b0eabc62e4d8 - - - - -] [bd24446b-8c02-4db5-8ea2-1d5eb96ba41a] AMQP server on mysql-001.vassilevski.com:5672 is unreachable: [Errno 111] ECONNREFUSED. Trying again in 1 seconds. Client port: None
2017-02-09 15:09:58.317 6737 ERROR oslo.messaging._drivers.impl_rabbit [req-b3b6df6d-8183-4362-9108-70a6de5c0c02 - - - - -] [50b7a94b-139d-4dae-95db-475506f08899] AMQP server on mysql-001.vassilevski.com:5672 is unreachable: [Errno 111] ECONNREFUSED. Trying again in 1 seconds. Client port: None
2017-02-09 15:09:58.317 6739 ERROR oslo.messaging._drivers.impl_rabbit [req-1ee36feb-02fd-45a1-89d7-b8eb9adc1535 - - - - -] [e0e58a22-d04b-44fe-afb3-dbe1e763c929] AMQP server on mysql-001.vassilevski.com:5672 is unreachable: [Errno 111] ECONNREFUSED. Trying again in 1 seconds. Client port: None
2017-02-09 15:09:58.328 6721 ERROR oslo.messaging._drivers.impl_rabbit [req-3ad1919d-e389-4796-9b87-03de5111b654 - - - - -] [58649e5e-83bf-4aeb-b179-09f7d67637ea] AMQP server on mysql-001.vassilevski.com:5672 is unreachable: [Errno 111] ECONNREFUSED. Trying again in 1 seconds. Client port: None
2017-02-09 15:09:58.339 6729 ERROR oslo.messaging._drivers.impl_rabbit [req-9205e2c4-483b-4f67-aa79-eea7bc0a703a - - - - -] [6a69b552-8fbb-44dd-876e-dbf529fa7b00] AMQP server on mysql-001.vassilevski.com:5672 is unreachable: [Errno 111] ECONNREFUSED. Trying again in 1 seconds. Client port: None
2017-02-09 15:09:58.347 6706 ERROR oslo.messaging._drivers.impl_rabbit [req-68f21fe3-c82b-425a-8c4c-f9cd4b8fb589 - - - - -] [e3ad8b73-616d-4f40-991d-b30d08e93fa6] AMQP server on mysql-001.vassilevski.com:5672 is unreachable: [Errno 111] ECONNREFUSED. Trying again in 1 seconds. Client port: None
2017-02-09 15:09:58.352 6710 ERROR oslo.messaging._drivers.impl_rabbit [req-ae6a3a1a-6b75-49cc-bd58-a80e5728ee44 - - - - -] [d231f25f-24ee-4ecb-b0dc-d5dfc127c916] AMQP server on mysql-001.vassilevski.com:5672 is unreachable: [Errno 111] ECONNREFUSED. Trying again in 1 seconds. Client port: None
2017-02-09 15:09:58.412 6731 ERROR oslo.messaging._drivers.impl_rabbit [req-19b12de5-65a3-4bcd-aaff-8b1f85e84843 - - - - -] [7455cabe-7bb0-4b7c-9b37-0a41ada110fb] AMQP server on mysql-001.vassilevski.com:5672 is unreachable: [Errno 111] ECONNREFUSED. Trying again in 1 seconds. Client port: None
2017-02-09 15:09:58.424 6725 ERROR oslo.messaging._drivers.impl_rabbit [req-4849593e-bada-4d6d-81a3-563decf473c3 - - - - -] [3fe9ff75-cf35-45f2-9f2d-3c8fb3a7fcf0] AMQP server on mysql-001.vassilevski.com:5672 is unreachable: [Errno 111] ECONNREFUSED. Trying again in 1 seconds. Client port: None
2017-02-09 15:09:58.436 6724 ERROR oslo.messaging._drivers.impl_rabbit [req-ea57fea4-bc1c-4bff-8180-a353846d9131 - - - - -] [09470863-6265-4131-9f5b-ac71401615f9] AMQP server on mysql-001.vassilevski.com:5672 is unreachable: [Errno 111] ECONNREFUSED. Trying again in 1 seconds. Client port: None
2017-02-09 15:09:59.561 6712 ERROR oslo.messaging._drivers.impl_rabbit [req-558364ad-6768-4ed9-9325-7d8661d8e298 - - - - -] [3b6f0318-17f9-4262-824d-ed1d9632e50f] AMQP server on mysql-001.vassilevski.com:5672 is unreachable: [Errno 111] ECONNREFUSED. Trying again in 2 seconds. Client port: None
2017-02-09 15:09:59.563 6704 ERROR oslo.messaging._drivers.impl_rabbit [req-8cb0aa1d-30e1-4859-83d0-d348b27ec48d - - - - -] [27e40dcd-a90f-4e38-809c-36dc4bbb5b93] AMQP server on mysql-001.vassilevski.com:5672 is unreachable: [Errno 111] ECONNREFUSED. Trying again in 2 seconds. Client port: None
2017-02-09 15:09:59.566 6703 ERROR oslo.messaging._drivers.impl_rabbit [req-ff39bec1-c2ae-434c-be7a-e6989802380d - - - - -] [758321dd-0b3d-42c9-8d58-524b993f6a59] AMQP server on mysql-001.vassilevski.com:5672 is unreachable: [Errno 111] ECONNREFUSED. Trying again in 2 seconds. Client port: None
2017-02-09 15:09:59.566 6716 ERROR oslo.messaging._drivers.impl_rabbit [req-77f713b5-3160-4744-97d3-8d33dd128c32 - - - - -] [a9e2041d-3d5d-40d2-bb7e-b5c7cbb6a79c] AMQP server on mysql-001.vassilevski.com:5672 is unreachable: [Errno 111] ECONNREFUSED. Trying again in 2 seconds. Client port: None
2017-02-09 15:09:59.567 6727 ERROR oslo.messaging._drivers.impl_rabbit [req-0e62bf34-4360-4a6c-85e4-cd061f915af4 - - - - -] [28f096d0-f07f-464f-b429-3bb2aeffc86f] AMQP server on mysql-001.vassilevski.com:5672 is unreachable: [Errno 111] ECONNREFUSED. Trying again in 2 seconds. Client port: None
2017-02-09 15:09:59.569 6738 ERROR oslo.messaging._drivers.impl_rabbit [req-4b2d0a81-6f66-47ed-8e7b-9cd82a77f466 - - - - -] [8d8d31fd-9a9d-4c31-9c23-2561795f75c0] AMQP server on mysql-001.vassilevski.com:5672 is unreachable: [Errno 111] ECONNREFUSED. Trying again in 2 seconds. Client port: None
2017-02-09 15:09:59.578 6728 ERROR oslo.messaging._drivers.impl_rabbit [req-bbbe4744-41a9-4b69-81a5-68b3747fcdb1 - - - - -] [995008e2-9d57-44aa-93e2-83e7f08f859e] AMQP server on mysql-001.vassilevski.com:5672 is unreachable: [Errno 111] ECONNREFUSED. Trying again in 2 seconds. Client port: None
2017-02-09 15:09:59.579 6718 ERROR oslo.messaging._drivers.impl_rabbit [req-7958a1af-0840-4936-a43d-20951eb6cf67 - - - - -] [36ac0d22-94b6-483d-b2ba-fefba454632f] AMQP server on mysql-001.vassilevski.com:5672 is unreachable: [Errno 111] ECONNREFUSED. Trying again in 2 seconds. Client port: None
2017-02-09 15:09:59.580 6702 ERROR oslo.messaging._drivers.impl_rabbit [req-2b729bff-79f1-4ac1-92e6-dc95140e5a18 - - - - -] [0d264027-08b3-4731-a615-9b8410c74623] AMQP server on mysql-001.vassilevski.com:5672 is unreachable: [Errno 111] ECONNREFUSED. Trying again in 2 seconds. Client port: None
2017-02-09 15:09:59.581 6735 ERROR oslo.messaging._drivers.impl_rabbit [req-cae3a72a-2e41-4847-b276-b43f53a89ff8 - - - - -] [8d54c368-d57a-45fe-98c9-91adfd7c0659] AMQP server on mysql-001.vassilevski.com:5672 is unreachable: [Errno 111] ECONNREFUSED. Trying again in 2 seconds. Client port: None
2017-02-09 15:09:59.583 6715 ERROR oslo.messaging._drivers.impl_rabbit [req-a44196fc-40a6-47b6-b1f9-c1e21497eedd - - - - -] [a4e1cd38-dfcb-4340-8f8f-5936ee8e67a1] AMQP server on mysql-001.vassilevski.com:5672 is unreachable: [Errno 111] ECONNREFUSED. Trying again in 2 seconds. Client port: None
2017-02-09 15:09:59.583 6717 ERROR oslo.messaging._drivers.impl_rabbit [req-71119781-11ee-47d5-83e2-c5c8e35a058d - - - - -] [ff54c241-d6eb-480b-a280-7198d04e450e] AMQP server on mysql-001.vassilevski.com:5672 is unreachable: [Errno 111] ECONNREFUSED. Trying again in 2 seconds. Client port: None
2017-02-09 15:09:59.586 6730 ERROR oslo.messaging._drivers.impl_rabbit [req-388301f8-1756-47a3-8219-3f673f324418 - - - - -] [70a35211-f46b-463f-a393-727197dc7105] AMQP server on mysql-001.vassilevski.com:5672 is unreachable: [Errno 111] ECONNREFUSED. Trying again in 2 seconds. Client port: None
2017-02-09 15:09:59.591 6740 ERROR oslo.messaging._drivers.impl_rabbit [req-a3181615-8aff-44dc-ab8f-d8432e026db0 - - - - -] [f09918ec-ad8e-45b4-92db-bdf98f3357f8] AMQP server on mysql-001.vassilevski.com:5672 is unreachable: [Errno 111] ECONNREFUSED. Trying again in 2 seconds. Client port: None
2017-02-09 15:09:59.599 6732 ERROR oslo.messaging._drivers.impl_rabbit [req-36aed4e8-8074-4f38-a67a-b0eabc62e4d8 - - - - -] [bd24446b-8c02-4db5-8ea2-1d5eb96ba41a] AMQP server on mysql-001.vassilevski.com:5672 is unreachable: [Errno 111] ECONNREFUSED. Trying again in 2 seconds. Client port: None
2017-02-09 15:09:59.626 6710 ERROR oslo.messaging._drivers.impl_rabbit [req-ae6a3a1a-6b75-49cc-bd58-a80e5728ee44 - - - - -] [d231f25f-24ee-4ecb-b0dc-d5dfc127c916] AMQP server on mysql-001.vassilevski.com:5672 is unreachable: [Errno 111] ECONNREFUSED. Trying again in 2 seconds. Client port: None
2017-02-09 15:09:59.627 6709 ERROR oslo.messaging._drivers.impl_rabbit [req-8f4eae2b-ccef-42ac-893e-8688910ddf7a - - - - -] [722bcd05-1c0b-4084-a85f-ee3aa89da8b6] AMQP server on mysql-001.vassilevski.com:5672 is unreachable: [Errno 111] ECONNREFUSED. Trying again in 2 seconds. Client port: None
2017-02-09 15:09:59.628 6701 ERROR oslo.messaging._drivers.impl_rabbit [req-1b2c18b6-6b0e-4c3c-8f73-bea7b96cd127 - - - - -] [5ecb005d-acc9-476c-811d-62262d198747] AMQP server on mysql-001.vassilevski.com:5672 is unreachable: [Errno 111] ECONNREFUSED. Trying again in 2 seconds. Client port: None
2017-02-09 15:09:59.629 6726 ERROR oslo.messaging._drivers.impl_rabbit [req-6f907bac-779c-4640-85e9-b570b4aebb90 - - - - -] [f983a65e-d9e3-47b6-afd6-8d3536e340f1] AMQP server on mysql-001.vassilevski.com:5672 is unreachable: [Errno 111] ECONNREFUSED. Trying again in 2 seconds. Client port: None
2017-02-09 15:09:59.630 6739 ERROR oslo.messaging._drivers.impl_rabbit [req-1ee36feb-02fd-45a1-89d7-b8eb9adc1535 - - - - -] [e0e58a22-d04b-44fe-afb3-dbe1e763c929] AMQP server on mysql-001.vassilevski.com:5672 is unreachable: [Errno 111] ECONNREFUSED. Trying again in 2 seconds. Client port: None
2017-02-09 15:09:59.631 6722 ERROR oslo.messaging._drivers.impl_rabbit [req-613984cd-b964-4367-a8f8-bdb46d43dff5 - - - - -] [35c83055-ba74-4320-ae3a-be1b35ac4994] AMQP server on mysql-001.vassilevski.com:5672 is unreachable: [Errno 111] ECONNREFUSED. Trying again in 2 seconds. Client port: None
2017-02-09 15:09:59.632 6720 ERROR oslo.messaging._drivers.impl_rabbit [req-bc046e22-884a-4b79-91b4-1113ee3f27ff - - - - -] [5fe4b5c8-06ad-4c5f-8dc7-4d04803b6337] AMQP server on mysql-001.vassilevski.com:5672 is unreachable: [Errno 111] ECONNREFUSED. Trying again in 2 seconds. Client port: None
2017-02-09 15:09:59.633 6705 ERROR oslo.messaging._drivers.impl_rabbit [req-208f66a3-f524-4513-9fdb-1b76550ec46b - - - - -] [a234de99-23c4-4526-a6a7-c333573401f1] AMQP server on mysql-001.vassilevski.com:5672 is unreachable: [Errno 111] ECONNREFUSED. Trying again in 2 seconds. Client port: None
2017-02-09 15:09:59.634 6719 ERROR oslo.messaging._drivers.impl_rabbit [req-929d091b-db2a-43f7-a472-44a7639a4b75 - - - - -] [1c2b76ab-6323-4c80-b7fb-d8d7a81a3e0f] AMQP server on mysql-001.vassilevski.com:5672 is unreachable: [Errno 111] ECONNREFUSED. Trying again in 2 seconds. Client port: None
2017-02-09 15:09:59.634 6736 ERROR oslo.messaging._drivers.impl_rabbit [req-08aee66c-e929-4b65-9424-594b8bc1f5a6 - - - - -] [bfcb0287-bbbb-4b2e-a5d6-450d884c9dce] AMQP server on mysql-001.vassilevski.com:5672 is unreachable: [Errno 111] ECONNREFUSED. Trying again in 2 seconds. Client port: None
2017-02-09 15:09:59.635 6737 ERROR oslo.messaging._drivers.impl_rabbit [req-b3b6df6d-8183-4362-9108-70a6de5c0c02 - - - - -] [50b7a94b-139d-4dae-95db-475506f08899] AMQP server on mysql-001.vassilevski.com:5672 is unreachable: [Errno 111] ECONNREFUSED. Trying again in 2 seconds. Client port: None
2017-02-09 15:09:59.636 6714 ERROR oslo.messaging._drivers.impl_rabbit [req-6812d0ea-720d-41dd-af01-a7e4c4484571 - - - - -] [ff1bf4bb-4060-46af-bfcc-1a279e4538aa] AMQP server on mysql-001.vassilevski.com:5672 is unreachable: [Errno 111] ECONNREFUSED. Trying again in 2 seconds. Client port: None
2017-02-09 15:09:59.637 6729 ERROR oslo.messaging._drivers.impl_rabbit [req-9205e2c4-483b-4f67-aa79-eea7bc0a703a - - - - -] [6a69b552-8fbb-44dd-876e-dbf529fa7b00] AMQP server on mysql-001.vassilevski.com:5672 is unreachable: [Errno 111] ECONNREFUSED. Trying again in 2 seconds. Client port: None
2017-02-09 15:09:59.638 6721 ERROR oslo.messaging._drivers.impl_rabbit [req-3ad1919d-e389-4796-9b87-03de5111b654 - - - - -] [58649e5e-83bf-4aeb-b179-09f7d67637ea] AMQP server on mysql-001.vassilevski.com:5672 is unreachable: [Errno 111] ECONNREFUSED. Trying again in 2 seconds. Client port: None
2017-02-09 15:09:59.639 6734 ERROR oslo.messaging._drivers.impl_rabbit [req-facfb721-539e-4ab1-aeee-3204f59ded8e - - - - -] [1230b7b2-3057-449c-9226-8a7281fd430d] AMQP server on mysql-001.vassilevski.com:5672 is unreachable: [Errno 111] ECONNREFUSED. Trying again in 2 seconds. Client port: None
2017-02-09 15:09:59.639 6733 ERROR oslo.messaging._drivers.impl_rabbit [req-f33fbf86-8ab7-4303-83be-016e5cff4a39 - - - - -] [4dfa84f1-9fdf-41d4-b9f5-41ea8a1c7519] AMQP server on mysql-001.vassilevski.com:5672 is unreachable: [Errno 111] ECONNREFUSED. Trying again in 2 seconds. Client port: None
2017-02-09 15:09:59.639 6708 ERROR oslo.messaging._drivers.impl_rabbit [req-d3851bf7-64c1-4676-a2f0-3cbe0cbb9ae1 - - - - -] [f9218da4-39fe-431e-b63d-791a1fcfb2d1] AMQP server on mysql-001.vassilevski.com:5672 is unreachable: [Errno 111] ECONNREFUSED. Trying again in 2 seconds. Client port: None
2017-02-09 15:09:59.639 6723 ERROR oslo.messaging._drivers.impl_rabbit [req-b32d66f3-998d-4f15-831d-e851955cf394 - - - - -] [742e9ec9-3c3f-41e1-8be7-c4fc3408dbbe] AMQP server on mysql-001.vassilevski.com:5672 is unreachable: [Errno 111] ECONNREFUSED. Trying again in 2 seconds. Client port: None
2017-02-09 15:09:59.640 6707 ERROR oslo.messaging._drivers.impl_rabbit [req-4ae653d2-95c0-430d-b4b3-9543dfa4ac0f - - - - -] [f2e6158d-559d-4be3-963a-5e179daf7de2] AMQP server on mysql-001.vassilevski.com:5672 is unreachable: [Errno 111] ECONNREFUSED. Trying again in 2 seconds. Client port: None
2017-02-09 15:09:59.640 6706 ERROR oslo.messaging._drivers.impl_rabbit [req-68f21fe3-c82b-425a-8c4c-f9cd4b8fb589 - - - - -] [e3ad8b73-616d-4f40-991d-b30d08e93fa6] AMQP server on mysql-001.vassilevski.com:5672 is unreachable: [Errno 111] ECONNREFUSED. Trying again in 2 seconds. Client port: None
2017-02-09 15:09:59.641 6711 ERROR oslo.messaging._drivers.impl_rabbit [req-00acad9a-61aa-4893-a53c-c5206a2f22c5 - - - - -] [bd26b242-2f3a-4d3a-a7dc-b633a9472484] AMQP server on mysql-001.vassilevski.com:5672 is unreachable: [Errno 111] ECONNREFUSED. Trying again in 2 seconds. Client port: None
2017-02-09 15:09:59.647 6713 ERROR oslo.messaging._drivers.impl_rabbit [req-30720b17-9579-40f1-abca-ba4f536f112e - - - - -] [60958029-9d57-498f-9b99-e16b0bf8a2da] AMQP server on mysql-001.vassilevski.com:5672 is unreachable: [Errno 111] ECONNREFUSED. Trying again in 2 seconds. Client port: None
2017-02-09 15:09:59.677 6731 ERROR oslo.messaging._drivers.impl_rabbit [req-19b12de5-65a3-4bcd-aaff-8b1f85e84843 - - - - -] [7455cabe-7bb0-4b7c-9b37-0a41ada110fb] AMQP server on mysql-001.vassilevski.com:5672 is unreachable: [Errno 111] ECONNREFUSED. Trying again in 2 seconds. Client port: None
2017-02-09 15:09:59.704 6724 ERROR oslo.messaging._drivers.impl_rabbit [req-ea57fea4-bc1c-4bff-8180-a353846d9131 - - - - -] [09470863-6265-4131-9f5b-ac71401615f9] AMQP server on mysql-001.vassilevski.com:5672 is unreachable: [Errno 111] ECONNREFUSED. Trying again in 2 seconds. Client port: None
2017-02-09 15:09:59.705 6725 ERROR oslo.messaging._drivers.impl_rabbit [req-4849593e-bada-4d6d-81a3-563decf473c3 - - - - -] [3fe9ff75-cf35-45f2-9f2d-3c8fb3a7fcf0] AMQP server on mysql-001.vassilevski.com:5672 is unreachable: [Errno 111] ECONNREFUSED. Trying again in 2 seconds. Client port: None
2017-02-09 15:10:01.584 6712 INFO oslo.messaging._drivers.impl_rabbit [req-558364ad-6768-4ed9-9325-7d8661d8e298 - - - - -] [3b6f0318-17f9-4262-824d-ed1d9632e50f] Reconnected to AMQP server on mysql-001.vassilevski.com:5672 via [amqp] clientwith port 46868.
2017-02-09 15:10:01.584 6716 INFO oslo.messaging._drivers.impl_rabbit [req-77f713b5-3160-4744-97d3-8d33dd128c32 - - - - -] [a9e2041d-3d5d-40d2-bb7e-b5c7cbb6a79c] Reconnected to AMQP server on mysql-001.vassilevski.com:5672 via [amqp] clientwith port 46870.
2017-02-09 15:10:01.586 6704 INFO oslo.messaging._drivers.impl_rabbit [req-8cb0aa1d-30e1-4859-83d0-d348b27ec48d - - - - -] [27e40dcd-a90f-4e38-809c-36dc4bbb5b93] Reconnected to AMQP server on mysql-001.vassilevski.com:5672 via [amqp] clientwith port 46872.
2017-02-09 15:10:01.587 6703 INFO oslo.messaging._drivers.impl_rabbit [req-ff39bec1-c2ae-434c-be7a-e6989802380d - - - - -] [758321dd-0b3d-42c9-8d58-524b993f6a59] Reconnected to AMQP server on mysql-001.vassilevski.com:5672 via [amqp] clientwith port 46874.
2017-02-09 15:10:01.589 6727 INFO oslo.messaging._drivers.impl_rabbit [req-0e62bf34-4360-4a6c-85e4-cd061f915af4 - - - - -] [28f096d0-f07f-464f-b429-3bb2aeffc86f] Reconnected to AMQP server on mysql-001.vassilevski.com:5672 via [amqp] clientwith port 46876.
2017-02-09 15:10:01.591 6738 INFO oslo.messaging._drivers.impl_rabbit [req-4b2d0a81-6f66-47ed-8e7b-9cd82a77f466 - - - - -] [8d8d31fd-9a9d-4c31-9c23-2561795f75c0] Reconnected to AMQP server on mysql-001.vassilevski.com:5672 via [amqp] clientwith port 46878.
2017-02-09 15:10:01.597 6702 INFO oslo.messaging._drivers.impl_rabbit [req-2b729bff-79f1-4ac1-92e6-dc95140e5a18 - - - - -] [0d264027-08b3-4731-a615-9b8410c74623] Reconnected to AMQP server on mysql-001.vassilevski.com:5672 via [amqp] clientwith port 46880.
2017-02-09 15:10:01.601 6735 INFO oslo.messaging._drivers.impl_rabbit [req-cae3a72a-2e41-4847-b276-b43f53a89ff8 - - - - -] [8d54c368-d57a-45fe-98c9-91adfd7c0659] Reconnected to AMQP server on mysql-001.vassilevski.com:5672 via [amqp] clientwith port 46882.
2017-02-09 15:10:01.602 6718 INFO oslo.messaging._drivers.impl_rabbit [req-7958a1af-0840-4936-a43d-20951eb6cf67 - - - - -] [36ac0d22-94b6-483d-b2ba-fefba454632f] Reconnected to AMQP server on mysql-001.vassilevski.com:5672 via [amqp] clientwith port 46884.
2017-02-09 15:10:01.604 6728 INFO oslo.messaging._drivers.impl_rabbit [req-bbbe4744-41a9-4b69-81a5-68b3747fcdb1 - - - - -] [995008e2-9d57-44aa-93e2-83e7f08f859e] Reconnected to AMQP server on mysql-001.vassilevski.com:5672 via [amqp] clientwith port 46886.
2017-02-09 15:10:01.616 6740 INFO oslo.messaging._drivers.impl_rabbit [req-a3181615-8aff-44dc-ab8f-d8432e026db0 - - - - -] [f09918ec-ad8e-45b4-92db-bdf98f3357f8] Reconnected to AMQP server on mysql-001.vassilevski.com:5672 via [amqp] clientwith port 46890.
2017-02-09 15:10:01.618 6715 INFO oslo.messaging._drivers.impl_rabbit [req-a44196fc-40a6-47b6-b1f9-c1e21497eedd - - - - -] [a4e1cd38-dfcb-4340-8f8f-5936ee8e67a1] Reconnected to AMQP server on mysql-001.vassilevski.com:5672 via [amqp] clientwith port 46888.
2017-02-09 15:10:01.619 6717 INFO oslo.messaging._drivers.impl_rabbit [req-71119781-11ee-47d5-83e2-c5c8e35a058d - - - - -] [ff54c241-d6eb-480b-a280-7198d04e450e] Reconnected to AMQP server on mysql-001.vassilevski.com:5672 via [amqp] clientwith port 46892.
2017-02-09 15:10:01.620 6732 INFO oslo.messaging._drivers.impl_rabbit [req-36aed4e8-8074-4f38-a67a-b0eabc62e4d8 - - - - -] [bd24446b-8c02-4db5-8ea2-1d5eb96ba41a] Reconnected to AMQP server on mysql-001.vassilevski.com:5672 via [amqp] clientwith port 46894.
2017-02-09 15:10:01.624 6730 INFO oslo.messaging._drivers.impl_rabbit [req-388301f8-1756-47a3-8219-3f673f324418 - - - - -] [70a35211-f46b-463f-a393-727197dc7105] Reconnected to AMQP server on mysql-001.vassilevski.com:5672 via [amqp] clientwith port 46896.
2017-02-09 15:10:01.653 6726 INFO oslo.messaging._drivers.impl_rabbit [req-6f907bac-779c-4640-85e9-b570b4aebb90 - - - - -] [f983a65e-d9e3-47b6-afd6-8d3536e340f1] Reconnected to AMQP server on mysql-001.vassilevski.com:5672 via [amqp] clientwith port 46900.
2017-02-09 15:10:01.653 6710 INFO oslo.messaging._drivers.impl_rabbit [req-ae6a3a1a-6b75-49cc-bd58-a80e5728ee44 - - - - -] [d231f25f-24ee-4ecb-b0dc-d5dfc127c916] Reconnected to AMQP server on mysql-001.vassilevski.com:5672 via [amqp] clientwith port 46898.
2017-02-09 15:10:01.653 6739 INFO oslo.messaging._drivers.impl_rabbit [req-1ee36feb-02fd-45a1-89d7-b8eb9adc1535 - - - - -] [e0e58a22-d04b-44fe-afb3-dbe1e763c929] Reconnected to AMQP server on mysql-001.vassilevski.com:5672 via [amqp] clientwith port 46902.
2017-02-09 15:10:01.657 6720 INFO oslo.messaging._drivers.impl_rabbit [req-bc046e22-884a-4b79-91b4-1113ee3f27ff - - - - -] [5fe4b5c8-06ad-4c5f-8dc7-4d04803b6337] Reconnected to AMQP server on mysql-001.vassilevski.com:5672 via [amqp] clientwith port 46904.
2017-02-09 15:10:01.658 6714 INFO oslo.messaging._drivers.impl_rabbit [req-6812d0ea-720d-41dd-af01-a7e4c4484571 - - - - -] [ff1bf4bb-4060-46af-bfcc-1a279e4538aa] Reconnected to AMQP server on mysql-001.vassilevski.com:5672 via [amqp] clientwith port 46906.
2017-02-09 15:10:01.659 6719 INFO oslo.messaging._drivers.impl_rabbit [req-929d091b-db2a-43f7-a472-44a7639a4b75 - - - - -] [1c2b76ab-6323-4c80-b7fb-d8d7a81a3e0f] Reconnected to AMQP server on mysql-001.vassilevski.com:5672 via [amqp] clientwith port 46908.
2017-02-09 15:10:01.659 6722 INFO oslo.messaging._drivers.impl_rabbit [req-613984cd-b964-4367-a8f8-bdb46d43dff5 - - - - -] [35c83055-ba74-4320-ae3a-be1b35ac4994] Reconnected to AMQP server on mysql-001.vassilevski.com:5672 via [amqp] clientwith port 46910.
2017-02-09 15:10:01.659 6705 INFO oslo.messaging._drivers.impl_rabbit [req-208f66a3-f524-4513-9fdb-1b76550ec46b - - - - -] [a234de99-23c4-4526-a6a7-c333573401f1] Reconnected to AMQP server on mysql-001.vassilevski.com:5672 via [amqp] clientwith port 46912.
2017-02-09 15:10:01.663 6736 INFO oslo.messaging._drivers.impl_rabbit [req-08aee66c-e929-4b65-9424-594b8bc1f5a6 - - - - -] [bfcb0287-bbbb-4b2e-a5d6-450d884c9dce] Reconnected to AMQP server on mysql-001.vassilevski.com:5672 via [amqp] clientwith port 46914.
2017-02-09 15:10:01.665 6709 INFO oslo.messaging._drivers.impl_rabbit [req-8f4eae2b-ccef-42ac-893e-8688910ddf7a - - - - -] [722bcd05-1c0b-4084-a85f-ee3aa89da8b6] Reconnected to AMQP server on mysql-001.vassilevski.com:5672 via [amqp] clientwith port 46916.
2017-02-09 15:10:01.669 6701 INFO oslo.messaging._drivers.impl_rabbit [req-1b2c18b6-6b0e-4c3c-8f73-bea7b96cd127 - - - - -] [5ecb005d-acc9-476c-811d-62262d198747] Reconnected to AMQP server on mysql-001.vassilevski.com:5672 via [amqp] clientwith port 46918.
2017-02-09 15:10:01.670 6729 INFO oslo.messaging._drivers.impl_rabbit [req-9205e2c4-483b-4f67-aa79-eea7bc0a703a - - - - -] [6a69b552-8fbb-44dd-876e-dbf529fa7b00] Reconnected to AMQP server on mysql-001.vassilevski.com:5672 via [amqp] clientwith port 46920.
2017-02-09 15:10:01.671 6723 INFO oslo.messaging._drivers.impl_rabbit [req-b32d66f3-998d-4f15-831d-e851955cf394 - - - - -] [742e9ec9-3c3f-41e1-8be7-c4fc3408dbbe] Reconnected to AMQP server on mysql-001.vassilevski.com:5672 via [amqp] clientwith port 46922.
2017-02-09 15:10:01.672 6737 INFO oslo.messaging._drivers.impl_rabbit [req-b3b6df6d-8183-4362-9108-70a6de5c0c02 - - - - -] [50b7a94b-139d-4dae-95db-475506f08899] Reconnected to AMQP server on mysql-001.vassilevski.com:5672 via [amqp] clientwith port 46924.
2017-02-09 15:10:01.673 6734 INFO oslo.messaging._drivers.impl_rabbit [req-facfb721-539e-4ab1-aeee-3204f59ded8e - - - - -] [1230b7b2-3057-449c-9226-8a7281fd430d] Reconnected to AMQP server on mysql-001.vassilevski.com:5672 via [amqp] clientwith port 46926.
2017-02-09 15:10:01.675 6706 INFO oslo.messaging._drivers.impl_rabbit [req-68f21fe3-c82b-425a-8c4c-f9cd4b8fb589 - - - - -] [e3ad8b73-616d-4f40-991d-b30d08e93fa6] Reconnected to AMQP server on mysql-001.vassilevski.com:5672 via [amqp] clientwith port 46928.
2017-02-09 15:10:01.675 6721 INFO oslo.messaging._drivers.impl_rabbit [req-3ad1919d-e389-4796-9b87-03de5111b654 - - - - -] [58649e5e-83bf-4aeb-b179-09f7d67637ea] Reconnected to AMQP server on mysql-001.vassilevski.com:5672 via [amqp] clientwith port 46934.
2017-02-09 15:10:01.676 6733 INFO oslo.messaging._drivers.impl_rabbit [req-f33fbf86-8ab7-4303-83be-016e5cff4a39 - - - - -] [4dfa84f1-9fdf-41d4-b9f5-41ea8a1c7519] Reconnected to AMQP server on mysql-001.vassilevski.com:5672 via [amqp] clientwith port 46930.
2017-02-09 15:10:01.677 6708 INFO oslo.messaging._drivers.impl_rabbit [req-d3851bf7-64c1-4676-a2f0-3cbe0cbb9ae1 - - - - -] [f9218da4-39fe-431e-b63d-791a1fcfb2d1] Reconnected to AMQP server on mysql-001.vassilevski.com:5672 via [amqp] clientwith port 46932.
2017-02-09 15:10:01.678 6713 INFO oslo.messaging._drivers.impl_rabbit [req-30720b17-9579-40f1-abca-ba4f536f112e - - - - -] [60958029-9d57-498f-9b99-e16b0bf8a2da] Reconnected to AMQP server on mysql-001.vassilevski.com:5672 via [amqp] clientwith port 46938.
2017-02-09 15:10:01.679 6707 INFO oslo.messaging._drivers.impl_rabbit [req-4ae653d2-95c0-430d-b4b3-9543dfa4ac0f - - - - -] [f2e6158d-559d-4be3-963a-5e179daf7de2] Reconnected to AMQP server on mysql-001.vassilevski.com:5672 via [amqp] clientwith port 46941.
2017-02-09 15:10:01.680 6711 INFO oslo.messaging._drivers.impl_rabbit [req-00acad9a-61aa-4893-a53c-c5206a2f22c5 - - - - -] [bd26b242-2f3a-4d3a-a7dc-b633a9472484] Reconnected to AMQP server on mysql-001.vassilevski.com:5672 via [amqp] clientwith port 46940.
2017-02-09 15:10:01.695 6731 INFO oslo.messaging._drivers.impl_rabbit [req-19b12de5-65a3-4bcd-aaff-8b1f85e84843 - - - - -] [7455cabe-7bb0-4b7c-9b37-0a41ada110fb] Reconnected to AMQP server on mysql-001.vassilevski.com:5672 via [amqp] clientwith port 46946.
2017-02-09 15:10:01.722 6724 INFO oslo.messaging._drivers.impl_rabbit [req-ea57fea4-bc1c-4bff-8180-a353846d9131 - - - - -] [09470863-6265-4131-9f5b-ac71401615f9] Reconnected to AMQP server on mysql-001.vassilevski.com:5672 via [amqp] clientwith port 46950.
2017-02-09 15:10:01.722 6725 INFO oslo.messaging._drivers.impl_rabbit [req-4849593e-bada-4d6d-81a3-563decf473c3 - - - - -] [3fe9ff75-cf35-45f2-9f2d-3c8fb3a7fcf0] Reconnected to AMQP server on mysql-001.vassilevski.com:5672 via [amqp] clientwith port 46952.
2017-02-09 15:25:06.434 6712 ERROR oslo.messaging._drivers.impl_rabbit [-] [3b6f0318-17f9-4262-824d-ed1d9632e50f] AMQP server on mysql-001.vassilevski.com:5672 is unreachable: Too many heartbeats missed. Trying again in 1 seconds. Client port: 46868
2017-02-09 15:25:07.113 6727 ERROR oslo.messaging._drivers.impl_rabbit [-] [28f096d0-f07f-464f-b429-3bb2aeffc86f] AMQP server on mysql-001.vassilevski.com:5672 is unreachable: Too many heartbeats missed. Trying again in 1 seconds. Client port: 46876
2017-02-09 15:25:07.151 6735 ERROR oslo.messaging._drivers.impl_rabbit [-] [8d54c368-d57a-45fe-98c9-91adfd7c0659] AMQP server on mysql-001.vassilevski.com:5672 is unreachable: Too many heartbeats missed. Trying again in 1 seconds. Client port: 46882
2017-02-09 15:25:07.213 6718 ERROR oslo.messaging._drivers.impl_rabbit [-] [36ac0d22-94b6-483d-b2ba-fefba454632f] AMQP server on mysql-001.vassilevski.com:5672 is unreachable: Too many heartbeats missed. Trying again in 1 seconds. Client port: 46884
2017-02-09 15:25:07.290 6728 ERROR oslo.messaging._drivers.impl_rabbit [-] [995008e2-9d57-44aa-93e2-83e7f08f859e] AMQP server on mysql-001.vassilevski.com:5672 is unreachable: Too many heartbeats missed. Trying again in 1 seconds. Client port: 46886
2017-02-09 15:25:09.064 6738 ERROR oslo.messaging._drivers.impl_rabbit [-] [8d8d31fd-9a9d-4c31-9c23-2561795f75c0] AMQP server on mysql-001.vassilevski.com:5672 is unreachable: Too many heartbeats missed. Trying again in 1 seconds. Client port: 46878
2017-02-09 15:25:09.276 6710 INFO oslo.messaging._drivers.impl_rabbit [-] A recoverable connection/channel error occurred, trying to reconnect: Too many heartbeats missed
2017-02-09 15:25:09.449 6720 INFO oslo.messaging._drivers.impl_rabbit [-] A recoverable connection/channel error occurred, trying to reconnect: Too many heartbeats missed
2017-02-09 15:25:09.564 6714 INFO oslo.messaging._drivers.impl_rabbit [-] A recoverable connection/channel error occurred, trying to reconnect: Too many heartbeats missed
2017-02-09 15:25:10.505 6736 INFO oslo.messaging._drivers.impl_rabbit [-] A recoverable connection/channel error occurred, trying to reconnect: Too many heartbeats missed
2017-02-09 15:25:10.554 6709 INFO oslo.messaging._drivers.impl_rabbit [-] A recoverable connection/channel error occurred, trying to reconnect: Too many heartbeats missed
2017-02-09 15:25:10.627 6701 INFO oslo.messaging._drivers.impl_rabbit [-] A recoverable connection/channel error occurred, trying to reconnect: Too many heartbeats missed
2017-02-09 15:25:10.699 6729 INFO oslo.messaging._drivers.impl_rabbit [-] A recoverable connection/channel error occurred, trying to reconnect: Too many heartbeats missed
2017-02-09 15:25:10.789 6723 INFO oslo.messaging._drivers.impl_rabbit [-] A recoverable connection/channel error occurred, trying to reconnect: Too many heartbeats missed
2017-02-09 15:25:10.867 6737 INFO oslo.messaging._drivers.impl_rabbit [-] A recoverable connection/channel error occurred, trying to reconnect: Too many heartbeats missed
2017-02-09 15:25:14.266 6730 INFO oslo.messaging._drivers.impl_rabbit [-] A recoverable connection/channel error occurred, trying to reconnect: Too many heartbeats missed
2017-02-09 15:25:14.267 6734 INFO oslo.messaging._drivers.impl_rabbit [-] A recoverable connection/channel error occurred, trying to reconnect: Too many heartbeats missed
2017-02-09 15:25:16.157 6721 INFO oslo.messaging._drivers.impl_rabbit [-] A recoverable connection/channel error occurred, trying to reconnect: Too many heartbeats missed
2017-02-09 15:25:16.293 6733 INFO oslo.messaging._drivers.impl_rabbit [-] A recoverable connection/channel error occurred, trying to reconnect: Too many heartbeats missed
2017-02-09 15:25:16.346 6708 INFO oslo.messaging._drivers.impl_rabbit [-] A recoverable connection/channel error occurred, trying to reconnect: Too many heartbeats missed
2017-02-09 15:25:16.410 6706 INFO oslo.messaging._drivers.impl_rabbit [-] A recoverable connection/channel error occurred, trying to reconnect: Too many heartbeats missed
2017-02-09 15:25:16.654 6730 ERROR oslo.messaging._drivers.impl_rabbit [-] [70a35211-f46b-463f-a393-727197dc7105] AMQP server on mysql-001.vassilevski.com:5672 is unreachable: Too many heartbeats missed. Trying again in 1 seconds. Client port: 46896
2017-02-09 15:25:16.683 6726 ERROR oslo.messaging._drivers.impl_rabbit [-] [f983a65e-d9e3-47b6-afd6-8d3536e340f1] AMQP server on mysql-001.vassilevski.com:5672 is unreachable: Too many heartbeats missed. Trying again in 1 seconds. Client port: 46900
2017-02-09 15:25:16.690 6714 ERROR oslo.messaging._drivers.impl_rabbit [-] [ff1bf4bb-4060-46af-bfcc-1a279e4538aa] AMQP server on mysql-001.vassilevski.com:5672 is unreachable: Too many heartbeats missed. Trying again in 1 seconds. Client port: 46906
2017-02-09 15:25:16.690 6720 ERROR oslo.messaging._drivers.impl_rabbit [-] [5fe4b5c8-06ad-4c5f-8dc7-4d04803b6337] AMQP server on mysql-001.vassilevski.com:5672 is unreachable: Too many heartbeats missed. Trying again in 1 seconds. Client port: 46904
2017-02-09 15:25:16.690 6722 ERROR oslo.messaging._drivers.impl_rabbit [-] [35c83055-ba74-4320-ae3a-be1b35ac4994] AMQP server on mysql-001.vassilevski.com:5672 is unreachable: Too many heartbeats missed. Trying again in 1 seconds. Client port: 46910
2017-02-09 15:25:16.690 6739 ERROR oslo.messaging._drivers.impl_rabbit [-] [e0e58a22-d04b-44fe-afb3-dbe1e763c929] AMQP server on mysql-001.vassilevski.com:5672 is unreachable: Too many heartbeats missed. Trying again in 1 seconds. Client port: 46902
2017-02-09 15:25:16.693 6710 ERROR oslo.messaging._drivers.impl_rabbit [-] [d231f25f-24ee-4ecb-b0dc-d5dfc127c916] AMQP server on mysql-001.vassilevski.com:5672 is unreachable: Too many heartbeats missed. Trying again in 1 seconds. Client port: 46898
2017-02-09 15:25:16.704 6721 ERROR oslo.messaging._drivers.impl_rabbit [-] [58649e5e-83bf-4aeb-b179-09f7d67637ea] AMQP server on mysql-001.vassilevski.com:5672 is unreachable: Too many heartbeats missed. Trying again in 1 seconds. Client port: 46934
2017-02-09 15:25:16.704 6708 ERROR oslo.messaging._drivers.impl_rabbit [-] [f9218da4-39fe-431e-b63d-791a1fcfb2d1] AMQP server on mysql-001.vassilevski.com:5672 is unreachable: Too many heartbeats missed. Trying again in 1 seconds. Client port: 46932
2017-02-09 15:25:16.705 6733 ERROR oslo.messaging._drivers.impl_rabbit [-] [4dfa84f1-9fdf-41d4-b9f5-41ea8a1c7519] AMQP server on mysql-001.vassilevski.com:5672 is unreachable: Too many heartbeats missed. Trying again in 1 seconds. Client port: 46930
2017-02-09 15:25:16.705 6734 ERROR oslo.messaging._drivers.impl_rabbit [-] [1230b7b2-3057-449c-9226-8a7281fd430d] AMQP server on mysql-001.vassilevski.com:5672 is unreachable: Too many heartbeats missed. Trying again in 1 seconds. Client port: 46926
2017-02-09 15:25:16.706 6706 ERROR oslo.messaging._drivers.impl_rabbit [-] [e3ad8b73-616d-4f40-991d-b30d08e93fa6] AMQP server on mysql-001.vassilevski.com:5672 is unreachable: Too many heartbeats missed. Trying again in 1 seconds. Client port: 46928
2017-02-09 15:25:16.709 6707 ERROR oslo.messaging._drivers.impl_rabbit [-] [f2e6158d-559d-4be3-963a-5e179daf7de2] AMQP server on mysql-001.vassilevski.com:5672 is unreachable: Too many heartbeats missed. Trying again in 1 seconds. Client port: 46941
2017-02-09 15:25:16.710 6713 ERROR oslo.messaging._drivers.impl_rabbit [-] [60958029-9d57-498f-9b99-e16b0bf8a2da] AMQP server on mysql-001.vassilevski.com:5672 is unreachable: Too many heartbeats missed. Trying again in 1 seconds. Client port: 46938
2017-02-09 15:25:16.714 6711 ERROR oslo.messaging._drivers.impl_rabbit [-] [bd26b242-2f3a-4d3a-a7dc-b633a9472484] AMQP server on mysql-001.vassilevski.com:5672 is unreachable: Too many heartbeats missed. Trying again in 1 seconds. Client port: 46940
2017-02-09 15:25:17.021 6713 INFO oslo.messaging._drivers.impl_rabbit [-] A recoverable connection/channel error occurred, trying to reconnect: Too many heartbeats missed
2017-02-09 15:25:17.115 6711 INFO oslo.messaging._drivers.impl_rabbit [-] A recoverable connection/channel error occurred, trying to reconnect: Too many heartbeats missed
2017-02-09 15:25:17.203 6707 INFO oslo.messaging._drivers.impl_rabbit [-] A recoverable connection/channel error occurred, trying to reconnect: Too many heartbeats missed
2017-02-09 15:25:18.057 6712 INFO oslo.messaging._drivers.impl_rabbit [-] A recoverable connection/channel error occurred, trying to reconnect: Too many heartbeats missed
2017-02-09 15:25:18.107 6727 INFO oslo.messaging._drivers.impl_rabbit [-] A recoverable connection/channel error occurred, trying to reconnect: Too many heartbeats missed
2017-02-09 15:25:18.782 6735 INFO oslo.messaging._drivers.impl_rabbit [-] A recoverable connection/channel error occurred, trying to reconnect: Too many heartbeats missed
2017-02-09 15:25:18.843 6718 INFO oslo.messaging._drivers.impl_rabbit [-] A recoverable connection/channel error occurred, trying to reconnect: Too many heartbeats missed
2017-02-09 15:25:18.913 6728 INFO oslo.messaging._drivers.impl_rabbit [-] A recoverable connection/channel error occurred, trying to reconnect: Too many heartbeats missed
2017-02-09 15:25:19.001 6738 INFO oslo.messaging._drivers.impl_rabbit [-] A recoverable connection/channel error occurred, trying to reconnect: Too many heartbeats missed
