2017-02-09 15:06:13.844 36499 INFO nova.wsgi [req-fbe1d762-727d-4059-8288-f1e01038ff98 - - - - -] WSGI server has stopped.
2017-02-09 15:06:13.844 36410 INFO nova.wsgi [req-fbe1d762-727d-4059-8288-f1e01038ff98 - - - - -] WSGI server has stopped.
2017-02-09 15:06:13.844 36524 INFO nova.wsgi [req-fbe1d762-727d-4059-8288-f1e01038ff98 - - - - -] WSGI server has stopped.
2017-02-09 15:06:13.844 36343 INFO nova.wsgi [req-fbe1d762-727d-4059-8288-f1e01038ff98 - - - - -] WSGI server has stopped.
2017-02-09 15:06:13.831 36361 INFO nova.wsgi [-] Stopping WSGI server.
2017-02-09 15:06:13.845 36496 INFO nova.wsgi [-] Stopping WSGI server.
2017-02-09 15:06:13.845 36528 INFO nova.wsgi [req-fbe1d762-727d-4059-8288-f1e01038ff98 - - - - -] WSGI server has stopped.
2017-02-09 15:06:13.845 36392 INFO nova.osapi_compute.wsgi.server [req-f259bb03-a86a-4fc8-a9ab-10b298db3fe6 - - - - -] (36392) wsgi exited, is_accepting=True
2017-02-09 15:06:13.846 36361 INFO nova.osapi_compute.wsgi.server [req-3b745c1d-dccd-46c2-8fcd-096ead0ea90b - - - - -] (36361) wsgi exited, is_accepting=True
2017-02-09 15:06:13.846 36496 INFO nova.metadata.wsgi.server [req-151dbf17-77d6-434c-a3ae-4c92ca831af0 - - - - -] (36496) wsgi exited, is_accepting=True
2017-02-09 15:06:13.846 36482 INFO nova.metadata.wsgi.server [req-fc34621b-000f-4ae6-b977-68a3c7dc879e - - - - -] (36482) wsgi exited, is_accepting=True
2017-02-09 15:06:13.828 36349 INFO nova.wsgi [-] Stopping WSGI server.
2017-02-09 15:06:13.832 36411 INFO nova.wsgi [-] Stopping WSGI server.
2017-02-09 15:06:13.847 36405 INFO nova.osapi_compute.wsgi.server [req-32baae43-0ee1-4117-98f8-de5178ef8b1f - - - - -] (36405) wsgi exited, is_accepting=True
2017-02-09 15:06:13.848 36446 INFO nova.metadata.wsgi.server [req-9efecef2-ae95-4470-afbd-4b5235c4a38a - - - - -] (36446) wsgi exited, is_accepting=True
2017-02-09 15:06:13.849 36411 INFO nova.osapi_compute.wsgi.server [req-0a57a2f5-0900-46d2-9b75-67687f2a7741 - - - - -] (36411) wsgi exited, is_accepting=True
2017-02-09 15:06:13.849 36349 INFO nova.osapi_compute.wsgi.server [req-45a610f4-0ac8-4c95-92c6-38cb89e72136 - - - - -] (36349) wsgi exited, is_accepting=True
2017-02-09 15:06:13.849 36482 INFO nova.wsgi [req-fbe1d762-727d-4059-8288-f1e01038ff98 - - - - -] WSGI server has stopped.
2017-02-09 15:06:13.849 36492 INFO nova.wsgi [-] Stopping WSGI server.
2017-02-09 15:06:13.829 36355 INFO nova.wsgi [-] Stopping WSGI server.
2017-02-09 15:06:13.850 36492 INFO nova.metadata.wsgi.server [req-0cc654ee-a49a-4263-a20d-cb9af13b386f - - - - -] (36492) wsgi exited, is_accepting=True
2017-02-09 15:06:13.850 36359 INFO nova.osapi_compute.wsgi.server [req-57ded588-6e01-43ca-a67d-ae0e20aff271 - - - - -] (36359) wsgi exited, is_accepting=True
2017-02-09 15:06:13.850 36452 INFO nova.metadata.wsgi.server [req-403e73d1-527a-4c19-af16-372056b336f5 - - - - -] (36452) wsgi exited, is_accepting=True
2017-02-09 15:06:13.851 36446 INFO nova.wsgi [req-fbe1d762-727d-4059-8288-f1e01038ff98 - - - - -] WSGI server has stopped.
2017-02-09 15:06:13.851 36355 INFO nova.osapi_compute.wsgi.server [req-d325ab41-81fb-41b5-93b2-5a1952812994 - - - - -] (36355) wsgi exited, is_accepting=True
2017-02-09 15:06:13.852 36348 INFO nova.osapi_compute.wsgi.server [req-2cdd2e82-fa78-4cf3-a1fb-158825101e75 - - - - -] (36348) wsgi exited, is_accepting=True
2017-02-09 15:06:13.852 36488 INFO nova.wsgi [-] Stopping WSGI server.
2017-02-09 15:06:13.852 36359 INFO nova.wsgi [req-fbe1d762-727d-4059-8288-f1e01038ff98 - - - - -] WSGI server has stopped.
2017-02-09 15:06:13.852 36492 INFO nova.wsgi [req-fbe1d762-727d-4059-8288-f1e01038ff98 - - - - -] WSGI server has stopped.
2017-02-09 15:06:13.852 36452 INFO nova.wsgi [req-fbe1d762-727d-4059-8288-f1e01038ff98 - - - - -] WSGI server has stopped.
2017-02-09 15:06:13.853 36450 INFO nova.metadata.wsgi.server [req-8f37a90a-b454-4cd3-b6af-09a91ff7dc7b - - - - -] (36450) wsgi exited, is_accepting=True
2017-02-09 15:06:13.853 36355 INFO nova.wsgi [req-fbe1d762-727d-4059-8288-f1e01038ff98 - - - - -] WSGI server has stopped.
2017-02-09 15:06:13.853 36488 INFO nova.metadata.wsgi.server [req-c6ab7bfd-0e17-412d-8ba3-1a3991510d47 - - - - -] (36488) wsgi exited, is_accepting=True
2017-02-09 15:06:13.854 36348 INFO nova.wsgi [req-fbe1d762-727d-4059-8288-f1e01038ff98 - - - - -] WSGI server has stopped.
2017-02-09 15:06:13.854 36450 INFO nova.wsgi [req-fbe1d762-727d-4059-8288-f1e01038ff98 - - - - -] WSGI server has stopped.
2017-02-09 15:06:13.855 36397 INFO nova.wsgi [req-fbe1d762-727d-4059-8288-f1e01038ff98 - - - - -] WSGI server has stopped.
2017-02-09 15:06:13.855 36488 INFO nova.wsgi [req-fbe1d762-727d-4059-8288-f1e01038ff98 - - - - -] WSGI server has stopped.
2017-02-09 15:06:13.855 36345 INFO nova.osapi_compute.wsgi.server [req-fc46d219-fae3-4e2b-a077-205ebb0465fc - - - - -] (36345) wsgi exited, is_accepting=True
2017-02-09 15:06:13.857 36445 INFO nova.wsgi [-] Stopping WSGI server.
2017-02-09 15:06:13.857 36345 INFO nova.wsgi [req-fbe1d762-727d-4059-8288-f1e01038ff98 - - - - -] WSGI server has stopped.
2017-02-09 15:06:13.857 36389 INFO nova.osapi_compute.wsgi.server [req-7d8222a0-b3f9-4bcf-b9bf-7689d1915ea6 - - - - -] (36389) wsgi exited, is_accepting=True
2017-02-09 15:06:13.857 36361 INFO nova.wsgi [req-fbe1d762-727d-4059-8288-f1e01038ff98 - - - - -] WSGI server has stopped.
2017-02-09 15:06:13.857 36445 INFO nova.metadata.wsgi.server [req-2da3a896-edce-41ae-9d22-a498e39802c5 - - - - -] (36445) wsgi exited, is_accepting=True
2017-02-09 15:06:13.858 36353 INFO nova.osapi_compute.wsgi.server [req-55b30b71-54bb-4628-90f6-b6f48edd3fd7 - - - - -] (36353) wsgi exited, is_accepting=True
2017-02-09 15:06:13.858 36389 INFO nova.wsgi [req-fbe1d762-727d-4059-8288-f1e01038ff98 - - - - -] WSGI server has stopped.
2017-02-09 15:06:13.859 36445 INFO nova.wsgi [req-fbe1d762-727d-4059-8288-f1e01038ff98 - - - - -] WSGI server has stopped.
2017-02-09 15:06:13.859 36364 INFO nova.osapi_compute.wsgi.server [req-ad45f3e1-527e-41d7-a3a0-008934b226b6 - - - - -] (36364) wsgi exited, is_accepting=True
2017-02-09 15:06:13.859 36353 INFO nova.wsgi [req-fbe1d762-727d-4059-8288-f1e01038ff98 - - - - -] WSGI server has stopped.
2017-02-09 15:06:13.862 36522 INFO nova.wsgi [req-fbe1d762-727d-4059-8288-f1e01038ff98 - - - - -] WSGI server has stopped.
2017-02-09 15:06:13.862 36448 INFO nova.metadata.wsgi.server [req-948a8617-b43c-446c-bbc0-66570034b768 - - - - -] (36448) wsgi exited, is_accepting=True
2017-02-09 15:06:13.842 36399 INFO nova.osapi_compute.wsgi.server [req-76f50a81-d771-47de-8d8e-3ff298e83317 - - - - -] (36399) wsgi exited, is_accepting=True
2017-02-09 15:06:13.865 36448 INFO nova.wsgi [req-fbe1d762-727d-4059-8288-f1e01038ff98 - - - - -] WSGI server has stopped.
2017-02-09 15:06:13.865 36399 INFO nova.wsgi [req-fbe1d762-727d-4059-8288-f1e01038ff98 - - - - -] WSGI server has stopped.
2017-02-09 15:06:13.838 36494 INFO nova.wsgi [req-fbe1d762-727d-4059-8288-f1e01038ff98 - - - - -] WSGI server has stopped.
2017-02-09 15:06:13.867 36364 INFO nova.wsgi [req-fbe1d762-727d-4059-8288-f1e01038ff98 - - - - -] WSGI server has stopped.
2017-02-09 15:06:13.870 36503 INFO nova.metadata.wsgi.server [req-84e3e50a-e168-4592-9345-2593ad8a62e0 - - - - -] (36503) wsgi exited, is_accepting=True
2017-02-09 15:06:13.871 36351 INFO nova.osapi_compute.wsgi.server [req-f03d07b5-7c56-44d6-ab29-8d9433540461 - - - - -] (36351) wsgi exited, is_accepting=True
2017-02-09 15:06:13.872 36474 INFO nova.metadata.wsgi.server [req-fb5af2b3-88f5-4bc2-ac4d-8fc1e2a640a5 - - - - -] (36474) wsgi exited, is_accepting=True
2017-02-09 15:06:13.872 36503 INFO nova.wsgi [req-fbe1d762-727d-4059-8288-f1e01038ff98 - - - - -] WSGI server has stopped.
2017-02-09 15:06:13.873 36351 INFO nova.wsgi [req-fbe1d762-727d-4059-8288-f1e01038ff98 - - - - -] WSGI server has stopped.
2017-02-09 15:06:13.872 36496 INFO nova.wsgi [req-fbe1d762-727d-4059-8288-f1e01038ff98 - - - - -] WSGI server has stopped.
2017-02-09 15:06:13.873 36474 INFO nova.wsgi [req-fbe1d762-727d-4059-8288-f1e01038ff98 - - - - -] WSGI server has stopped.
2017-02-09 15:06:13.840 36509 INFO nova.wsgi [req-fbe1d762-727d-4059-8288-f1e01038ff98 - - - - -] WSGI server has stopped.
2017-02-09 15:06:13.886 36403 INFO nova.osapi_compute.wsgi.server [req-4b3bd18e-a814-4352-bd36-06304d1414df - - - - -] (36403) wsgi exited, is_accepting=True
2017-02-09 15:06:13.886 36362 INFO nova.osapi_compute.wsgi.server [req-f1423b67-7220-403e-bf53-3bca8786cd5c - - - - -] (36362) wsgi exited, is_accepting=True
2017-02-09 15:06:13.888 36403 INFO nova.wsgi [req-fbe1d762-727d-4059-8288-f1e01038ff98 - - - - -] WSGI server has stopped.
2017-02-09 15:06:13.888 36362 INFO nova.wsgi [req-fbe1d762-727d-4059-8288-f1e01038ff98 - - - - -] WSGI server has stopped.
2017-02-09 15:06:13.889 36371 INFO nova.osapi_compute.wsgi.server [req-175a8d84-22e3-488f-a0e8-e3fe897aaccc - - - - -] (36371) wsgi exited, is_accepting=True
2017-02-09 15:06:13.890 36395 INFO nova.osapi_compute.wsgi.server [req-4a58baac-d56a-41e4-a5fd-b2022cb4d028 - - - - -] (36395) wsgi exited, is_accepting=True
2017-02-09 15:06:13.890 36371 INFO nova.wsgi [req-fbe1d762-727d-4059-8288-f1e01038ff98 - - - - -] WSGI server has stopped.
2017-02-09 15:06:13.892 36395 INFO nova.wsgi [req-fbe1d762-727d-4059-8288-f1e01038ff98 - - - - -] WSGI server has stopped.
2017-02-09 15:06:13.892 36360 INFO nova.wsgi [-] Stopping WSGI server.
2017-02-09 15:06:13.893 36505 INFO nova.metadata.wsgi.server [req-63841ee9-2713-4324-940c-8c53237fee0c - - - - -] (36505) wsgi exited, is_accepting=True
2017-02-09 15:06:13.893 36360 INFO nova.osapi_compute.wsgi.server [req-01569e96-f6b7-46ed-96e0-2cb2a0ff8ce4 - - - - -] (36360) wsgi exited, is_accepting=True
2017-02-09 15:06:13.893 36514 INFO nova.metadata.wsgi.server [req-80a86ef3-4c4b-427a-8eb5-e450f8556a01 - - - - -] (36514) wsgi exited, is_accepting=True
2017-02-09 15:06:13.894 36405 INFO nova.wsgi [req-fbe1d762-727d-4059-8288-f1e01038ff98 - - - - -] WSGI server has stopped.
2017-02-09 15:06:13.894 36342 INFO nova.wsgi [req-fbe1d762-727d-4059-8288-f1e01038ff98 - - - - -] WSGI server has stopped.
2017-02-09 15:06:13.895 36530 INFO nova.metadata.wsgi.server [req-e64d01f3-df73-498a-b619-32bf25478294 - - - - -] (36530) wsgi exited, is_accepting=True
2017-02-09 15:06:13.895 36505 INFO nova.wsgi [req-fbe1d762-727d-4059-8288-f1e01038ff98 - - - - -] WSGI server has stopped.
2017-02-09 15:06:13.895 36356 INFO nova.wsgi [-] Stopping WSGI server.
2017-02-09 15:06:13.895 36514 INFO nova.wsgi [req-fbe1d762-727d-4059-8288-f1e01038ff98 - - - - -] WSGI server has stopped.
2017-02-09 15:06:13.896 36356 INFO nova.osapi_compute.wsgi.server [req-e9fb7775-67fe-4e2a-b333-6a09268af6f2 - - - - -] (36356) wsgi exited, is_accepting=True
2017-02-09 15:06:13.897 36530 INFO nova.wsgi [req-fbe1d762-727d-4059-8288-f1e01038ff98 - - - - -] WSGI server has stopped.
2017-02-09 15:06:13.898 36356 INFO nova.wsgi [req-fbe1d762-727d-4059-8288-f1e01038ff98 - - - - -] WSGI server has stopped.
2017-02-09 15:06:13.899 36460 INFO nova.metadata.wsgi.server [req-02874d3d-994d-49c3-badb-4aea10373c99 - - - - -] (36460) wsgi exited, is_accepting=True
2017-02-09 15:06:13.900 36414 INFO nova.osapi_compute.wsgi.server [req-909f64c7-ae23-4846-ae48-6611b95c3ace - - - - -] (36414) wsgi exited, is_accepting=True
2017-02-09 15:06:13.901 36449 INFO nova.wsgi [-] Stopping WSGI server.
2017-02-09 15:06:13.903 36449 INFO nova.metadata.wsgi.server [req-e993e78e-50f3-4ecc-9c79-684f732f8ae0 - - - - -] (36449) wsgi exited, is_accepting=True
2017-02-09 15:06:13.903 36460 INFO nova.wsgi [req-fbe1d762-727d-4059-8288-f1e01038ff98 - - - - -] WSGI server has stopped.
2017-02-09 15:06:13.903 36414 INFO nova.wsgi [req-fbe1d762-727d-4059-8288-f1e01038ff98 - - - - -] WSGI server has stopped.
2017-02-09 15:06:13.900 36350 INFO nova.wsgi [-] Stopping WSGI server.
2017-02-09 15:06:13.904 36485 INFO nova.metadata.wsgi.server [req-1cbdcb6d-add2-46c0-9a8d-d744bffa06ae - - - - -] (36485) wsgi exited, is_accepting=True
2017-02-09 15:06:13.905 36350 INFO nova.osapi_compute.wsgi.server [req-f0a9abfd-fd83-42be-b965-e5fbaf7d650c - - - - -] (36350) wsgi exited, is_accepting=True
2017-02-09 15:06:13.906 36485 INFO nova.wsgi [req-fbe1d762-727d-4059-8288-f1e01038ff98 - - - - -] WSGI server has stopped.
2017-02-09 15:06:13.906 36350 INFO nova.wsgi [req-fbe1d762-727d-4059-8288-f1e01038ff98 - - - - -] WSGI server has stopped.
2017-02-09 15:06:13.908 36479 INFO nova.metadata.wsgi.server [req-bcc8566d-514b-44d2-b20f-30915a7d33c7 - - - - -] (36479) wsgi exited, is_accepting=True
2017-02-09 15:06:13.844 36501 INFO nova.metadata.wsgi.server [req-b56726a1-df4a-4285-9545-e9d06e4b61db - - - - -] (36501) wsgi exited, is_accepting=True
2017-02-09 15:06:13.909 36479 INFO nova.wsgi [req-fbe1d762-727d-4059-8288-f1e01038ff98 - - - - -] WSGI server has stopped.
2017-02-09 15:06:13.911 36501 INFO nova.wsgi [req-fbe1d762-727d-4059-8288-f1e01038ff98 - - - - -] WSGI server has stopped.
2017-02-09 15:06:13.913 36506 INFO nova.wsgi [req-fbe1d762-727d-4059-8288-f1e01038ff98 - - - - -] WSGI server has stopped.
2017-02-09 15:06:13.915 36352 INFO nova.wsgi [req-fbe1d762-727d-4059-8288-f1e01038ff98 - - - - -] WSGI server has stopped.
2017-02-09 15:06:13.831 36416 INFO nova.wsgi [-] Stopping WSGI server.
2017-02-09 15:06:13.916 36416 INFO nova.osapi_compute.wsgi.server [req-aee1377b-eeb3-4f1a-93e9-f8680d0b6af0 - - - - -] (36416) wsgi exited, is_accepting=True
2017-02-09 15:06:13.917 36377 INFO nova.osapi_compute.wsgi.server [req-b74895f6-f91f-468e-9101-01fb4de3b56c - - - - -] (36377) wsgi exited, is_accepting=True
2017-02-09 15:06:13.918 36416 INFO nova.wsgi [req-fbe1d762-727d-4059-8288-f1e01038ff98 - - - - -] WSGI server has stopped.
2017-02-09 15:06:13.919 36377 INFO nova.wsgi [req-fbe1d762-727d-4059-8288-f1e01038ff98 - - - - -] WSGI server has stopped.
2017-02-09 15:06:13.829 36344 INFO nova.wsgi [-] Stopping WSGI server.
2017-02-09 15:06:13.919 36408 INFO nova.osapi_compute.wsgi.server [req-62968794-c4d1-449e-a362-48fef8fbadea - - - - -] (36408) wsgi exited, is_accepting=True
2017-02-09 15:06:13.919 36447 INFO nova.metadata.wsgi.server [req-334c56f4-5171-48de-8e1b-f810133ca75c - - - - -] (36447) wsgi exited, is_accepting=True
2017-02-09 15:06:13.894 36360 INFO nova.wsgi [req-fbe1d762-727d-4059-8288-f1e01038ff98 - - - - -] WSGI server has stopped.
2017-02-09 15:06:13.922 36447 INFO nova.wsgi [req-fbe1d762-727d-4059-8288-f1e01038ff98 - - - - -] WSGI server has stopped.
2017-02-09 15:06:13.835 36354 INFO nova.wsgi [req-fbe1d762-727d-4059-8288-f1e01038ff98 - - - - -] WSGI server has stopped.
2017-02-09 15:06:13.925 36458 INFO nova.wsgi [req-fbe1d762-727d-4059-8288-f1e01038ff98 - - - - -] WSGI server has stopped.
2017-02-09 15:06:13.926 36408 INFO nova.wsgi [req-fbe1d762-727d-4059-8288-f1e01038ff98 - - - - -] WSGI server has stopped.
2017-02-09 15:06:13.920 36344 INFO nova.osapi_compute.wsgi.server [req-1167dc11-4bbd-484e-b6d7-ef11ca09092d - - - - -] (36344) wsgi exited, is_accepting=True
2017-02-09 15:06:13.937 36344 INFO nova.wsgi [req-fbe1d762-727d-4059-8288-f1e01038ff98 - - - - -] WSGI server has stopped.
2017-02-09 15:06:13.861 36367 INFO nova.osapi_compute.wsgi.server [req-f252583c-5f9b-457c-a5de-563ed84d174f - - - - -] (36367) wsgi exited, is_accepting=True
2017-02-09 15:06:13.836 36444 INFO nova.wsgi [req-fbe1d762-727d-4059-8288-f1e01038ff98 - - - - -] WSGI server has stopped.
2017-02-09 15:06:13.939 36367 INFO nova.wsgi [req-fbe1d762-727d-4059-8288-f1e01038ff98 - - - - -] WSGI server has stopped.
2017-02-09 15:06:13.861 36358 INFO nova.osapi_compute.wsgi.server [req-d0fe9176-5d66-4b50-8981-ee5bfcef72e6 - - - - -] (36358) wsgi exited, is_accepting=True
2017-02-09 15:06:13.942 36358 INFO nova.wsgi [req-fbe1d762-727d-4059-8288-f1e01038ff98 - - - - -] WSGI server has stopped.
2017-02-09 15:06:13.839 36490 INFO nova.wsgi [req-fbe1d762-727d-4059-8288-f1e01038ff98 - - - - -] WSGI server has stopped.
2017-02-09 15:06:13.948 36392 INFO nova.wsgi [req-fbe1d762-727d-4059-8288-f1e01038ff98 - - - - -] WSGI server has stopped.
2017-02-09 15:06:13.948 36411 INFO nova.wsgi [req-fbe1d762-727d-4059-8288-f1e01038ff98 - - - - -] WSGI server has stopped.
2017-02-09 15:06:13.956 36511 INFO nova.wsgi [req-fbe1d762-727d-4059-8288-f1e01038ff98 - - - - -] WSGI server has stopped.
2017-02-09 15:06:13.958 36349 INFO nova.wsgi [req-fbe1d762-727d-4059-8288-f1e01038ff98 - - - - -] WSGI server has stopped.
2017-02-09 15:06:13.904 36449 INFO nova.wsgi [req-fbe1d762-727d-4059-8288-f1e01038ff98 - - - - -] WSGI server has stopped.
2017-02-09 15:06:13.968 36346 INFO nova.osapi_compute.wsgi.server [req-9adcddb2-d3ab-461b-b2cc-ee96c9726022 - - - - -] (36346) wsgi exited, is_accepting=True
2017-02-09 15:06:13.969 36346 INFO nova.wsgi [req-fbe1d762-727d-4059-8288-f1e01038ff98 - - - - -] WSGI server has stopped.
2017-02-09 15:06:13.981 36393 INFO nova.wsgi [req-fbe1d762-727d-4059-8288-f1e01038ff98 - - - - -] WSGI server has stopped.
2017-02-09 15:06:14.066 35667 INFO oslo_service.service [req-fbe1d762-727d-4059-8288-f1e01038ff98 - - - - -] Child 36343 exited with status 0
2017-02-09 15:06:14.211 35667 INFO oslo_service.service [req-fbe1d762-727d-4059-8288-f1e01038ff98 - - - - -] Child 36342 exited with status 0
2017-02-09 15:06:14.228 35667 INFO oslo_service.service [req-fbe1d762-727d-4059-8288-f1e01038ff98 - - - - -] Child 36344 exited with status 0
2017-02-09 15:06:14.235 35667 INFO oslo_service.service [req-fbe1d762-727d-4059-8288-f1e01038ff98 - - - - -] Child 36345 exited with status 0
2017-02-09 15:06:14.245 35667 INFO oslo_service.service [req-fbe1d762-727d-4059-8288-f1e01038ff98 - - - - -] Child 36346 exited with status 0
2017-02-09 15:06:14.252 35667 INFO oslo_service.service [req-fbe1d762-727d-4059-8288-f1e01038ff98 - - - - -] Child 36348 exited with status 0
2017-02-09 15:06:14.262 35667 INFO oslo_service.service [req-fbe1d762-727d-4059-8288-f1e01038ff98 - - - - -] Child 36349 exited with status 0
2017-02-09 15:06:14.269 35667 INFO oslo_service.service [req-fbe1d762-727d-4059-8288-f1e01038ff98 - - - - -] Child 36350 exited with status 0
2017-02-09 15:06:14.276 35667 INFO oslo_service.service [req-fbe1d762-727d-4059-8288-f1e01038ff98 - - - - -] Child 36351 exited with status 0
2017-02-09 15:06:14.284 35667 INFO oslo_service.service [req-fbe1d762-727d-4059-8288-f1e01038ff98 - - - - -] Child 36352 exited with status 0
2017-02-09 15:06:14.286 5500 WARNING oslo_db.sqlalchemy.engines [req-118f7407-6d59-4ca5-833d-302f449fe80c - - - - -] SQL connection failed. -1 attempts left.
2017-02-09 15:06:14.289 5499 WARNING oslo_db.sqlalchemy.engines [req-ea6acf3e-f160-4cfa-8ee8-ecf9b1ae35a7 - - - - -] SQL connection failed. -1 attempts left.
2017-02-09 15:06:14.291 35667 INFO oslo_service.service [req-fbe1d762-727d-4059-8288-f1e01038ff98 - - - - -] Child 36353 exited with status 0
2017-02-09 15:06:14.296 5501 WARNING oslo_db.sqlalchemy.engines [req-4b9af871-47ff-41c3-a195-09176f9332a3 - - - - -] SQL connection failed. -1 attempts left.
2017-02-09 15:06:14.297 35667 INFO oslo_service.service [req-fbe1d762-727d-4059-8288-f1e01038ff98 - - - - -] Child 36354 exited with status 0
2017-02-09 15:06:14.304 5498 WARNING oslo_db.sqlalchemy.engines [req-f812d371-431e-4c41-af8b-c6e7c1df1860 - - - - -] SQL connection failed. -1 attempts left.
2017-02-09 15:06:14.304 35667 INFO oslo_service.service [req-fbe1d762-727d-4059-8288-f1e01038ff98 - - - - -] Child 36355 exited with status 0
2017-02-09 15:06:14.308 5497 WARNING oslo_db.sqlalchemy.engines [req-9ed8f512-4d72-4aeb-af89-448b3020bdb0 - - - - -] SQL connection failed. -1 attempts left.
2017-02-09 15:06:14.309 5504 WARNING oslo_db.sqlalchemy.engines [req-de8ef5e9-1c90-4d08-adb9-ec9a0cf1433b - - - - -] SQL connection failed. -1 attempts left.
2017-02-09 15:06:14.310 35667 INFO oslo_service.service [req-fbe1d762-727d-4059-8288-f1e01038ff98 - - - - -] Child 36356 exited with status 0
2017-02-09 15:06:14.313 5505 WARNING oslo_db.sqlalchemy.engines [req-a58e2b31-1499-4b49-8f0e-2a1027465e2d - - - - -] SQL connection failed. -1 attempts left.
2017-02-09 15:06:14.315 5503 WARNING oslo_db.sqlalchemy.engines [req-2030a86e-d729-4c65-bc20-7dd41335df93 - - - - -] SQL connection failed. -1 attempts left.
2017-02-09 15:06:14.315 5502 WARNING oslo_db.sqlalchemy.engines [req-25f6f369-17e7-4018-8fdd-548a00a5ac63 - - - - -] SQL connection failed. -1 attempts left.
2017-02-09 15:06:14.317 5509 WARNING oslo_db.sqlalchemy.engines [req-670927bc-81bb-4c57-9e5c-b38439e4da94 - - - - -] SQL connection failed. -1 attempts left.
2017-02-09 15:06:14.316 35667 INFO oslo_service.service [req-fbe1d762-727d-4059-8288-f1e01038ff98 - - - - -] Child 36357 exited with status 0
2017-02-09 15:06:14.323 5510 WARNING oslo_db.sqlalchemy.engines [req-4f9be9bf-6807-4dd7-a0e3-6a374b9ba5fb - - - - -] SQL connection failed. -1 attempts left.
2017-02-09 15:06:14.323 35667 INFO oslo_service.service [req-fbe1d762-727d-4059-8288-f1e01038ff98 - - - - -] Child 36358 exited with status 0
2017-02-09 15:06:14.329 5511 WARNING oslo_db.sqlalchemy.engines [req-a24c5fb2-8909-4333-a418-7454d8d459dd - - - - -] SQL connection failed. -1 attempts left.
2017-02-09 15:06:14.330 35667 INFO oslo_service.service [req-fbe1d762-727d-4059-8288-f1e01038ff98 - - - - -] Child 36359 exited with status 0
2017-02-09 15:06:14.336 5512 WARNING oslo_db.sqlalchemy.engines [req-1e8c567f-a35a-4b95-8f93-882e851f929d - - - - -] SQL connection failed. -1 attempts left.
2017-02-09 15:06:14.335 35667 INFO oslo_service.service [req-fbe1d762-727d-4059-8288-f1e01038ff98 - - - - -] Child 36360 exited with status 0
2017-02-09 15:06:14.341 5513 WARNING oslo_db.sqlalchemy.engines [req-e35bc8af-7be5-4367-99d5-fb4f3a1b3b23 - - - - -] SQL connection failed. -1 attempts left.
2017-02-09 15:06:14.342 35667 INFO oslo_service.service [req-fbe1d762-727d-4059-8288-f1e01038ff98 - - - - -] Child 36361 exited with status 0
2017-02-09 15:06:14.347 5514 WARNING oslo_db.sqlalchemy.engines [req-c8d546d2-f110-473c-923b-8f85ff8c62af - - - - -] SQL connection failed. -1 attempts left.
2017-02-09 15:06:14.348 35667 INFO oslo_service.service [req-fbe1d762-727d-4059-8288-f1e01038ff98 - - - - -] Child 36362 exited with status 0
2017-02-09 15:06:14.354 5515 WARNING oslo_db.sqlalchemy.engines [req-4fe50e64-c47f-4a02-8e7a-8732fa587acc - - - - -] SQL connection failed. -1 attempts left.
2017-02-09 15:06:14.354 35667 INFO oslo_service.service [req-fbe1d762-727d-4059-8288-f1e01038ff98 - - - - -] Child 36364 exited with status 0
2017-02-09 15:06:14.361 5516 WARNING oslo_db.sqlalchemy.engines [req-64d666f9-b3f4-413e-8697-9e1899a7a7bd - - - - -] SQL connection failed. -1 attempts left.
2017-02-09 15:06:14.362 35667 INFO oslo_service.service [req-fbe1d762-727d-4059-8288-f1e01038ff98 - - - - -] Child 36366 exited with status 0
2017-02-09 15:06:14.367 5517 WARNING oslo_db.sqlalchemy.engines [req-5e6705a7-0e80-44c3-96d5-b22d741c90b7 - - - - -] SQL connection failed. -1 attempts left.
2017-02-09 15:06:14.368 35667 INFO oslo_service.service [req-fbe1d762-727d-4059-8288-f1e01038ff98 - - - - -] Child 36367 exited with status 0
2017-02-09 15:06:14.373 5518 WARNING oslo_db.sqlalchemy.engines [req-c6db1271-dbdc-479b-9b61-305b625437ce - - - - -] SQL connection failed. -1 attempts left.
2017-02-09 15:06:14.374 35667 INFO oslo_service.service [req-fbe1d762-727d-4059-8288-f1e01038ff98 - - - - -] Child 36371 exited with status 0
2017-02-09 15:06:14.378 5519 WARNING oslo_db.sqlalchemy.engines [req-b21c072a-8ab1-4918-bcd7-9f945cec40a2 - - - - -] SQL connection failed. -1 attempts left.
2017-02-09 15:06:14.380 35667 INFO oslo_service.service [req-fbe1d762-727d-4059-8288-f1e01038ff98 - - - - -] Child 36377 exited with status 0
2017-02-09 15:06:14.385 5521 WARNING oslo_db.sqlalchemy.engines [req-0e77eb5b-1e2e-4211-9390-052ca59ffa6b - - - - -] SQL connection failed. -1 attempts left.
2017-02-09 15:06:14.386 35667 INFO oslo_service.service [req-fbe1d762-727d-4059-8288-f1e01038ff98 - - - - -] Child 36389 exited with status 0
2017-02-09 15:06:14.392 5522 WARNING oslo_db.sqlalchemy.engines [req-7d3d9508-0f77-41dc-8e42-b68bde6f8c3c - - - - -] SQL connection failed. -1 attempts left.
2017-02-09 15:06:14.392 35667 INFO oslo_service.service [req-fbe1d762-727d-4059-8288-f1e01038ff98 - - - - -] Child 36392 exited with status 0
2017-02-09 15:06:14.397 5523 WARNING oslo_db.sqlalchemy.engines [req-8a7e706c-d518-4a6f-874f-b09efb573bbf - - - - -] SQL connection failed. -1 attempts left.
2017-02-09 15:06:14.397 35667 INFO oslo_service.service [req-fbe1d762-727d-4059-8288-f1e01038ff98 - - - - -] Child 36393 exited with status 0
2017-02-09 15:06:14.402 35667 INFO oslo_service.service [req-fbe1d762-727d-4059-8288-f1e01038ff98 - - - - -] Child 36395 exited with status 0
2017-02-09 15:06:14.405 5524 WARNING oslo_db.sqlalchemy.engines [req-12b4197d-e0bd-4140-9d66-269b993b8dad - - - - -] SQL connection failed. -1 attempts left.
2017-02-09 15:06:14.408 5528 WARNING oslo_db.sqlalchemy.engines [req-000d97f5-492e-4f73-9a4f-381e3104b05c - - - - -] SQL connection failed. -1 attempts left.
2017-02-09 15:06:14.408 35667 INFO oslo_service.service [req-fbe1d762-727d-4059-8288-f1e01038ff98 - - - - -] Child 36397 exited with status 0
2017-02-09 15:06:14.413 35667 INFO oslo_service.service [req-fbe1d762-727d-4059-8288-f1e01038ff98 - - - - -] Child 36399 exited with status 0
2017-02-09 15:06:14.414 5529 WARNING oslo_db.sqlalchemy.engines [req-e58fe070-c723-49f3-a5e4-f2b0ddea558c - - - - -] SQL connection failed. -1 attempts left.
2017-02-09 15:06:14.419 5530 WARNING oslo_db.sqlalchemy.engines [req-ad0c643f-0942-4a12-acf0-92e0060d0a85 - - - - -] SQL connection failed. -1 attempts left.
2017-02-09 15:06:14.418 35667 INFO oslo_service.service [req-fbe1d762-727d-4059-8288-f1e01038ff98 - - - - -] Child 36402 exited with status 0
2017-02-09 15:06:14.425 5531 WARNING oslo_db.sqlalchemy.engines [req-4a2ca004-b7d6-4058-a54d-7ff9ef0cc4c7 - - - - -] SQL connection failed. -1 attempts left.
2017-02-09 15:06:14.424 35667 INFO oslo_service.service [req-fbe1d762-727d-4059-8288-f1e01038ff98 - - - - -] Child 36403 exited with status 0
2017-02-09 15:06:14.430 35667 INFO oslo_service.service [req-fbe1d762-727d-4059-8288-f1e01038ff98 - - - - -] Child 36405 exited with status 0
2017-02-09 15:06:14.432 5532 WARNING oslo_db.sqlalchemy.engines [req-21b4da73-d7dc-4b2c-93f3-ca0e2c89063c - - - - -] SQL connection failed. -1 attempts left.
2017-02-09 15:06:14.435 35667 INFO oslo_service.service [req-fbe1d762-727d-4059-8288-f1e01038ff98 - - - - -] Child 36408 exited with status 0
2017-02-09 15:06:14.436 5533 WARNING oslo_db.sqlalchemy.engines [req-f680180f-bee1-4d8b-b159-4a166e5dd67b - - - - -] SQL connection failed. -1 attempts left.
2017-02-09 15:06:14.441 35667 INFO oslo_service.service [req-fbe1d762-727d-4059-8288-f1e01038ff98 - - - - -] Child 36410 exited with status 0
2017-02-09 15:06:14.443 5534 WARNING oslo_db.sqlalchemy.engines [req-6dee15d1-ef3e-4ae6-83cd-3fac7a2d23a0 - - - - -] SQL connection failed. -1 attempts left.
2017-02-09 15:06:14.447 35667 INFO oslo_service.service [req-fbe1d762-727d-4059-8288-f1e01038ff98 - - - - -] Child 36411 exited with status 0
2017-02-09 15:06:14.448 5535 WARNING oslo_db.sqlalchemy.engines [req-8346226b-04f6-4a49-92be-cec7f217041d - - - - -] SQL connection failed. -1 attempts left.
2017-02-09 15:06:14.453 5536 WARNING oslo_db.sqlalchemy.engines [req-1f1dc7c2-89be-43b1-a6a5-ad7fdf3cf8a8 - - - - -] SQL connection failed. -1 attempts left.
2017-02-09 15:06:14.453 35667 INFO oslo_service.service [req-fbe1d762-727d-4059-8288-f1e01038ff98 - - - - -] Child 36414 exited with status 0
2017-02-09 15:06:14.457 35667 INFO oslo_service.service [req-fbe1d762-727d-4059-8288-f1e01038ff98 - - - - -] Child 36416 exited with status 0
2017-02-09 15:06:14.459 5537 WARNING oslo_db.sqlalchemy.engines [req-ba6d6e12-2849-4583-aa3a-296a4ddf1b93 - - - - -] SQL connection failed. -1 attempts left.
2017-02-09 15:06:14.462 35667 INFO oslo_service.service [req-fbe1d762-727d-4059-8288-f1e01038ff98 - - - - -] Child 36417 exited with status 0
2017-02-09 15:06:14.464 5538 WARNING oslo_db.sqlalchemy.engines [req-0fe1072c-7881-4a2e-9bf2-816f5c9e36eb - - - - -] SQL connection failed. -1 attempts left.
2017-02-09 15:06:14.468 35667 INFO oslo_service.service [req-fbe1d762-727d-4059-8288-f1e01038ff98 - - - - -] Child 36444 exited with status 0
2017-02-09 15:06:14.471 5540 WARNING oslo_db.sqlalchemy.engines [req-c7f4ae45-95b1-44b4-9802-c46d7a677802 - - - - -] SQL connection failed. -1 attempts left.
2017-02-09 15:06:14.474 35667 INFO oslo_service.service [req-fbe1d762-727d-4059-8288-f1e01038ff98 - - - - -] Child 36445 exited with status 0
2017-02-09 15:06:14.475 5541 WARNING oslo_db.sqlalchemy.engines [req-838e0ac1-e853-48cf-bbfd-cb3043869a71 - - - - -] SQL connection failed. -1 attempts left.
2017-02-09 15:06:14.478 35667 INFO oslo_service.service [req-fbe1d762-727d-4059-8288-f1e01038ff98 - - - - -] Child 36446 exited with status 0
2017-02-09 15:06:14.481 5542 WARNING oslo_db.sqlalchemy.engines [req-76a9ab79-59e4-43d2-9dd0-acc66f9dfcca - - - - -] SQL connection failed. -1 attempts left.
2017-02-09 15:06:14.483 35667 INFO oslo_service.service [req-fbe1d762-727d-4059-8288-f1e01038ff98 - - - - -] Child 36447 exited with status 0
2017-02-09 15:06:14.487 5543 WARNING oslo_db.sqlalchemy.engines [req-bdb9210c-68e2-4d11-bf07-57fe577f7aef - - - - -] SQL connection failed. -1 attempts left.
2017-02-09 15:06:14.489 35667 INFO oslo_service.service [req-fbe1d762-727d-4059-8288-f1e01038ff98 - - - - -] Child 36448 exited with status 0
2017-02-09 15:06:14.492 5544 WARNING oslo_db.sqlalchemy.engines [req-d46d84ca-1f06-458f-b81a-5361096d2ab8 - - - - -] SQL connection failed. -1 attempts left.
2017-02-09 15:06:14.494 35667 INFO oslo_service.service [req-fbe1d762-727d-4059-8288-f1e01038ff98 - - - - -] Child 36449 exited with status 0
2017-02-09 15:06:14.497 5546 WARNING oslo_db.sqlalchemy.engines [req-df3094dd-4e93-4dc5-9b90-ad975ec3d469 - - - - -] SQL connection failed. -1 attempts left.
2017-02-09 15:06:14.498 35667 INFO oslo_service.service [req-fbe1d762-727d-4059-8288-f1e01038ff98 - - - - -] Child 36450 exited with status 0
2017-02-09 15:06:14.501 5547 WARNING oslo_db.sqlalchemy.engines [req-331fd30b-fdcc-4533-9df3-badc8787d3e5 - - - - -] SQL connection failed. -1 attempts left.
2017-02-09 15:06:14.503 35667 INFO oslo_service.service [req-fbe1d762-727d-4059-8288-f1e01038ff98 - - - - -] Child 36452 exited with status 0
2017-02-09 15:06:14.507 5548 WARNING oslo_db.sqlalchemy.engines [req-56f1247a-aaad-42a9-b3eb-1df87d717dde - - - - -] SQL connection failed. -1 attempts left.
2017-02-09 15:06:14.508 35667 INFO oslo_service.service [req-fbe1d762-727d-4059-8288-f1e01038ff98 - - - - -] Child 36453 exited with status 0
2017-02-09 15:06:14.511 5549 WARNING oslo_db.sqlalchemy.engines [req-404532c8-0859-4592-bfa8-a35d2ce2bab5 - - - - -] SQL connection failed. -1 attempts left.
2017-02-09 15:06:14.513 35667 INFO oslo_service.service [req-fbe1d762-727d-4059-8288-f1e01038ff98 - - - - -] Child 36455 exited with status 0
2017-02-09 15:06:14.515 5550 WARNING oslo_db.sqlalchemy.engines [req-b1050715-4a51-47dc-ae0b-425e632deebd - - - - -] SQL connection failed. -1 attempts left.
2017-02-09 15:06:14.518 35667 INFO oslo_service.service [req-fbe1d762-727d-4059-8288-f1e01038ff98 - - - - -] Child 36456 exited with status 0
2017-02-09 15:06:14.521 5551 WARNING oslo_db.sqlalchemy.engines [req-746c1979-bd17-4c8c-a09a-5fa92c7a05e5 - - - - -] SQL connection failed. -1 attempts left.
2017-02-09 15:06:14.523 35667 INFO oslo_service.service [req-fbe1d762-727d-4059-8288-f1e01038ff98 - - - - -] Child 36458 exited with status 0
2017-02-09 15:06:14.526 5552 WARNING oslo_db.sqlalchemy.engines [req-e31a9006-98bb-4ed3-a4a9-8f8554739606 - - - - -] SQL connection failed. -1 attempts left.
2017-02-09 15:06:14.527 35667 INFO oslo_service.service [req-fbe1d762-727d-4059-8288-f1e01038ff98 - - - - -] Child 36460 exited with status 0
2017-02-09 15:06:14.531 5553 WARNING oslo_db.sqlalchemy.engines [req-bd938226-3297-47c7-9fb0-eb1b6d7d7d2d - - - - -] SQL connection failed. -1 attempts left.
2017-02-09 15:06:14.532 35667 INFO oslo_service.service [req-fbe1d762-727d-4059-8288-f1e01038ff98 - - - - -] Child 36467 exited with status 0
2017-02-09 15:06:14.536 5554 WARNING oslo_db.sqlalchemy.engines [req-de672fa4-bba3-4f0c-b70a-c8a75ffdb27d - - - - -] SQL connection failed. -1 attempts left.
2017-02-09 15:06:14.537 35667 INFO oslo_service.service [req-fbe1d762-727d-4059-8288-f1e01038ff98 - - - - -] Child 36470 exited with status 0
2017-02-09 15:06:14.540 5555 WARNING oslo_db.sqlalchemy.engines [req-6ff06f60-6cec-4246-a313-0dd0eabb063b - - - - -] SQL connection failed. -1 attempts left.
2017-02-09 15:06:14.542 35667 INFO oslo_service.service [req-fbe1d762-727d-4059-8288-f1e01038ff98 - - - - -] Child 36474 exited with status 0
2017-02-09 15:06:14.545 5556 WARNING oslo_db.sqlalchemy.engines [req-41178561-6ee3-4648-ad2f-09cd9faa8458 - - - - -] SQL connection failed. -1 attempts left.
2017-02-09 15:06:14.547 35667 INFO oslo_service.service [req-fbe1d762-727d-4059-8288-f1e01038ff98 - - - - -] Child 36479 exited with status 0
2017-02-09 15:06:14.551 5557 WARNING oslo_db.sqlalchemy.engines [req-9c97f4e1-c03a-412e-9426-6bb7c78927e3 - - - - -] SQL connection failed. -1 attempts left.
2017-02-09 15:06:14.552 35667 INFO oslo_service.service [req-fbe1d762-727d-4059-8288-f1e01038ff98 - - - - -] Child 36482 exited with status 0
2017-02-09 15:06:14.555 5558 WARNING oslo_db.sqlalchemy.engines [req-780c4067-b864-4331-ad22-d5734d583b0e - - - - -] SQL connection failed. -1 attempts left.
2017-02-09 15:06:14.556 35667 INFO oslo_service.service [req-fbe1d762-727d-4059-8288-f1e01038ff98 - - - - -] Child 36485 exited with status 0
2017-02-09 15:06:14.560 5559 WARNING oslo_db.sqlalchemy.engines [req-5c72a7d7-f5d4-4eea-8e1e-ff27b94db271 - - - - -] SQL connection failed. -1 attempts left.
2017-02-09 15:06:14.562 35667 INFO oslo_service.service [req-fbe1d762-727d-4059-8288-f1e01038ff98 - - - - -] Child 36488 exited with status 0
2017-02-09 15:06:14.566 5560 WARNING oslo_db.sqlalchemy.engines [req-4b8075dd-a565-4d06-b09d-68a36b508ed9 - - - - -] SQL connection failed. -1 attempts left.
2017-02-09 15:06:14.567 35667 INFO oslo_service.service [req-fbe1d762-727d-4059-8288-f1e01038ff98 - - - - -] Child 36490 exited with status 0
2017-02-09 15:06:14.570 5561 WARNING oslo_db.sqlalchemy.engines [req-9dd71c6a-37dd-4341-8b61-c1011a969ab9 - - - - -] SQL connection failed. -1 attempts left.
2017-02-09 15:06:14.571 35667 INFO oslo_service.service [req-fbe1d762-727d-4059-8288-f1e01038ff98 - - - - -] Child 36492 exited with status 0
2017-02-09 15:06:14.574 5562 WARNING oslo_db.sqlalchemy.engines [req-bd513780-76eb-4071-ba96-066a68e0d073 - - - - -] SQL connection failed. -1 attempts left.
2017-02-09 15:06:14.576 35667 INFO oslo_service.service [req-fbe1d762-727d-4059-8288-f1e01038ff98 - - - - -] Child 36494 exited with status 0
2017-02-09 15:06:14.580 5563 WARNING oslo_db.sqlalchemy.engines [req-1c4bd70b-4c53-4d41-bf91-236bc4e5faf2 - - - - -] SQL connection failed. -1 attempts left.
2017-02-09 15:06:14.581 35667 INFO oslo_service.service [req-fbe1d762-727d-4059-8288-f1e01038ff98 - - - - -] Child 36496 exited with status 0
2017-02-09 15:06:14.584 5564 WARNING oslo_db.sqlalchemy.engines [req-5c08c59d-fafd-444e-936a-5e411ce48490 - - - - -] SQL connection failed. -1 attempts left.
2017-02-09 15:06:14.586 35667 INFO oslo_service.service [req-fbe1d762-727d-4059-8288-f1e01038ff98 - - - - -] Child 36497 exited with status 0
2017-02-09 15:06:14.589 5565 WARNING oslo_db.sqlalchemy.engines [req-e09d6a28-0d34-4550-ad67-e2cf2ba1168b - - - - -] SQL connection failed. -1 attempts left.
2017-02-09 15:06:14.591 35667 INFO oslo_service.service [req-fbe1d762-727d-4059-8288-f1e01038ff98 - - - - -] Child 36499 exited with status 0
2017-02-09 15:06:14.594 5566 WARNING oslo_db.sqlalchemy.engines [req-70fb8bbb-cfdf-4f70-b13a-3be856e86828 - - - - -] SQL connection failed. -1 attempts left.
2017-02-09 15:06:14.596 35667 INFO oslo_service.service [req-fbe1d762-727d-4059-8288-f1e01038ff98 - - - - -] Child 36501 exited with status 0
2017-02-09 15:06:14.598 5567 WARNING oslo_db.sqlalchemy.engines [req-b8fff4bf-082b-427e-b41b-6fe58099e442 - - - - -] SQL connection failed. -1 attempts left.
2017-02-09 15:06:14.601 35667 INFO oslo_service.service [req-fbe1d762-727d-4059-8288-f1e01038ff98 - - - - -] Child 36503 exited with status 0
2017-02-09 15:06:14.604 5568 WARNING oslo_db.sqlalchemy.engines [req-08ab27dd-48bd-4aff-a2d9-4c62ef8defcf - - - - -] SQL connection failed. -1 attempts left.
2017-02-09 15:06:14.606 35667 INFO oslo_service.service [req-fbe1d762-727d-4059-8288-f1e01038ff98 - - - - -] Child 36505 exited with status 0
2017-02-09 15:06:14.608 5569 WARNING oslo_db.sqlalchemy.engines [req-63b74a46-cd82-402d-9acc-e01349823b13 - - - - -] SQL connection failed. -1 attempts left.
2017-02-09 15:06:14.612 5570 WARNING oslo_db.sqlalchemy.engines [req-e0e61ea9-d6c4-4f80-9351-9ce6e01c58ef - - - - -] SQL connection failed. -1 attempts left.
2017-02-09 15:06:14.611 35667 INFO oslo_service.service [req-fbe1d762-727d-4059-8288-f1e01038ff98 - - - - -] Child 36506 exited with status 0
2017-02-09 15:06:14.616 35667 INFO oslo_service.service [req-fbe1d762-727d-4059-8288-f1e01038ff98 - - - - -] Child 36509 exited with status 0
2017-02-09 15:06:14.618 5571 WARNING oslo_db.sqlalchemy.engines [req-bddb42bd-a67b-41b8-a46d-aacf808e0350 - - - - -] SQL connection failed. -1 attempts left.
2017-02-09 15:06:14.620 35667 INFO oslo_service.service [req-fbe1d762-727d-4059-8288-f1e01038ff98 - - - - -] Child 36511 exited with status 0
2017-02-09 15:06:14.623 5572 WARNING oslo_db.sqlalchemy.engines [req-1561af80-2602-43ad-8b2d-c6390d506b2f - - - - -] SQL connection failed. -1 attempts left.
2017-02-09 15:06:14.626 35667 INFO oslo_service.service [req-fbe1d762-727d-4059-8288-f1e01038ff98 - - - - -] Child 36514 exited with status 0
2017-02-09 15:06:14.628 5573 WARNING oslo_db.sqlalchemy.engines [req-014f971d-1dbe-4cda-94ed-f0672c25afad - - - - -] SQL connection failed. -1 attempts left.
2017-02-09 15:06:14.630 35667 INFO oslo_service.service [req-fbe1d762-727d-4059-8288-f1e01038ff98 - - - - -] Child 36517 exited with status 0
2017-02-09 15:06:14.633 5574 WARNING oslo_db.sqlalchemy.engines [req-83d73841-9939-43b7-99e0-b23d2b27b248 - - - - -] SQL connection failed. -1 attempts left.
2017-02-09 15:06:14.635 35667 INFO oslo_service.service [req-fbe1d762-727d-4059-8288-f1e01038ff98 - - - - -] Child 36519 exited with status 0
2017-02-09 15:06:14.637 5575 WARNING oslo_db.sqlalchemy.engines [req-f29a2735-fcf7-4fa7-917e-5ece794a4c70 - - - - -] SQL connection failed. -1 attempts left.
2017-02-09 15:06:14.640 35667 INFO oslo_service.service [req-fbe1d762-727d-4059-8288-f1e01038ff98 - - - - -] Child 36522 exited with status 0
2017-02-09 15:06:14.643 5576 WARNING oslo_db.sqlalchemy.engines [req-3f22c565-b888-49ff-af13-504f7a61eb0e - - - - -] SQL connection failed. -1 attempts left.
2017-02-09 15:06:14.644 35667 INFO oslo_service.service [req-fbe1d762-727d-4059-8288-f1e01038ff98 - - - - -] Child 36524 exited with status 0
2017-02-09 15:06:14.647 5577 WARNING oslo_db.sqlalchemy.engines [req-0d2ac9b9-9a83-4697-ab2d-5c2d1cd9b619 - - - - -] SQL connection failed. -1 attempts left.
2017-02-09 15:06:14.650 35667 INFO oslo_service.service [req-fbe1d762-727d-4059-8288-f1e01038ff98 - - - - -] Child 36525 exited with status 0
2017-02-09 15:06:14.652 5578 WARNING oslo_db.sqlalchemy.engines [req-6dc7076f-65fe-4104-833c-f043528875d4 - - - - -] SQL connection failed. -1 attempts left.
2017-02-09 15:06:14.654 35667 INFO oslo_service.service [req-fbe1d762-727d-4059-8288-f1e01038ff98 - - - - -] Child 36528 exited with status 0
2017-02-09 15:06:14.657 5579 WARNING oslo_db.sqlalchemy.engines [req-f05af083-ef35-40f1-85b6-6b97bf746607 - - - - -] SQL connection failed. -1 attempts left.
2017-02-09 15:06:14.659 35667 INFO oslo_service.service [req-fbe1d762-727d-4059-8288-f1e01038ff98 - - - - -] Child 36530 exited with status 0
2017-02-09 15:06:14.661 5580 WARNING oslo_db.sqlalchemy.engines [req-c67bcb08-4e36-49d2-b77b-9e42dd7b1161 - - - - -] SQL connection failed. -1 attempts left.
2017-02-09 15:06:14.667 5581 WARNING oslo_db.sqlalchemy.engines [req-fdf6151d-8529-4de2-93a9-f519d4bbce67 - - - - -] SQL connection failed. -1 attempts left.
2017-02-09 15:06:14.671 5582 WARNING oslo_db.sqlalchemy.engines [req-606fdb9d-5c95-42e6-aeb2-c7ae29ffae44 - - - - -] SQL connection failed. -1 attempts left.
2017-02-09 15:06:14.675 35667 INFO oslo_service.service [req-fbe1d762-727d-4059-8288-f1e01038ff98 - - - - -] Caught SIGTERM, stopping children
2017-02-09 15:06:14.676 35667 INFO nova.wsgi [req-fbe1d762-727d-4059-8288-f1e01038ff98 - - - - -] Stopping WSGI server.
2017-02-09 15:06:14.676 5583 WARNING oslo_db.sqlalchemy.engines [req-fa33a22f-b8f7-4914-b5bb-08d911a96f48 - - - - -] SQL connection failed. -1 attempts left.
2017-02-09 15:06:14.676 35667 INFO nova.wsgi [req-fbe1d762-727d-4059-8288-f1e01038ff98 - - - - -] Stopping WSGI server.
2017-02-09 15:06:14.680 35667 INFO oslo_service.service [req-fbe1d762-727d-4059-8288-f1e01038ff98 - - - - -] Waiting on 80 children to exit
2017-02-09 15:06:14.681 5530 INFO nova.wsgi [-] Stopping WSGI server.
2017-02-09 15:06:14.679 5513 INFO nova.wsgi [-] Stopping WSGI server.
2017-02-09 15:06:14.680 5541 INFO nova.wsgi [-] Stopping WSGI server.
2017-02-09 15:06:14.679 5505 INFO nova.wsgi [-] Stopping WSGI server.
2017-02-09 15:06:14.681 5512 INFO nova.wsgi [-] Stopping WSGI server.
2017-02-09 15:06:14.679 5549 INFO nova.wsgi [-] Stopping WSGI server.
2017-02-09 15:06:14.683 5510 INFO nova.wsgi [-] Stopping WSGI server.
2017-02-09 15:06:14.683 5524 INFO nova.wsgi [-] Stopping WSGI server.
2017-02-09 15:06:14.683 5548 INFO nova.wsgi [-] Stopping WSGI server.
2017-02-09 15:06:14.683 5531 INFO nova.wsgi [-] Stopping WSGI server.
2017-02-09 15:06:14.683 5563 INFO nova.wsgi [-] Stopping WSGI server.
2017-02-09 15:06:14.684 5568 INFO nova.wsgi [-] Stopping WSGI server.
2017-02-09 15:06:14.684 5556 INFO nova.wsgi [-] Stopping WSGI server.
2017-02-09 15:06:14.684 5542 INFO nova.wsgi [-] Stopping WSGI server.
2017-02-09 15:06:14.684 5567 INFO nova.wsgi [-] Stopping WSGI server.
2017-02-09 15:06:14.684 5580 INFO nova.wsgi [-] Stopping WSGI server.
2017-02-09 15:06:14.684 5543 INFO nova.wsgi [-] Stopping WSGI server.
2017-02-09 15:06:14.684 5552 INFO nova.wsgi [-] Stopping WSGI server.
2017-02-09 15:06:14.684 5544 INFO nova.wsgi [-] Stopping WSGI server.
2017-02-09 15:06:14.684 5559 INFO nova.wsgi [-] Stopping WSGI server.
2017-02-09 15:06:14.684 5577 INFO nova.wsgi [-] Stopping WSGI server.
2017-02-09 15:06:14.684 5576 INFO nova.wsgi [-] Stopping WSGI server.
2017-02-09 15:06:14.684 5503 INFO nova.wsgi [-] Stopping WSGI server.
2017-02-09 15:06:14.684 5516 INFO nova.wsgi [-] Stopping WSGI server.
2017-02-09 15:06:14.684 5537 INFO nova.wsgi [-] Stopping WSGI server.
2017-02-09 15:06:14.684 5565 INFO nova.wsgi [-] Stopping WSGI server.
2017-02-09 15:06:14.684 5551 INFO nova.wsgi [-] Stopping WSGI server.
2017-02-09 15:06:14.684 5502 INFO nova.wsgi [-] Stopping WSGI server.
2017-02-09 15:06:14.684 5528 INFO nova.wsgi [-] Stopping WSGI server.
2017-02-09 15:06:14.684 5538 INFO nova.wsgi [-] Stopping WSGI server.
2017-02-09 15:06:14.684 5569 INFO nova.wsgi [-] Stopping WSGI server.
2017-02-09 15:06:14.684 5575 INFO nova.wsgi [-] Stopping WSGI server.
2017-02-09 15:06:14.685 5540 INFO nova.wsgi [-] Stopping WSGI server.
2017-02-09 15:06:14.685 5584 INFO nova.wsgi [-] Stopping WSGI server.
2017-02-09 15:06:14.685 5560 INFO nova.wsgi [-] Stopping WSGI server.
2017-02-09 15:06:14.685 5498 INFO nova.wsgi [-] Stopping WSGI server.
2017-02-09 15:06:14.685 5583 INFO nova.wsgi [-] Stopping WSGI server.
2017-02-09 15:06:14.685 5501 INFO nova.wsgi [-] Stopping WSGI server.
2017-02-09 15:06:14.685 5557 INFO nova.wsgi [-] Stopping WSGI server.
2017-02-09 15:06:14.685 5578 INFO nova.wsgi [-] Stopping WSGI server.
2017-02-09 15:06:14.684 5564 INFO nova.wsgi [-] Stopping WSGI server.
2017-02-09 15:06:14.685 5547 INFO nova.wsgi [-] Stopping WSGI server.
2017-02-09 15:06:14.685 5550 INFO nova.wsgi [-] Stopping WSGI server.
2017-02-09 15:06:14.685 5514 INFO nova.wsgi [-] Stopping WSGI server.
2017-02-09 15:06:14.685 5515 INFO nova.wsgi [-] Stopping WSGI server.
2017-02-09 15:06:14.685 5573 INFO nova.wsgi [-] Stopping WSGI server.
2017-02-09 15:06:14.685 5522 INFO nova.wsgi [-] Stopping WSGI server.
2017-02-09 15:06:14.685 5555 INFO nova.wsgi [-] Stopping WSGI server.
2017-02-09 15:06:14.685 5519 INFO nova.wsgi [-] Stopping WSGI server.
2017-02-09 15:06:14.684 5523 INFO nova.wsgi [-] Stopping WSGI server.
2017-02-09 15:06:14.683 5553 INFO nova.wsgi [-] Stopping WSGI server.
2017-02-09 15:06:14.686 5504 INFO nova.wsgi [-] Stopping WSGI server.
2017-02-09 15:06:14.684 5554 INFO nova.wsgi [-] Stopping WSGI server.
2017-02-09 15:06:14.685 5546 INFO nova.wsgi [-] Stopping WSGI server.
2017-02-09 15:06:14.686 5500 INFO nova.wsgi [-] Stopping WSGI server.
2017-02-09 15:06:14.686 5511 INFO nova.wsgi [-] Stopping WSGI server.
2017-02-09 15:06:14.686 5558 INFO nova.wsgi [-] Stopping WSGI server.
2017-02-09 15:06:14.686 5571 INFO nova.wsgi [-] Stopping WSGI server.
2017-02-09 15:06:14.683 5529 INFO nova.wsgi [-] Stopping WSGI server.
2017-02-09 15:06:14.686 5535 INFO nova.wsgi [-] Stopping WSGI server.
2017-02-09 15:06:14.687 5509 INFO nova.wsgi [-] Stopping WSGI server.
2017-02-09 15:06:14.685 5566 INFO nova.wsgi [-] Stopping WSGI server.
2017-02-09 15:06:14.686 5572 INFO nova.wsgi [-] Stopping WSGI server.
2017-02-09 15:06:14.687 5579 INFO nova.wsgi [-] Stopping WSGI server.
2017-02-09 15:06:14.686 5533 INFO nova.wsgi [-] Stopping WSGI server.
2017-02-09 15:06:14.691 35667 INFO oslo_service.service [req-fbe1d762-727d-4059-8288-f1e01038ff98 - - - - -] Child 5505 exited with status 0
2017-02-09 15:06:14.691 35667 INFO oslo_service.service [req-fbe1d762-727d-4059-8288-f1e01038ff98 - - - - -] Child 5513 exited with status 0
2017-02-09 15:06:14.691 35667 INFO oslo_service.service [req-fbe1d762-727d-4059-8288-f1e01038ff98 - - - - -] Child 5530 exited with status 0
2017-02-09 15:06:14.692 5585 INFO nova.wsgi [-] Stopping WSGI server.
2017-02-09 15:06:14.684 5570 INFO nova.wsgi [-] Stopping WSGI server.
2017-02-09 15:06:14.687 5518 INFO nova.wsgi [-] Stopping WSGI server.
2017-02-09 15:06:14.685 5521 INFO nova.wsgi [-] Stopping WSGI server.
2017-02-09 15:06:14.696 5499 INFO nova.wsgi [-] Stopping WSGI server.
2017-02-09 15:06:14.697 5534 INFO nova.wsgi [-] Stopping WSGI server.
2017-02-09 15:06:14.698 5574 INFO nova.wsgi [-] Stopping WSGI server.
2017-02-09 15:06:14.686 5517 INFO nova.wsgi [-] Stopping WSGI server.
2017-02-09 15:06:14.697 35667 INFO oslo_service.service [req-fbe1d762-727d-4059-8288-f1e01038ff98 - - - - -] Child 5512 exited with status 0
2017-02-09 15:06:14.704 35667 INFO oslo_service.service [req-fbe1d762-727d-4059-8288-f1e01038ff98 - - - - -] Child 5537 exited with status 0
2017-02-09 15:06:14.705 35667 INFO oslo_service.service [req-fbe1d762-727d-4059-8288-f1e01038ff98 - - - - -] Child 5502 exited with status 0
2017-02-09 15:06:14.705 35667 INFO oslo_service.service [req-fbe1d762-727d-4059-8288-f1e01038ff98 - - - - -] Child 5541 exited with status 0
2017-02-09 15:06:14.706 35667 INFO oslo_service.service [req-fbe1d762-727d-4059-8288-f1e01038ff98 - - - - -] Child 5559 exited with status 0
2017-02-09 15:06:14.684 5532 INFO nova.wsgi [-] Stopping WSGI server.
2017-02-09 15:06:14.706 5536 INFO nova.wsgi [-] Stopping WSGI server.
2017-02-09 15:06:14.706 35667 INFO oslo_service.service [req-fbe1d762-727d-4059-8288-f1e01038ff98 - - - - -] Child 5568 exited with status 0
2017-02-09 15:06:14.707 35667 INFO oslo_service.service [req-fbe1d762-727d-4059-8288-f1e01038ff98 - - - - -] Child 5544 exited with status 0
2017-02-09 15:06:14.707 35667 INFO oslo_service.service [req-fbe1d762-727d-4059-8288-f1e01038ff98 - - - - -] Child 5578 exited with status 0
2017-02-09 15:06:14.708 5561 INFO nova.wsgi [-] Stopping WSGI server.
2017-02-09 15:06:14.683 5582 INFO nova.wsgi [-] Stopping WSGI server.
2017-02-09 15:06:14.709 5497 INFO nova.wsgi [-] Stopping WSGI server.
2017-02-09 15:06:14.710 35667 INFO oslo_service.service [req-fbe1d762-727d-4059-8288-f1e01038ff98 - - - - -] Child 5583 exited with status 0
2017-02-09 15:06:14.710 35667 INFO oslo_service.service [req-fbe1d762-727d-4059-8288-f1e01038ff98 - - - - -] Child 5552 exited with status 0
2017-02-09 15:06:14.711 35667 INFO oslo_service.service [req-fbe1d762-727d-4059-8288-f1e01038ff98 - - - - -] Child 5556 exited with status 0
2017-02-09 15:06:14.712 35667 INFO oslo_service.service [req-fbe1d762-727d-4059-8288-f1e01038ff98 - - - - -] Child 5522 exited with status 0
2017-02-09 15:06:14.713 35667 INFO oslo_service.service [req-fbe1d762-727d-4059-8288-f1e01038ff98 - - - - -] Child 5564 exited with status 0
2017-02-09 15:06:14.713 35667 INFO oslo_service.service [req-fbe1d762-727d-4059-8288-f1e01038ff98 - - - - -] Child 5553 exited with status 0
2017-02-09 15:06:14.714 35667 INFO oslo_service.service [req-fbe1d762-727d-4059-8288-f1e01038ff98 - - - - -] Child 5515 exited with status 0
2017-02-09 15:06:14.714 35667 INFO oslo_service.service [req-fbe1d762-727d-4059-8288-f1e01038ff98 - - - - -] Child 5543 exited with status 0
2017-02-09 15:06:14.714 35667 INFO oslo_service.service [req-fbe1d762-727d-4059-8288-f1e01038ff98 - - - - -] Child 5567 exited with status 0
2017-02-09 15:06:14.715 35667 INFO oslo_service.service [req-fbe1d762-727d-4059-8288-f1e01038ff98 - - - - -] Child 5565 exited with status 0
2017-02-09 15:06:14.715 35667 INFO oslo_service.service [req-fbe1d762-727d-4059-8288-f1e01038ff98 - - - - -] Child 5558 exited with status 0
2017-02-09 15:06:14.716 35667 INFO oslo_service.service [req-fbe1d762-727d-4059-8288-f1e01038ff98 - - - - -] Child 5560 exited with status 0
2017-02-09 15:06:14.716 35667 INFO oslo_service.service [req-fbe1d762-727d-4059-8288-f1e01038ff98 - - - - -] Child 5573 exited with status 0
