2017-02-09 10:34:26.864 24686 INFO neutron.wsgi [req-80c4a192-9c7f-4eee-b995-15d8132ed4ed d1c38380ca9d4ec39e97f5e183d2372d 28bd93957e9d436992478ba127187fb6 - - -] x.x.x.2 - - [09/Feb/2017 10:34:26] "GET /v2.0/floatingips.json?fixed_ip_address=192.168.2.6&port_id=57eafe39-74bf-406f-abc0-ec905390161d HTTP/1.1" 200 217 0.046421
2017-02-09 10:34:26.966 24686 INFO neutron.wsgi [req-56c7d85d-44da-42b6-af42-bf291f7ad61d d1c38380ca9d4ec39e97f5e183d2372d 28bd93957e9d436992478ba127187fb6 - - -] x.x.x.2 - - [09/Feb/2017 10:34:26] "GET /v2.0/subnets.json?id=5278228b-fde9-4528-96be-4f67c2669452 HTTP/1.1" 200 851 0.097332
2017-02-09 10:34:27.034 24686 INFO neutron.wsgi [req-70b928e9-66d8-4734-ba2c-747f3169e482 d1c38380ca9d4ec39e97f5e183d2372d 28bd93957e9d436992478ba127187fb6 - - -] x.x.x.2 - - [09/Feb/2017 10:34:27] "GET /v2.0/ports.json?network_id=584d9ef6-3673-4cd5-beb9-87b3158d953a&device_owner=network%3Adhcp HTTP/1.1" 200 1258 0.065071
2017-02-09 10:35:26.702 24686 INFO neutron.wsgi [req-41fb71ae-b503-4d6f-8745-7da7cb94d968 d1c38380ca9d4ec39e97f5e183d2372d 28bd93957e9d436992478ba127187fb6 - - -] x.x.x.2 - - [09/Feb/2017 10:35:26] "GET /v2.0/ports.json?tenant_id=c674ba8aac9545daa2b9184cd2e984f7&device_id=efca1ee1-f6dd-4aea-b584-775c7b2de29b HTTP/1.1" 200 1168 0.136142
2017-02-09 10:35:26.812 24686 INFO neutron.wsgi [req-9aa4540c-2310-40ff-bdf6-ed93301ee056 d1c38380ca9d4ec39e97f5e183d2372d 28bd93957e9d436992478ba127187fb6 - - -] x.x.x.2 - - [09/Feb/2017 10:35:26] "GET /v2.0/networks.json?id=584d9ef6-3673-4cd5-beb9-87b3158d953a HTTP/1.1" 200 958 0.105172
2017-02-09 10:35:26.876 24686 INFO neutron.wsgi [req-9c5eb7a6-d16d-4190-acae-ea7230ccd4ff d1c38380ca9d4ec39e97f5e183d2372d 28bd93957e9d436992478ba127187fb6 - - -] x.x.x.2 - - [09/Feb/2017 10:35:26] "GET /v2.0/floatingips.json?fixed_ip_address=192.168.2.6&port_id=57eafe39-74bf-406f-abc0-ec905390161d HTTP/1.1" 200 217 0.059934
2017-02-09 10:35:26.960 24686 INFO neutron.wsgi [req-3e1224b5-1667-4232-bd4f-1dd495d98037 d1c38380ca9d4ec39e97f5e183d2372d 28bd93957e9d436992478ba127187fb6 - - -] x.x.x.2 - - [09/Feb/2017 10:35:26] "GET /v2.0/subnets.json?id=5278228b-fde9-4528-96be-4f67c2669452 HTTP/1.1" 200 851 0.079697
2017-02-09 10:35:27.053 24686 INFO neutron.wsgi [req-116957a8-7835-4882-9878-dafaefcc62b5 d1c38380ca9d4ec39e97f5e183d2372d 28bd93957e9d436992478ba127187fb6 - - -] x.x.x.2 - - [09/Feb/2017 10:35:27] "GET /v2.0/ports.json?network_id=584d9ef6-3673-4cd5-beb9-87b3158d953a&device_owner=network%3Adhcp HTTP/1.1" 200 1258 0.088450
2017-02-09 10:36:29.597 24686 INFO neutron.wsgi [req-2ec1b0cb-f48e-46be-a624-846c83bb553e d1c38380ca9d4ec39e97f5e183d2372d 28bd93957e9d436992478ba127187fb6 - - -] x.x.x.2 - - [09/Feb/2017 10:36:29] "GET /v2.0/ports.json?tenant_id=c674ba8aac9545daa2b9184cd2e984f7&device_id=efca1ee1-f6dd-4aea-b584-775c7b2de29b HTTP/1.1" 200 1168 0.120300
2017-02-09 10:36:29.747 24686 INFO neutron.wsgi [req-547f1aed-129f-4eea-a6be-f3052aa95ee4 d1c38380ca9d4ec39e97f5e183d2372d 28bd93957e9d436992478ba127187fb6 - - -] x.x.x.2 - - [09/Feb/2017 10:36:29] "GET /v2.0/networks.json?id=584d9ef6-3673-4cd5-beb9-87b3158d953a HTTP/1.1" 200 958 0.144624
2017-02-09 10:36:29.995 24686 INFO neutron.wsgi [req-9ebdaaab-12d8-4638-83c8-a0b23a3b3f1b d1c38380ca9d4ec39e97f5e183d2372d 28bd93957e9d436992478ba127187fb6 - - -] x.x.x.2 - - [09/Feb/2017 10:36:29] "GET /v2.0/floatingips.json?fixed_ip_address=192.168.2.6&port_id=57eafe39-74bf-406f-abc0-ec905390161d HTTP/1.1" 200 217 0.243746
2017-02-09 10:36:30.112 24686 INFO neutron.wsgi [req-920a3f87-f96c-4246-8b9b-bf01704b1834 d1c38380ca9d4ec39e97f5e183d2372d 28bd93957e9d436992478ba127187fb6 - - -] x.x.x.2 - - [09/Feb/2017 10:36:30] "GET /v2.0/subnets.json?id=5278228b-fde9-4528-96be-4f67c2669452 HTTP/1.1" 200 851 0.112204
2017-02-09 10:36:30.193 24686 INFO neutron.wsgi [req-d353e283-ff8a-4ee1-8a51-96d45b5412c1 d1c38380ca9d4ec39e97f5e183d2372d 28bd93957e9d436992478ba127187fb6 - - -] x.x.x.2 - - [09/Feb/2017 10:36:30] "GET /v2.0/ports.json?network_id=584d9ef6-3673-4cd5-beb9-87b3158d953a&device_owner=network%3Adhcp HTTP/1.1" 200 1258 0.077240
2017-02-09 10:37:30.635 24686 INFO neutron.wsgi [req-8145e874-b685-4568-a65f-a7430f86c5ef d1c38380ca9d4ec39e97f5e183d2372d 28bd93957e9d436992478ba127187fb6 - - -] x.x.x.2 - - [09/Feb/2017 10:37:30] "GET /v2.0/ports.json?tenant_id=c674ba8aac9545daa2b9184cd2e984f7&device_id=efca1ee1-f6dd-4aea-b584-775c7b2de29b HTTP/1.1" 200 1168 0.136707
2017-02-09 10:37:30.780 24686 INFO neutron.wsgi [req-8115b9b8-4223-4411-8917-822c3762c686 d1c38380ca9d4ec39e97f5e183d2372d 28bd93957e9d436992478ba127187fb6 - - -] x.x.x.2 - - [09/Feb/2017 10:37:30] "GET /v2.0/networks.json?id=584d9ef6-3673-4cd5-beb9-87b3158d953a HTTP/1.1" 200 958 0.140981
2017-02-09 10:37:30.852 24686 INFO neutron.wsgi [req-bbc19f17-352d-4cd6-b335-aa1f3046f991 d1c38380ca9d4ec39e97f5e183d2372d 28bd93957e9d436992478ba127187fb6 - - -] x.x.x.2 - - [09/Feb/2017 10:37:30] "GET /v2.0/floatingips.json?fixed_ip_address=192.168.2.6&port_id=57eafe39-74bf-406f-abc0-ec905390161d HTTP/1.1" 200 217 0.068528
2017-02-09 10:37:30.961 24686 INFO neutron.wsgi [req-9ed136a3-cbab-4fd7-a2b2-2d52e65c6352 d1c38380ca9d4ec39e97f5e183d2372d 28bd93957e9d436992478ba127187fb6 - - -] x.x.x.2 - - [09/Feb/2017 10:37:30] "GET /v2.0/subnets.json?id=5278228b-fde9-4528-96be-4f67c2669452 HTTP/1.1" 200 851 0.105339
2017-02-09 10:37:31.066 24686 INFO neutron.wsgi [req-d109fd07-88c1-474a-a5c4-9a9cfb9b6979 d1c38380ca9d4ec39e97f5e183d2372d 28bd93957e9d436992478ba127187fb6 - - -] x.x.x.2 - - [09/Feb/2017 10:37:31] "GET /v2.0/ports.json?network_id=584d9ef6-3673-4cd5-beb9-87b3158d953a&device_owner=network%3Adhcp HTTP/1.1" 200 1258 0.100397
2017-02-09 10:38:31.709 24686 INFO neutron.wsgi [req-816ada5e-66fd-4522-b57f-797b28420411 d1c38380ca9d4ec39e97f5e183d2372d 28bd93957e9d436992478ba127187fb6 - - -] x.x.x.2 - - [09/Feb/2017 10:38:31] "GET /v2.0/ports.json?tenant_id=c674ba8aac9545daa2b9184cd2e984f7&device_id=efca1ee1-f6dd-4aea-b584-775c7b2de29b HTTP/1.1" 200 1168 0.137661
2017-02-09 10:38:31.849 24686 INFO neutron.wsgi [req-14058943-4955-49ab-a71e-5ec6ea4ff17b d1c38380ca9d4ec39e97f5e183d2372d 28bd93957e9d436992478ba127187fb6 - - -] x.x.x.2 - - [09/Feb/2017 10:38:31] "GET /v2.0/networks.json?id=584d9ef6-3673-4cd5-beb9-87b3158d953a HTTP/1.1" 200 958 0.135234
2017-02-09 10:38:31.928 24686 INFO neutron.wsgi [req-4265deba-0ce1-4698-88c7-710b39b59782 d1c38380ca9d4ec39e97f5e183d2372d 28bd93957e9d436992478ba127187fb6 - - -] x.x.x.2 - - [09/Feb/2017 10:38:31] "GET /v2.0/floatingips.json?fixed_ip_address=192.168.2.6&port_id=57eafe39-74bf-406f-abc0-ec905390161d HTTP/1.1" 200 217 0.075390
2017-02-09 10:38:32.042 24686 INFO neutron.wsgi [req-fdf66c52-d25a-43d9-9045-4794a545b29c d1c38380ca9d4ec39e97f5e183d2372d 28bd93957e9d436992478ba127187fb6 - - -] x.x.x.2 - - [09/Feb/2017 10:38:32] "GET /v2.0/subnets.json?id=5278228b-fde9-4528-96be-4f67c2669452 HTTP/1.1" 200 851 0.109551
2017-02-09 10:38:32.147 24686 INFO neutron.wsgi [req-6ef5f3f7-283e-4348-aba7-e54a51c12bba d1c38380ca9d4ec39e97f5e183d2372d 28bd93957e9d436992478ba127187fb6 - - -] x.x.x.2 - - [09/Feb/2017 10:38:32] "GET /v2.0/ports.json?network_id=584d9ef6-3673-4cd5-beb9-87b3158d953a&device_owner=network%3Adhcp HTTP/1.1" 200 1258 0.101187
2017-02-09 10:39:31.723 24686 INFO neutron.wsgi [req-e6e775f1-7fb4-4c0e-b8c1-2cdb8a597749 d1c38380ca9d4ec39e97f5e183d2372d 28bd93957e9d436992478ba127187fb6 - - -] x.x.x.2 - - [09/Feb/2017 10:39:31] "GET /v2.0/ports.json?tenant_id=c674ba8aac9545daa2b9184cd2e984f7&device_id=efca1ee1-f6dd-4aea-b584-775c7b2de29b HTTP/1.1" 200 1168 0.136345
2017-02-09 10:39:31.861 24686 INFO neutron.wsgi [req-f37f11ac-7ad6-4dc1-bb28-274a44b19768 d1c38380ca9d4ec39e97f5e183d2372d 28bd93957e9d436992478ba127187fb6 - - -] x.x.x.2 - - [09/Feb/2017 10:39:31] "GET /v2.0/networks.json?id=584d9ef6-3673-4cd5-beb9-87b3158d953a HTTP/1.1" 200 958 0.131322
2017-02-09 10:39:31.930 24686 INFO neutron.wsgi [req-0bc4a2c9-860c-4213-a372-dde0f908144c d1c38380ca9d4ec39e97f5e183d2372d 28bd93957e9d436992478ba127187fb6 - - -] x.x.x.2 - - [09/Feb/2017 10:39:31] "GET /v2.0/floatingips.json?fixed_ip_address=192.168.2.6&port_id=57eafe39-74bf-406f-abc0-ec905390161d HTTP/1.1" 200 217 0.064761
2017-02-09 10:39:32.042 24686 INFO neutron.wsgi [req-2d8f44ac-0dc5-40a4-98e6-edf3442fa7e9 d1c38380ca9d4ec39e97f5e183d2372d 28bd93957e9d436992478ba127187fb6 - - -] x.x.x.2 - - [09/Feb/2017 10:39:32] "GET /v2.0/subnets.json?id=5278228b-fde9-4528-96be-4f67c2669452 HTTP/1.1" 200 851 0.108210
2017-02-09 10:39:32.141 24686 INFO neutron.wsgi [req-454062d5-016d-4773-81a1-b3760c192300 d1c38380ca9d4ec39e97f5e183d2372d 28bd93957e9d436992478ba127187fb6 - - -] x.x.x.2 - - [09/Feb/2017 10:39:32] "GET /v2.0/ports.json?network_id=584d9ef6-3673-4cd5-beb9-87b3158d953a&device_owner=network%3Adhcp HTTP/1.1" 200 1258 0.093014
2017-02-09 10:40:33.723 24686 INFO neutron.wsgi [req-804434bc-0d21-4710-a01a-72952d0884e6 d1c38380ca9d4ec39e97f5e183d2372d 28bd93957e9d436992478ba127187fb6 - - -] x.x.x.2 - - [09/Feb/2017 10:40:33] "GET /v2.0/ports.json?tenant_id=c674ba8aac9545daa2b9184cd2e984f7&device_id=efca1ee1-f6dd-4aea-b584-775c7b2de29b HTTP/1.1" 200 1168 0.132698
2017-02-09 10:40:33.984 24686 INFO neutron.wsgi [req-b48610bc-9bfe-4b23-af59-5fd5e87f1877 d1c38380ca9d4ec39e97f5e183d2372d 28bd93957e9d436992478ba127187fb6 - - -] x.x.x.2 - - [09/Feb/2017 10:40:33] "GET /v2.0/networks.json?id=584d9ef6-3673-4cd5-beb9-87b3158d953a HTTP/1.1" 200 958 0.255924
2017-02-09 10:40:34.057 24686 INFO neutron.wsgi [req-93644c23-ff62-4977-89c4-9f7b9ffd2825 d1c38380ca9d4ec39e97f5e183d2372d 28bd93957e9d436992478ba127187fb6 - - -] x.x.x.2 - - [09/Feb/2017 10:40:34] "GET /v2.0/floatingips.json?fixed_ip_address=192.168.2.6&port_id=57eafe39-74bf-406f-abc0-ec905390161d HTTP/1.1" 200 217 0.068085
2017-02-09 10:40:34.164 24686 INFO neutron.wsgi [req-714114dc-72d4-4e71-ad80-543d2538960b d1c38380ca9d4ec39e97f5e183d2372d 28bd93957e9d436992478ba127187fb6 - - -] x.x.x.2 - - [09/Feb/2017 10:40:34] "GET /v2.0/subnets.json?id=5278228b-fde9-4528-96be-4f67c2669452 HTTP/1.1" 200 851 0.103105
2017-02-09 10:40:34.265 24686 INFO neutron.wsgi [req-3b1782ac-2f5b-4231-8289-14faf7b6bf9a d1c38380ca9d4ec39e97f5e183d2372d 28bd93957e9d436992478ba127187fb6 - - -] x.x.x.2 - - [09/Feb/2017 10:40:34] "GET /v2.0/ports.json?network_id=584d9ef6-3673-4cd5-beb9-87b3158d953a&device_owner=network%3Adhcp HTTP/1.1" 200 1258 0.097022
2017-02-09 10:41:33.697 24686 INFO neutron.wsgi [req-a62adb86-c6e0-4969-afd0-504d604f2606 d1c38380ca9d4ec39e97f5e183d2372d 28bd93957e9d436992478ba127187fb6 - - -] x.x.x.2 - - [09/Feb/2017 10:41:33] "GET /v2.0/ports.json?tenant_id=c674ba8aac9545daa2b9184cd2e984f7&device_id=efca1ee1-f6dd-4aea-b584-775c7b2de29b HTTP/1.1" 200 1168 0.126309
2017-02-09 10:41:33.843 24686 INFO neutron.wsgi [req-25fb03f5-0eff-4514-abfd-aaeb58d8d78a d1c38380ca9d4ec39e97f5e183d2372d 28bd93957e9d436992478ba127187fb6 - - -] x.x.x.2 - - [09/Feb/2017 10:41:33] "GET /v2.0/networks.json?id=584d9ef6-3673-4cd5-beb9-87b3158d953a HTTP/1.1" 200 958 0.140448
2017-02-09 10:41:33.914 24686 INFO neutron.wsgi [req-21a56cdc-767a-4c63-b820-4b3ba97f4b5d d1c38380ca9d4ec39e97f5e183d2372d 28bd93957e9d436992478ba127187fb6 - - -] x.x.x.2 - - [09/Feb/2017 10:41:33] "GET /v2.0/floatingips.json?fixed_ip_address=192.168.2.6&port_id=57eafe39-74bf-406f-abc0-ec905390161d HTTP/1.1" 200 217 0.066135
2017-02-09 10:41:34.034 24686 INFO neutron.wsgi [req-15fd6395-4afa-4c53-a8a2-b8f3b60e5a55 d1c38380ca9d4ec39e97f5e183d2372d 28bd93957e9d436992478ba127187fb6 - - -] x.x.x.2 - - [09/Feb/2017 10:41:34] "GET /v2.0/subnets.json?id=5278228b-fde9-4528-96be-4f67c2669452 HTTP/1.1" 200 851 0.115733
2017-02-09 10:41:34.137 24686 INFO neutron.wsgi [req-efe40eb9-bea8-49a0-b54e-0102612450fc d1c38380ca9d4ec39e97f5e183d2372d 28bd93957e9d436992478ba127187fb6 - - -] x.x.x.2 - - [09/Feb/2017 10:41:34] "GET /v2.0/ports.json?network_id=584d9ef6-3673-4cd5-beb9-87b3158d953a&device_owner=network%3Adhcp HTTP/1.1" 200 1258 0.099141
2017-02-09 10:42:33.707 24686 INFO neutron.wsgi [req-3b7c370e-a477-4a15-bc8f-d779fcaf64bd d1c38380ca9d4ec39e97f5e183d2372d 28bd93957e9d436992478ba127187fb6 - - -] x.x.x.2 - - [09/Feb/2017 10:42:33] "GET /v2.0/ports.json?tenant_id=c674ba8aac9545daa2b9184cd2e984f7&device_id=efca1ee1-f6dd-4aea-b584-775c7b2de29b HTTP/1.1" 200 1168 0.131745
2017-02-09 10:42:33.832 24686 INFO neutron.wsgi [req-c307e0a5-065c-4143-a12f-88c6fbbf154a d1c38380ca9d4ec39e97f5e183d2372d 28bd93957e9d436992478ba127187fb6 - - -] x.x.x.2 - - [09/Feb/2017 10:42:33] "GET /v2.0/networks.json?id=584d9ef6-3673-4cd5-beb9-87b3158d953a HTTP/1.1" 200 958 0.120173
2017-02-09 10:42:33.907 24686 INFO neutron.wsgi [req-85de481c-4c18-4bbf-a71f-99aaac87b9e0 d1c38380ca9d4ec39e97f5e183d2372d 28bd93957e9d436992478ba127187fb6 - - -] x.x.x.2 - - [09/Feb/2017 10:42:33] "GET /v2.0/floatingips.json?fixed_ip_address=192.168.2.6&port_id=57eafe39-74bf-406f-abc0-ec905390161d HTTP/1.1" 200 217 0.069694
2017-02-09 10:42:34.019 24686 INFO neutron.wsgi [req-ed4f264f-feb8-4ec3-879e-78883e152b83 d1c38380ca9d4ec39e97f5e183d2372d 28bd93957e9d436992478ba127187fb6 - - -] x.x.x.2 - - [09/Feb/2017 10:42:34] "GET /v2.0/subnets.json?id=5278228b-fde9-4528-96be-4f67c2669452 HTTP/1.1" 200 851 0.107911
2017-02-09 10:42:34.115 24686 INFO neutron.wsgi [req-ff8c2f33-707f-4276-bb06-ef7d797749c3 d1c38380ca9d4ec39e97f5e183d2372d 28bd93957e9d436992478ba127187fb6 - - -] x.x.x.2 - - [09/Feb/2017 10:42:34] "GET /v2.0/ports.json?network_id=584d9ef6-3673-4cd5-beb9-87b3158d953a&device_owner=network%3Adhcp HTTP/1.1" 200 1258 0.091498
2017-02-09 10:43:34.704 24686 INFO neutron.wsgi [req-7ff8759b-13d7-412f-be45-7e023baa6b69 d1c38380ca9d4ec39e97f5e183d2372d 28bd93957e9d436992478ba127187fb6 - - -] x.x.x.2 - - [09/Feb/2017 10:43:34] "GET /v2.0/ports.json?tenant_id=c674ba8aac9545daa2b9184cd2e984f7&device_id=efca1ee1-f6dd-4aea-b584-775c7b2de29b HTTP/1.1" 200 1168 0.130010
2017-02-09 10:43:34.841 24686 INFO neutron.wsgi [req-6ecc94bb-ebad-4ee7-96a0-0a129491e7ae d1c38380ca9d4ec39e97f5e183d2372d 28bd93957e9d436992478ba127187fb6 - - -] x.x.x.2 - - [09/Feb/2017 10:43:34] "GET /v2.0/networks.json?id=584d9ef6-3673-4cd5-beb9-87b3158d953a HTTP/1.1" 200 958 0.132554
2017-02-09 10:43:34.914 24686 INFO neutron.wsgi [req-f1385711-9af0-483e-b937-f7db82fb044f d1c38380ca9d4ec39e97f5e183d2372d 28bd93957e9d436992478ba127187fb6 - - -] x.x.x.2 - - [09/Feb/2017 10:43:34] "GET /v2.0/floatingips.json?fixed_ip_address=192.168.2.6&port_id=57eafe39-74bf-406f-abc0-ec905390161d HTTP/1.1" 200 217 0.068933
2017-02-09 10:43:35.022 24686 INFO neutron.wsgi [req-8e6d925f-480b-4892-993d-dd4f64396a5e d1c38380ca9d4ec39e97f5e183d2372d 28bd93957e9d436992478ba127187fb6 - - -] x.x.x.2 - - [09/Feb/2017 10:43:35] "GET /v2.0/subnets.json?id=5278228b-fde9-4528-96be-4f67c2669452 HTTP/1.1" 200 851 0.103837
2017-02-09 10:43:35.128 24686 INFO neutron.wsgi [req-60011665-aa34-4bd3-b37f-e99ccb061b4d d1c38380ca9d4ec39e97f5e183d2372d 28bd93957e9d436992478ba127187fb6 - - -] x.x.x.2 - - [09/Feb/2017 10:43:35] "GET /v2.0/ports.json?network_id=584d9ef6-3673-4cd5-beb9-87b3158d953a&device_owner=network%3Adhcp HTTP/1.1" 200 1258 0.101073
2017-02-09 10:44:36.834 24686 INFO neutron.wsgi [req-e1e7f246-1b25-413c-b2a2-6876e0cdff47 d1c38380ca9d4ec39e97f5e183d2372d 28bd93957e9d436992478ba127187fb6 - - -] x.x.x.2 - - [09/Feb/2017 10:44:36] "GET /v2.0/ports.json?tenant_id=c674ba8aac9545daa2b9184cd2e984f7&device_id=efca1ee1-f6dd-4aea-b584-775c7b2de29b HTTP/1.1" 200 1168 0.266965
2017-02-09 10:44:36.949 24686 INFO neutron.wsgi [req-a6fc5896-a0a1-4381-b139-e49c0a41504a d1c38380ca9d4ec39e97f5e183d2372d 28bd93957e9d436992478ba127187fb6 - - -] x.x.x.2 - - [09/Feb/2017 10:44:36] "GET /v2.0/networks.json?id=584d9ef6-3673-4cd5-beb9-87b3158d953a HTTP/1.1" 200 958 0.110070
2017-02-09 10:44:37.005 24686 INFO neutron.wsgi [req-a62d09b7-f324-4288-98c9-f584d7a2faf8 d1c38380ca9d4ec39e97f5e183d2372d 28bd93957e9d436992478ba127187fb6 - - -] x.x.x.2 - - [09/Feb/2017 10:44:37] "GET /v2.0/floatingips.json?fixed_ip_address=192.168.2.6&port_id=57eafe39-74bf-406f-abc0-ec905390161d HTTP/1.1" 200 217 0.052068
2017-02-09 10:44:37.112 24686 INFO neutron.wsgi [req-ae2987a2-01a2-4de3-b8b0-fc609c07e846 d1c38380ca9d4ec39e97f5e183d2372d 28bd93957e9d436992478ba127187fb6 - - -] x.x.x.2 - - [09/Feb/2017 10:44:37] "GET /v2.0/subnets.json?id=5278228b-fde9-4528-96be-4f67c2669452 HTTP/1.1" 200 851 0.102204
2017-02-09 10:44:37.201 24686 INFO neutron.wsgi [req-cf8d0145-e98c-4d38-9a64-a6d081a691ce d1c38380ca9d4ec39e97f5e183d2372d 28bd93957e9d436992478ba127187fb6 - - -] x.x.x.2 - - [09/Feb/2017 10:44:37] "GET /v2.0/ports.json?network_id=584d9ef6-3673-4cd5-beb9-87b3158d953a&device_owner=network%3Adhcp HTTP/1.1" 200 1258 0.084386
2017-02-09 10:45:38.695 24686 INFO neutron.wsgi [req-6fcc10f8-757f-4052-964d-5b98e80b471f d1c38380ca9d4ec39e97f5e183d2372d 28bd93957e9d436992478ba127187fb6 - - -] x.x.x.2 - - [09/Feb/2017 10:45:38] "GET /v2.0/ports.json?tenant_id=c674ba8aac9545daa2b9184cd2e984f7&device_id=efca1ee1-f6dd-4aea-b584-775c7b2de29b HTTP/1.1" 200 1168 0.128720
2017-02-09 10:45:38.830 24686 INFO neutron.wsgi [req-3e3295ed-91a7-4562-b074-3a49605ecdff d1c38380ca9d4ec39e97f5e183d2372d 28bd93957e9d436992478ba127187fb6 - - -] x.x.x.2 - - [09/Feb/2017 10:45:38] "GET /v2.0/networks.json?id=584d9ef6-3673-4cd5-beb9-87b3158d953a HTTP/1.1" 200 958 0.130607
2017-02-09 10:45:38.892 24686 INFO neutron.wsgi [req-69465ded-9d39-45c6-a4e5-a79ba7efde88 d1c38380ca9d4ec39e97f5e183d2372d 28bd93957e9d436992478ba127187fb6 - - -] x.x.x.2 - - [09/Feb/2017 10:45:38] "GET /v2.0/floatingips.json?fixed_ip_address=192.168.2.6&port_id=57eafe39-74bf-406f-abc0-ec905390161d HTTP/1.1" 200 217 0.057030
2017-02-09 10:45:38.987 24686 INFO neutron.wsgi [req-f50e26bd-a06e-4609-8bf0-f97c9e29dedb d1c38380ca9d4ec39e97f5e183d2372d 28bd93957e9d436992478ba127187fb6 - - -] x.x.x.2 - - [09/Feb/2017 10:45:38] "GET /v2.0/subnets.json?id=5278228b-fde9-4528-96be-4f67c2669452 HTTP/1.1" 200 851 0.092733
2017-02-09 10:45:39.064 24686 INFO neutron.wsgi [req-e1a1b337-8d88-4c5e-a01d-667aae115c47 d1c38380ca9d4ec39e97f5e183d2372d 28bd93957e9d436992478ba127187fb6 - - -] x.x.x.2 - - [09/Feb/2017 10:45:39] "GET /v2.0/ports.json?network_id=584d9ef6-3673-4cd5-beb9-87b3158d953a&device_owner=network%3Adhcp HTTP/1.1" 200 1258 0.073238
2017-02-09 10:46:40.716 24686 INFO neutron.wsgi [req-d2394eb7-8588-409d-a893-ed7e41e8eedb d1c38380ca9d4ec39e97f5e183d2372d 28bd93957e9d436992478ba127187fb6 - - -] x.x.x.2 - - [09/Feb/2017 10:46:40] "GET /v2.0/ports.json?tenant_id=c674ba8aac9545daa2b9184cd2e984f7&device_id=efca1ee1-f6dd-4aea-b584-775c7b2de29b HTTP/1.1" 200 1168 0.134456
2017-02-09 10:46:40.856 24686 INFO neutron.wsgi [req-0048b2a5-03d1-49f6-844a-ed014f3cb53d d1c38380ca9d4ec39e97f5e183d2372d 28bd93957e9d436992478ba127187fb6 - - -] x.x.x.2 - - [09/Feb/2017 10:46:40] "GET /v2.0/networks.json?id=584d9ef6-3673-4cd5-beb9-87b3158d953a HTTP/1.1" 200 958 0.135070
2017-02-09 10:46:40.931 24686 INFO neutron.wsgi [req-03ce555e-c407-4f99-90de-ecf848bb2189 d1c38380ca9d4ec39e97f5e183d2372d 28bd93957e9d436992478ba127187fb6 - - -] x.x.x.2 - - [09/Feb/2017 10:46:40] "GET /v2.0/floatingips.json?fixed_ip_address=192.168.2.6&port_id=57eafe39-74bf-406f-abc0-ec905390161d HTTP/1.1" 200 217 0.070604
2017-02-09 10:46:41.029 24686 INFO neutron.wsgi [req-ccb360d2-51de-4c14-8a60-d49de0c1dce3 d1c38380ca9d4ec39e97f5e183d2372d 28bd93957e9d436992478ba127187fb6 - - -] x.x.x.2 - - [09/Feb/2017 10:46:41] "GET /v2.0/subnets.json?id=5278228b-fde9-4528-96be-4f67c2669452 HTTP/1.1" 200 851 0.093600
2017-02-09 10:46:41.104 24686 INFO neutron.wsgi [req-35cdac1b-d678-427e-8dfb-10d517feedc4 d1c38380ca9d4ec39e97f5e183d2372d 28bd93957e9d436992478ba127187fb6 - - -] x.x.x.2 - - [09/Feb/2017 10:46:41] "GET /v2.0/ports.json?network_id=584d9ef6-3673-4cd5-beb9-87b3158d953a&device_owner=network%3Adhcp HTTP/1.1" 200 1258 0.071807
2017-02-09 10:47:41.704 24686 INFO neutron.wsgi [req-0d98e6ed-03dc-47d1-83e1-174847bf0a34 d1c38380ca9d4ec39e97f5e183d2372d 28bd93957e9d436992478ba127187fb6 - - -] x.x.x.2 - - [09/Feb/2017 10:47:41] "GET /v2.0/ports.json?tenant_id=c674ba8aac9545daa2b9184cd2e984f7&device_id=efca1ee1-f6dd-4aea-b584-775c7b2de29b HTTP/1.1" 200 1168 0.129184
2017-02-09 10:47:41.833 24686 INFO neutron.wsgi [req-715ead70-fa55-4c85-96d1-68d4723123f7 d1c38380ca9d4ec39e97f5e183d2372d 28bd93957e9d436992478ba127187fb6 - - -] x.x.x.2 - - [09/Feb/2017 10:47:41] "GET /v2.0/networks.json?id=584d9ef6-3673-4cd5-beb9-87b3158d953a HTTP/1.1" 200 958 0.124392
2017-02-09 10:47:41.886 24686 INFO neutron.wsgi [req-29ec5df6-c357-4ccf-89b8-761cca9894e3 d1c38380ca9d4ec39e97f5e183d2372d 28bd93957e9d436992478ba127187fb6 - - -] x.x.x.2 - - [09/Feb/2017 10:47:41] "GET /v2.0/floatingips.json?fixed_ip_address=192.168.2.6&port_id=57eafe39-74bf-406f-abc0-ec905390161d HTTP/1.1" 200 217 0.049388
2017-02-09 10:47:41.992 24686 INFO neutron.wsgi [req-f0d8adfe-e200-4a8f-a2c5-49bb539d01e5 d1c38380ca9d4ec39e97f5e183d2372d 28bd93957e9d436992478ba127187fb6 - - -] x.x.x.2 - - [09/Feb/2017 10:47:41] "GET /v2.0/subnets.json?id=5278228b-fde9-4528-96be-4f67c2669452 HTTP/1.1" 200 851 0.101874
2017-02-09 10:47:42.205 24686 INFO neutron.wsgi [req-b97fc521-0423-422b-a270-4675414971e7 d1c38380ca9d4ec39e97f5e183d2372d 28bd93957e9d436992478ba127187fb6 - - -] x.x.x.2 - - [09/Feb/2017 10:47:42] "GET /v2.0/ports.json?network_id=584d9ef6-3673-4cd5-beb9-87b3158d953a&device_owner=network%3Adhcp HTTP/1.1" 200 1258 0.209007
2017-02-09 10:48:19.996 24697 WARNING neutron.db.agents_db [req-81bfd8d6-e408-4e42-9838-4ea1aab5e372 - - - - -] Agent healthcheck: found 1 dead agents out of 5:
                Type       Last heartbeat host
  Open vSwitch agent  2017-02-09 10:46:33 mysql-002.vassilevski.com
2017-02-09 10:48:43.712 24686 INFO neutron.wsgi [req-7ea85273-cea3-4cca-a061-0c93def26850 d1c38380ca9d4ec39e97f5e183d2372d 28bd93957e9d436992478ba127187fb6 - - -] x.x.x.2 - - [09/Feb/2017 10:48:43] "GET /v2.0/ports.json?tenant_id=c674ba8aac9545daa2b9184cd2e984f7&device_id=efca1ee1-f6dd-4aea-b584-775c7b2de29b HTTP/1.1" 200 1168 0.135695
2017-02-09 10:48:43.850 24686 INFO neutron.wsgi [req-2412ff24-3388-4ca0-945c-b7101a42bb97 d1c38380ca9d4ec39e97f5e183d2372d 28bd93957e9d436992478ba127187fb6 - - -] x.x.x.2 - - [09/Feb/2017 10:48:43] "GET /v2.0/networks.json?id=584d9ef6-3673-4cd5-beb9-87b3158d953a HTTP/1.1" 200 958 0.128059
2017-02-09 10:48:43.913 24686 INFO neutron.wsgi [req-e0e6f227-d983-4d47-8859-b2bb7b5e0c18 d1c38380ca9d4ec39e97f5e183d2372d 28bd93957e9d436992478ba127187fb6 - - -] x.x.x.2 - - [09/Feb/2017 10:48:43] "GET /v2.0/floatingips.json?fixed_ip_address=192.168.2.6&port_id=57eafe39-74bf-406f-abc0-ec905390161d HTTP/1.1" 200 217 0.059056
2017-02-09 10:48:44.024 24686 INFO neutron.wsgi [req-e9dc5635-4915-4185-99ba-6f8b3e845d4b d1c38380ca9d4ec39e97f5e183d2372d 28bd93957e9d436992478ba127187fb6 - - -] x.x.x.2 - - [09/Feb/2017 10:48:44] "GET /v2.0/subnets.json?id=5278228b-fde9-4528-96be-4f67c2669452 HTTP/1.1" 200 851 0.106659
2017-02-09 10:48:44.108 24686 INFO neutron.wsgi [req-1323566a-e637-43c3-9a0c-c76b2a0bbb06 d1c38380ca9d4ec39e97f5e183d2372d 28bd93957e9d436992478ba127187fb6 - - -] x.x.x.2 - - [09/Feb/2017 10:48:44] "GET /v2.0/ports.json?network_id=584d9ef6-3673-4cd5-beb9-87b3158d953a&device_owner=network%3Adhcp HTTP/1.1" 200 1258 0.079547
2017-02-09 10:48:57.002 24697 WARNING neutron.db.agents_db [req-81bfd8d6-e408-4e42-9838-4ea1aab5e372 - - - - -] Agent healthcheck: found 1 dead agents out of 5:
                Type       Last heartbeat host
  Open vSwitch agent  2017-02-09 10:46:33 mysql-002.vassilevski.com
2017-02-09 10:49:33.994 24697 WARNING neutron.db.agents_db [req-81bfd8d6-e408-4e42-9838-4ea1aab5e372 - - - - -] Agent healthcheck: found 1 dead agents out of 5:
                Type       Last heartbeat host
  Open vSwitch agent  2017-02-09 10:46:33 mysql-002.vassilevski.com
2017-02-09 10:49:44.703 24686 INFO neutron.wsgi [req-e1c819b2-a6cd-4ea7-b8ec-580c1d969917 d1c38380ca9d4ec39e97f5e183d2372d 28bd93957e9d436992478ba127187fb6 - - -] x.x.x.2 - - [09/Feb/2017 10:49:44] "GET /v2.0/ports.json?tenant_id=c674ba8aac9545daa2b9184cd2e984f7&device_id=efca1ee1-f6dd-4aea-b584-775c7b2de29b HTTP/1.1" 200 1168 0.132265
2017-02-09 10:49:44.832 24686 INFO neutron.wsgi [req-c14616dd-dde5-41b5-bdb4-b3a4e8f747d8 d1c38380ca9d4ec39e97f5e183d2372d 28bd93957e9d436992478ba127187fb6 - - -] x.x.x.2 - - [09/Feb/2017 10:49:44] "GET /v2.0/networks.json?id=584d9ef6-3673-4cd5-beb9-87b3158d953a HTTP/1.1" 200 958 0.124088
2017-02-09 10:49:44.904 24686 INFO neutron.wsgi [req-c39daa76-d245-4ac4-a53f-08accf3511d9 d1c38380ca9d4ec39e97f5e183d2372d 28bd93957e9d436992478ba127187fb6 - - -] x.x.x.2 - - [09/Feb/2017 10:49:44] "GET /v2.0/floatingips.json?fixed_ip_address=192.168.2.6&port_id=57eafe39-74bf-406f-abc0-ec905390161d HTTP/1.1" 200 217 0.068352
2017-02-09 10:49:45.009 24686 INFO neutron.wsgi [req-2d73feae-5c06-46f8-b342-86bd8cbe5100 d1c38380ca9d4ec39e97f5e183d2372d 28bd93957e9d436992478ba127187fb6 - - -] x.x.x.2 - - [09/Feb/2017 10:49:45] "GET /v2.0/subnets.json?id=5278228b-fde9-4528-96be-4f67c2669452 HTTP/1.1" 200 851 0.099396
2017-02-09 10:49:45.094 24686 INFO neutron.wsgi [req-6c43180e-b682-46d5-a713-ea80a566400e d1c38380ca9d4ec39e97f5e183d2372d 28bd93957e9d436992478ba127187fb6 - - -] x.x.x.2 - - [09/Feb/2017 10:49:45] "GET /v2.0/ports.json?network_id=584d9ef6-3673-4cd5-beb9-87b3158d953a&device_owner=network%3Adhcp HTTP/1.1" 200 1258 0.080764
2017-02-09 10:50:10.997 24697 WARNING neutron.db.agents_db [req-81bfd8d6-e408-4e42-9838-4ea1aab5e372 - - - - -] Agent healthcheck: found 1 dead agents out of 5:
                Type       Last heartbeat host
  Open vSwitch agent  2017-02-09 10:46:33 mysql-002.vassilevski.com
2017-02-09 10:50:45.700 24686 INFO neutron.wsgi [req-d2b547b2-f18a-4ec9-989d-80357e2c5654 d1c38380ca9d4ec39e97f5e183d2372d 28bd93957e9d436992478ba127187fb6 - - -] x.x.x.2 - - [09/Feb/2017 10:50:45] "GET /v2.0/ports.json?tenant_id=c674ba8aac9545daa2b9184cd2e984f7&device_id=efca1ee1-f6dd-4aea-b584-775c7b2de29b HTTP/1.1" 200 1168 0.133842
2017-02-09 10:50:45.834 24686 INFO neutron.wsgi [req-0a24452e-71d3-4ce0-ac17-339808429b69 d1c38380ca9d4ec39e97f5e183d2372d 28bd93957e9d436992478ba127187fb6 - - -] x.x.x.2 - - [09/Feb/2017 10:50:45] "GET /v2.0/networks.json?id=584d9ef6-3673-4cd5-beb9-87b3158d953a HTTP/1.1" 200 958 0.129031
2017-02-09 10:50:45.909 24686 INFO neutron.wsgi [req-95ae9881-d4ed-4dc3-b16f-a405039d414c d1c38380ca9d4ec39e97f5e183d2372d 28bd93957e9d436992478ba127187fb6 - - -] x.x.x.2 - - [09/Feb/2017 10:50:45] "GET /v2.0/floatingips.json?fixed_ip_address=192.168.2.6&port_id=57eafe39-74bf-406f-abc0-ec905390161d HTTP/1.1" 200 217 0.071262
2017-02-09 10:50:46.023 24686 INFO neutron.wsgi [req-4d7178c8-bd8a-4488-9bcc-a7cac810d127 d1c38380ca9d4ec39e97f5e183d2372d 28bd93957e9d436992478ba127187fb6 - - -] x.x.x.2 - - [09/Feb/2017 10:50:46] "GET /v2.0/subnets.json?id=5278228b-fde9-4528-96be-4f67c2669452 HTTP/1.1" 200 851 0.110212
2017-02-09 10:50:46.112 24686 INFO neutron.wsgi [req-bd8a7858-d86a-4550-9380-1e6e002236e2 d1c38380ca9d4ec39e97f5e183d2372d 28bd93957e9d436992478ba127187fb6 - - -] x.x.x.2 - - [09/Feb/2017 10:50:46] "GET /v2.0/ports.json?network_id=584d9ef6-3673-4cd5-beb9-87b3158d953a&device_owner=network%3Adhcp HTTP/1.1" 200 1258 0.084753
2017-02-09 10:50:48.001 24697 WARNING neutron.db.agents_db [req-81bfd8d6-e408-4e42-9838-4ea1aab5e372 - - - - -] Agent healthcheck: found 1 dead agents out of 5:
                Type       Last heartbeat host
  Open vSwitch agent  2017-02-09 10:46:33 mysql-002.vassilevski.com
2017-02-09 10:51:25.006 24697 WARNING neutron.db.agents_db [req-81bfd8d6-e408-4e42-9838-4ea1aab5e372 - - - - -] Agent healthcheck: found 1 dead agents out of 5:
                Type       Last heartbeat host
  Open vSwitch agent  2017-02-09 10:46:33 mysql-002.vassilevski.com
2017-02-09 10:51:45.693 24686 INFO neutron.wsgi [req-b2043f0e-1669-48d4-977b-5d479bbda0ae d1c38380ca9d4ec39e97f5e183d2372d 28bd93957e9d436992478ba127187fb6 - - -] x.x.x.2 - - [09/Feb/2017 10:51:45] "GET /v2.0/ports.json?tenant_id=c674ba8aac9545daa2b9184cd2e984f7&device_id=efca1ee1-f6dd-4aea-b584-775c7b2de29b HTTP/1.1" 200 1168 0.126833
2017-02-09 10:51:45.823 24686 INFO neutron.wsgi [req-256674e9-2a42-49f1-9777-dc8972d8d0e0 d1c38380ca9d4ec39e97f5e183d2372d 28bd93957e9d436992478ba127187fb6 - - -] x.x.x.2 - - [09/Feb/2017 10:51:45] "GET /v2.0/networks.json?id=584d9ef6-3673-4cd5-beb9-87b3158d953a HTTP/1.1" 200 958 0.125570
2017-02-09 10:51:46.013 24686 INFO neutron.wsgi [req-6c427d65-0e1f-41e2-9fe2-39f5348ee78a d1c38380ca9d4ec39e97f5e183d2372d 28bd93957e9d436992478ba127187fb6 - - -] x.x.x.2 - - [09/Feb/2017 10:51:46] "GET /v2.0/floatingips.json?fixed_ip_address=192.168.2.6&port_id=57eafe39-74bf-406f-abc0-ec905390161d HTTP/1.1" 200 217 0.185582
2017-02-09 10:51:46.114 24686 INFO neutron.wsgi [req-d4f193c8-a519-450d-9ff2-60940dcc955c d1c38380ca9d4ec39e97f5e183d2372d 28bd93957e9d436992478ba127187fb6 - - -] x.x.x.2 - - [09/Feb/2017 10:51:46] "GET /v2.0/subnets.json?id=5278228b-fde9-4528-96be-4f67c2669452 HTTP/1.1" 200 851 0.096732
2017-02-09 10:51:46.201 24686 INFO neutron.wsgi [req-3abcc1f1-f763-4307-9ff1-89e38c369fe6 d1c38380ca9d4ec39e97f5e183d2372d 28bd93957e9d436992478ba127187fb6 - - -] x.x.x.2 - - [09/Feb/2017 10:51:46] "GET /v2.0/ports.json?network_id=584d9ef6-3673-4cd5-beb9-87b3158d953a&device_owner=network%3Adhcp HTTP/1.1" 200 1258 0.082454
2017-02-09 10:52:02.007 24697 WARNING neutron.db.agents_db [req-81bfd8d6-e408-4e42-9838-4ea1aab5e372 - - - - -] Agent healthcheck: found 1 dead agents out of 5:
                Type       Last heartbeat host
  Open vSwitch agent  2017-02-09 10:46:33 mysql-002.vassilevski.com
2017-02-09 10:52:39.009 24697 WARNING neutron.db.agents_db [req-81bfd8d6-e408-4e42-9838-4ea1aab5e372 - - - - -] Agent healthcheck: found 1 dead agents out of 5:
                Type       Last heartbeat host
  Open vSwitch agent  2017-02-09 10:46:33 mysql-002.vassilevski.com
2017-02-09 10:52:47.693 24686 INFO neutron.wsgi [req-17539cfd-fecb-410a-898a-72c7ea1f4376 d1c38380ca9d4ec39e97f5e183d2372d 28bd93957e9d436992478ba127187fb6 - - -] x.x.x.2 - - [09/Feb/2017 10:52:47] "GET /v2.0/ports.json?tenant_id=c674ba8aac9545daa2b9184cd2e984f7&device_id=efca1ee1-f6dd-4aea-b584-775c7b2de29b HTTP/1.1" 200 1168 0.129761
2017-02-09 10:52:47.832 24686 INFO neutron.wsgi [req-a2aa05ee-1040-4c93-86e3-ac039c526610 d1c38380ca9d4ec39e97f5e183d2372d 28bd93957e9d436992478ba127187fb6 - - -] x.x.x.2 - - [09/Feb/2017 10:52:47] "GET /v2.0/networks.json?id=584d9ef6-3673-4cd5-beb9-87b3158d953a HTTP/1.1" 200 958 0.134862
2017-02-09 10:52:47.907 24686 INFO neutron.wsgi [req-4d2624ea-1713-4ad2-9d27-06ddb83273a5 d1c38380ca9d4ec39e97f5e183d2372d 28bd93957e9d436992478ba127187fb6 - - -] x.x.x.2 - - [09/Feb/2017 10:52:47] "GET /v2.0/floatingips.json?fixed_ip_address=192.168.2.6&port_id=57eafe39-74bf-406f-abc0-ec905390161d HTTP/1.1" 200 217 0.070893
2017-02-09 10:52:48.008 24686 INFO neutron.wsgi [req-ae3c8763-d58a-42f0-a28d-c893e8b8df7b d1c38380ca9d4ec39e97f5e183d2372d 28bd93957e9d436992478ba127187fb6 - - -] x.x.x.2 - - [09/Feb/2017 10:52:48] "GET /v2.0/subnets.json?id=5278228b-fde9-4528-96be-4f67c2669452 HTTP/1.1" 200 851 0.096923
2017-02-09 10:52:48.105 24686 INFO neutron.wsgi [req-bdab128e-182f-4226-845f-33ddbe7ad9a7 d1c38380ca9d4ec39e97f5e183d2372d 28bd93957e9d436992478ba127187fb6 - - -] x.x.x.2 - - [09/Feb/2017 10:52:48] "GET /v2.0/ports.json?network_id=584d9ef6-3673-4cd5-beb9-87b3158d953a&device_owner=network%3Adhcp HTTP/1.1" 200 1258 0.092905
2017-02-09 10:53:16.010 24697 WARNING neutron.db.agents_db [req-81bfd8d6-e408-4e42-9838-4ea1aab5e372 - - - - -] Agent healthcheck: found 1 dead agents out of 5:
                Type       Last heartbeat host
  Open vSwitch agent  2017-02-09 10:46:33 mysql-002.vassilevski.com
2017-02-09 10:53:48.689 24686 INFO neutron.wsgi [req-4cbad3f7-d271-438c-9ea9-fa95a0779b61 d1c38380ca9d4ec39e97f5e183d2372d 28bd93957e9d436992478ba127187fb6 - - -] x.x.x.2 - - [09/Feb/2017 10:53:48] "GET /v2.0/ports.json?tenant_id=c674ba8aac9545daa2b9184cd2e984f7&device_id=efca1ee1-f6dd-4aea-b584-775c7b2de29b HTTP/1.1" 200 1168 0.132405
2017-02-09 10:53:48.819 24686 INFO neutron.wsgi [req-944423be-21d2-455d-a90c-2cc3035eb247 d1c38380ca9d4ec39e97f5e183d2372d 28bd93957e9d436992478ba127187fb6 - - -] x.x.x.2 - - [09/Feb/2017 10:53:48] "GET /v2.0/networks.json?id=584d9ef6-3673-4cd5-beb9-87b3158d953a HTTP/1.1" 200 958 0.124593
2017-02-09 10:53:48.888 24686 INFO neutron.wsgi [req-d15b3875-42e2-46ee-a56a-3efa8834c0da d1c38380ca9d4ec39e97f5e183d2372d 28bd93957e9d436992478ba127187fb6 - - -] x.x.x.2 - - [09/Feb/2017 10:53:48] "GET /v2.0/floatingips.json?fixed_ip_address=192.168.2.6&port_id=57eafe39-74bf-406f-abc0-ec905390161d HTTP/1.1" 200 217 0.064285
2017-02-09 10:53:48.995 24686 INFO neutron.wsgi [req-29ac13b0-ff33-4a80-b2f6-0ab9661408a8 d1c38380ca9d4ec39e97f5e183d2372d 28bd93957e9d436992478ba127187fb6 - - -] x.x.x.2 - - [09/Feb/2017 10:53:48] "GET /v2.0/subnets.json?id=5278228b-fde9-4528-96be-4f67c2669452 HTTP/1.1" 200 851 0.103338
2017-02-09 10:53:49.090 24686 INFO neutron.wsgi [req-b9c9f6d1-7c33-4e39-8174-2f619631ba8b d1c38380ca9d4ec39e97f5e183d2372d 28bd93957e9d436992478ba127187fb6 - - -] x.x.x.2 - - [09/Feb/2017 10:53:49] "GET /v2.0/ports.json?network_id=584d9ef6-3673-4cd5-beb9-87b3158d953a&device_owner=network%3Adhcp HTTP/1.1" 200 1258 0.089482
2017-02-09 10:53:53.011 24697 WARNING neutron.db.agents_db [req-81bfd8d6-e408-4e42-9838-4ea1aab5e372 - - - - -] Agent healthcheck: found 1 dead agents out of 5:
                Type       Last heartbeat host
  Open vSwitch agent  2017-02-09 10:46:33 mysql-002.vassilevski.com
2017-02-09 10:54:30.016 24697 WARNING neutron.db.agents_db [req-81bfd8d6-e408-4e42-9838-4ea1aab5e372 - - - - -] Agent healthcheck: found 1 dead agents out of 5:
                Type       Last heartbeat host
  Open vSwitch agent  2017-02-09 10:46:33 mysql-002.vassilevski.com
2017-02-09 10:54:49.644 24686 INFO neutron.wsgi [req-0edef0c6-15f3-4f9c-b7eb-641b43077742 d1c38380ca9d4ec39e97f5e183d2372d 28bd93957e9d436992478ba127187fb6 - - -] x.x.x.2 - - [09/Feb/2017 10:54:49] "GET /v2.0/ports.json?tenant_id=c674ba8aac9545daa2b9184cd2e984f7&device_id=efca1ee1-f6dd-4aea-b584-775c7b2de29b HTTP/1.1" 200 1168 0.131472
2017-02-09 10:54:49.774 24686 INFO neutron.wsgi [req-a7bdd585-c228-4cea-bedb-684b7d1aab02 d1c38380ca9d4ec39e97f5e183d2372d 28bd93957e9d436992478ba127187fb6 - - -] x.x.x.2 - - [09/Feb/2017 10:54:49] "GET /v2.0/networks.json?id=584d9ef6-3673-4cd5-beb9-87b3158d953a HTTP/1.1" 200 958 0.124692
2017-02-09 10:54:49.847 24686 INFO neutron.wsgi [req-926a84a1-cbba-4d57-b898-e5a99b39aa2a d1c38380ca9d4ec39e97f5e183d2372d 28bd93957e9d436992478ba127187fb6 - - -] x.x.x.2 - - [09/Feb/2017 10:54:49] "GET /v2.0/floatingips.json?fixed_ip_address=192.168.2.6&port_id=57eafe39-74bf-406f-abc0-ec905390161d HTTP/1.1" 200 217 0.069326
2017-02-09 10:54:49.946 24686 INFO neutron.wsgi [req-f2009ce4-7a91-4a8e-8f48-cdffd4087a8e d1c38380ca9d4ec39e97f5e183d2372d 28bd93957e9d436992478ba127187fb6 - - -] x.x.x.2 - - [09/Feb/2017 10:54:49] "GET /v2.0/subnets.json?id=5278228b-fde9-4528-96be-4f67c2669452 HTTP/1.1" 200 851 0.094782
2017-02-09 10:54:50.029 24686 INFO neutron.wsgi [req-a16f9c0e-919a-4550-836f-2c590b1327b3 d1c38380ca9d4ec39e97f5e183d2372d 28bd93957e9d436992478ba127187fb6 - - -] x.x.x.2 - - [09/Feb/2017 10:54:50] "GET /v2.0/ports.json?network_id=584d9ef6-3673-4cd5-beb9-87b3158d953a&device_owner=network%3Adhcp HTTP/1.1" 200 1258 0.078803
2017-02-09 10:55:07.017 24697 WARNING neutron.db.agents_db [req-81bfd8d6-e408-4e42-9838-4ea1aab5e372 - - - - -] Agent healthcheck: found 1 dead agents out of 5:
                Type       Last heartbeat host
  Open vSwitch agent  2017-02-09 10:46:33 mysql-002.vassilevski.com
2017-02-09 10:55:44.021 24697 WARNING neutron.db.agents_db [req-81bfd8d6-e408-4e42-9838-4ea1aab5e372 - - - - -] Agent healthcheck: found 1 dead agents out of 5:
                Type       Last heartbeat host
  Open vSwitch agent  2017-02-09 10:46:33 mysql-002.vassilevski.com
2017-02-09 10:55:49.679 24686 INFO neutron.wsgi [req-4f3f522e-7574-4a09-9072-4553ddae1aaa d1c38380ca9d4ec39e97f5e183d2372d 28bd93957e9d436992478ba127187fb6 - - -] x.x.x.2 - - [09/Feb/2017 10:55:49] "GET /v2.0/ports.json?tenant_id=c674ba8aac9545daa2b9184cd2e984f7&device_id=efca1ee1-f6dd-4aea-b584-775c7b2de29b HTTP/1.1" 200 1168 0.122756
2017-02-09 10:55:49.919 24686 INFO neutron.wsgi [req-38690b1c-15ff-4a29-8adb-f38ee7050f0d d1c38380ca9d4ec39e97f5e183d2372d 28bd93957e9d436992478ba127187fb6 - - -] x.x.x.2 - - [09/Feb/2017 10:55:49] "GET /v2.0/networks.json?id=584d9ef6-3673-4cd5-beb9-87b3158d953a HTTP/1.1" 200 958 0.235717
2017-02-09 10:55:49.987 24686 INFO neutron.wsgi [req-dd308970-9c1e-4dc8-864b-331cce424bbc d1c38380ca9d4ec39e97f5e183d2372d 28bd93957e9d436992478ba127187fb6 - - -] x.x.x.2 - - [09/Feb/2017 10:55:49] "GET /v2.0/floatingips.json?fixed_ip_address=192.168.2.6&port_id=57eafe39-74bf-406f-abc0-ec905390161d HTTP/1.1" 200 217 0.063540
2017-02-09 10:55:50.093 24686 INFO neutron.wsgi [req-11925124-419c-4a03-b764-73521ded863c d1c38380ca9d4ec39e97f5e183d2372d 28bd93957e9d436992478ba127187fb6 - - -] x.x.x.2 - - [09/Feb/2017 10:55:50] "GET /v2.0/subnets.json?id=5278228b-fde9-4528-96be-4f67c2669452 HTTP/1.1" 200 851 0.101798
2017-02-09 10:55:50.178 24686 INFO neutron.wsgi [req-a22adf42-3045-4ad9-ad6a-12cdb68b6a9c d1c38380ca9d4ec39e97f5e183d2372d 28bd93957e9d436992478ba127187fb6 - - -] x.x.x.2 - - [09/Feb/2017 10:55:50] "GET /v2.0/ports.json?network_id=584d9ef6-3673-4cd5-beb9-87b3158d953a&device_owner=network%3Adhcp HTTP/1.1" 200 1258 0.080254
2017-02-09 10:56:21.023 24697 WARNING neutron.db.agents_db [req-81bfd8d6-e408-4e42-9838-4ea1aab5e372 - - - - -] Agent healthcheck: found 1 dead agents out of 5:
                Type       Last heartbeat host
  Open vSwitch agent  2017-02-09 10:46:33 mysql-002.vassilevski.com
2017-02-09 10:56:49.699 24686 INFO neutron.wsgi [req-3a68cc3e-e808-4dff-85af-b2c973959ec7 d1c38380ca9d4ec39e97f5e183d2372d 28bd93957e9d436992478ba127187fb6 - - -] x.x.x.2 - - [09/Feb/2017 10:56:49] "GET /v2.0/ports.json?tenant_id=c674ba8aac9545daa2b9184cd2e984f7&device_id=efca1ee1-f6dd-4aea-b584-775c7b2de29b HTTP/1.1" 200 1168 0.122550
2017-02-09 10:56:49.802 24686 INFO neutron.wsgi [req-5b9c8021-54fa-4957-a542-6406f68d12ee d1c38380ca9d4ec39e97f5e183d2372d 28bd93957e9d436992478ba127187fb6 - - -] x.x.x.2 - - [09/Feb/2017 10:56:49] "GET /v2.0/networks.json?id=584d9ef6-3673-4cd5-beb9-87b3158d953a HTTP/1.1" 200 958 0.098491
2017-02-09 10:56:49.864 24686 INFO neutron.wsgi [req-deee5c27-2e59-4277-b9b2-782c08234fb4 d1c38380ca9d4ec39e97f5e183d2372d 28bd93957e9d436992478ba127187fb6 - - -] x.x.x.2 - - [09/Feb/2017 10:56:49] "GET /v2.0/floatingips.json?fixed_ip_address=192.168.2.6&port_id=57eafe39-74bf-406f-abc0-ec905390161d HTTP/1.1" 200 217 0.057415
2017-02-09 10:56:49.945 24686 INFO neutron.wsgi [req-c3435756-6086-4b57-bcc5-dabd9cffed34 d1c38380ca9d4ec39e97f5e183d2372d 28bd93957e9d436992478ba127187fb6 - - -] x.x.x.2 - - [09/Feb/2017 10:56:49] "GET /v2.0/subnets.json?id=5278228b-fde9-4528-96be-4f67c2669452 HTTP/1.1" 200 851 0.076719
2017-02-09 10:56:50.023 24686 INFO neutron.wsgi [req-20a6f8e6-d147-44e3-bfe5-579dd47362a9 d1c38380ca9d4ec39e97f5e183d2372d 28bd93957e9d436992478ba127187fb6 - - -] x.x.x.2 - - [09/Feb/2017 10:56:50] "GET /v2.0/ports.json?network_id=584d9ef6-3673-4cd5-beb9-87b3158d953a&device_owner=network%3Adhcp HTTP/1.1" 200 1258 0.073373
2017-02-09 10:56:58.024 24697 WARNING neutron.db.agents_db [req-81bfd8d6-e408-4e42-9838-4ea1aab5e372 - - - - -] Agent healthcheck: found 1 dead agents out of 5:
                Type       Last heartbeat host
  Open vSwitch agent  2017-02-09 10:46:33 mysql-002.vassilevski.com
2017-02-09 10:57:35.029 24697 WARNING neutron.db.agents_db [req-81bfd8d6-e408-4e42-9838-4ea1aab5e372 - - - - -] Agent healthcheck: found 1 dead agents out of 5:
                Type       Last heartbeat host
  Open vSwitch agent  2017-02-09 10:46:33 mysql-002.vassilevski.com
2017-02-09 10:57:49.688 24686 INFO neutron.wsgi [req-e6056355-c0ca-4d7f-aa20-190d86497252 d1c38380ca9d4ec39e97f5e183d2372d 28bd93957e9d436992478ba127187fb6 - - -] x.x.x.2 - - [09/Feb/2017 10:57:49] "GET /v2.0/ports.json?tenant_id=c674ba8aac9545daa2b9184cd2e984f7&device_id=efca1ee1-f6dd-4aea-b584-775c7b2de29b HTTP/1.1" 200 1168 0.122917
2017-02-09 10:57:49.824 24686 INFO neutron.wsgi [req-9e739a74-dcf0-4dab-aae6-fe39c62eb1b8 d1c38380ca9d4ec39e97f5e183d2372d 28bd93957e9d436992478ba127187fb6 - - -] x.x.x.2 - - [09/Feb/2017 10:57:49] "GET /v2.0/networks.json?id=584d9ef6-3673-4cd5-beb9-87b3158d953a HTTP/1.1" 200 958 0.131958
2017-02-09 10:57:49.873 24686 INFO neutron.wsgi [req-971ecba0-6122-4f4b-9e0f-b108815751c4 d1c38380ca9d4ec39e97f5e183d2372d 28bd93957e9d436992478ba127187fb6 - - -] x.x.x.2 - - [09/Feb/2017 10:57:49] "GET /v2.0/floatingips.json?fixed_ip_address=192.168.2.6&port_id=57eafe39-74bf-406f-abc0-ec905390161d HTTP/1.1" 200 217 0.044399
2017-02-09 10:57:49.984 24686 INFO neutron.wsgi [req-f6a83138-40bb-4078-8eaf-f70adec3180e d1c38380ca9d4ec39e97f5e183d2372d 28bd93957e9d436992478ba127187fb6 - - -] x.x.x.2 - - [09/Feb/2017 10:57:49] "GET /v2.0/subnets.json?id=5278228b-fde9-4528-96be-4f67c2669452 HTTP/1.1" 200 851 0.105770
2017-02-09 10:57:50.056 24686 INFO neutron.wsgi [req-07390a4f-a884-4a35-8ad1-a4eaaee971ec d1c38380ca9d4ec39e97f5e183d2372d 28bd93957e9d436992478ba127187fb6 - - -] x.x.x.2 - - [09/Feb/2017 10:57:50] "GET /v2.0/ports.json?network_id=584d9ef6-3673-4cd5-beb9-87b3158d953a&device_owner=network%3Adhcp HTTP/1.1" 200 1258 0.068168
2017-02-09 10:58:12.021 24697 WARNING neutron.db.agents_db [req-81bfd8d6-e408-4e42-9838-4ea1aab5e372 - - - - -] Agent healthcheck: found 1 dead agents out of 5:
                Type       Last heartbeat host
  Open vSwitch agent  2017-02-09 10:46:33 mysql-002.vassilevski.com
2017-02-09 10:58:49.022 24697 WARNING neutron.db.agents_db [req-81bfd8d6-e408-4e42-9838-4ea1aab5e372 - - - - -] Agent healthcheck: found 1 dead agents out of 5:
                Type       Last heartbeat host
  Open vSwitch agent  2017-02-09 10:46:33 mysql-002.vassilevski.com
2017-02-09 10:58:50.696 24686 INFO neutron.wsgi [req-7e01505b-95b2-489c-af85-e069e726c0be d1c38380ca9d4ec39e97f5e183d2372d 28bd93957e9d436992478ba127187fb6 - - -] x.x.x.2 - - [09/Feb/2017 10:58:50] "GET /v2.0/ports.json?tenant_id=c674ba8aac9545daa2b9184cd2e984f7&device_id=efca1ee1-f6dd-4aea-b584-775c7b2de29b HTTP/1.1" 200 1168 0.124977
2017-02-09 10:58:50.831 24686 INFO neutron.wsgi [req-70da248d-8937-4f11-8441-412145021e75 d1c38380ca9d4ec39e97f5e183d2372d 28bd93957e9d436992478ba127187fb6 - - -] x.x.x.2 - - [09/Feb/2017 10:58:50] "GET /v2.0/networks.json?id=584d9ef6-3673-4cd5-beb9-87b3158d953a HTTP/1.1" 200 958 0.129987
2017-02-09 10:58:50.909 24686 INFO neutron.wsgi [req-b462840e-e068-4405-a571-73b4b1d72485 d1c38380ca9d4ec39e97f5e183d2372d 28bd93957e9d436992478ba127187fb6 - - -] x.x.x.2 - - [09/Feb/2017 10:58:50] "GET /v2.0/floatingips.json?fixed_ip_address=192.168.2.6&port_id=57eafe39-74bf-406f-abc0-ec905390161d HTTP/1.1" 200 217 0.073106
2017-02-09 10:58:51.029 24686 INFO neutron.wsgi [req-fcf63d52-e38d-4d1e-857f-a80edf5f6d39 d1c38380ca9d4ec39e97f5e183d2372d 28bd93957e9d436992478ba127187fb6 - - -] x.x.x.2 - - [09/Feb/2017 10:58:51] "GET /v2.0/subnets.json?id=5278228b-fde9-4528-96be-4f67c2669452 HTTP/1.1" 200 851 0.115578
2017-02-09 10:58:51.114 24686 INFO neutron.wsgi [req-438ccbde-53ea-4297-bad7-d0df7f7a47a7 d1c38380ca9d4ec39e97f5e183d2372d 28bd93957e9d436992478ba127187fb6 - - -] x.x.x.2 - - [09/Feb/2017 10:58:51] "GET /v2.0/ports.json?network_id=584d9ef6-3673-4cd5-beb9-87b3158d953a&device_owner=network%3Adhcp HTTP/1.1" 200 1258 0.080429
2017-02-09 10:59:26.027 24697 WARNING neutron.db.agents_db [req-81bfd8d6-e408-4e42-9838-4ea1aab5e372 - - - - -] Agent healthcheck: found 1 dead agents out of 5:
                Type       Last heartbeat host
  Open vSwitch agent  2017-02-09 10:46:33 mysql-002.vassilevski.com
2017-02-09 10:59:51.835 24686 INFO neutron.wsgi [req-ee504571-0837-49fe-9b4c-c1b52f1b8677 d1c38380ca9d4ec39e97f5e183d2372d 28bd93957e9d436992478ba127187fb6 - - -] x.x.x.2 - - [09/Feb/2017 10:59:51] "GET /v2.0/ports.json?tenant_id=c674ba8aac9545daa2b9184cd2e984f7&device_id=efca1ee1-f6dd-4aea-b584-775c7b2de29b HTTP/1.1" 200 1168 0.264414
2017-02-09 10:59:51.948 24686 INFO neutron.wsgi [req-a86786c6-565f-470c-8c7b-4776abcf8bf6 d1c38380ca9d4ec39e97f5e183d2372d 28bd93957e9d436992478ba127187fb6 - - -] x.x.x.2 - - [09/Feb/2017 10:59:51] "GET /v2.0/networks.json?id=584d9ef6-3673-4cd5-beb9-87b3158d953a HTTP/1.1" 200 958 0.107688
2017-02-09 10:59:51.997 24686 INFO neutron.wsgi [req-bfe576dc-5c52-43b7-ab0a-a122a72721d5 d1c38380ca9d4ec39e97f5e183d2372d 28bd93957e9d436992478ba127187fb6 - - -] x.x.x.2 - - [09/Feb/2017 10:59:51] "GET /v2.0/floatingips.json?fixed_ip_address=192.168.2.6&port_id=57eafe39-74bf-406f-abc0-ec905390161d HTTP/1.1" 200 217 0.045829
2017-02-09 10:59:52.090 24686 INFO neutron.wsgi [req-4f9cda74-473f-4dbd-9667-2153edfa7264 d1c38380ca9d4ec39e97f5e183d2372d 28bd93957e9d436992478ba127187fb6 - - -] x.x.x.2 - - [09/Feb/2017 10:59:52] "GET /v2.0/subnets.json?id=5278228b-fde9-4528-96be-4f67c2669452 HTTP/1.1" 200 851 0.088144
2017-02-09 10:59:52.157 24686 INFO neutron.wsgi [req-8bcdce92-3857-4bc0-8000-b8bf025d545f d1c38380ca9d4ec39e97f5e183d2372d 28bd93957e9d436992478ba127187fb6 - - -] x.x.x.2 - - [09/Feb/2017 10:59:52] "GET /v2.0/ports.json?network_id=584d9ef6-3673-4cd5-beb9-87b3158d953a&device_owner=network%3Adhcp HTTP/1.1" 200 1258 0.063524
2017-02-09 11:00:03.031 24697 WARNING neutron.db.agents_db [req-81bfd8d6-e408-4e42-9838-4ea1aab5e372 - - - - -] Agent healthcheck: found 1 dead agents out of 5:
                Type       Last heartbeat host
  Open vSwitch agent  2017-02-09 10:46:33 mysql-002.vassilevski.com
2017-02-09 11:00:40.033 24697 WARNING neutron.db.agents_db [req-81bfd8d6-e408-4e42-9838-4ea1aab5e372 - - - - -] Agent healthcheck: found 1 dead agents out of 5:
                Type       Last heartbeat host
  Open vSwitch agent  2017-02-09 10:46:33 mysql-002.vassilevski.com
2017-02-09 11:00:52.695 24686 INFO neutron.wsgi [req-aee29eb0-4006-4ea4-bef3-6a9deaec3355 d1c38380ca9d4ec39e97f5e183d2372d 28bd93957e9d436992478ba127187fb6 - - -] x.x.x.2 - - [09/Feb/2017 11:00:52] "GET /v2.0/ports.json?tenant_id=c674ba8aac9545daa2b9184cd2e984f7&device_id=efca1ee1-f6dd-4aea-b584-775c7b2de29b HTTP/1.1" 200 1168 0.124040
2017-02-09 11:00:52.824 24686 INFO neutron.wsgi [req-e2935ee1-3cdd-4b1b-9879-df7bb0eead25 d1c38380ca9d4ec39e97f5e183d2372d 28bd93957e9d436992478ba127187fb6 - - -] x.x.x.2 - - [09/Feb/2017 11:00:52] "GET /v2.0/networks.json?id=584d9ef6-3673-4cd5-beb9-87b3158d953a HTTP/1.1" 200 958 0.125097
2017-02-09 11:00:52.894 24686 INFO neutron.wsgi [req-a332b63a-749c-41bd-99ea-62f3a3ac7bdd d1c38380ca9d4ec39e97f5e183d2372d 28bd93957e9d436992478ba127187fb6 - - -] x.x.x.2 - - [09/Feb/2017 11:00:52] "GET /v2.0/floatingips.json?fixed_ip_address=192.168.2.6&port_id=57eafe39-74bf-406f-abc0-ec905390161d HTTP/1.1" 200 217 0.065058
2017-02-09 11:00:53.026 24686 INFO neutron.wsgi [req-dd67969e-bd30-4bd6-9425-a9a55029d0f4 d1c38380ca9d4ec39e97f5e183d2372d 28bd93957e9d436992478ba127187fb6 - - -] x.x.x.2 - - [09/Feb/2017 11:00:53] "GET /v2.0/subnets.json?id=5278228b-fde9-4528-96be-4f67c2669452 HTTP/1.1" 200 851 0.127827
2017-02-09 11:00:53.131 24686 INFO neutron.wsgi [req-7817e178-692b-4f42-8f73-56cc6b0f70fb d1c38380ca9d4ec39e97f5e183d2372d 28bd93957e9d436992478ba127187fb6 - - -] x.x.x.2 - - [09/Feb/2017 11:00:53] "GET /v2.0/ports.json?network_id=584d9ef6-3673-4cd5-beb9-87b3158d953a&device_owner=network%3Adhcp HTTP/1.1" 200 1258 0.101306
2017-02-09 11:01:17.034 24697 WARNING neutron.db.agents_db [req-81bfd8d6-e408-4e42-9838-4ea1aab5e372 - - - - -] Agent healthcheck: found 1 dead agents out of 5:
                Type       Last heartbeat host
  Open vSwitch agent  2017-02-09 10:46:33 mysql-002.vassilevski.com
2017-02-09 11:01:52.684 24686 INFO neutron.wsgi [req-c6527770-ff5f-45e0-a75b-3c2e602d0a0f d1c38380ca9d4ec39e97f5e183d2372d 28bd93957e9d436992478ba127187fb6 - - -] x.x.x.2 - - [09/Feb/2017 11:01:52] "GET /v2.0/ports.json?tenant_id=c674ba8aac9545daa2b9184cd2e984f7&device_id=efca1ee1-f6dd-4aea-b584-775c7b2de29b HTTP/1.1" 200 1168 0.128416
2017-02-09 11:01:52.805 24686 INFO neutron.wsgi [req-70eed322-424d-409a-85c5-fe8340dc667c d1c38380ca9d4ec39e97f5e183d2372d 28bd93957e9d436992478ba127187fb6 - - -] x.x.x.2 - - [09/Feb/2017 11:01:52] "GET /v2.0/networks.json?id=584d9ef6-3673-4cd5-beb9-87b3158d953a HTTP/1.1" 200 958 0.115755
2017-02-09 11:01:52.861 24686 INFO neutron.wsgi [req-a14f8057-4b82-4119-bdb8-ea739bc9b97d d1c38380ca9d4ec39e97f5e183d2372d 28bd93957e9d436992478ba127187fb6 - - -] x.x.x.2 - - [09/Feb/2017 11:01:52] "GET /v2.0/floatingips.json?fixed_ip_address=192.168.2.6&port_id=57eafe39-74bf-406f-abc0-ec905390161d HTTP/1.1" 200 217 0.051537
2017-02-09 11:01:52.968 24686 INFO neutron.wsgi [req-e17d23bf-05e0-4bda-bbad-eb09e88de839 d1c38380ca9d4ec39e97f5e183d2372d 28bd93957e9d436992478ba127187fb6 - - -] x.x.x.2 - - [09/Feb/2017 11:01:52] "GET /v2.0/subnets.json?id=5278228b-fde9-4528-96be-4f67c2669452 HTTP/1.1" 200 851 0.103979
2017-02-09 11:01:53.063 24686 INFO neutron.wsgi [req-3c9e1834-2823-45f5-bf87-ca2f095acd2f d1c38380ca9d4ec39e97f5e183d2372d 28bd93957e9d436992478ba127187fb6 - - -] x.x.x.2 - - [09/Feb/2017 11:01:53] "GET /v2.0/ports.json?network_id=584d9ef6-3673-4cd5-beb9-87b3158d953a&device_owner=network%3Adhcp HTTP/1.1" 200 1258 0.089575
2017-02-09 11:01:54.035 24697 WARNING neutron.db.agents_db [req-81bfd8d6-e408-4e42-9838-4ea1aab5e372 - - - - -] Agent healthcheck: found 1 dead agents out of 5:
                Type       Last heartbeat host
  Open vSwitch agent  2017-02-09 10:46:33 mysql-002.vassilevski.com
2017-02-09 11:02:31.036 24697 WARNING neutron.db.agents_db [req-81bfd8d6-e408-4e42-9838-4ea1aab5e372 - - - - -] Agent healthcheck: found 1 dead agents out of 5:
                Type       Last heartbeat host
  Open vSwitch agent  2017-02-09 10:46:33 mysql-002.vassilevski.com
