2017-02-09 07:43:46.683 14572 WARNING oslo_reports.guru_meditation_report [-] Guru meditation now registers SIGUSR1 and SIGUSR2 by default for backward compatibility. SIGUSR1 will no longer be registered in a future release, so please use SIGUSR2 to generate reports.
2017-02-09 07:43:47.369 14572 INFO nova.api.openstack [req-6a60cd70-60b4-433a-a4a5-26916edc711c - - - - -] Loaded extensions: ['extensions', 'flavors', 'image-metadata', 'image-size', 'images', 'ips', 'limits', 'os-admin-actions', 'os-admin-password', 'os-agents', 'os-aggregates', 'os-assisted-volume-snapshots', 'os-attach-interfaces', 'os-availability-zone', 'os-baremetal-nodes', 'os-block-device-mapping', 'os-cells', 'os-certificates', 'os-cloudpipe', 'os-config-drive', 'os-console-auth-tokens', 'os-console-output', 'os-consoles', 'os-create-backup', 'os-deferred-delete', 'os-evacuate', 'os-extended-availability-zone', 'os-extended-server-attributes', 'os-extended-status', 'os-extended-volumes', 'os-fixed-ips', 'os-flavor-access', 'os-flavor-extra-specs', 'os-flavor-manage', 'os-flavor-rxtx', 'os-floating-ip-dns', 'os-floating-ip-pools', 'os-floating-ips', 'os-floating-ips-bulk', 'os-fping', 'os-hide-server-addresses', 'os-hosts', 'os-hypervisors', 'os-instance-actions', 'os-instance-usage-audit-log', 'os-keypairs', 'os-lock-server', 'os-migrate-server', 'os-migrations', 'os-multinic', 'os-multiple-create', 'os-networks', 'os-networks-associate', 'os-pause-server', 'os-quota-class-sets', 'os-quota-sets', 'os-remote-consoles', 'os-rescue', 'os-scheduler-hints', 'os-security-group-default-rules', 'os-security-groups', 'os-server-diagnostics', 'os-server-external-events', 'os-server-groups', 'os-server-password', 'os-server-tags', 'os-server-usage', 'os-services', 'os-shelve', 'os-simple-tenant-usage', 'os-suspend-server', 'os-tenant-networks', 'os-used-limits', 'os-user-data', 'os-virtual-interfaces', 'os-volumes', 'server-metadata', 'server-migrations', 'servers', 'versions']
2017-02-09 07:43:47.604 14572 INFO nova.api.openstack [req-6a60cd70-60b4-433a-a4a5-26916edc711c - - - - -] Loaded extensions: ['extensions', 'flavors', 'image-metadata', 'image-size', 'images', 'ips', 'limits', 'os-admin-actions', 'os-admin-password', 'os-agents', 'os-aggregates', 'os-assisted-volume-snapshots', 'os-attach-interfaces', 'os-availability-zone', 'os-baremetal-nodes', 'os-block-device-mapping', 'os-cells', 'os-certificates', 'os-cloudpipe', 'os-config-drive', 'os-console-auth-tokens', 'os-console-output', 'os-consoles', 'os-create-backup', 'os-deferred-delete', 'os-evacuate', 'os-extended-availability-zone', 'os-extended-server-attributes', 'os-extended-status', 'os-extended-volumes', 'os-fixed-ips', 'os-flavor-access', 'os-flavor-extra-specs', 'os-flavor-manage', 'os-flavor-rxtx', 'os-floating-ip-dns', 'os-floating-ip-pools', 'os-floating-ips', 'os-floating-ips-bulk', 'os-fping', 'os-hide-server-addresses', 'os-hosts', 'os-hypervisors', 'os-instance-actions', 'os-instance-usage-audit-log', 'os-keypairs', 'os-lock-server', 'os-migrate-server', 'os-migrations', 'os-multinic', 'os-multiple-create', 'os-networks', 'os-networks-associate', 'os-pause-server', 'os-quota-class-sets', 'os-quota-sets', 'os-remote-consoles', 'os-rescue', 'os-scheduler-hints', 'os-security-group-default-rules', 'os-security-groups', 'os-server-diagnostics', 'os-server-external-events', 'os-server-groups', 'os-server-password', 'os-server-tags', 'os-server-usage', 'os-services', 'os-shelve', 'os-simple-tenant-usage', 'os-suspend-server', 'os-tenant-networks', 'os-used-limits', 'os-user-data', 'os-virtual-interfaces', 'os-volumes', 'server-metadata', 'server-migrations', 'servers', 'versions']
2017-02-09 07:43:47.615 14572 INFO nova.wsgi [req-6a60cd70-60b4-433a-a4a5-26916edc711c - - - - -] osapi_compute listening on 0.0.0.0:8774
2017-02-09 07:43:47.615 14572 INFO oslo_service.service [req-6a60cd70-60b4-433a-a4a5-26916edc711c - - - - -] Starting 40 workers
2017-02-09 07:43:47.772 14572 INFO nova.network.driver [req-6a60cd70-60b4-433a-a4a5-26916edc711c - - - - -] Loading network driver 'nova.network.linux_net'
2017-02-09 07:43:48.043 15279 INFO nova.osapi_compute.wsgi.server [req-ed97616e-6167-497b-bedc-e8346dda5c35 - - - - -] (15279) wsgi starting up on http://0.0.0.0:8774
2017-02-09 07:43:48.056 15259 INFO nova.osapi_compute.wsgi.server [req-cb01ef80-0b5d-40c3-a6fd-782afa4e1c4d - - - - -] (15259) wsgi starting up on http://0.0.0.0:8774
2017-02-09 07:43:48.130 15263 INFO nova.osapi_compute.wsgi.server [req-f9188c3f-fa00-4a86-9ffb-402808674c1c - - - - -] (15263) wsgi starting up on http://0.0.0.0:8774
2017-02-09 07:43:48.130 15304 INFO nova.osapi_compute.wsgi.server [req-e5b6fc73-108f-4379-83cc-6ddf0421cdb8 - - - - -] (15304) wsgi starting up on http://0.0.0.0:8774
2017-02-09 07:43:48.131 15296 INFO nova.osapi_compute.wsgi.server [req-211b5d16-fa53-41da-8961-32f9ed611283 - - - - -] (15296) wsgi starting up on http://0.0.0.0:8774
2017-02-09 07:43:48.132 15285 INFO nova.osapi_compute.wsgi.server [req-60f84d94-ad76-45c9-a108-1052aec549d7 - - - - -] (15285) wsgi starting up on http://0.0.0.0:8774
2017-02-09 07:43:48.146 15257 INFO nova.osapi_compute.wsgi.server [req-f49b8e56-c067-43d9-9ef8-5f2fa1db9f71 - - - - -] (15257) wsgi starting up on http://0.0.0.0:8774
2017-02-09 07:43:48.149 15264 INFO nova.osapi_compute.wsgi.server [req-562f0e59-5863-44d0-87c3-2401a599410b - - - - -] (15264) wsgi starting up on http://0.0.0.0:8774
2017-02-09 07:43:48.149 15258 INFO nova.osapi_compute.wsgi.server [req-d95f0a5e-5f6f-4e3d-8499-0b4ce8112ad7 - - - - -] (15258) wsgi starting up on http://0.0.0.0:8774
2017-02-09 07:43:48.152 15265 INFO nova.osapi_compute.wsgi.server [req-14fc38f9-d926-435d-8104-e8e33a73da27 - - - - -] (15265) wsgi starting up on http://0.0.0.0:8774
2017-02-09 07:43:48.153 15310 INFO nova.osapi_compute.wsgi.server [req-8134d66f-c702-4606-842a-5275ea00eed8 - - - - -] (15310) wsgi starting up on http://0.0.0.0:8774
2017-02-09 07:43:48.153 15281 INFO nova.osapi_compute.wsgi.server [req-e17c8858-b96b-4e55-b2fb-5932c07239ed - - - - -] (15281) wsgi starting up on http://0.0.0.0:8774
2017-02-09 07:43:48.156 15253 INFO nova.osapi_compute.wsgi.server [req-dd69506b-bdb0-4e5f-ae18-6ab4c7840de6 - - - - -] (15253) wsgi starting up on http://0.0.0.0:8774
2017-02-09 07:43:48.156 15308 INFO nova.osapi_compute.wsgi.server [req-29ff4822-e34e-4b4a-9d66-4c6260f9d7aa - - - - -] (15308) wsgi starting up on http://0.0.0.0:8774
2017-02-09 07:43:48.156 15306 INFO nova.osapi_compute.wsgi.server [req-d9798343-5e16-4539-ab24-57fd3ace3207 - - - - -] (15306) wsgi starting up on http://0.0.0.0:8774
2017-02-09 07:43:48.157 15256 INFO nova.osapi_compute.wsgi.server [req-caa7448c-c34e-4e4b-bb74-2658819c83ab - - - - -] (15256) wsgi starting up on http://0.0.0.0:8774
2017-02-09 07:43:48.157 15251 INFO nova.osapi_compute.wsgi.server [req-d4f66c72-d155-4bc3-b618-991e6335b750 - - - - -] (15251) wsgi starting up on http://0.0.0.0:8774
2017-02-09 07:43:48.157 15246 INFO nova.osapi_compute.wsgi.server [req-b53161ab-a11f-4aff-988d-7b6ebefdd3e6 - - - - -] (15246) wsgi starting up on http://0.0.0.0:8774
2017-02-09 07:43:48.157 15248 INFO nova.osapi_compute.wsgi.server [req-df80abef-b623-43fb-9cf5-ce75e9d1e703 - - - - -] (15248) wsgi starting up on http://0.0.0.0:8774
2017-02-09 07:43:48.157 15301 INFO nova.osapi_compute.wsgi.server [req-f46b5254-57ae-45bc-b066-ca8f6198c84b - - - - -] (15301) wsgi starting up on http://0.0.0.0:8774
2017-02-09 07:43:48.157 15289 INFO nova.osapi_compute.wsgi.server [req-f7a44d59-773c-47a1-843c-cc19fd89343c - - - - -] (15289) wsgi starting up on http://0.0.0.0:8774
2017-02-09 07:43:48.157 15291 INFO nova.osapi_compute.wsgi.server [req-a147c1c4-393a-400e-a60d-721b5efcda28 - - - - -] (15291) wsgi starting up on http://0.0.0.0:8774
2017-02-09 07:43:48.157 15242 INFO nova.osapi_compute.wsgi.server [req-84ce8dc9-d8a8-42b0-93a4-6111b2745220 - - - - -] (15242) wsgi starting up on http://0.0.0.0:8774
2017-02-09 07:43:48.157 15309 INFO nova.osapi_compute.wsgi.server [req-7f2e6882-1294-4b31-af0a-5349c5b75e35 - - - - -] (15309) wsgi starting up on http://0.0.0.0:8774
2017-02-09 07:43:48.157 15254 INFO nova.osapi_compute.wsgi.server [req-e9397e19-39f2-41e5-8879-fc35169741a6 - - - - -] (15254) wsgi starting up on http://0.0.0.0:8774
2017-02-09 07:43:48.157 15276 INFO nova.osapi_compute.wsgi.server [req-4acd596e-2c96-42ed-a47d-ff107bd8a40a - - - - -] (15276) wsgi starting up on http://0.0.0.0:8774
2017-02-09 07:43:48.157 15243 INFO nova.osapi_compute.wsgi.server [req-8c3055bb-977f-4fcb-8df8-8dc7f99fb37e - - - - -] (15243) wsgi starting up on http://0.0.0.0:8774
2017-02-09 07:43:48.158 15313 INFO nova.osapi_compute.wsgi.server [req-2f5fd9b5-0dd1-4d73-86ec-a7878eee5849 - - - - -] (15313) wsgi starting up on http://0.0.0.0:8774
2017-02-09 07:43:48.158 15293 INFO nova.osapi_compute.wsgi.server [req-1c592e6d-40a7-4142-8efb-5175233092e9 - - - - -] (15293) wsgi starting up on http://0.0.0.0:8774
2017-02-09 07:43:48.160 15255 INFO nova.osapi_compute.wsgi.server [req-a95d7175-dc9f-4bea-b3d1-c56896763031 - - - - -] (15255) wsgi starting up on http://0.0.0.0:8774
2017-02-09 07:43:48.160 15245 INFO nova.osapi_compute.wsgi.server [req-1d100071-8c0b-4ab9-b611-49bd8c847da3 - - - - -] (15245) wsgi starting up on http://0.0.0.0:8774
2017-02-09 07:43:48.160 15250 INFO nova.osapi_compute.wsgi.server [req-2ff5c769-38c5-4236-994f-0ebcba9bc568 - - - - -] (15250) wsgi starting up on http://0.0.0.0:8774
2017-02-09 07:43:48.161 15267 INFO nova.osapi_compute.wsgi.server [req-28e86925-a677-44df-8bdd-91e39a76c7ef - - - - -] (15267) wsgi starting up on http://0.0.0.0:8774
2017-02-09 07:43:48.161 15302 INFO nova.osapi_compute.wsgi.server [req-28a837bb-0273-4315-9f32-e476803c5167 - - - - -] (15302) wsgi starting up on http://0.0.0.0:8774
2017-02-09 07:43:48.161 15244 INFO nova.osapi_compute.wsgi.server [req-8fcb67ad-26a7-492a-ad2c-8cd819dfa7c0 - - - - -] (15244) wsgi starting up on http://0.0.0.0:8774
2017-02-09 07:43:48.161 15240 INFO nova.osapi_compute.wsgi.server [req-07d32f76-e413-4614-874b-795a39e3e5e3 - - - - -] (15240) wsgi starting up on http://0.0.0.0:8774
2017-02-09 07:43:48.162 15249 INFO nova.osapi_compute.wsgi.server [req-5b75ecaa-7a94-427f-88c6-40138b2b3845 - - - - -] (15249) wsgi starting up on http://0.0.0.0:8774
2017-02-09 07:43:48.162 15252 INFO nova.osapi_compute.wsgi.server [req-7e2e06b7-98cb-4165-ba49-91de60834ddc - - - - -] (15252) wsgi starting up on http://0.0.0.0:8774
2017-02-09 07:43:48.164 15241 INFO nova.osapi_compute.wsgi.server [req-b68f1fe7-d1bc-405c-8d38-87c6143b5444 - - - - -] (15241) wsgi starting up on http://0.0.0.0:8774
2017-02-09 07:43:48.165 15247 INFO nova.osapi_compute.wsgi.server [req-e5076e93-3531-4edf-a076-251aaab647f6 - - - - -] (15247) wsgi starting up on http://0.0.0.0:8774
2017-02-09 07:43:48.219 14572 INFO nova.wsgi [req-6a60cd70-60b4-433a-a4a5-26916edc711c - - - - -] metadata listening on 0.0.0.0:8775
2017-02-09 07:43:48.220 14572 INFO oslo_service.service [req-6a60cd70-60b4-433a-a4a5-26916edc711c - - - - -] Starting 40 workers
2017-02-09 07:43:48.541 15346 INFO nova.metadata.wsgi.server [req-d34c0adf-c5d8-4b07-bb83-33a61efa56c7 - - - - -] (15346) wsgi starting up on http://0.0.0.0:8775
2017-02-09 07:43:48.547 15339 INFO nova.metadata.wsgi.server [req-078b6b4e-bfee-4f63-8d81-0596d6e047fe - - - - -] (15339) wsgi starting up on http://0.0.0.0:8775
2017-02-09 07:43:48.558 15338 INFO nova.metadata.wsgi.server [req-30610d86-ec3a-4b04-bb5e-403d0d2dc6e3 - - - - -] (15338) wsgi starting up on http://0.0.0.0:8775
2017-02-09 07:43:48.559 15344 INFO nova.metadata.wsgi.server [req-a5f11307-33fd-473d-b1ac-71e51df0c869 - - - - -] (15344) wsgi starting up on http://0.0.0.0:8775
2017-02-09 07:43:48.569 15342 INFO nova.metadata.wsgi.server [req-1f1cf58b-46cc-45c4-9416-6a568e3b9edc - - - - -] (15342) wsgi starting up on http://0.0.0.0:8775
2017-02-09 07:43:48.571 15343 INFO nova.metadata.wsgi.server [req-f7b6c682-645c-430a-add1-c79ecaf9b6ad - - - - -] (15343) wsgi starting up on http://0.0.0.0:8775
2017-02-09 07:43:48.572 15354 INFO nova.metadata.wsgi.server [req-6bb2db9a-e2bf-4533-9964-e1b28c6f7c23 - - - - -] (15354) wsgi starting up on http://0.0.0.0:8775
2017-02-09 07:43:48.587 15349 INFO nova.metadata.wsgi.server [req-1ec02692-3af1-437c-a879-8dcea8fb3810 - - - - -] (15349) wsgi starting up on http://0.0.0.0:8775
2017-02-09 07:43:48.588 15340 INFO nova.metadata.wsgi.server [req-f9ec1515-b57b-448b-8e65-d80013d2ec5f - - - - -] (15340) wsgi starting up on http://0.0.0.0:8775
2017-02-09 07:43:48.588 15365 INFO nova.metadata.wsgi.server [req-eed9df88-5b2c-4664-80a2-cb3c5d7b48ef - - - - -] (15365) wsgi starting up on http://0.0.0.0:8775
2017-02-09 07:43:48.590 15351 INFO nova.metadata.wsgi.server [req-066aecfb-6cd4-4bcf-9793-f356ecd7c50f - - - - -] (15351) wsgi starting up on http://0.0.0.0:8775
2017-02-09 07:43:48.592 15360 INFO nova.metadata.wsgi.server [req-bde44f41-76da-408b-a9f9-221b31e2b41e - - - - -] (15360) wsgi starting up on http://0.0.0.0:8775
2017-02-09 07:43:48.596 15347 INFO nova.metadata.wsgi.server [req-b5f48912-40c9-45f2-a371-1b5992831b8f - - - - -] (15347) wsgi starting up on http://0.0.0.0:8775
2017-02-09 07:43:48.599 15356 INFO nova.metadata.wsgi.server [req-7604ab94-06c5-41e4-bdce-c43d3650135e - - - - -] (15356) wsgi starting up on http://0.0.0.0:8775
2017-02-09 07:43:48.611 15345 INFO nova.metadata.wsgi.server [req-fd3b252c-ea88-4800-8a0a-ef3cc7aa4fae - - - - -] (15345) wsgi starting up on http://0.0.0.0:8775
2017-02-09 07:43:48.620 15374 INFO nova.metadata.wsgi.server [req-0ccead35-02d6-4e80-92e3-f175c9b38f81 - - - - -] (15374) wsgi starting up on http://0.0.0.0:8775
2017-02-09 07:43:48.624 15362 INFO nova.metadata.wsgi.server [req-07d17326-9c0c-4c71-b31d-2cad01fd92f1 - - - - -] (15362) wsgi starting up on http://0.0.0.0:8775
2017-02-09 07:43:48.629 15358 INFO nova.metadata.wsgi.server [req-9c1dc9ce-7249-487f-8038-fd145e083d74 - - - - -] (15358) wsgi starting up on http://0.0.0.0:8775
2017-02-09 07:43:48.630 15368 INFO nova.metadata.wsgi.server [req-97f2bc01-4849-4506-a903-caed047808c1 - - - - -] (15368) wsgi starting up on http://0.0.0.0:8775
2017-02-09 07:43:48.634 15384 INFO nova.metadata.wsgi.server [req-e9a7cc81-e801-4d6f-a7b2-a74a10229cb0 - - - - -] (15384) wsgi starting up on http://0.0.0.0:8775
2017-02-09 07:43:48.642 15371 INFO nova.metadata.wsgi.server [req-2ed4f6c1-4522-41bb-9580-e71ed5129a5f - - - - -] (15371) wsgi starting up on http://0.0.0.0:8775
2017-02-09 07:43:48.643 15380 INFO nova.metadata.wsgi.server [req-57d62625-3e12-40ff-891b-b6d3612ae305 - - - - -] (15380) wsgi starting up on http://0.0.0.0:8775
2017-02-09 07:43:48.648 15379 INFO nova.metadata.wsgi.server [req-6158d66f-7e51-4040-9c43-78e4b7d8ee39 - - - - -] (15379) wsgi starting up on http://0.0.0.0:8775
2017-02-09 07:43:48.656 15376 INFO nova.metadata.wsgi.server [req-24ce9e13-0607-4f10-ade6-66e3b5cb0168 - - - - -] (15376) wsgi starting up on http://0.0.0.0:8775
2017-02-09 07:43:48.658 15387 INFO nova.metadata.wsgi.server [req-e1c5ad4c-d63b-4852-b463-5002d5802577 - - - - -] (15387) wsgi starting up on http://0.0.0.0:8775
2017-02-09 07:43:48.659 15386 INFO nova.metadata.wsgi.server [req-e8bb1c8c-7d4a-4413-8098-0366db269019 - - - - -] (15386) wsgi starting up on http://0.0.0.0:8775
2017-02-09 07:43:48.667 15405 INFO nova.metadata.wsgi.server [req-cf03da25-7527-4f54-9780-2e93419ad73c - - - - -] (15405) wsgi starting up on http://0.0.0.0:8775
2017-02-09 07:43:48.667 15393 INFO nova.metadata.wsgi.server [req-0064469a-11f4-4942-9c33-2de25f37f0df - - - - -] (15393) wsgi starting up on http://0.0.0.0:8775
2017-02-09 07:43:48.673 15383 INFO nova.metadata.wsgi.server [req-11d6ecf7-a6ee-4c67-b7ed-964bf7b47c6f - - - - -] (15383) wsgi starting up on http://0.0.0.0:8775
2017-02-09 07:43:48.677 15394 INFO nova.metadata.wsgi.server [req-75b44b0b-edde-4ed5-8756-a74a30983fc6 - - - - -] (15394) wsgi starting up on http://0.0.0.0:8775
2017-02-09 07:43:48.678 15397 INFO nova.metadata.wsgi.server [req-74463ed6-4a77-4020-b281-d4057565c22f - - - - -] (15397) wsgi starting up on http://0.0.0.0:8775
2017-02-09 07:43:48.679 15389 INFO nova.metadata.wsgi.server [req-23011211-36da-4a33-9987-4c77505b2a67 - - - - -] (15389) wsgi starting up on http://0.0.0.0:8775
2017-02-09 07:43:48.682 15406 INFO nova.metadata.wsgi.server [req-6686ad2d-8a59-4ea2-a025-a8a5c26e73ad - - - - -] (15406) wsgi starting up on http://0.0.0.0:8775
2017-02-09 07:43:48.695 15399 INFO nova.metadata.wsgi.server [req-483e9324-7ae3-43de-8a75-81da0682b5ef - - - - -] (15399) wsgi starting up on http://0.0.0.0:8775
2017-02-09 07:43:48.698 15401 INFO nova.metadata.wsgi.server [req-da593e8e-2846-463a-8e75-f104ce70d389 - - - - -] (15401) wsgi starting up on http://0.0.0.0:8775
2017-02-09 07:43:48.700 15395 INFO nova.metadata.wsgi.server [req-4d8e5e78-e7d8-4e03-9a39-ca6426a89cef - - - - -] (15395) wsgi starting up on http://0.0.0.0:8775
2017-02-09 07:43:48.706 15402 INFO nova.metadata.wsgi.server [req-a1f5bf35-50f6-4ed3-8c5e-952f8309ecf0 - - - - -] (15402) wsgi starting up on http://0.0.0.0:8775
2017-02-09 07:43:48.719 15411 INFO nova.metadata.wsgi.server [req-aeaedbb0-58a0-4e06-aa21-238eeb0cab2c - - - - -] (15411) wsgi starting up on http://0.0.0.0:8775
2017-02-09 07:43:48.727 15410 INFO nova.metadata.wsgi.server [req-2e8887eb-bc6c-43c3-bdb1-365e43c289c9 - - - - -] (15410) wsgi starting up on http://0.0.0.0:8775
2017-02-09 07:43:48.741 15414 INFO nova.metadata.wsgi.server [req-40a1fbb5-be28-4cee-95f1-cf619612beae - - - - -] (15414) wsgi starting up on http://0.0.0.0:8775
2017-02-09 08:00:41.219 15247 INFO nova.osapi_compute.wsgi.server [req-cb17ba0d-bcc4-4314-917b-1358c6b79b9d fbf650853680448684c3eea8d2a6d0b7 e9f7777a80214091867a0e8bca2d8a22 - default default] x.x.x.2 "GET /v2.1/e9f7777a80214091867a0e8bca2d8a22 HTTP/1.1" status: 404 len: 331 time: 1.3836040
2017-02-09 08:00:41.261 15247 INFO nova.osapi_compute.wsgi.server [req-4e187bd5-0991-462c-82c8-3a74f1af28cf fbf650853680448684c3eea8d2a6d0b7 e9f7777a80214091867a0e8bca2d8a22 - default default] x.x.x.2 "GET /v2.1/ HTTP/1.1" status: 200 len: 751 time: 0.0391290
2017-02-09 08:00:41.516 15247 INFO nova.osapi_compute.wsgi.server [req-39344b95-d10d-4351-8b3b-f40084dcf247 fbf650853680448684c3eea8d2a6d0b7 e9f7777a80214091867a0e8bca2d8a22 - default default] x.x.x.2 "GET /v2.1/e9f7777a80214091867a0e8bca2d8a22/os-services HTTP/1.1" status: 200 len: 1800 time: 0.0945790
2017-02-09 08:00:43.871 15243 INFO nova.osapi_compute.wsgi.server [req-3ebdd77b-ad0a-41bb-ae18-3b27a036b389 fbf650853680448684c3eea8d2a6d0b7 e9f7777a80214091867a0e8bca2d8a22 - default default] x.x.x.2 "GET /v2.1/e9f7777a80214091867a0e8bca2d8a22 HTTP/1.1" status: 404 len: 331 time: 1.4445910
2017-02-09 08:00:43.923 15243 INFO nova.osapi_compute.wsgi.server [req-7eb9af1f-7977-43d0-bec2-8873b6d93f20 fbf650853680448684c3eea8d2a6d0b7 e9f7777a80214091867a0e8bca2d8a22 - default default] x.x.x.2 "GET /v2.1/ HTTP/1.1" status: 200 len: 751 time: 0.0497189
2017-02-09 08:00:44.942 15243 INFO nova.osapi_compute.wsgi.server [req-e1c8b0e2-9935-47f2-9f13-578f51a7662a fbf650853680448684c3eea8d2a6d0b7 e9f7777a80214091867a0e8bca2d8a22 - default default] x.x.x.2 "GET /v2.1/e9f7777a80214091867a0e8bca2d8a22/os-networks HTTP/1.1" status: 200 len: 1647 time: 0.8286839
2017-02-09 08:00:45.901 15247 INFO nova.osapi_compute.wsgi.server [req-ee1b8ff1-54be-4093-9316-255bc271253f fbf650853680448684c3eea8d2a6d0b7 e9f7777a80214091867a0e8bca2d8a22 - default default] x.x.x.2 "GET /v2.1/e9f7777a80214091867a0e8bca2d8a22 HTTP/1.1" status: 404 len: 331 time: 0.0877302
2017-02-09 08:00:45.954 15247 INFO nova.osapi_compute.wsgi.server [req-d642a575-b30d-49be-aef4-1cea5a8284f3 fbf650853680448684c3eea8d2a6d0b7 e9f7777a80214091867a0e8bca2d8a22 - default default] x.x.x.2 "GET /v2.1/ HTTP/1.1" status: 200 len: 751 time: 0.0488980
2017-02-09 08:00:46.295 15247 INFO nova.osapi_compute.wsgi.server [req-ebfb951d-b74d-4480-aae2-e2b9ecc363c0 fbf650853680448684c3eea8d2a6d0b7 e9f7777a80214091867a0e8bca2d8a22 - default default] x.x.x.2 "GET /v2.1/e9f7777a80214091867a0e8bca2d8a22/flavors/detail HTTP/1.1" status: 200 len: 825 time: 0.1304209
2017-02-09 08:00:47.221 15247 INFO nova.osapi_compute.wsgi.server [req-35386974-378c-4c3f-9e33-3372b803a5fe fbf650853680448684c3eea8d2a6d0b7 e9f7777a80214091867a0e8bca2d8a22 - default default] x.x.x.2 "GET /v2.1/e9f7777a80214091867a0e8bca2d8a22 HTTP/1.1" status: 404 len: 331 time: 0.0601029
2017-02-09 08:00:47.282 15247 INFO nova.osapi_compute.wsgi.server [req-996963cf-e277-40b1-b3f8-c2e80c75231b fbf650853680448684c3eea8d2a6d0b7 e9f7777a80214091867a0e8bca2d8a22 - default default] x.x.x.2 "GET /v2.1/ HTTP/1.1" status: 200 len: 751 time: 0.0580080
2017-02-09 08:00:47.932 15247 INFO nova.osapi_compute.wsgi.server [req-9cd74e50-cef9-4bdf-8dd3-58d42697e77a fbf650853680448684c3eea8d2a6d0b7 e9f7777a80214091867a0e8bca2d8a22 - default default] x.x.x.2 "GET /v2.1/e9f7777a80214091867a0e8bca2d8a22/servers/detail?all_tenants=1 HTTP/1.1" status: 200 len: 2562 time: 0.4408910
2017-02-09 08:24:54.171 15244 INFO nova.wsgi [-] Stopping WSGI server.
2017-02-09 08:24:54.172 15256 INFO nova.wsgi [-] Stopping WSGI server.
2017-02-09 08:24:54.172 15244 INFO nova.osapi_compute.wsgi.server [req-8fcb67ad-26a7-492a-ad2c-8cd819dfa7c0 - - - - -] (15244) wsgi exited, is_accepting=True
2017-02-09 08:24:54.171 15240 INFO nova.wsgi [-] Stopping WSGI server.
2017-02-09 08:24:54.172 15386 INFO nova.wsgi [-] Stopping WSGI server.
2017-02-09 08:24:54.172 15249 INFO nova.wsgi [-] Stopping WSGI server.
2017-02-09 08:24:54.172 15383 INFO nova.wsgi [-] Stopping WSGI server.
2017-02-09 08:24:54.172 15389 INFO nova.wsgi [-] Stopping WSGI server.
2017-02-09 08:24:54.173 15244 INFO nova.wsgi [req-6a60cd70-60b4-433a-a4a5-26916edc711c - - - - -] WSGI server has stopped.
2017-02-09 08:24:54.173 15256 INFO nova.osapi_compute.wsgi.server [req-caa7448c-c34e-4e4b-bb74-2658819c83ab - - - - -] (15256) wsgi exited, is_accepting=True
2017-02-09 08:24:54.173 15240 INFO nova.osapi_compute.wsgi.server [req-07d32f76-e413-4614-874b-795a39e3e5e3 - - - - -] (15240) wsgi exited, is_accepting=True
2017-02-09 08:24:54.173 15248 INFO nova.wsgi [-] Stopping WSGI server.
2017-02-09 08:24:54.174 15386 INFO nova.metadata.wsgi.server [req-e8bb1c8c-7d4a-4413-8098-0366db269019 - - - - -] (15386) wsgi exited, is_accepting=True
2017-02-09 08:24:54.173 15246 INFO nova.wsgi [-] Stopping WSGI server.
2017-02-09 08:24:54.174 15293 INFO nova.wsgi [-] Stopping WSGI server.
2017-02-09 08:24:54.174 15344 INFO nova.wsgi [-] Stopping WSGI server.
2017-02-09 08:24:54.174 15301 INFO nova.wsgi [-] Stopping WSGI server.
2017-02-09 08:24:54.174 15241 INFO nova.wsgi [-] Stopping WSGI server.
2017-02-09 08:24:54.174 15342 INFO nova.wsgi [-] Stopping WSGI server.
2017-02-09 08:24:54.174 15254 INFO nova.wsgi [-] Stopping WSGI server.
2017-02-09 08:24:54.173 15414 INFO nova.wsgi [-] Stopping WSGI server.
2017-02-09 08:24:54.175 15248 INFO nova.osapi_compute.wsgi.server [req-df80abef-b623-43fb-9cf5-ce75e9d1e703 - - - - -] (15248) wsgi exited, is_accepting=True
2017-02-09 08:24:54.175 15246 INFO nova.osapi_compute.wsgi.server [req-b53161ab-a11f-4aff-988d-7b6ebefdd3e6 - - - - -] (15246) wsgi exited, is_accepting=True
2017-02-09 08:24:54.175 15293 INFO nova.osapi_compute.wsgi.server [req-1c592e6d-40a7-4142-8efb-5175233092e9 - - - - -] (15293) wsgi exited, is_accepting=True
2017-02-09 08:24:54.172 15401 INFO nova.wsgi [-] Stopping WSGI server.
2017-02-09 08:24:54.172 15397 INFO nova.wsgi [-] Stopping WSGI server.
2017-02-09 08:24:54.175 15301 INFO nova.osapi_compute.wsgi.server [req-f46b5254-57ae-45bc-b066-ca8f6198c84b - - - - -] (15301) wsgi exited, is_accepting=True
2017-02-09 08:24:54.175 15304 INFO nova.wsgi [-] Stopping WSGI server.
2017-02-09 08:24:54.176 15241 INFO nova.osapi_compute.wsgi.server [req-b68f1fe7-d1bc-405c-8d38-87c6143b5444 - - - - -] (15241) wsgi exited, is_accepting=True
2017-02-09 08:24:54.176 15253 INFO nova.wsgi [-] Stopping WSGI server.
2017-02-09 08:24:54.172 15368 INFO nova.wsgi [-] Stopping WSGI server.
2017-02-09 08:24:54.175 15379 INFO nova.wsgi [-] Stopping WSGI server.
2017-02-09 08:24:54.175 15265 INFO nova.wsgi [-] Stopping WSGI server.
2017-02-09 08:24:54.176 15254 INFO nova.osapi_compute.wsgi.server [req-e9397e19-39f2-41e5-8879-fc35169741a6 - - - - -] (15254) wsgi exited, is_accepting=True
2017-02-09 08:24:54.176 15342 INFO nova.metadata.wsgi.server [req-1f1cf58b-46cc-45c4-9416-6a568e3b9edc - - - - -] (15342) wsgi exited, is_accepting=True
2017-02-09 08:24:54.176 15386 INFO nova.wsgi [req-6a60cd70-60b4-433a-a4a5-26916edc711c - - - - -] WSGI server has stopped.
2017-02-09 08:24:54.176 15257 INFO nova.wsgi [-] Stopping WSGI server.
2017-02-09 08:24:54.176 15358 INFO nova.wsgi [-] Stopping WSGI server.
2017-02-09 08:24:54.176 15397 INFO nova.metadata.wsgi.server [req-74463ed6-4a77-4020-b281-d4057565c22f - - - - -] (15397) wsgi exited, is_accepting=True
2017-02-09 08:24:54.176 15253 INFO nova.osapi_compute.wsgi.server [req-dd69506b-bdb0-4e5f-ae18-6ab4c7840de6 - - - - -] (15253) wsgi exited, is_accepting=True
2017-02-09 08:24:54.176 15304 INFO nova.osapi_compute.wsgi.server [req-e5b6fc73-108f-4379-83cc-6ddf0421cdb8 - - - - -] (15304) wsgi exited, is_accepting=True
2017-02-09 08:24:54.176 15256 INFO nova.wsgi [req-6a60cd70-60b4-433a-a4a5-26916edc711c - - - - -] WSGI server has stopped.
2017-02-09 08:24:54.177 15246 INFO nova.wsgi [req-6a60cd70-60b4-433a-a4a5-26916edc711c - - - - -] WSGI server has stopped.
2017-02-09 08:24:54.177 15368 INFO nova.metadata.wsgi.server [req-97f2bc01-4849-4506-a903-caed047808c1 - - - - -] (15368) wsgi exited, is_accepting=True
2017-02-09 08:24:54.177 15379 INFO nova.metadata.wsgi.server [req-6158d66f-7e51-4040-9c43-78e4b7d8ee39 - - - - -] (15379) wsgi exited, is_accepting=True
2017-02-09 08:24:54.176 15365 INFO nova.wsgi [-] Stopping WSGI server.
2017-02-09 08:24:54.176 15401 INFO nova.metadata.wsgi.server [req-da593e8e-2846-463a-8e75-f104ce70d389 - - - - -] (15401) wsgi exited, is_accepting=True
2017-02-09 08:24:54.177 15248 INFO nova.wsgi [req-6a60cd70-60b4-433a-a4a5-26916edc711c - - - - -] WSGI server has stopped.
2017-02-09 08:24:54.177 15301 INFO nova.wsgi [req-6a60cd70-60b4-433a-a4a5-26916edc711c - - - - -] WSGI server has stopped.
2017-02-09 08:24:54.177 15241 INFO nova.wsgi [req-6a60cd70-60b4-433a-a4a5-26916edc711c - - - - -] WSGI server has stopped.
2017-02-09 08:24:54.177 15257 INFO nova.osapi_compute.wsgi.server [req-f49b8e56-c067-43d9-9ef8-5f2fa1db9f71 - - - - -] (15257) wsgi exited, is_accepting=True
2017-02-09 08:24:54.177 15265 INFO nova.osapi_compute.wsgi.server [req-14fc38f9-d926-435d-8104-e8e33a73da27 - - - - -] (15265) wsgi exited, is_accepting=True
2017-02-09 08:24:54.177 15276 INFO nova.wsgi [-] Stopping WSGI server.
2017-02-09 08:24:54.178 15380 INFO nova.wsgi [-] Stopping WSGI server.
2017-02-09 08:24:54.178 15253 INFO nova.wsgi [req-6a60cd70-60b4-433a-a4a5-26916edc711c - - - - -] WSGI server has stopped.
2017-02-09 08:24:54.178 15358 INFO nova.metadata.wsgi.server [req-9c1dc9ce-7249-487f-8038-fd145e083d74 - - - - -] (15358) wsgi exited, is_accepting=True
2017-02-09 08:24:54.176 15243 INFO nova.wsgi [-] Stopping WSGI server.
2017-02-09 08:24:54.178 15242 INFO nova.wsgi [-] Stopping WSGI server.
2017-02-09 08:24:54.174 15291 INFO nova.wsgi [-] Stopping WSGI server.
2017-02-09 08:24:54.174 15383 INFO nova.metadata.wsgi.server [req-11d6ecf7-a6ee-4c67-b7ed-964bf7b47c6f - - - - -] (15383) wsgi exited, is_accepting=True
2017-02-09 08:24:54.172 15362 INFO nova.wsgi [-] Stopping WSGI server.
2017-02-09 08:24:54.172 15399 INFO nova.wsgi [-] Stopping WSGI server.
2017-02-09 08:24:54.174 15343 INFO nova.wsgi [-] Stopping WSGI server.
2017-02-09 08:24:54.173 15376 INFO nova.wsgi [-] Stopping WSGI server.
2017-02-09 08:24:54.172 15384 INFO nova.wsgi [-] Stopping WSGI server.
2017-02-09 08:24:54.175 15344 INFO nova.metadata.wsgi.server [req-a5f11307-33fd-473d-b1ac-71e51df0c869 - - - - -] (15344) wsgi exited, is_accepting=True
2017-02-09 08:24:54.182 15401 INFO nova.wsgi [req-6a60cd70-60b4-433a-a4a5-26916edc711c - - - - -] WSGI server has stopped.
2017-02-09 08:24:54.184 15291 INFO nova.osapi_compute.wsgi.server [req-a147c1c4-393a-400e-a60d-721b5efcda28 - - - - -] (15291) wsgi exited, is_accepting=True
2017-02-09 08:24:54.184 15308 INFO nova.wsgi [-] Stopping WSGI server.
2017-02-09 08:24:54.183 15345 INFO nova.wsgi [-] Stopping WSGI server.
2017-02-09 08:24:54.184 15399 INFO nova.metadata.wsgi.server [req-483e9324-7ae3-43de-8a75-81da0682b5ef - - - - -] (15399) wsgi exited, is_accepting=True
2017-02-09 08:24:54.184 15259 INFO nova.wsgi [-] Stopping WSGI server.
2017-02-09 08:24:54.184 15304 INFO nova.wsgi [req-6a60cd70-60b4-433a-a4a5-26916edc711c - - - - -] WSGI server has stopped.
2017-02-09 08:24:54.184 15258 INFO nova.wsgi [-] Stopping WSGI server.
2017-02-09 08:24:54.184 15343 INFO nova.metadata.wsgi.server [req-f7b6c682-645c-430a-add1-c79ecaf9b6ad - - - - -] (15343) wsgi exited, is_accepting=True
2017-02-09 08:24:54.184 15243 INFO nova.osapi_compute.wsgi.server [req-8c3055bb-977f-4fcb-8df8-8dc7f99fb37e - - - - -] (15243) wsgi exited, is_accepting=True
2017-02-09 08:24:54.184 15362 INFO nova.metadata.wsgi.server [req-07d17326-9c0c-4c71-b31d-2cad01fd92f1 - - - - -] (15362) wsgi exited, is_accepting=True
2017-02-09 08:24:54.184 15255 INFO nova.wsgi [-] Stopping WSGI server.
2017-02-09 08:24:54.184 15402 INFO nova.wsgi [-] Stopping WSGI server.
2017-02-09 08:24:54.185 15384 INFO nova.metadata.wsgi.server [req-e9a7cc81-e801-4d6f-a7b2-a74a10229cb0 - - - - -] (15384) wsgi exited, is_accepting=True
2017-02-09 08:24:54.185 15313 INFO nova.wsgi [-] Stopping WSGI server.
2017-02-09 08:24:54.178 15397 INFO nova.wsgi [req-6a60cd70-60b4-433a-a4a5-26916edc711c - - - - -] WSGI server has stopped.
2017-02-09 08:24:54.185 15383 INFO nova.wsgi [req-6a60cd70-60b4-433a-a4a5-26916edc711c - - - - -] WSGI server has stopped.
2017-02-09 08:24:54.186 15259 INFO nova.osapi_compute.wsgi.server [req-cb01ef80-0b5d-40c3-a6fd-782afa4e1c4d - - - - -] (15259) wsgi exited, is_accepting=True
2017-02-09 08:24:54.186 15345 INFO nova.metadata.wsgi.server [req-fd3b252c-ea88-4800-8a0a-ef3cc7aa4fae - - - - -] (15345) wsgi exited, is_accepting=True
2017-02-09 08:24:54.172 15393 INFO nova.wsgi [-] Stopping WSGI server.
2017-02-09 08:24:54.186 15356 INFO nova.wsgi [-] Stopping WSGI server.
2017-02-09 08:24:54.186 15258 INFO nova.osapi_compute.wsgi.server [req-d95f0a5e-5f6f-4e3d-8499-0b4ce8112ad7 - - - - -] (15258) wsgi exited, is_accepting=True
2017-02-09 08:24:54.186 15242 INFO nova.osapi_compute.wsgi.server [req-84ce8dc9-d8a8-42b0-93a4-6111b2745220 - - - - -] (15242) wsgi exited, is_accepting=True
2017-02-09 08:24:54.186 15291 INFO nova.wsgi [req-6a60cd70-60b4-433a-a4a5-26916edc711c - - - - -] WSGI server has stopped.
2017-02-09 08:24:54.186 15255 INFO nova.osapi_compute.wsgi.server [req-a95d7175-dc9f-4bea-b3d1-c56896763031 - - - - -] (15255) wsgi exited, is_accepting=True
2017-02-09 08:24:54.186 15313 INFO nova.osapi_compute.wsgi.server [req-2f5fd9b5-0dd1-4d73-86ec-a7878eee5849 - - - - -] (15313) wsgi exited, is_accepting=True
2017-02-09 08:24:54.186 15402 INFO nova.metadata.wsgi.server [req-a1f5bf35-50f6-4ed3-8c5e-952f8309ecf0 - - - - -] (15402) wsgi exited, is_accepting=True
2017-02-09 08:24:54.186 15414 INFO nova.metadata.wsgi.server [req-40a1fbb5-be28-4cee-95f1-cf619612beae - - - - -] (15414) wsgi exited, is_accepting=True
2017-02-09 08:24:54.187 15399 INFO nova.wsgi [req-6a60cd70-60b4-433a-a4a5-26916edc711c - - - - -] WSGI server has stopped.
2017-02-09 08:24:54.186 15279 INFO nova.wsgi [-] Stopping WSGI server.
2017-02-09 08:24:54.186 15340 INFO nova.wsgi [-] Stopping WSGI server.
2017-02-09 08:24:54.186 15371 INFO nova.wsgi [-] Stopping WSGI server.
2017-02-09 08:24:54.187 15310 INFO nova.wsgi [-] Stopping WSGI server.
2017-02-09 08:24:54.187 15356 INFO nova.metadata.wsgi.server [req-7604ab94-06c5-41e4-bdce-c43d3650135e - - - - -] (15356) wsgi exited, is_accepting=True
2017-02-09 08:24:54.187 15243 INFO nova.wsgi [req-6a60cd70-60b4-433a-a4a5-26916edc711c - - - - -] WSGI server has stopped.
2017-02-09 08:24:54.187 15362 INFO nova.wsgi [req-6a60cd70-60b4-433a-a4a5-26916edc711c - - - - -] WSGI server has stopped.
2017-02-09 08:24:54.187 15393 INFO nova.metadata.wsgi.server [req-0064469a-11f4-4942-9c33-2de25f37f0df - - - - -] (15393) wsgi exited, is_accepting=True
2017-02-09 08:24:54.187 15279 INFO nova.osapi_compute.wsgi.server [req-ed97616e-6167-497b-bedc-e8346dda5c35 - - - - -] (15279) wsgi exited, is_accepting=True
2017-02-09 08:24:54.187 15340 INFO nova.metadata.wsgi.server [req-f9ec1515-b57b-448b-8e65-d80013d2ec5f - - - - -] (15340) wsgi exited, is_accepting=True
2017-02-09 08:24:54.187 15310 INFO nova.osapi_compute.wsgi.server [req-8134d66f-c702-4606-842a-5275ea00eed8 - - - - -] (15310) wsgi exited, is_accepting=True
2017-02-09 08:24:54.187 15281 INFO nova.wsgi [-] Stopping WSGI server.
2017-02-09 08:24:54.188 15345 INFO nova.wsgi [req-6a60cd70-60b4-433a-a4a5-26916edc711c - - - - -] WSGI server has stopped.
2017-02-09 08:24:54.188 15371 INFO nova.metadata.wsgi.server [req-2ed4f6c1-4522-41bb-9580-e71ed5129a5f - - - - -] (15371) wsgi exited, is_accepting=True
2017-02-09 08:24:54.188 15242 INFO nova.wsgi [req-6a60cd70-60b4-433a-a4a5-26916edc711c - - - - -] WSGI server has stopped.
2017-02-09 08:24:54.172 15351 INFO nova.wsgi [-] Stopping WSGI server.
2017-02-09 08:24:54.188 15402 INFO nova.wsgi [req-6a60cd70-60b4-433a-a4a5-26916edc711c - - - - -] WSGI server has stopped.
2017-02-09 08:24:54.188 15414 INFO nova.wsgi [req-6a60cd70-60b4-433a-a4a5-26916edc711c - - - - -] WSGI server has stopped.
2017-02-09 08:24:54.188 15281 INFO nova.osapi_compute.wsgi.server [req-e17c8858-b96b-4e55-b2fb-5932c07239ed - - - - -] (15281) wsgi exited, is_accepting=True
2017-02-09 08:24:54.188 15395 INFO nova.wsgi [-] Stopping WSGI server.
2017-02-09 08:24:54.189 15356 INFO nova.wsgi [req-6a60cd70-60b4-433a-a4a5-26916edc711c - - - - -] WSGI server has stopped.
2017-02-09 08:24:54.174 15394 INFO nova.wsgi [-] Stopping WSGI server.
2017-02-09 08:24:54.189 15351 INFO nova.metadata.wsgi.server [req-066aecfb-6cd4-4bcf-9793-f356ecd7c50f - - - - -] (15351) wsgi exited, is_accepting=True
2017-02-09 08:24:54.189 15310 INFO nova.wsgi [req-6a60cd70-60b4-433a-a4a5-26916edc711c - - - - -] WSGI server has stopped.
2017-02-09 08:24:54.189 15340 INFO nova.wsgi [req-6a60cd70-60b4-433a-a4a5-26916edc711c - - - - -] WSGI server has stopped.
2017-02-09 08:24:54.189 15279 INFO nova.wsgi [req-6a60cd70-60b4-433a-a4a5-26916edc711c - - - - -] WSGI server has stopped.
2017-02-09 08:24:54.189 15393 INFO nova.wsgi [req-6a60cd70-60b4-433a-a4a5-26916edc711c - - - - -] WSGI server has stopped.
2017-02-09 08:24:54.189 15371 INFO nova.wsgi [req-6a60cd70-60b4-433a-a4a5-26916edc711c - - - - -] WSGI server has stopped.
2017-02-09 08:24:54.189 15395 INFO nova.metadata.wsgi.server [req-4d8e5e78-e7d8-4e03-9a39-ca6426a89cef - - - - -] (15395) wsgi exited, is_accepting=True
2017-02-09 08:24:54.190 15281 INFO nova.wsgi [req-6a60cd70-60b4-433a-a4a5-26916edc711c - - - - -] WSGI server has stopped.
2017-02-09 08:24:54.190 15394 INFO nova.metadata.wsgi.server [req-75b44b0b-edde-4ed5-8756-a74a30983fc6 - - - - -] (15394) wsgi exited, is_accepting=True
2017-02-09 08:24:54.190 15351 INFO nova.wsgi [req-6a60cd70-60b4-433a-a4a5-26916edc711c - - - - -] WSGI server has stopped.
2017-02-09 08:24:54.179 15379 INFO nova.wsgi [req-6a60cd70-60b4-433a-a4a5-26916edc711c - - - - -] WSGI server has stopped.
2017-02-09 08:24:54.190 15285 INFO nova.wsgi [-] Stopping WSGI server.
2017-02-09 08:24:54.190 15309 INFO nova.wsgi [-] Stopping WSGI server.
2017-02-09 08:24:54.191 15395 INFO nova.wsgi [req-6a60cd70-60b4-433a-a4a5-26916edc711c - - - - -] WSGI server has stopped.
2017-02-09 08:24:54.191 15285 INFO nova.osapi_compute.wsgi.server [req-60f84d94-ad76-45c9-a108-1052aec549d7 - - - - -] (15285) wsgi exited, is_accepting=True
2017-02-09 08:24:54.191 15338 INFO nova.wsgi [-] Stopping WSGI server.
2017-02-09 08:24:54.191 15309 INFO nova.osapi_compute.wsgi.server [req-7f2e6882-1294-4b31-af0a-5349c5b75e35 - - - - -] (15309) wsgi exited, is_accepting=True
2017-02-09 08:24:54.192 15394 INFO nova.wsgi [req-6a60cd70-60b4-433a-a4a5-26916edc711c - - - - -] WSGI server has stopped.
2017-02-09 08:24:54.192 15302 INFO nova.wsgi [-] Stopping WSGI server.
2017-02-09 08:24:54.173 15405 INFO nova.wsgi [-] Stopping WSGI server.
2017-02-09 08:24:54.193 15338 INFO nova.metadata.wsgi.server [req-30610d86-ec3a-4b04-bb5e-403d0d2dc6e3 - - - - -] (15338) wsgi exited, is_accepting=True
2017-02-09 08:24:54.193 15302 INFO nova.osapi_compute.wsgi.server [req-28a837bb-0273-4315-9f32-e476803c5167 - - - - -] (15302) wsgi exited, is_accepting=True
2017-02-09 08:24:54.193 15405 INFO nova.metadata.wsgi.server [req-cf03da25-7527-4f54-9780-2e93419ad73c - - - - -] (15405) wsgi exited, is_accepting=True
2017-02-09 08:24:54.193 15285 INFO nova.wsgi [req-6a60cd70-60b4-433a-a4a5-26916edc711c - - - - -] WSGI server has stopped.
2017-02-09 08:24:54.193 15309 INFO nova.wsgi [req-6a60cd70-60b4-433a-a4a5-26916edc711c - - - - -] WSGI server has stopped.
2017-02-09 08:24:54.194 15338 INFO nova.wsgi [req-6a60cd70-60b4-433a-a4a5-26916edc711c - - - - -] WSGI server has stopped.
2017-02-09 08:24:54.194 15302 INFO nova.wsgi [req-6a60cd70-60b4-433a-a4a5-26916edc711c - - - - -] WSGI server has stopped.
2017-02-09 08:24:54.195 15405 INFO nova.wsgi [req-6a60cd70-60b4-433a-a4a5-26916edc711c - - - - -] WSGI server has stopped.
2017-02-09 08:24:54.195 15349 INFO nova.wsgi [-] Stopping WSGI server.
2017-02-09 08:24:54.195 15339 INFO nova.wsgi [-] Stopping WSGI server.
2017-02-09 08:24:54.179 15276 INFO nova.osapi_compute.wsgi.server [req-4acd596e-2c96-42ed-a47d-ff107bd8a40a - - - - -] (15276) wsgi exited, is_accepting=True
2017-02-09 08:24:54.196 15349 INFO nova.metadata.wsgi.server [req-1ec02692-3af1-437c-a879-8dcea8fb3810 - - - - -] (15349) wsgi exited, is_accepting=True
2017-02-09 08:24:54.196 15339 INFO nova.metadata.wsgi.server [req-078b6b4e-bfee-4f63-8d81-0596d6e047fe - - - - -] (15339) wsgi exited, is_accepting=True
2017-02-09 08:24:54.197 15349 INFO nova.wsgi [req-6a60cd70-60b4-433a-a4a5-26916edc711c - - - - -] WSGI server has stopped.
2017-02-09 08:24:54.197 15276 INFO nova.wsgi [req-6a60cd70-60b4-433a-a4a5-26916edc711c - - - - -] WSGI server has stopped.
2017-02-09 08:24:54.198 15339 INFO nova.wsgi [req-6a60cd70-60b4-433a-a4a5-26916edc711c - - - - -] WSGI server has stopped.
2017-02-09 08:24:54.198 15265 INFO nova.wsgi [req-6a60cd70-60b4-433a-a4a5-26916edc711c - - - - -] WSGI server has stopped.
2017-02-09 08:24:54.198 15250 INFO nova.wsgi [-] Stopping WSGI server.
2017-02-09 08:24:54.172 15354 INFO nova.wsgi [-] Stopping WSGI server.
2017-02-09 08:24:54.179 15380 INFO nova.metadata.wsgi.server [req-57d62625-3e12-40ff-891b-b6d3612ae305 - - - - -] (15380) wsgi exited, is_accepting=True
2017-02-09 08:24:54.200 15250 INFO nova.osapi_compute.wsgi.server [req-2ff5c769-38c5-4236-994f-0ebcba9bc568 - - - - -] (15250) wsgi exited, is_accepting=True
2017-02-09 08:24:54.172 15296 INFO nova.wsgi [-] Stopping WSGI server.
2017-02-09 08:24:54.201 15344 INFO nova.wsgi [req-6a60cd70-60b4-433a-a4a5-26916edc711c - - - - -] WSGI server has stopped.
2017-02-09 08:24:54.203 15354 INFO nova.metadata.wsgi.server [req-6bb2db9a-e2bf-4533-9964-e1b28c6f7c23 - - - - -] (15354) wsgi exited, is_accepting=True
2017-02-09 08:24:54.203 15387 INFO nova.wsgi [-] Stopping WSGI server.
2017-02-09 08:24:54.203 15293 INFO nova.wsgi [req-6a60cd70-60b4-433a-a4a5-26916edc711c - - - - -] WSGI server has stopped.
2017-02-09 08:24:54.204 15296 INFO nova.osapi_compute.wsgi.server [req-211b5d16-fa53-41da-8961-32f9ed611283 - - - - -] (15296) wsgi exited, is_accepting=True
2017-02-09 08:24:54.204 15250 INFO nova.wsgi [req-6a60cd70-60b4-433a-a4a5-26916edc711c - - - - -] WSGI server has stopped.
2017-02-09 08:24:54.205 15387 INFO nova.metadata.wsgi.server [req-e1c5ad4c-d63b-4852-b463-5002d5802577 - - - - -] (15387) wsgi exited, is_accepting=True
2017-02-09 08:24:54.184 15347 INFO nova.wsgi [-] Stopping WSGI server.
2017-02-09 08:24:54.172 15264 INFO nova.wsgi [-] Stopping WSGI server.
2017-02-09 08:24:54.206 15296 INFO nova.wsgi [req-6a60cd70-60b4-433a-a4a5-26916edc711c - - - - -] WSGI server has stopped.
2017-02-09 08:24:54.174 15410 INFO nova.wsgi [-] Stopping WSGI server.
2017-02-09 08:24:54.206 15347 INFO nova.metadata.wsgi.server [req-b5f48912-40c9-45f2-a371-1b5992831b8f - - - - -] (15347) wsgi exited, is_accepting=True
2017-02-09 08:24:54.207 15264 INFO nova.osapi_compute.wsgi.server [req-562f0e59-5863-44d0-87c3-2401a599410b - - - - -] (15264) wsgi exited, is_accepting=True
2017-02-09 08:24:54.185 15376 INFO nova.metadata.wsgi.server [req-24ce9e13-0607-4f10-ade6-66e3b5cb0168 - - - - -] (15376) wsgi exited, is_accepting=True
2017-02-09 08:24:54.207 15410 INFO nova.metadata.wsgi.server [req-2e8887eb-bc6c-43c3-bdb1-365e43c289c9 - - - - -] (15410) wsgi exited, is_accepting=True
2017-02-09 08:24:54.179 15368 INFO nova.wsgi [req-6a60cd70-60b4-433a-a4a5-26916edc711c - - - - -] WSGI server has stopped.
2017-02-09 08:24:54.209 15264 INFO nova.wsgi [req-6a60cd70-60b4-433a-a4a5-26916edc711c - - - - -] WSGI server has stopped.
2017-02-09 08:24:54.209 15347 INFO nova.wsgi [req-6a60cd70-60b4-433a-a4a5-26916edc711c - - - - -] WSGI server has stopped.
2017-02-09 08:24:54.172 15406 INFO nova.wsgi [-] Stopping WSGI server.
2017-02-09 08:24:54.268 15406 INFO nova.metadata.wsgi.server [req-6686ad2d-8a59-4ea2-a025-a8a5c26e73ad - - - - -] (15406) wsgi exited, is_accepting=True
2017-02-09 08:24:54.270 15406 INFO nova.wsgi [req-6a60cd70-60b4-433a-a4a5-26916edc711c - - - - -] WSGI server has stopped.
2017-02-09 08:24:54.273 14572 INFO oslo_service.service [req-6a60cd70-60b4-433a-a4a5-26916edc711c - - - - -] Child 15244 exited with status 0
2017-02-09 08:24:54.284 14572 INFO oslo_service.service [req-6a60cd70-60b4-433a-a4a5-26916edc711c - - - - -] Child 15246 exited with status 0
2017-02-09 08:24:54.174 15346 INFO nova.wsgi [-] Stopping WSGI server.
2017-02-09 08:24:54.291 15346 INFO nova.metadata.wsgi.server [req-d34c0adf-c5d8-4b07-bb83-33a61efa56c7 - - - - -] (15346) wsgi exited, is_accepting=True
2017-02-09 08:24:54.293 15346 INFO nova.wsgi [req-6a60cd70-60b4-433a-a4a5-26916edc711c - - - - -] WSGI server has stopped.
2017-02-09 08:24:54.174 15249 INFO nova.osapi_compute.wsgi.server [req-5b75ecaa-7a94-427f-88c6-40138b2b3845 - - - - -] (15249) wsgi exited, is_accepting=True
2017-02-09 08:24:54.174 15389 INFO nova.metadata.wsgi.server [req-23011211-36da-4a33-9987-4c77505b2a67 - - - - -] (15389) wsgi exited, is_accepting=True
2017-02-09 08:24:54.172 15360 INFO nova.wsgi [-] Stopping WSGI server.
2017-02-09 08:24:54.303 15360 INFO nova.metadata.wsgi.server [req-bde44f41-76da-408b-a9f9-221b31e2b41e - - - - -] (15360) wsgi exited, is_accepting=True
2017-02-09 08:24:54.303 15249 INFO nova.wsgi [req-6a60cd70-60b4-433a-a4a5-26916edc711c - - - - -] WSGI server has stopped.
2017-02-09 08:24:54.174 15267 INFO nova.wsgi [-] Stopping WSGI server.
2017-02-09 08:24:54.314 15267 INFO nova.osapi_compute.wsgi.server [req-28e86925-a677-44df-8bdd-91e39a76c7ef - - - - -] (15267) wsgi exited, is_accepting=True
2017-02-09 08:24:54.315 15389 INFO nova.wsgi [req-6a60cd70-60b4-433a-a4a5-26916edc711c - - - - -] WSGI server has stopped.
2017-02-09 08:24:54.316 15267 INFO nova.wsgi [req-6a60cd70-60b4-433a-a4a5-26916edc711c - - - - -] WSGI server has stopped.
2017-02-09 08:24:54.172 15374 INFO nova.wsgi [-] Stopping WSGI server.
2017-02-09 08:24:54.173 15306 INFO nova.wsgi [-] Stopping WSGI server.
2017-02-09 08:24:54.178 15365 INFO nova.metadata.wsgi.server [req-eed9df88-5b2c-4664-80a2-cb3c5d7b48ef - - - - -] (15365) wsgi exited, is_accepting=True
2017-02-09 08:24:54.184 15289 INFO nova.wsgi [-] Stopping WSGI server.
2017-02-09 08:24:54.322 15374 INFO nova.metadata.wsgi.server [req-0ccead35-02d6-4e80-92e3-f175c9b38f81 - - - - -] (15374) wsgi exited, is_accepting=True
2017-02-09 08:24:54.322 15306 INFO nova.osapi_compute.wsgi.server [req-d9798343-5e16-4539-ab24-57fd3ace3207 - - - - -] (15306) wsgi exited, is_accepting=True
2017-02-09 08:24:54.323 15289 INFO nova.osapi_compute.wsgi.server [req-f7a44d59-773c-47a1-843c-cc19fd89343c - - - - -] (15289) wsgi exited, is_accepting=True
2017-02-09 08:24:54.324 15374 INFO nova.wsgi [req-6a60cd70-60b4-433a-a4a5-26916edc711c - - - - -] WSGI server has stopped.
2017-02-09 08:24:54.325 15289 INFO nova.wsgi [req-6a60cd70-60b4-433a-a4a5-26916edc711c - - - - -] WSGI server has stopped.
2017-02-09 08:24:54.325 15306 INFO nova.wsgi [req-6a60cd70-60b4-433a-a4a5-26916edc711c - - - - -] WSGI server has stopped.
2017-02-09 08:24:54.209 15376 INFO nova.wsgi [req-6a60cd70-60b4-433a-a4a5-26916edc711c - - - - -] WSGI server has stopped.
2017-02-09 08:24:54.186 15308 INFO nova.osapi_compute.wsgi.server [req-29ff4822-e34e-4b4a-9d66-4c6260f9d7aa - - - - -] (15308) wsgi exited, is_accepting=True
2017-02-09 08:24:54.328 15308 INFO nova.wsgi [req-6a60cd70-60b4-433a-a4a5-26916edc711c - - - - -] WSGI server has stopped.
2017-02-09 08:24:54.211 15263 INFO nova.wsgi [-] Stopping WSGI server.
2017-02-09 08:24:54.178 15254 INFO nova.wsgi [req-6a60cd70-60b4-433a-a4a5-26916edc711c - - - - -] WSGI server has stopped.
2017-02-09 08:24:54.211 15387 INFO nova.wsgi [req-6a60cd70-60b4-433a-a4a5-26916edc711c - - - - -] WSGI server has stopped.
2017-02-09 08:24:54.331 15263 INFO nova.osapi_compute.wsgi.server [req-f9188c3f-fa00-4a86-9ffb-402808674c1c - - - - -] (15263) wsgi exited, is_accepting=True
2017-02-09 08:24:54.332 15263 INFO nova.wsgi [req-6a60cd70-60b4-433a-a4a5-26916edc711c - - - - -] WSGI server has stopped.
2017-02-09 08:24:54.304 15360 INFO nova.wsgi [req-6a60cd70-60b4-433a-a4a5-26916edc711c - - - - -] WSGI server has stopped.
2017-02-09 08:24:54.336 15365 INFO nova.wsgi [req-6a60cd70-60b4-433a-a4a5-26916edc711c - - - - -] WSGI server has stopped.
2017-02-09 08:24:54.304 14572 INFO oslo_service.service [req-6a60cd70-60b4-433a-a4a5-26916edc711c - - - - -] Child 15256 exited with status 0
2017-02-09 08:24:54.188 15255 INFO nova.wsgi [req-6a60cd70-60b4-433a-a4a5-26916edc711c - - - - -] WSGI server has stopped.
2017-02-09 08:24:54.212 15259 INFO nova.wsgi [req-6a60cd70-60b4-433a-a4a5-26916edc711c - - - - -] WSGI server has stopped.
2017-02-09 08:24:54.173 15252 INFO nova.wsgi [-] Stopping WSGI server.
2017-02-09 08:24:54.175 15411 INFO nova.wsgi [-] Stopping WSGI server.
2017-02-09 08:24:54.214 15342 INFO nova.wsgi [req-6a60cd70-60b4-433a-a4a5-26916edc711c - - - - -] WSGI server has stopped.
2017-02-09 08:24:54.349 15411 INFO nova.metadata.wsgi.server [req-aeaedbb0-58a0-4e06-aa21-238eeb0cab2c - - - - -] (15411) wsgi exited, is_accepting=True
2017-02-09 08:24:54.350 15411 INFO nova.wsgi [req-6a60cd70-60b4-433a-a4a5-26916edc711c - - - - -] WSGI server has stopped.
2017-02-09 08:24:54.343 14572 INFO oslo_service.service [req-6a60cd70-60b4-433a-a4a5-26916edc711c - - - - -] Child 15241 exited with status 0
2017-02-09 08:24:54.215 15257 INFO nova.wsgi [req-6a60cd70-60b4-433a-a4a5-26916edc711c - - - - -] WSGI server has stopped.
2017-02-09 08:24:54.188 15258 INFO nova.wsgi [req-6a60cd70-60b4-433a-a4a5-26916edc711c - - - - -] WSGI server has stopped.
2017-02-09 08:24:54.217 15313 INFO nova.wsgi [req-6a60cd70-60b4-433a-a4a5-26916edc711c - - - - -] WSGI server has stopped.
2017-02-09 08:24:54.361 15252 INFO nova.osapi_compute.wsgi.server [req-7e2e06b7-98cb-4165-ba49-91de60834ddc - - - - -] (15252) wsgi exited, is_accepting=True
2017-02-09 08:24:54.226 15240 INFO nova.wsgi [req-6a60cd70-60b4-433a-a4a5-26916edc711c - - - - -] WSGI server has stopped.
2017-02-09 08:24:54.210 15410 INFO nova.wsgi [req-6a60cd70-60b4-433a-a4a5-26916edc711c - - - - -] WSGI server has stopped.
2017-02-09 08:24:54.237 15354 INFO nova.wsgi [req-6a60cd70-60b4-433a-a4a5-26916edc711c - - - - -] WSGI server has stopped.
2017-02-09 08:24:54.238 15343 INFO nova.wsgi [req-6a60cd70-60b4-433a-a4a5-26916edc711c - - - - -] WSGI server has stopped.
2017-02-09 08:24:54.242 15384 INFO nova.wsgi [req-6a60cd70-60b4-433a-a4a5-26916edc711c - - - - -] WSGI server has stopped.
2017-02-09 08:24:54.243 15251 INFO nova.wsgi [-] Stopping WSGI server.
2017-02-09 08:24:54.173 15245 INFO nova.wsgi [-] Stopping WSGI server.
2017-02-09 08:24:54.381 15251 INFO nova.osapi_compute.wsgi.server [req-d4f66c72-d155-4bc3-b618-991e6335b750 - - - - -] (15251) wsgi exited, is_accepting=True
2017-02-09 08:24:54.381 15245 INFO nova.osapi_compute.wsgi.server [req-1d100071-8c0b-4ab9-b611-49bd8c847da3 - - - - -] (15245) wsgi exited, is_accepting=True
2017-02-09 08:24:54.382 15251 INFO nova.wsgi [req-6a60cd70-60b4-433a-a4a5-26916edc711c - - - - -] WSGI server has stopped.
2017-02-09 08:24:54.382 15245 INFO nova.wsgi [req-6a60cd70-60b4-433a-a4a5-26916edc711c - - - - -] WSGI server has stopped.
2017-02-09 08:24:54.382 15252 INFO nova.wsgi [req-6a60cd70-60b4-433a-a4a5-26916edc711c - - - - -] WSGI server has stopped.
2017-02-09 08:24:54.204 15380 INFO nova.wsgi [req-6a60cd70-60b4-433a-a4a5-26916edc711c - - - - -] WSGI server has stopped.
2017-02-09 08:24:54.204 15358 INFO nova.wsgi [req-6a60cd70-60b4-433a-a4a5-26916edc711c - - - - -] WSGI server has stopped.
2017-02-09 08:24:54.421 14572 INFO oslo_service.service [req-6a60cd70-60b4-433a-a4a5-26916edc711c - - - - -] Child 15242 exited with status 0
2017-02-09 08:24:54.431 15247 INFO nova.wsgi [-] Stopping WSGI server.
2017-02-09 08:24:54.433 15247 INFO nova.osapi_compute.wsgi.server [req-e5076e93-3531-4edf-a076-251aaab647f6 - - - - -] (15247) wsgi exited, is_accepting=True
2017-02-09 08:24:54.434 15247 INFO nova.wsgi [req-6a60cd70-60b4-433a-a4a5-26916edc711c - - - - -] WSGI server has stopped.
2017-02-09 08:24:54.435 14572 INFO oslo_service.service [req-6a60cd70-60b4-433a-a4a5-26916edc711c - - - - -] Child 15243 exited with status 0
2017-02-09 08:24:54.443 14572 INFO oslo_service.service [req-6a60cd70-60b4-433a-a4a5-26916edc711c - - - - -] Child 15240 exited with status 0
