2017-02-09 08:30:28.766 24473 INFO nova.osapi_compute.wsgi.server [req-2838f24e-5200-4919-a44f-f4510f8a1841 - - - - -] (24473) wsgi starting up on http://0.0.0.0:8774
2017-02-09 08:30:28.766 24464 INFO nova.osapi_compute.wsgi.server [req-cd23178b-fa68-423d-b222-8ee157937571 - - - - -] (24464) wsgi starting up on http://0.0.0.0:8774
2017-02-09 08:30:28.771 24439 INFO nova.osapi_compute.wsgi.server [req-d056b1ea-de43-465d-a1d6-8b325288946d - - - - -] (24439) wsgi starting up on http://0.0.0.0:8774
2017-02-09 08:30:28.779 24482 INFO nova.osapi_compute.wsgi.server [req-abd2f3c4-19de-40f7-8690-bc6d4a31a4d6 - - - - -] (24482) wsgi starting up on http://0.0.0.0:8774
2017-02-09 08:30:28.780 24469 INFO nova.osapi_compute.wsgi.server [req-1ce86802-4a70-4720-9750-1ad3244575cf - - - - -] (24469) wsgi starting up on http://0.0.0.0:8774
2017-02-09 08:30:28.798 24484 INFO nova.osapi_compute.wsgi.server [req-a99b745d-e0d4-45e8-9a60-abd90e79cfbb - - - - -] (24484) wsgi starting up on http://0.0.0.0:8774
2017-02-09 08:30:28.810 24425 INFO nova.osapi_compute.wsgi.server [req-06e1e402-988c-4262-ac8b-0357cc5187be - - - - -] (24425) wsgi starting up on http://0.0.0.0:8774
2017-02-09 08:30:28.910 23803 INFO nova.wsgi [req-14228c9e-5683-4c19-ac22-5c5d456bf4f0 - - - - -] metadata listening on 0.0.0.0:8775
2017-02-09 08:30:28.911 23803 INFO oslo_service.service [req-14228c9e-5683-4c19-ac22-5c5d456bf4f0 - - - - -] Starting 40 workers
2017-02-09 08:30:29.271 24538 INFO nova.metadata.wsgi.server [req-b9ce6024-3478-4c10-b0ab-d8a117d49773 - - - - -] (24538) wsgi starting up on http://0.0.0.0:8775
2017-02-09 08:30:29.275 24528 INFO nova.metadata.wsgi.server [req-662e60b6-f7b7-4f18-b751-4f318d5f7237 - - - - -] (24528) wsgi starting up on http://0.0.0.0:8775
2017-02-09 08:30:29.279 24535 INFO nova.metadata.wsgi.server [req-d80be38f-5551-4ce1-bebd-c50fb7418b83 - - - - -] (24535) wsgi starting up on http://0.0.0.0:8775
2017-02-09 08:30:29.279 24531 INFO nova.metadata.wsgi.server [req-2f488dee-3b13-4f75-8c10-9f085cc0748b - - - - -] (24531) wsgi starting up on http://0.0.0.0:8775
2017-02-09 08:30:29.282 24527 INFO nova.metadata.wsgi.server [req-f9818657-b3ea-4b40-8ca8-1d96d9e17bc7 - - - - -] (24527) wsgi starting up on http://0.0.0.0:8775
2017-02-09 08:30:29.282 24529 INFO nova.metadata.wsgi.server [req-6d19f6eb-d76d-4781-86b6-be08bd783bc7 - - - - -] (24529) wsgi starting up on http://0.0.0.0:8775
2017-02-09 08:30:29.293 24530 INFO nova.metadata.wsgi.server [req-6f434a52-f7b3-4941-9e8a-5f9e6b4535f7 - - - - -] (24530) wsgi starting up on http://0.0.0.0:8775
2017-02-09 08:30:29.296 24526 INFO nova.metadata.wsgi.server [req-605198c8-4c8e-41c5-b7ec-371420d7e636 - - - - -] (24526) wsgi starting up on http://0.0.0.0:8775
2017-02-09 08:30:29.297 24553 INFO nova.metadata.wsgi.server [req-5ee9a7c1-515a-4a37-8eb4-e60d1cd663df - - - - -] (24553) wsgi starting up on http://0.0.0.0:8775
2017-02-09 08:30:29.300 24525 INFO nova.metadata.wsgi.server [req-aab76959-b219-4752-9f91-1dc1785f3add - - - - -] (24525) wsgi starting up on http://0.0.0.0:8775
2017-02-09 08:30:29.311 24536 INFO nova.metadata.wsgi.server [req-f79416b4-042d-4a5c-8168-1cc8d44d94e2 - - - - -] (24536) wsgi starting up on http://0.0.0.0:8775
2017-02-09 08:30:29.311 24524 INFO nova.metadata.wsgi.server [req-65a139fe-9ffe-4963-8cc2-edb6d9826dc8 - - - - -] (24524) wsgi starting up on http://0.0.0.0:8775
2017-02-09 08:30:29.315 24548 INFO nova.metadata.wsgi.server [req-72ed190f-4024-4dc7-bd56-f9c6b851f480 - - - - -] (24548) wsgi starting up on http://0.0.0.0:8775
2017-02-09 08:30:29.315 24523 INFO nova.metadata.wsgi.server [req-e32cd66d-478f-4370-b748-a08d9b62e0b9 - - - - -] (24523) wsgi starting up on http://0.0.0.0:8775
2017-02-09 08:30:29.329 24550 INFO nova.metadata.wsgi.server [req-8d1dc054-ebe2-4013-a4e8-4e4f06455926 - - - - -] (24550) wsgi starting up on http://0.0.0.0:8775
2017-02-09 08:30:29.331 24532 INFO nova.metadata.wsgi.server [req-06b56ff3-ed5e-4a30-a013-a1afbef1d69c - - - - -] (24532) wsgi starting up on http://0.0.0.0:8775
2017-02-09 08:30:29.340 24555 INFO nova.metadata.wsgi.server [req-e73481ef-0fce-4597-a36a-b129c1a1694c - - - - -] (24555) wsgi starting up on http://0.0.0.0:8775
2017-02-09 08:30:29.345 24547 INFO nova.metadata.wsgi.server [req-92f32682-594d-49e5-a469-56c6080a752c - - - - -] (24547) wsgi starting up on http://0.0.0.0:8775
2017-02-09 08:30:29.347 24543 INFO nova.metadata.wsgi.server [req-c2338417-c61a-4479-9c8c-54841a647750 - - - - -] (24543) wsgi starting up on http://0.0.0.0:8775
2017-02-09 08:30:29.354 24564 INFO nova.metadata.wsgi.server [req-c6214ae5-a06e-41c3-ba7b-26f4790d97d4 - - - - -] (24564) wsgi starting up on http://0.0.0.0:8775
2017-02-09 08:30:29.356 24559 INFO nova.metadata.wsgi.server [req-628649dc-6e3b-4c06-a612-ee5463d1dc12 - - - - -] (24559) wsgi starting up on http://0.0.0.0:8775
2017-02-09 08:30:29.357 24541 INFO nova.metadata.wsgi.server [req-693f6a1f-a06c-41be-951c-e8d780819255 - - - - -] (24541) wsgi starting up on http://0.0.0.0:8775
2017-02-09 08:30:29.365 24567 INFO nova.metadata.wsgi.server [req-824adaa9-bf2b-4102-8d9c-4b5826c6436d - - - - -] (24567) wsgi starting up on http://0.0.0.0:8775
2017-02-09 08:30:29.366 24557 INFO nova.metadata.wsgi.server [req-4319f5f0-267d-44cb-a4a2-4eae41e19f55 - - - - -] (24557) wsgi starting up on http://0.0.0.0:8775
2017-02-09 08:30:29.370 24573 INFO nova.metadata.wsgi.server [req-cd1c7234-f838-4176-85a2-21756365a3d3 - - - - -] (24573) wsgi starting up on http://0.0.0.0:8775
2017-02-09 08:30:29.375 24579 INFO nova.metadata.wsgi.server [req-7efdf8d4-d1ca-45bc-bae0-7affbdd3ab09 - - - - -] (24579) wsgi starting up on http://0.0.0.0:8775
2017-02-09 08:30:29.378 24580 INFO nova.metadata.wsgi.server [req-5c5a17ab-1197-4604-8514-fb28fc3c1816 - - - - -] (24580) wsgi starting up on http://0.0.0.0:8775
2017-02-09 08:30:29.378 24576 INFO nova.metadata.wsgi.server [req-c7de0961-c7dd-4d05-9e0f-d872391d9a26 - - - - -] (24576) wsgi starting up on http://0.0.0.0:8775
2017-02-09 08:30:29.380 24561 INFO nova.metadata.wsgi.server [req-1bd465c6-8543-4dc1-bbb7-bf8f7ff2bc20 - - - - -] (24561) wsgi starting up on http://0.0.0.0:8775
2017-02-09 08:30:29.381 24584 INFO nova.metadata.wsgi.server [req-5b88985d-2cb5-4f63-bdf9-c1e30f72280d - - - - -] (24584) wsgi starting up on http://0.0.0.0:8775
2017-02-09 08:30:29.383 24589 INFO nova.metadata.wsgi.server [req-ee6615bd-4322-4465-8148-47930d32f553 - - - - -] (24589) wsgi starting up on http://0.0.0.0:8775
2017-02-09 08:30:29.392 24596 INFO nova.metadata.wsgi.server [req-e2f94952-8ede-4b68-9408-c356215a9f7c - - - - -] (24596) wsgi starting up on http://0.0.0.0:8775
2017-02-09 08:30:29.393 24572 INFO nova.metadata.wsgi.server [req-68ef9230-8791-4ebc-ba61-49c53925b111 - - - - -] (24572) wsgi starting up on http://0.0.0.0:8775
2017-02-09 08:30:29.402 24591 INFO nova.metadata.wsgi.server [req-5b054d54-6622-4a00-91e8-4ee2510a3484 - - - - -] (24591) wsgi starting up on http://0.0.0.0:8775
2017-02-09 08:30:29.404 24577 INFO nova.metadata.wsgi.server [req-98ec4e0a-364a-4d6e-bbb5-b170e0db8fab - - - - -] (24577) wsgi starting up on http://0.0.0.0:8775
2017-02-09 08:30:29.412 24585 INFO nova.metadata.wsgi.server [req-3bb436bd-161d-4aea-a4e1-5404ff191a2c - - - - -] (24585) wsgi starting up on http://0.0.0.0:8775
2017-02-09 08:30:29.417 24570 INFO nova.metadata.wsgi.server [req-da7caef1-a5f5-4402-8cbd-d1a90e4705d0 - - - - -] (24570) wsgi starting up on http://0.0.0.0:8775
2017-02-09 08:30:29.461 24594 INFO nova.metadata.wsgi.server [req-f026381f-2d5f-4ff3-a10b-4fe309bec4fa - - - - -] (24594) wsgi starting up on http://0.0.0.0:8775
2017-02-09 08:30:29.481 24587 INFO nova.metadata.wsgi.server [req-205154bb-627b-4396-8307-1c55e954e36c - - - - -] (24587) wsgi starting up on http://0.0.0.0:8775
2017-02-09 08:30:29.498 24592 INFO nova.metadata.wsgi.server [req-a40ebb9c-ec86-4017-b145-b785b5e235e0 - - - - -] (24592) wsgi starting up on http://0.0.0.0:8775
2017-02-09 13:27:10.906 24419 INFO nova.wsgi [-] Stopping WSGI server.
2017-02-09 13:27:10.906 24427 INFO nova.wsgi [-] Stopping WSGI server.
2017-02-09 13:27:10.906 24428 INFO nova.wsgi [-] Stopping WSGI server.
2017-02-09 13:27:10.906 24458 INFO nova.wsgi [-] Stopping WSGI server.
2017-02-09 13:27:10.906 24421 INFO nova.wsgi [-] Stopping WSGI server.
2017-02-09 13:27:10.906 24483 INFO nova.wsgi [-] Stopping WSGI server.
2017-02-09 13:27:10.906 24467 INFO nova.wsgi [-] Stopping WSGI server.
2017-02-09 13:27:10.906 24422 INFO nova.wsgi [-] Stopping WSGI server.
2017-02-09 13:27:10.906 24423 INFO nova.wsgi [-] Stopping WSGI server.
2017-02-09 13:27:10.906 24435 INFO nova.wsgi [-] Stopping WSGI server.
2017-02-09 13:27:10.906 24473 INFO nova.wsgi [-] Stopping WSGI server.
2017-02-09 13:27:10.906 24441 INFO nova.wsgi [-] Stopping WSGI server.
2017-02-09 13:27:10.906 24446 INFO nova.wsgi [-] Stopping WSGI server.
2017-02-09 13:27:10.907 24427 INFO nova.osapi_compute.wsgi.server [req-c270b9ff-8fdd-4164-b9aa-2663c43d607e - - - - -] (24427) wsgi exited, is_accepting=True
2017-02-09 13:27:10.907 24419 INFO nova.osapi_compute.wsgi.server [req-39160e35-9dbe-473b-8e69-0e63a6245656 - - - - -] (24419) wsgi exited, is_accepting=True
2017-02-09 13:27:10.906 24432 INFO nova.wsgi [-] Stopping WSGI server.
2017-02-09 13:27:10.907 24428 INFO nova.osapi_compute.wsgi.server [req-50ce98c3-cd0b-417a-9d0b-429b447f68f5 - - - - -] (24428) wsgi exited, is_accepting=True
2017-02-09 13:27:10.907 24458 INFO nova.osapi_compute.wsgi.server [req-b48bc77a-b367-40f9-a1ef-d641c299eb70 - - - - -] (24458) wsgi exited, is_accepting=True
2017-02-09 13:27:10.907 24483 INFO nova.osapi_compute.wsgi.server [req-fd0be1a3-4a8d-4239-967a-6b7b9ca15e18 - - - - -] (24483) wsgi exited, is_accepting=True
2017-02-09 13:27:10.907 24421 INFO nova.osapi_compute.wsgi.server [req-f1abf92d-420b-43da-b8ed-48b420ebc300 - - - - -] (24421) wsgi exited, is_accepting=True
2017-02-09 13:27:10.907 24467 INFO nova.osapi_compute.wsgi.server [req-25ba69d4-acc9-4dd8-b030-7f9e4202222b - - - - -] (24467) wsgi exited, is_accepting=True
2017-02-09 13:27:10.907 24455 INFO nova.wsgi [-] Stopping WSGI server.
2017-02-09 13:27:10.907 24469 INFO nova.wsgi [-] Stopping WSGI server.
2017-02-09 13:27:10.906 24440 INFO nova.wsgi [-] Stopping WSGI server.
2017-02-09 13:27:10.906 24464 INFO nova.wsgi [-] Stopping WSGI server.
2017-02-09 13:27:10.907 24429 INFO nova.wsgi [-] Stopping WSGI server.
2017-02-09 13:27:10.907 24443 INFO nova.wsgi [-] Stopping WSGI server.
2017-02-09 13:27:10.908 24461 INFO nova.wsgi [-] Stopping WSGI server.
2017-02-09 13:27:10.908 24439 INFO nova.wsgi [-] Stopping WSGI server.
2017-02-09 13:27:10.908 24473 INFO nova.osapi_compute.wsgi.server [req-2838f24e-5200-4919-a44f-f4510f8a1841 - - - - -] (24473) wsgi exited, is_accepting=True
2017-02-09 13:27:10.908 24431 INFO nova.wsgi [-] Stopping WSGI server.
2017-02-09 13:27:10.908 24460 INFO nova.wsgi [-] Stopping WSGI server.
2017-02-09 13:27:10.908 24425 INFO nova.wsgi [-] Stopping WSGI server.
2017-02-09 13:27:10.908 24432 INFO nova.osapi_compute.wsgi.server [req-e58d0102-1485-4659-b155-79cd2a649a3f - - - - -] (24432) wsgi exited, is_accepting=True
2017-02-09 13:27:10.908 24420 INFO nova.wsgi [-] Stopping WSGI server.
2017-02-09 13:27:10.908 24452 INFO nova.wsgi [-] Stopping WSGI server.
2017-02-09 13:27:10.908 24430 INFO nova.wsgi [-] Stopping WSGI server.
2017-02-09 13:27:10.908 24426 INFO nova.wsgi [-] Stopping WSGI server.
2017-02-09 13:27:10.909 24469 INFO nova.osapi_compute.wsgi.server [req-1ce86802-4a70-4720-9750-1ad3244575cf - - - - -] (24469) wsgi exited, is_accepting=True
2017-02-09 13:27:10.908 24527 INFO nova.wsgi [-] Stopping WSGI server.
2017-02-09 13:27:10.908 24523 INFO nova.wsgi [-] Stopping WSGI server.
2017-02-09 13:27:10.908 24489 INFO nova.wsgi [-] Stopping WSGI server.
2017-02-09 13:27:10.909 24461 INFO nova.osapi_compute.wsgi.server [req-ee2159c1-2883-41e7-874f-ff207bf25fe6 - - - - -] (24461) wsgi exited, is_accepting=True
2017-02-09 13:27:10.909 24467 INFO nova.wsgi [req-14228c9e-5683-4c19-ac22-5c5d456bf4f0 - - - - -] WSGI server has stopped.
2017-02-09 13:27:10.909 24550 INFO nova.wsgi [-] Stopping WSGI server.
2017-02-09 13:27:10.907 24476 INFO nova.wsgi [-] Stopping WSGI server.
2017-02-09 13:27:10.909 24530 INFO nova.wsgi [-] Stopping WSGI server.
2017-02-09 13:27:10.909 24555 INFO nova.wsgi [-] Stopping WSGI server.
2017-02-09 13:27:10.909 24448 INFO nova.wsgi [-] Stopping WSGI server.
2017-02-09 13:27:10.909 24553 INFO nova.wsgi [-] Stopping WSGI server.
2017-02-09 13:27:10.909 24525 INFO nova.wsgi [-] Stopping WSGI server.
2017-02-09 13:27:10.909 24487 INFO nova.wsgi [-] Stopping WSGI server.
2017-02-09 13:27:10.909 24524 INFO nova.wsgi [-] Stopping WSGI server.
2017-02-09 13:27:10.909 24547 INFO nova.wsgi [-] Stopping WSGI server.
2017-02-09 13:27:10.910 24426 INFO nova.osapi_compute.wsgi.server [req-70b214e0-004f-442d-91b1-8fea7de9a218 - - - - -] (24426) wsgi exited, is_accepting=True
2017-02-09 13:27:10.910 24464 INFO nova.osapi_compute.wsgi.server [req-cd23178b-fa68-423d-b222-8ee157937571 - - - - -] (24464) wsgi exited, is_accepting=True
2017-02-09 13:27:10.910 24430 INFO nova.osapi_compute.wsgi.server [req-5334160a-fae2-40b0-9f64-c9085eee1232 - - - - -] (24430) wsgi exited, is_accepting=True
2017-02-09 13:27:10.910 24567 INFO nova.wsgi [-] Stopping WSGI server.
2017-02-09 13:27:10.910 24570 INFO nova.wsgi [-] Stopping WSGI server.
2017-02-09 13:27:10.910 24585 INFO nova.wsgi [-] Stopping WSGI server.
2017-02-09 13:27:10.910 24423 INFO nova.osapi_compute.wsgi.server [req-5d9e2293-b847-4cdf-a566-c4fa84752119 - - - - -] (24423) wsgi exited, is_accepting=True
2017-02-09 13:27:10.910 24523 INFO nova.metadata.wsgi.server [req-e32cd66d-478f-4370-b748-a08d9b62e0b9 - - - - -] (24523) wsgi exited, is_accepting=True
2017-02-09 13:27:10.910 24579 INFO nova.wsgi [-] Stopping WSGI server.
2017-02-09 13:27:10.910 24550 INFO nova.metadata.wsgi.server [req-8d1dc054-ebe2-4013-a4e8-4e4f06455926 - - - - -] (24550) wsgi exited, is_accepting=True
2017-02-09 13:27:10.910 24587 INFO nova.wsgi [-] Stopping WSGI server.
2017-02-09 13:27:10.910 24548 INFO nova.wsgi [-] Stopping WSGI server.
2017-02-09 13:27:10.910 24541 INFO nova.wsgi [-] Stopping WSGI server.
2017-02-09 13:27:10.910 24448 INFO nova.osapi_compute.wsgi.server [req-56a763b4-5a1e-43ce-8e3a-f422d41ba68d - - - - -] (24448) wsgi exited, is_accepting=True
2017-02-09 13:27:10.910 24476 INFO nova.osapi_compute.wsgi.server [req-34b8dc6f-ca2c-46ea-8932-53976763a743 - - - - -] (24476) wsgi exited, is_accepting=True
2017-02-09 13:27:10.910 24530 INFO nova.metadata.wsgi.server [req-6f434a52-f7b3-4941-9e8a-5f9e6b4535f7 - - - - -] (24530) wsgi exited, is_accepting=True
2017-02-09 13:27:10.910 24555 INFO nova.metadata.wsgi.server [req-e73481ef-0fce-4597-a36a-b129c1a1694c - - - - -] (24555) wsgi exited, is_accepting=True
2017-02-09 13:27:10.910 24553 INFO nova.metadata.wsgi.server [req-5ee9a7c1-515a-4a37-8eb4-e60d1cd663df - - - - -] (24553) wsgi exited, is_accepting=True
2017-02-09 13:27:10.910 24531 INFO nova.wsgi [-] Stopping WSGI server.
2017-02-09 13:27:10.911 24461 INFO nova.wsgi [req-14228c9e-5683-4c19-ac22-5c5d456bf4f0 - - - - -] WSGI server has stopped.
2017-02-09 13:27:10.910 24592 INFO nova.wsgi [-] Stopping WSGI server.
2017-02-09 13:27:10.911 24525 INFO nova.metadata.wsgi.server [req-aab76959-b219-4752-9f91-1dc1785f3add - - - - -] (24525) wsgi exited, is_accepting=True
2017-02-09 13:27:10.911 24576 INFO nova.wsgi [-] Stopping WSGI server.
2017-02-09 13:27:10.911 24547 INFO nova.metadata.wsgi.server [req-92f32682-594d-49e5-a469-56c6080a752c - - - - -] (24547) wsgi exited, is_accepting=True
2017-02-09 13:27:10.911 24421 INFO nova.wsgi [req-14228c9e-5683-4c19-ac22-5c5d456bf4f0 - - - - -] WSGI server has stopped.
2017-02-09 13:27:10.911 24419 INFO nova.wsgi [req-14228c9e-5683-4c19-ac22-5c5d456bf4f0 - - - - -] WSGI server has stopped.
2017-02-09 13:27:10.911 24567 INFO nova.metadata.wsgi.server [req-824adaa9-bf2b-4102-8d9c-4b5826c6436d - - - - -] (24567) wsgi exited, is_accepting=True
2017-02-09 13:27:10.911 24591 INFO nova.wsgi [-] Stopping WSGI server.
2017-02-09 13:27:10.911 24460 INFO nova.osapi_compute.wsgi.server [req-f4a94a0f-e6f6-45ee-8a76-2a80e9c891ca - - - - -] (24460) wsgi exited, is_accepting=True
2017-02-09 13:27:10.912 24464 INFO nova.wsgi [req-14228c9e-5683-4c19-ac22-5c5d456bf4f0 - - - - -] WSGI server has stopped.
2017-02-09 13:27:10.909 24561 INFO nova.wsgi [-] Stopping WSGI server.
2017-02-09 13:27:10.912 24426 INFO nova.wsgi [req-14228c9e-5683-4c19-ac22-5c5d456bf4f0 - - - - -] WSGI server has stopped.
2017-02-09 13:27:10.912 24430 INFO nova.wsgi [req-14228c9e-5683-4c19-ac22-5c5d456bf4f0 - - - - -] WSGI server has stopped.
2017-02-09 13:27:10.912 24435 INFO nova.osapi_compute.wsgi.server [req-3358a321-1e6c-4af3-9874-7c83ef28a60a - - - - -] (24435) wsgi exited, is_accepting=True
2017-02-09 13:27:10.912 24536 INFO nova.wsgi [-] Stopping WSGI server.
2017-02-09 13:27:10.911 24585 INFO nova.metadata.wsgi.server [req-3bb436bd-161d-4aea-a4e1-5404ff191a2c - - - - -] (24585) wsgi exited, is_accepting=True
2017-02-09 13:27:10.912 24573 INFO nova.wsgi [-] Stopping WSGI server.
2017-02-09 13:27:10.913 24530 INFO nova.wsgi [req-14228c9e-5683-4c19-ac22-5c5d456bf4f0 - - - - -] WSGI server has stopped.
2017-02-09 13:27:10.913 24553 INFO nova.wsgi [req-14228c9e-5683-4c19-ac22-5c5d456bf4f0 - - - - -] WSGI server has stopped.
2017-02-09 13:27:10.913 24584 INFO nova.wsgi [-] Stopping WSGI server.
2017-02-09 13:27:10.913 24591 INFO nova.metadata.wsgi.server [req-5b054d54-6622-4a00-91e8-4ee2510a3484 - - - - -] (24591) wsgi exited, is_accepting=True
2017-02-09 13:27:10.913 24555 INFO nova.wsgi [req-14228c9e-5683-4c19-ac22-5c5d456bf4f0 - - - - -] WSGI server has stopped.
2017-02-09 13:27:10.913 24434 INFO nova.wsgi [-] Stopping WSGI server.
2017-02-09 13:27:10.913 24536 INFO nova.metadata.wsgi.server [req-f79416b4-042d-4a5c-8168-1cc8d44d94e2 - - - - -] (24536) wsgi exited, is_accepting=True
2017-02-09 13:27:10.913 24561 INFO nova.metadata.wsgi.server [req-1bd465c6-8543-4dc1-bbb7-bf8f7ff2bc20 - - - - -] (24561) wsgi exited, is_accepting=True
2017-02-09 13:27:10.913 24589 INFO nova.wsgi [-] Stopping WSGI server.
2017-02-09 13:27:10.913 24452 INFO nova.osapi_compute.wsgi.server [req-7a835dac-31f0-4fb5-8e19-7755aeac9699 - - - - -] (24452) wsgi exited, is_accepting=True
2017-02-09 13:27:10.913 24567 INFO nova.wsgi [req-14228c9e-5683-4c19-ac22-5c5d456bf4f0 - - - - -] WSGI server has stopped.
2017-02-09 13:27:10.914 24573 INFO nova.metadata.wsgi.server [req-cd1c7234-f838-4176-85a2-21756365a3d3 - - - - -] (24573) wsgi exited, is_accepting=True
2017-02-09 13:27:10.913 24535 INFO nova.wsgi [-] Stopping WSGI server.
2017-02-09 13:27:10.914 24547 INFO nova.wsgi [req-14228c9e-5683-4c19-ac22-5c5d456bf4f0 - - - - -] WSGI server has stopped.
2017-02-09 13:27:10.914 24434 INFO nova.osapi_compute.wsgi.server [req-fe6d629a-2976-4b6d-a1ce-4671026e7801 - - - - -] (24434) wsgi exited, is_accepting=True
2017-02-09 13:27:10.914 24584 INFO nova.metadata.wsgi.server [req-5b88985d-2cb5-4f63-bdf9-c1e30f72280d - - - - -] (24584) wsgi exited, is_accepting=True
2017-02-09 13:27:10.914 24425 INFO nova.osapi_compute.wsgi.server [req-06e1e402-988c-4262-ac8b-0357cc5187be - - - - -] (24425) wsgi exited, is_accepting=True
2017-02-09 13:27:10.914 24585 INFO nova.wsgi [req-14228c9e-5683-4c19-ac22-5c5d456bf4f0 - - - - -] WSGI server has stopped.
2017-02-09 13:27:10.914 24589 INFO nova.metadata.wsgi.server [req-ee6615bd-4322-4465-8148-47930d32f553 - - - - -] (24589) wsgi exited, is_accepting=True
2017-02-09 13:27:10.915 24536 INFO nova.wsgi [req-14228c9e-5683-4c19-ac22-5c5d456bf4f0 - - - - -] WSGI server has stopped.
2017-02-09 13:27:10.915 24535 INFO nova.metadata.wsgi.server [req-d80be38f-5551-4ce1-bebd-c50fb7418b83 - - - - -] (24535) wsgi exited, is_accepting=True
2017-02-09 13:27:10.915 24580 INFO nova.wsgi [-] Stopping WSGI server.
2017-02-09 13:27:10.906 24484 INFO nova.wsgi [-] Stopping WSGI server.
2017-02-09 13:27:10.915 24455 INFO nova.osapi_compute.wsgi.server [req-e8d52e51-20b6-4d12-8ab1-ac29a87d2d07 - - - - -] (24455) wsgi exited, is_accepting=True
2017-02-09 13:27:10.915 24561 INFO nova.wsgi [req-14228c9e-5683-4c19-ac22-5c5d456bf4f0 - - - - -] WSGI server has stopped.
2017-02-09 13:27:10.911 24579 INFO nova.metadata.wsgi.server [req-7efdf8d4-d1ca-45bc-bae0-7affbdd3ab09 - - - - -] (24579) wsgi exited, is_accepting=True
2017-02-09 13:27:10.915 24573 INFO nova.wsgi [req-14228c9e-5683-4c19-ac22-5c5d456bf4f0 - - - - -] WSGI server has stopped.
2017-02-09 13:27:10.912 24548 INFO nova.metadata.wsgi.server [req-72ed190f-4024-4dc7-bd56-f9c6b851f480 - - - - -] (24548) wsgi exited, is_accepting=True
2017-02-09 13:27:10.916 24529 INFO nova.wsgi [-] Stopping WSGI server.
2017-02-09 13:27:10.916 24484 INFO nova.osapi_compute.wsgi.server [req-a99b745d-e0d4-45e8-9a60-abd90e79cfbb - - - - -] (24484) wsgi exited, is_accepting=True
2017-02-09 13:27:10.916 24580 INFO nova.metadata.wsgi.server [req-5c5a17ab-1197-4604-8514-fb28fc3c1816 - - - - -] (24580) wsgi exited, is_accepting=True
2017-02-09 13:27:10.916 24589 INFO nova.wsgi [req-14228c9e-5683-4c19-ac22-5c5d456bf4f0 - - - - -] WSGI server has stopped.
2017-02-09 13:27:10.917 24538 INFO nova.wsgi [-] Stopping WSGI server.
2017-02-09 13:27:10.917 24529 INFO nova.metadata.wsgi.server [req-6d19f6eb-d76d-4781-86b6-be08bd783bc7 - - - - -] (24529) wsgi exited, is_accepting=True
2017-02-09 13:27:10.917 24579 INFO nova.wsgi [req-14228c9e-5683-4c19-ac22-5c5d456bf4f0 - - - - -] WSGI server has stopped.
2017-02-09 13:27:10.917 24429 INFO nova.osapi_compute.wsgi.server [req-211c850e-b46d-443e-8a3b-568d8eb04f04 - - - - -] (24429) wsgi exited, is_accepting=True
2017-02-09 13:27:10.918 24548 INFO nova.wsgi [req-14228c9e-5683-4c19-ac22-5c5d456bf4f0 - - - - -] WSGI server has stopped.
2017-02-09 13:27:10.918 24594 INFO nova.wsgi [-] Stopping WSGI server.
2017-02-09 13:27:10.918 24538 INFO nova.metadata.wsgi.server [req-b9ce6024-3478-4c10-b0ab-d8a117d49773 - - - - -] (24538) wsgi exited, is_accepting=True
2017-02-09 13:27:10.912 24592 INFO nova.metadata.wsgi.server [req-a40ebb9c-ec86-4017-b145-b785b5e235e0 - - - - -] (24592) wsgi exited, is_accepting=True
2017-02-09 13:27:10.911 24524 INFO nova.metadata.wsgi.server [req-65a139fe-9ffe-4963-8cc2-edb6d9826dc8 - - - - -] (24524) wsgi exited, is_accepting=True
2017-02-09 13:27:10.923 24443 INFO nova.osapi_compute.wsgi.server [req-69c0c837-1012-48c6-9f26-a11e63900750 - - - - -] (24443) wsgi exited, is_accepting=True
2017-02-09 13:27:10.924 24424 INFO nova.wsgi [-] Stopping WSGI server.
2017-02-09 13:27:10.925 24557 INFO nova.wsgi [-] Stopping WSGI server.
2017-02-09 13:27:10.925 24564 INFO nova.wsgi [-] Stopping WSGI server.
2017-02-09 13:27:10.909 24526 INFO nova.wsgi [-] Stopping WSGI server.
2017-02-09 13:27:10.925 24592 INFO nova.wsgi [req-14228c9e-5683-4c19-ac22-5c5d456bf4f0 - - - - -] WSGI server has stopped.
2017-02-09 13:27:10.926 24424 INFO nova.osapi_compute.wsgi.server [req-1b372e69-5be3-4ace-a0bc-0c937730d5bc - - - - -] (24424) wsgi exited, is_accepting=True
2017-02-09 13:27:10.926 24564 INFO nova.metadata.wsgi.server [req-c6214ae5-a06e-41c3-ba7b-26f4790d97d4 - - - - -] (24564) wsgi exited, is_accepting=True
2017-02-09 13:27:10.926 24557 INFO nova.metadata.wsgi.server [req-4319f5f0-267d-44cb-a4a2-4eae41e19f55 - - - - -] (24557) wsgi exited, is_accepting=True
2017-02-09 13:27:10.927 24526 INFO nova.metadata.wsgi.server [req-605198c8-4c8e-41c5-b7ec-371420d7e636 - - - - -] (24526) wsgi exited, is_accepting=True
2017-02-09 13:27:10.927 24443 INFO nova.wsgi [req-14228c9e-5683-4c19-ac22-5c5d456bf4f0 - - - - -] WSGI server has stopped.
2017-02-09 13:27:10.912 24531 INFO nova.metadata.wsgi.server [req-2f488dee-3b13-4f75-8c10-9f085cc0748b - - - - -] (24531) wsgi exited, is_accepting=True
2017-02-09 13:27:10.927 24425 INFO nova.wsgi [req-14228c9e-5683-4c19-ac22-5c5d456bf4f0 - - - - -] WSGI server has stopped.
2017-02-09 13:27:10.928 24429 INFO nova.wsgi [req-14228c9e-5683-4c19-ac22-5c5d456bf4f0 - - - - -] WSGI server has stopped.
2017-02-09 13:27:10.919 24529 INFO nova.wsgi [req-14228c9e-5683-4c19-ac22-5c5d456bf4f0 - - - - -] WSGI server has stopped.
2017-02-09 13:27:10.928 24431 INFO nova.osapi_compute.wsgi.server [req-ef81c90c-1fb6-439a-8831-923adf7e7a15 - - - - -] (24431) wsgi exited, is_accepting=True
2017-02-09 13:27:10.919 24594 INFO nova.metadata.wsgi.server [req-f026381f-2d5f-4ff3-a10b-4fe309bec4fa - - - - -] (24594) wsgi exited, is_accepting=True
2017-02-09 13:27:10.929 24559 INFO nova.wsgi [-] Stopping WSGI server.
2017-02-09 13:27:10.929 24526 INFO nova.wsgi [req-14228c9e-5683-4c19-ac22-5c5d456bf4f0 - - - - -] WSGI server has stopped.
2017-02-09 13:27:10.930 24531 INFO nova.wsgi [req-14228c9e-5683-4c19-ac22-5c5d456bf4f0 - - - - -] WSGI server has stopped.
2017-02-09 13:27:10.930 24559 INFO nova.metadata.wsgi.server [req-628649dc-6e3b-4c06-a612-ee5463d1dc12 - - - - -] (24559) wsgi exited, is_accepting=True
2017-02-09 13:27:10.930 24422 INFO nova.osapi_compute.wsgi.server [req-2d794fee-6b21-4fbf-8ef7-9012ea174874 - - - - -] (24422) wsgi exited, is_accepting=True
2017-02-09 13:27:10.930 24440 INFO nova.osapi_compute.wsgi.server [req-80387b55-8986-4f18-93d6-a2eab451850c - - - - -] (24440) wsgi exited, is_accepting=True
2017-02-09 13:27:10.930 24431 INFO nova.wsgi [req-14228c9e-5683-4c19-ac22-5c5d456bf4f0 - - - - -] WSGI server has stopped.
2017-02-09 13:27:10.931 24594 INFO nova.wsgi [req-14228c9e-5683-4c19-ac22-5c5d456bf4f0 - - - - -] WSGI server has stopped.
2017-02-09 13:27:10.906 24482 INFO nova.wsgi [-] Stopping WSGI server.
2017-02-09 13:27:10.932 24439 INFO nova.osapi_compute.wsgi.server [req-d056b1ea-de43-465d-a1d6-8b325288946d - - - - -] (24439) wsgi exited, is_accepting=True
2017-02-09 13:27:10.933 24422 INFO nova.wsgi [req-14228c9e-5683-4c19-ac22-5c5d456bf4f0 - - - - -] WSGI server has stopped.
2017-02-09 13:27:10.933 24440 INFO nova.wsgi [req-14228c9e-5683-4c19-ac22-5c5d456bf4f0 - - - - -] WSGI server has stopped.
2017-02-09 13:27:10.925 24524 INFO nova.wsgi [req-14228c9e-5683-4c19-ac22-5c5d456bf4f0 - - - - -] WSGI server has stopped.
2017-02-09 13:27:10.934 24473 INFO nova.wsgi [req-14228c9e-5683-4c19-ac22-5c5d456bf4f0 - - - - -] WSGI server has stopped.
2017-02-09 13:27:10.912 24587 INFO nova.metadata.wsgi.server [req-205154bb-627b-4396-8307-1c55e954e36c - - - - -] (24587) wsgi exited, is_accepting=True
2017-02-09 13:27:10.934 24476 INFO nova.wsgi [req-14228c9e-5683-4c19-ac22-5c5d456bf4f0 - - - - -] WSGI server has stopped.
2017-02-09 13:27:10.935 24483 INFO nova.wsgi [req-14228c9e-5683-4c19-ac22-5c5d456bf4f0 - - - - -] WSGI server has stopped.
2017-02-09 13:27:10.935 24439 INFO nova.wsgi [req-14228c9e-5683-4c19-ac22-5c5d456bf4f0 - - - - -] WSGI server has stopped.
2017-02-09 13:27:10.935 24420 INFO nova.osapi_compute.wsgi.server [req-28df6097-b23e-4c4f-9a85-c18618db1404 - - - - -] (24420) wsgi exited, is_accepting=True
2017-02-09 13:27:10.908 24441 INFO nova.osapi_compute.wsgi.server [req-f8ff4cb7-c5dd-494c-a3fd-363703418243 - - - - -] (24441) wsgi exited, is_accepting=True
2017-02-09 13:27:10.935 24428 INFO nova.wsgi [req-14228c9e-5683-4c19-ac22-5c5d456bf4f0 - - - - -] WSGI server has stopped.
2017-02-09 13:27:10.936 24587 INFO nova.wsgi [req-14228c9e-5683-4c19-ac22-5c5d456bf4f0 - - - - -] WSGI server has stopped.
2017-02-09 13:27:10.937 24420 INFO nova.wsgi [req-14228c9e-5683-4c19-ac22-5c5d456bf4f0 - - - - -] WSGI server has stopped.
2017-02-09 13:27:10.908 24485 INFO nova.wsgi [-] Stopping WSGI server.
2017-02-09 13:27:10.937 24441 INFO nova.wsgi [req-14228c9e-5683-4c19-ac22-5c5d456bf4f0 - - - - -] WSGI server has stopped.
2017-02-09 13:27:10.912 24541 INFO nova.metadata.wsgi.server [req-693f6a1f-a06c-41be-951c-e8d780819255 - - - - -] (24541) wsgi exited, is_accepting=True
2017-02-09 13:27:10.938 24485 INFO nova.osapi_compute.wsgi.server [req-46c1b404-b274-4c56-8d51-9d129c1222d8 - - - - -] (24485) wsgi exited, is_accepting=True
2017-02-09 13:27:10.911 24487 INFO nova.osapi_compute.wsgi.server [req-c7ed3d80-7151-4814-8826-67dbfee289af - - - - -] (24487) wsgi exited, is_accepting=True
2017-02-09 13:27:10.939 24541 INFO nova.wsgi [req-14228c9e-5683-4c19-ac22-5c5d456bf4f0 - - - - -] WSGI server has stopped.
2017-02-09 13:27:10.939 24485 INFO nova.wsgi [req-14228c9e-5683-4c19-ac22-5c5d456bf4f0 - - - - -] WSGI server has stopped.
2017-02-09 13:27:10.940 24446 INFO nova.osapi_compute.wsgi.server [req-1fb73fa8-8a55-4e12-86ae-3d9ea7daa5df - - - - -] (24446) wsgi exited, is_accepting=True
2017-02-09 13:27:10.911 24570 INFO nova.metadata.wsgi.server [req-da7caef1-a5f5-4402-8cbd-d1a90e4705d0 - - - - -] (24570) wsgi exited, is_accepting=True
2017-02-09 13:27:10.943 24469 INFO nova.wsgi [req-14228c9e-5683-4c19-ac22-5c5d456bf4f0 - - - - -] WSGI server has stopped.
2017-02-09 13:27:10.912 24576 INFO nova.metadata.wsgi.server [req-c7de0961-c7dd-4d05-9e0f-d872391d9a26 - - - - -] (24576) wsgi exited, is_accepting=True
2017-02-09 13:27:10.945 24532 INFO nova.wsgi [-] Stopping WSGI server.
2017-02-09 13:27:10.946 24427 INFO nova.wsgi [req-14228c9e-5683-4c19-ac22-5c5d456bf4f0 - - - - -] WSGI server has stopped.
2017-02-09 13:27:10.947 24532 INFO nova.metadata.wsgi.server [req-06b56ff3-ed5e-4a30-a013-a1afbef1d69c - - - - -] (24532) wsgi exited, is_accepting=True
2017-02-09 13:27:10.947 24458 INFO nova.wsgi [req-14228c9e-5683-4c19-ac22-5c5d456bf4f0 - - - - -] WSGI server has stopped.
2017-02-09 13:27:10.948 24576 INFO nova.wsgi [req-14228c9e-5683-4c19-ac22-5c5d456bf4f0 - - - - -] WSGI server has stopped.
2017-02-09 13:27:10.950 24570 INFO nova.wsgi [req-14228c9e-5683-4c19-ac22-5c5d456bf4f0 - - - - -] WSGI server has stopped.
2017-02-09 13:27:10.950 24432 INFO nova.wsgi [req-14228c9e-5683-4c19-ac22-5c5d456bf4f0 - - - - -] WSGI server has stopped.
2017-02-09 13:27:10.951 24489 INFO nova.osapi_compute.wsgi.server [req-250746cd-62a9-4999-b8a7-b667107933d3 - - - - -] (24489) wsgi exited, is_accepting=True
2017-02-09 13:27:10.953 24489 INFO nova.wsgi [req-14228c9e-5683-4c19-ac22-5c5d456bf4f0 - - - - -] WSGI server has stopped.
2017-02-09 13:27:10.955 24484 INFO nova.wsgi [req-14228c9e-5683-4c19-ac22-5c5d456bf4f0 - - - - -] WSGI server has stopped.
2017-02-09 13:27:10.956 24460 INFO nova.wsgi [req-14228c9e-5683-4c19-ac22-5c5d456bf4f0 - - - - -] WSGI server has stopped.
2017-02-09 13:27:10.919 24577 INFO nova.wsgi [-] Stopping WSGI server.
2017-02-09 13:27:10.933 24482 INFO nova.osapi_compute.wsgi.server [req-abd2f3c4-19de-40f7-8690-bc6d4a31a4d6 - - - - -] (24482) wsgi exited, is_accepting=True
2017-02-09 13:27:10.957 24577 INFO nova.metadata.wsgi.server [req-98ec4e0a-364a-4d6e-bbb5-b170e0db8fab - - - - -] (24577) wsgi exited, is_accepting=True
2017-02-09 13:27:10.949 24532 INFO nova.wsgi [req-14228c9e-5683-4c19-ac22-5c5d456bf4f0 - - - - -] WSGI server has stopped.
2017-02-09 13:27:10.963 24435 INFO nova.wsgi [req-14228c9e-5683-4c19-ac22-5c5d456bf4f0 - - - - -] WSGI server has stopped.
2017-02-09 13:27:10.966 24487 INFO nova.wsgi [req-14228c9e-5683-4c19-ac22-5c5d456bf4f0 - - - - -] WSGI server has stopped.
2017-02-09 13:27:10.967 24591 INFO nova.wsgi [req-14228c9e-5683-4c19-ac22-5c5d456bf4f0 - - - - -] WSGI server has stopped.
2017-02-09 13:27:10.909 24596 INFO nova.wsgi [-] Stopping WSGI server.
2017-02-09 13:27:10.971 24596 INFO nova.metadata.wsgi.server [req-e2f94952-8ede-4b68-9408-c356215a9f7c - - - - -] (24596) wsgi exited, is_accepting=True
2017-02-09 13:27:10.928 24424 INFO nova.wsgi [req-14228c9e-5683-4c19-ac22-5c5d456bf4f0 - - - - -] WSGI server has stopped.
2017-02-09 13:27:10.973 24596 INFO nova.wsgi [req-14228c9e-5683-4c19-ac22-5c5d456bf4f0 - - - - -] WSGI server has stopped.
2017-02-09 13:27:10.910 24527 INFO nova.metadata.wsgi.server [req-f9818657-b3ea-4b40-8ca8-1d96d9e17bc7 - - - - -] (24527) wsgi exited, is_accepting=True
2017-02-09 13:27:10.975 24527 INFO nova.wsgi [req-14228c9e-5683-4c19-ac22-5c5d456bf4f0 - - - - -] WSGI server has stopped.
2017-02-09 13:27:10.912 24550 INFO nova.wsgi [req-14228c9e-5683-4c19-ac22-5c5d456bf4f0 - - - - -] WSGI server has stopped.
2017-02-09 13:27:10.916 24584 INFO nova.wsgi [req-14228c9e-5683-4c19-ac22-5c5d456bf4f0 - - - - -] WSGI server has stopped.
2017-02-09 13:27:10.986 24455 INFO nova.wsgi [req-14228c9e-5683-4c19-ac22-5c5d456bf4f0 - - - - -] WSGI server has stopped.
2017-02-09 13:27:10.989 24452 INFO nova.wsgi [req-14228c9e-5683-4c19-ac22-5c5d456bf4f0 - - - - -] WSGI server has stopped.
2017-02-09 13:27:10.994 24523 INFO nova.wsgi [req-14228c9e-5683-4c19-ac22-5c5d456bf4f0 - - - - -] WSGI server has stopped.
2017-02-09 13:27:10.945 24446 INFO nova.wsgi [req-14228c9e-5683-4c19-ac22-5c5d456bf4f0 - - - - -] WSGI server has stopped.
2017-02-09 13:27:10.959 24482 INFO nova.wsgi [req-14228c9e-5683-4c19-ac22-5c5d456bf4f0 - - - - -] WSGI server has stopped.
2017-02-09 13:27:10.959 24577 INFO nova.wsgi [req-14228c9e-5683-4c19-ac22-5c5d456bf4f0 - - - - -] WSGI server has stopped.
2017-02-09 13:27:10.927 24434 INFO nova.wsgi [req-14228c9e-5683-4c19-ac22-5c5d456bf4f0 - - - - -] WSGI server has stopped.
2017-02-09 13:27:11.026 24472 INFO nova.wsgi [-] Stopping WSGI server.
2017-02-09 13:27:11.028 24472 INFO nova.osapi_compute.wsgi.server [req-61889c10-d832-453b-a733-986741d28d90 - - - - -] (24472) wsgi exited, is_accepting=True
2017-02-09 13:27:11.029 24459 INFO nova.wsgi [-] Stopping WSGI server.
2017-02-09 13:27:11.031 24459 INFO nova.osapi_compute.wsgi.server [req-f453b01f-8e38-43bb-80c2-f82303ff9254 - - - - -] (24459) wsgi exited, is_accepting=True
2017-02-09 13:27:10.913 24528 INFO nova.wsgi [-] Stopping WSGI server.
2017-02-09 13:27:11.033 24528 INFO nova.metadata.wsgi.server [req-662e60b6-f7b7-4f18-b751-4f318d5f7237 - - - - -] (24528) wsgi exited, is_accepting=True
2017-02-09 13:27:10.924 24543 INFO nova.wsgi [-] Stopping WSGI server.
2017-02-09 13:27:11.036 24543 INFO nova.metadata.wsgi.server [req-c2338417-c61a-4479-9c8c-54841a647750 - - - - -] (24543) wsgi exited, is_accepting=True
2017-02-09 13:27:11.041 24448 INFO nova.wsgi [req-14228c9e-5683-4c19-ac22-5c5d456bf4f0 - - - - -] WSGI server has stopped.
2017-02-09 13:27:10.924 24572 INFO nova.wsgi [-] Stopping WSGI server.
2017-02-09 13:27:11.045 24572 INFO nova.metadata.wsgi.server [req-68ef9230-8791-4ebc-ba61-49c53925b111 - - - - -] (24572) wsgi exited, is_accepting=True
2017-02-09 13:27:10.918 24580 INFO nova.wsgi [req-14228c9e-5683-4c19-ac22-5c5d456bf4f0 - - - - -] WSGI server has stopped.
2017-02-09 13:27:11.048 24423 INFO nova.wsgi [req-14228c9e-5683-4c19-ac22-5c5d456bf4f0 - - - - -] WSGI server has stopped.
2017-02-09 13:27:11.050 24459 INFO nova.wsgi [req-14228c9e-5683-4c19-ac22-5c5d456bf4f0 - - - - -] WSGI server has stopped.
2017-02-09 13:27:11.076 24572 INFO nova.wsgi [req-14228c9e-5683-4c19-ac22-5c5d456bf4f0 - - - - -] WSGI server has stopped.
2017-02-09 13:27:11.076 23803 INFO oslo_service.service [req-14228c9e-5683-4c19-ac22-5c5d456bf4f0 - - - - -] Child 24426 exited with status 0
2017-02-09 13:27:11.077 24472 INFO nova.wsgi [req-14228c9e-5683-4c19-ac22-5c5d456bf4f0 - - - - -] WSGI server has stopped.
2017-02-09 13:27:11.093 24528 INFO nova.wsgi [req-14228c9e-5683-4c19-ac22-5c5d456bf4f0 - - - - -] WSGI server has stopped.
2017-02-09 13:27:11.101 24538 INFO nova.wsgi [req-14228c9e-5683-4c19-ac22-5c5d456bf4f0 - - - - -] WSGI server has stopped.
2017-02-09 13:27:11.109 24535 INFO nova.wsgi [req-14228c9e-5683-4c19-ac22-5c5d456bf4f0 - - - - -] WSGI server has stopped.
2017-02-09 13:27:11.115 24559 INFO nova.wsgi [req-14228c9e-5683-4c19-ac22-5c5d456bf4f0 - - - - -] WSGI server has stopped.
2017-02-09 13:27:11.122 24557 INFO nova.wsgi [req-14228c9e-5683-4c19-ac22-5c5d456bf4f0 - - - - -] WSGI server has stopped.
2017-02-09 13:27:11.131 24564 INFO nova.wsgi [req-14228c9e-5683-4c19-ac22-5c5d456bf4f0 - - - - -] WSGI server has stopped.
2017-02-09 13:27:11.130 23803 INFO oslo_service.service [req-14228c9e-5683-4c19-ac22-5c5d456bf4f0 - - - - -] Child 24420 exited with status 0
2017-02-09 13:27:11.136 24543 INFO nova.wsgi [req-14228c9e-5683-4c19-ac22-5c5d456bf4f0 - - - - -] WSGI server has stopped.
2017-02-09 13:27:11.138 23803 INFO oslo_service.service [req-14228c9e-5683-4c19-ac22-5c5d456bf4f0 - - - - -] Child 24419 exited with status 0
2017-02-09 13:27:11.145 23803 INFO oslo_service.service [req-14228c9e-5683-4c19-ac22-5c5d456bf4f0 - - - - -] Child 24421 exited with status 0
2017-02-09 13:27:11.160 23803 INFO oslo_service.service [req-14228c9e-5683-4c19-ac22-5c5d456bf4f0 - - - - -] Child 24422 exited with status 0
2017-02-09 13:27:11.165 24525 INFO nova.wsgi [req-14228c9e-5683-4c19-ac22-5c5d456bf4f0 - - - - -] WSGI server has stopped.
2017-02-09 13:27:11.170 23803 INFO oslo_service.service [req-14228c9e-5683-4c19-ac22-5c5d456bf4f0 - - - - -] Child 24423 exited with status 0
2017-02-09 13:27:11.181 23803 INFO oslo_service.service [req-14228c9e-5683-4c19-ac22-5c5d456bf4f0 - - - - -] Child 24424 exited with status 0
2017-02-09 13:27:11.210 23803 INFO oslo_service.service [req-14228c9e-5683-4c19-ac22-5c5d456bf4f0 - - - - -] Child 24425 exited with status 0
2017-02-09 13:27:11.226 23803 INFO oslo_service.service [req-14228c9e-5683-4c19-ac22-5c5d456bf4f0 - - - - -] Child 24427 exited with status 0
2017-02-09 13:27:11.252 23803 INFO oslo_service.service [req-14228c9e-5683-4c19-ac22-5c5d456bf4f0 - - - - -] Child 24428 exited with status 0
2017-02-09 13:27:11.265 23803 INFO oslo_service.service [req-14228c9e-5683-4c19-ac22-5c5d456bf4f0 - - - - -] Child 24429 exited with status 0
2017-02-09 13:27:11.277 23803 INFO oslo_service.service [req-14228c9e-5683-4c19-ac22-5c5d456bf4f0 - - - - -] Child 24430 exited with status 0
2017-02-09 13:27:11.279 20419 WARNING oslo_db.sqlalchemy.engines [req-9b5cf0e9-9c3e-4a35-b0ce-4a5dfbbc48ee - - - - -] SQL connection failed. -1 attempts left.
2017-02-09 13:27:11.283 20423 WARNING oslo_db.sqlalchemy.engines [req-46ee4d49-c6bf-4c17-adac-b022d428bb8e - - - - -] SQL connection failed. -1 attempts left.
2017-02-09 13:27:11.283 20424 WARNING oslo_db.sqlalchemy.engines [req-cf1ec4fc-d587-45e1-a4e4-e6238d5a2407 - - - - -] SQL connection failed. -1 attempts left.
2017-02-09 13:27:11.284 20422 WARNING oslo_db.sqlalchemy.engines [req-1ae52049-4633-48a5-af58-59c3242acc66 - - - - -] SQL connection failed. -1 attempts left.
2017-02-09 13:27:11.286 20420 WARNING oslo_db.sqlalchemy.engines [req-89e72d47-2e08-468d-bbdb-2e2bb2a1f7e3 - - - - -] SQL connection failed. -1 attempts left.
2017-02-09 13:27:11.286 23803 INFO oslo_service.service [req-14228c9e-5683-4c19-ac22-5c5d456bf4f0 - - - - -] Child 24431 exited with status 0
2017-02-09 13:27:11.291 20429 WARNING oslo_db.sqlalchemy.engines [req-e63d1fb8-0e4c-4ff9-a701-0cabd59816c6 - - - - -] SQL connection failed. -1 attempts left.
2017-02-09 13:27:11.292 23803 INFO oslo_service.service [req-14228c9e-5683-4c19-ac22-5c5d456bf4f0 - - - - -] Child 24432 exited with status 0
2017-02-09 13:27:11.294 20421 WARNING oslo_db.sqlalchemy.engines [req-6cf8c1f2-fd03-4c30-89b7-1a9fe8acfd2b - - - - -] SQL connection failed. -1 attempts left.
2017-02-09 13:27:11.297 23803 INFO oslo_service.service [req-14228c9e-5683-4c19-ac22-5c5d456bf4f0 - - - - -] Child 24434 exited with status 0
2017-02-09 13:27:11.303 20431 WARNING oslo_db.sqlalchemy.engines [req-7da7dee4-7560-4dfa-b430-7342076cec32 - - - - -] SQL connection failed. -1 attempts left.
2017-02-09 13:27:11.304 23803 INFO oslo_service.service [req-14228c9e-5683-4c19-ac22-5c5d456bf4f0 - - - - -] Child 24435 exited with status 0
2017-02-09 13:27:11.308 20430 WARNING oslo_db.sqlalchemy.engines [req-f0f6f1dc-7cf1-4490-9e6a-0e0441756e90 - - - - -] SQL connection failed. -1 attempts left.
2017-02-09 13:27:11.310 23803 INFO oslo_service.service [req-14228c9e-5683-4c19-ac22-5c5d456bf4f0 - - - - -] Child 24439 exited with status 0
2017-02-09 13:27:11.312 20432 WARNING oslo_db.sqlalchemy.engines [req-b3eda99a-0cdb-4dd8-9e37-58e67caa458a - - - - -] SQL connection failed. -1 attempts left.
2017-02-09 13:27:11.316 23803 INFO oslo_service.service [req-14228c9e-5683-4c19-ac22-5c5d456bf4f0 - - - - -] Child 24440 exited with status 0
2017-02-09 13:27:11.320 20435 WARNING oslo_db.sqlalchemy.engines [req-d81d8ded-281b-490b-966f-33e13661a193 - - - - -] SQL connection failed. -1 attempts left.
2017-02-09 13:27:11.323 23803 INFO oslo_service.service [req-14228c9e-5683-4c19-ac22-5c5d456bf4f0 - - - - -] Child 24441 exited with status 0
2017-02-09 13:27:11.329 23803 INFO oslo_service.service [req-14228c9e-5683-4c19-ac22-5c5d456bf4f0 - - - - -] Child 24443 exited with status 0
2017-02-09 13:27:11.330 20436 WARNING oslo_db.sqlalchemy.engines [req-3dc8bebf-c297-4650-b7c2-2d7f0a5154d9 - - - - -] SQL connection failed. -1 attempts left.
2017-02-09 13:27:11.330 20433 WARNING oslo_db.sqlalchemy.engines [req-f496c558-a5e2-440b-ab78-442627cecb7e - - - - -] SQL connection failed. -1 attempts left.
2017-02-09 13:27:11.331 20434 WARNING oslo_db.sqlalchemy.engines [req-7676b1c0-90a1-4e22-950b-facf7e7e72fa - - - - -] SQL connection failed. -1 attempts left.
2017-02-09 13:27:11.332 20437 WARNING oslo_db.sqlalchemy.engines [req-741cddc7-2810-4e07-8cf4-1433ead5e0a7 - - - - -] SQL connection failed. -1 attempts left.
2017-02-09 13:27:11.335 23803 INFO oslo_service.service [req-14228c9e-5683-4c19-ac22-5c5d456bf4f0 - - - - -] Child 24446 exited with status 0
2017-02-09 13:27:11.338 20438 WARNING oslo_db.sqlalchemy.engines [req-7ddb9f54-65ab-4413-ac12-fe09e4b0170b - - - - -] SQL connection failed. -1 attempts left.
2017-02-09 13:27:11.342 23803 INFO oslo_service.service [req-14228c9e-5683-4c19-ac22-5c5d456bf4f0 - - - - -] Child 24448 exited with status 0
2017-02-09 13:27:11.347 20439 WARNING oslo_db.sqlalchemy.engines [req-587bbdb0-199b-47f7-8ce0-03146ed03219 - - - - -] SQL connection failed. -1 attempts left.
2017-02-09 13:27:11.348 23803 INFO oslo_service.service [req-14228c9e-5683-4c19-ac22-5c5d456bf4f0 - - - - -] Child 24452 exited with status 0
2017-02-09 13:27:11.356 23803 INFO oslo_service.service [req-14228c9e-5683-4c19-ac22-5c5d456bf4f0 - - - - -] Child 24455 exited with status 0
2017-02-09 13:27:11.357 20440 WARNING oslo_db.sqlalchemy.engines [req-6f74d403-564e-417f-8d88-b5dde8301f1f - - - - -] SQL connection failed. -1 attempts left.
2017-02-09 13:27:11.366 20441 WARNING oslo_db.sqlalchemy.engines [req-629c2e0f-9141-4ace-940b-1270d376218a - - - - -] SQL connection failed. -1 attempts left.
2017-02-09 13:27:11.367 23803 INFO oslo_service.service [req-14228c9e-5683-4c19-ac22-5c5d456bf4f0 - - - - -] Child 24458 exited with status 0
2017-02-09 13:27:11.370 20442 WARNING oslo_db.sqlalchemy.engines [req-55c1aed2-47d4-49dd-926e-f7ebc72b0a8b - - - - -] SQL connection failed. -1 attempts left.
2017-02-09 13:27:11.375 20443 WARNING oslo_db.sqlalchemy.engines [req-8ec3102e-66b6-493c-b9fe-417794a60d4c - - - - -] SQL connection failed. -1 attempts left.
2017-02-09 13:27:11.375 23803 INFO oslo_service.service [req-14228c9e-5683-4c19-ac22-5c5d456bf4f0 - - - - -] Child 24459 exited with status 0
2017-02-09 13:27:11.381 23803 INFO oslo_service.service [req-14228c9e-5683-4c19-ac22-5c5d456bf4f0 - - - - -] Child 24460 exited with status 0
2017-02-09 13:27:11.382 20444 WARNING oslo_db.sqlalchemy.engines [req-3413eab9-d124-4300-890c-e7d2958259dc - - - - -] SQL connection failed. -1 attempts left.
2017-02-09 13:27:11.387 23803 INFO oslo_service.service [req-14228c9e-5683-4c19-ac22-5c5d456bf4f0 - - - - -] Child 24461 exited with status 0
2017-02-09 13:27:11.390 20445 WARNING oslo_db.sqlalchemy.engines [req-a1f5d259-ec1e-43f0-8392-20b0cc8107e4 - - - - -] SQL connection failed. -1 attempts left.
2017-02-09 13:27:11.392 23803 INFO oslo_service.service [req-14228c9e-5683-4c19-ac22-5c5d456bf4f0 - - - - -] Child 24464 exited with status 0
2017-02-09 13:27:11.397 23803 INFO oslo_service.service [req-14228c9e-5683-4c19-ac22-5c5d456bf4f0 - - - - -] Child 24467 exited with status 0
2017-02-09 13:27:11.403 20447 WARNING oslo_db.sqlalchemy.engines [req-2d62cd4e-8281-424d-83b6-6062bef4bd01 - - - - -] SQL connection failed. -1 attempts left.
2017-02-09 13:27:11.403 23803 INFO oslo_service.service [req-14228c9e-5683-4c19-ac22-5c5d456bf4f0 - - - - -] Child 24469 exited with status 0
2017-02-09 13:27:11.404 20446 WARNING oslo_db.sqlalchemy.engines [req-26415fb7-c5b8-4dbf-9451-300351711cac - - - - -] SQL connection failed. -1 attempts left.
2017-02-09 13:27:11.406 20448 WARNING oslo_db.sqlalchemy.engines [req-875b3fbd-5e9c-493d-9599-132717dbfde1 - - - - -] SQL connection failed. -1 attempts left.
2017-02-09 13:27:11.409 23803 INFO oslo_service.service [req-14228c9e-5683-4c19-ac22-5c5d456bf4f0 - - - - -] Child 24472 exited with status 0
2017-02-09 13:27:11.411 20452 WARNING oslo_db.sqlalchemy.engines [req-ad4e9d83-d3b6-45a4-bf9c-0cbf4be431da - - - - -] SQL connection failed. -1 attempts left.
2017-02-09 13:27:11.414 23803 INFO oslo_service.service [req-14228c9e-5683-4c19-ac22-5c5d456bf4f0 - - - - -] Child 24473 exited with status 0
2017-02-09 13:27:11.417 20453 WARNING oslo_db.sqlalchemy.engines [req-4a767b9a-9fea-4f3c-8e8d-a137f0e8f442 - - - - -] SQL connection failed. -1 attempts left.
2017-02-09 13:27:11.420 23803 INFO oslo_service.service [req-14228c9e-5683-4c19-ac22-5c5d456bf4f0 - - - - -] Child 24476 exited with status 0
2017-02-09 13:27:11.423 20454 WARNING oslo_db.sqlalchemy.engines [req-77fa9166-5857-4dab-be72-615e26fc2d1d - - - - -] SQL connection failed. -1 attempts left.
2017-02-09 13:27:11.425 23803 INFO oslo_service.service [req-14228c9e-5683-4c19-ac22-5c5d456bf4f0 - - - - -] Child 24482 exited with status 0
2017-02-09 13:27:11.430 23803 INFO oslo_service.service [req-14228c9e-5683-4c19-ac22-5c5d456bf4f0 - - - - -] Child 24483 exited with status 0
2017-02-09 13:27:11.431 20455 WARNING oslo_db.sqlalchemy.engines [req-4ba65a86-9cdb-4ff9-85d9-a938a13accb4 - - - - -] SQL connection failed. -1 attempts left.
2017-02-09 13:27:11.435 23803 INFO oslo_service.service [req-14228c9e-5683-4c19-ac22-5c5d456bf4f0 - - - - -] Child 24484 exited with status 0
2017-02-09 13:27:11.435 20456 WARNING oslo_db.sqlalchemy.engines [req-e61eb488-afec-40d1-a5c3-850c7e6b992d - - - - -] SQL connection failed. -1 attempts left.
2017-02-09 13:27:11.439 23803 INFO oslo_service.service [req-14228c9e-5683-4c19-ac22-5c5d456bf4f0 - - - - -] Child 24485 exited with status 0
2017-02-09 13:27:11.440 20457 WARNING oslo_db.sqlalchemy.engines [req-34465c53-45a2-4f7b-adec-a4f43b9b59ba - - - - -] SQL connection failed. -1 attempts left.
2017-02-09 13:27:11.445 20458 WARNING oslo_db.sqlalchemy.engines [req-985b9db5-178b-48b2-842b-ed6756460850 - - - - -] SQL connection failed. -1 attempts left.
2017-02-09 13:27:11.445 23803 INFO oslo_service.service [req-14228c9e-5683-4c19-ac22-5c5d456bf4f0 - - - - -] Child 24487 exited with status 0
2017-02-09 13:27:11.450 20459 WARNING oslo_db.sqlalchemy.engines [req-d593adba-098f-4e4f-8d93-2ed7a3374b74 - - - - -] SQL connection failed. -1 attempts left.
2017-02-09 13:27:11.450 23803 INFO oslo_service.service [req-14228c9e-5683-4c19-ac22-5c5d456bf4f0 - - - - -] Child 24489 exited with status 0
2017-02-09 13:27:11.455 20460 WARNING oslo_db.sqlalchemy.engines [req-9df75ee5-0489-469d-9d28-954ee9522910 - - - - -] SQL connection failed. -1 attempts left.
2017-02-09 13:27:11.455 23803 INFO oslo_service.service [req-14228c9e-5683-4c19-ac22-5c5d456bf4f0 - - - - -] Child 24523 exited with status 0
2017-02-09 13:27:11.461 23803 INFO oslo_service.service [req-14228c9e-5683-4c19-ac22-5c5d456bf4f0 - - - - -] Child 24524 exited with status 0
2017-02-09 13:27:11.461 20461 WARNING oslo_db.sqlalchemy.engines [req-1f030cba-bc86-4e5b-b77a-2f495f322e32 - - - - -] SQL connection failed. -1 attempts left.
2017-02-09 13:27:11.466 23803 INFO oslo_service.service [req-14228c9e-5683-4c19-ac22-5c5d456bf4f0 - - - - -] Child 24525 exited with status 0
2017-02-09 13:27:11.466 20462 WARNING oslo_db.sqlalchemy.engines [req-7cc7561d-1a73-4851-ab4c-18499ba12755 - - - - -] SQL connection failed. -1 attempts left.
2017-02-09 13:27:11.471 20463 WARNING oslo_db.sqlalchemy.engines [req-41ea34fe-99b2-4020-a68b-fb2a59bc34aa - - - - -] SQL connection failed. -1 attempts left.
2017-02-09 13:27:11.471 23803 INFO oslo_service.service [req-14228c9e-5683-4c19-ac22-5c5d456bf4f0 - - - - -] Child 24526 exited with status 0
2017-02-09 13:27:11.476 20464 WARNING oslo_db.sqlalchemy.engines [req-059840b6-1101-4a6e-a146-cba290fc9778 - - - - -] SQL connection failed. -1 attempts left.
2017-02-09 13:27:11.477 23803 INFO oslo_service.service [req-14228c9e-5683-4c19-ac22-5c5d456bf4f0 - - - - -] Child 24527 exited with status 0
2017-02-09 13:27:11.481 20465 WARNING oslo_db.sqlalchemy.engines [req-4e802d83-9dc4-435b-baf2-09d74110f285 - - - - -] SQL connection failed. -1 attempts left.
2017-02-09 13:27:11.483 23803 INFO oslo_service.service [req-14228c9e-5683-4c19-ac22-5c5d456bf4f0 - - - - -] Child 24528 exited with status 0
2017-02-09 13:27:11.487 20466 WARNING oslo_db.sqlalchemy.engines [req-bdf236da-42b7-446f-adc8-43f95c04f6bd - - - - -] SQL connection failed. -1 attempts left.
2017-02-09 13:27:11.488 23803 INFO oslo_service.service [req-14228c9e-5683-4c19-ac22-5c5d456bf4f0 - - - - -] Child 24529 exited with status 0
2017-02-09 13:27:11.496 20467 WARNING oslo_db.sqlalchemy.engines [req-99e54044-5bfa-43cc-b3f0-128f7528cf85 - - - - -] SQL connection failed. -1 attempts left.
2017-02-09 13:27:11.496 23803 INFO oslo_service.service [req-14228c9e-5683-4c19-ac22-5c5d456bf4f0 - - - - -] Child 24530 exited with status 0
2017-02-09 13:27:11.500 23803 INFO oslo_service.service [req-14228c9e-5683-4c19-ac22-5c5d456bf4f0 - - - - -] Child 24531 exited with status 0
2017-02-09 13:27:11.503 20468 WARNING oslo_db.sqlalchemy.engines [req-4db102dc-4986-4f3d-bcfb-d11cb263becf - - - - -] SQL connection failed. -1 attempts left.
2017-02-09 13:27:11.504 23803 INFO oslo_service.service [req-14228c9e-5683-4c19-ac22-5c5d456bf4f0 - - - - -] Child 24532 exited with status 0
2017-02-09 13:27:11.506 20469 WARNING oslo_db.sqlalchemy.engines [req-f5b77879-8652-4683-a3a5-c4d0f4d0332b - - - - -] SQL connection failed. -1 attempts left.
