2017-02-09 13:27:11.508 23803 INFO oslo_service.service [req-14228c9e-5683-4c19-ac22-5c5d456bf4f0 - - - - -] Child 24535 exited with status 0
2017-02-09 13:27:11.510 20470 WARNING oslo_db.sqlalchemy.engines [req-2f9610b7-cf57-4940-93cf-d27444826631 - - - - -] SQL connection failed. -1 attempts left.
2017-02-09 13:27:11.512 23803 INFO oslo_service.service [req-14228c9e-5683-4c19-ac22-5c5d456bf4f0 - - - - -] Child 24536 exited with status 0
2017-02-09 13:27:11.515 20472 WARNING oslo_db.sqlalchemy.engines [req-7531c6b3-059b-40e8-94b6-d6d213810df7 - - - - -] SQL connection failed. -1 attempts left.
2017-02-09 13:27:11.516 23803 INFO oslo_service.service [req-14228c9e-5683-4c19-ac22-5c5d456bf4f0 - - - - -] Child 24538 exited with status 0
2017-02-09 13:27:11.521 20473 WARNING oslo_db.sqlalchemy.engines [req-3052c7bf-132b-4b8a-912e-d9b538c588c7 - - - - -] SQL connection failed. -1 attempts left.
2017-02-09 13:27:11.521 23803 INFO oslo_service.service [req-14228c9e-5683-4c19-ac22-5c5d456bf4f0 - - - - -] Child 24541 exited with status 0
2017-02-09 13:27:11.525 23803 INFO oslo_service.service [req-14228c9e-5683-4c19-ac22-5c5d456bf4f0 - - - - -] Child 24543 exited with status 0
2017-02-09 13:27:11.526 20474 WARNING oslo_db.sqlalchemy.engines [req-968ca178-51e1-412e-a2d3-46062849273c - - - - -] SQL connection failed. -1 attempts left.
2017-02-09 13:27:11.529 23803 INFO oslo_service.service [req-14228c9e-5683-4c19-ac22-5c5d456bf4f0 - - - - -] Child 24547 exited with status 0
2017-02-09 13:27:11.530 20475 WARNING oslo_db.sqlalchemy.engines [req-ffde5685-ae14-4bb2-87e1-ba7c17511e29 - - - - -] SQL connection failed. -1 attempts left.
2017-02-09 13:27:11.534 23803 INFO oslo_service.service [req-14228c9e-5683-4c19-ac22-5c5d456bf4f0 - - - - -] Child 24548 exited with status 0
2017-02-09 13:27:11.535 20477 WARNING oslo_db.sqlalchemy.engines [req-b0d898b1-b1df-4e59-8a7a-0e7fbae27521 - - - - -] SQL connection failed. -1 attempts left.
2017-02-09 13:27:11.538 20478 WARNING oslo_db.sqlalchemy.engines [req-77cdfb99-2beb-48e9-a859-52f1ff3670b1 - - - - -] SQL connection failed. -1 attempts left.
2017-02-09 13:27:11.538 23803 INFO oslo_service.service [req-14228c9e-5683-4c19-ac22-5c5d456bf4f0 - - - - -] Child 24550 exited with status 0
2017-02-09 13:27:11.543 23803 INFO oslo_service.service [req-14228c9e-5683-4c19-ac22-5c5d456bf4f0 - - - - -] Child 24553 exited with status 0
2017-02-09 13:27:11.545 20479 WARNING oslo_db.sqlalchemy.engines [req-86bab8ca-9bd0-4761-bd6c-d7b99dc5189b - - - - -] SQL connection failed. -1 attempts left.
2017-02-09 13:27:11.548 20480 WARNING oslo_db.sqlalchemy.engines [req-ccdc7d0a-1cee-455a-8629-577945bccb4c - - - - -] SQL connection failed. -1 attempts left.
2017-02-09 13:27:11.548 23803 INFO oslo_service.service [req-14228c9e-5683-4c19-ac22-5c5d456bf4f0 - - - - -] Child 24555 exited with status 0
2017-02-09 13:27:11.551 20481 WARNING oslo_db.sqlalchemy.engines [req-38204134-9a95-4366-ba0a-17ff5d1426f2 - - - - -] SQL connection failed. -1 attempts left.
2017-02-09 13:27:11.552 23803 INFO oslo_service.service [req-14228c9e-5683-4c19-ac22-5c5d456bf4f0 - - - - -] Child 24557 exited with status 0
2017-02-09 13:27:11.556 20482 WARNING oslo_db.sqlalchemy.engines [req-4edf8f78-9200-46f1-8a0a-31df1887932c - - - - -] SQL connection failed. -1 attempts left.
2017-02-09 13:27:11.557 23803 INFO oslo_service.service [req-14228c9e-5683-4c19-ac22-5c5d456bf4f0 - - - - -] Child 24559 exited with status 0
2017-02-09 13:27:11.560 20483 WARNING oslo_db.sqlalchemy.engines [req-0815badd-f23e-4a96-9cee-137426796b1f - - - - -] SQL connection failed. -1 attempts left.
2017-02-09 13:27:11.561 23803 INFO oslo_service.service [req-14228c9e-5683-4c19-ac22-5c5d456bf4f0 - - - - -] Child 24561 exited with status 0
2017-02-09 13:27:11.565 20484 WARNING oslo_db.sqlalchemy.engines [req-8dd31bed-db80-49ed-a433-18f7b9c6055f - - - - -] SQL connection failed. -1 attempts left.
2017-02-09 13:27:11.565 23803 INFO oslo_service.service [req-14228c9e-5683-4c19-ac22-5c5d456bf4f0 - - - - -] Child 24564 exited with status 0
2017-02-09 13:27:11.569 20485 WARNING oslo_db.sqlalchemy.engines [req-ea082867-d96c-4de9-8c1c-8add1ad9736b - - - - -] SQL connection failed. -1 attempts left.
2017-02-09 13:27:11.569 23803 INFO oslo_service.service [req-14228c9e-5683-4c19-ac22-5c5d456bf4f0 - - - - -] Child 24567 exited with status 0
2017-02-09 13:27:11.573 23803 INFO oslo_service.service [req-14228c9e-5683-4c19-ac22-5c5d456bf4f0 - - - - -] Child 24570 exited with status 0
2017-02-09 13:27:11.574 20486 WARNING oslo_db.sqlalchemy.engines [req-2e6d584a-e507-4b97-ab4f-8e64bb076f91 - - - - -] SQL connection failed. -1 attempts left.
2017-02-09 13:27:11.577 23803 INFO oslo_service.service [req-14228c9e-5683-4c19-ac22-5c5d456bf4f0 - - - - -] Child 24572 exited with status 0
2017-02-09 13:27:11.577 20487 WARNING oslo_db.sqlalchemy.engines [req-8058fdec-9482-445a-8b89-f734f2410bb9 - - - - -] SQL connection failed. -1 attempts left.
2017-02-09 13:27:11.584 20488 WARNING oslo_db.sqlalchemy.engines [req-347d4a35-e5a1-49e3-a4d2-d58d8510746e - - - - -] SQL connection failed. -1 attempts left.
2017-02-09 13:27:11.583 23803 INFO oslo_service.service [req-14228c9e-5683-4c19-ac22-5c5d456bf4f0 - - - - -] Child 24573 exited with status 0
2017-02-09 13:27:11.589 20489 WARNING oslo_db.sqlalchemy.engines [req-560d6250-2a2d-442d-b05b-d5551fcedec7 - - - - -] SQL connection failed. -1 attempts left.
2017-02-09 13:27:11.588 23803 INFO oslo_service.service [req-14228c9e-5683-4c19-ac22-5c5d456bf4f0 - - - - -] Child 24576 exited with status 0
2017-02-09 13:27:11.592 20490 WARNING oslo_db.sqlalchemy.engines [req-ad56454e-542a-4108-8938-454052a4b9d2 - - - - -] SQL connection failed. -1 attempts left.
2017-02-09 13:27:11.594 23803 INFO oslo_service.service [req-14228c9e-5683-4c19-ac22-5c5d456bf4f0 - - - - -] Child 24577 exited with status 0
2017-02-09 13:27:11.597 20491 WARNING oslo_db.sqlalchemy.engines [req-030242b2-c5de-4c42-8a73-2baa69f41e87 - - - - -] SQL connection failed. -1 attempts left.
2017-02-09 13:27:11.599 23803 INFO oslo_service.service [req-14228c9e-5683-4c19-ac22-5c5d456bf4f0 - - - - -] Child 24579 exited with status 0
2017-02-09 13:27:11.600 20492 WARNING oslo_db.sqlalchemy.engines [req-59dba06f-e172-4268-921f-9c26ab95a6c8 - - - - -] SQL connection failed. -1 attempts left.
2017-02-09 13:27:11.603 23803 INFO oslo_service.service [req-14228c9e-5683-4c19-ac22-5c5d456bf4f0 - - - - -] Child 24580 exited with status 0
2017-02-09 13:27:11.605 20493 WARNING oslo_db.sqlalchemy.engines [req-91cbc52a-5cae-4577-bd50-1f7f94c80151 - - - - -] SQL connection failed. -1 attempts left.
2017-02-09 13:27:11.608 23803 INFO oslo_service.service [req-14228c9e-5683-4c19-ac22-5c5d456bf4f0 - - - - -] Child 24584 exited with status 0
2017-02-09 13:27:11.610 20494 WARNING oslo_db.sqlalchemy.engines [req-327e9f9b-bc9a-4027-a6f1-7c81380318c9 - - - - -] SQL connection failed. -1 attempts left.
2017-02-09 13:27:11.611 23803 INFO oslo_service.service [req-14228c9e-5683-4c19-ac22-5c5d456bf4f0 - - - - -] Child 24585 exited with status 0
2017-02-09 13:27:11.613 20495 WARNING oslo_db.sqlalchemy.engines [req-ab6f2307-11ec-4aff-895d-bf3a3b0ae197 - - - - -] SQL connection failed. -1 attempts left.
2017-02-09 13:27:11.615 23803 INFO oslo_service.service [req-14228c9e-5683-4c19-ac22-5c5d456bf4f0 - - - - -] Child 24587 exited with status 0
2017-02-09 13:27:11.619 23803 INFO oslo_service.service [req-14228c9e-5683-4c19-ac22-5c5d456bf4f0 - - - - -] Child 24589 exited with status 0
2017-02-09 13:27:11.620 20496 WARNING oslo_db.sqlalchemy.engines [req-3b03c3c9-a998-4d49-92e5-b6d359db9e23 - - - - -] SQL connection failed. -1 attempts left.
2017-02-09 13:27:11.624 20497 WARNING oslo_db.sqlalchemy.engines [req-101319a5-1b92-47e7-b5b1-1640e2359930 - - - - -] SQL connection failed. -1 attempts left.
2017-02-09 13:27:11.624 23803 INFO oslo_service.service [req-14228c9e-5683-4c19-ac22-5c5d456bf4f0 - - - - -] Child 24591 exited with status 0
2017-02-09 13:27:11.628 20498 WARNING oslo_db.sqlalchemy.engines [req-f9616dbe-46c4-408d-896e-5d730ff3cf1d - - - - -] SQL connection failed. -1 attempts left.
2017-02-09 13:27:11.628 23803 INFO oslo_service.service [req-14228c9e-5683-4c19-ac22-5c5d456bf4f0 - - - - -] Child 24592 exited with status 0
2017-02-09 13:27:11.631 20499 WARNING oslo_db.sqlalchemy.engines [req-53ada140-ed0c-4787-81d9-70dedfc60371 - - - - -] SQL connection failed. -1 attempts left.
2017-02-09 13:27:11.632 23803 INFO oslo_service.service [req-14228c9e-5683-4c19-ac22-5c5d456bf4f0 - - - - -] Child 24594 exited with status 0
2017-02-09 13:27:11.636 23803 INFO oslo_service.service [req-14228c9e-5683-4c19-ac22-5c5d456bf4f0 - - - - -] Child 24596 exited with status 0
2017-02-09 13:27:11.637 20500 WARNING oslo_db.sqlalchemy.engines [req-0baa34dc-c246-43a6-83ea-8aa160aa3d60 - - - - -] SQL connection failed. -1 attempts left.
2017-02-09 13:27:11.639 20501 WARNING oslo_db.sqlalchemy.engines [req-18daed5a-aeb3-4bdd-8099-b8b4e3cc963c - - - - -] SQL connection failed. -1 attempts left.
2017-02-09 13:27:11.643 20502 WARNING oslo_db.sqlalchemy.engines [req-97eadc91-de70-4d24-91aa-e2c30037dcb3 - - - - -] SQL connection failed. -1 attempts left.
2017-02-09 13:27:11.649 20503 WARNING oslo_db.sqlalchemy.engines [req-0b7c40f7-6eae-4853-8cfa-98ed81e47418 - - - - -] SQL connection failed. -1 attempts left.
2017-02-09 13:27:11.650 23803 INFO oslo_service.service [req-14228c9e-5683-4c19-ac22-5c5d456bf4f0 - - - - -] Caught SIGTERM, stopping children
2017-02-09 13:27:11.651 23803 INFO nova.wsgi [req-14228c9e-5683-4c19-ac22-5c5d456bf4f0 - - - - -] Stopping WSGI server.
2017-02-09 13:27:11.652 23803 INFO nova.wsgi [req-14228c9e-5683-4c19-ac22-5c5d456bf4f0 - - - - -] Stopping WSGI server.
2017-02-09 13:27:11.652 20493 INFO nova.wsgi [-] Stopping WSGI server.
2017-02-09 13:27:11.652 20486 INFO nova.wsgi [-] Stopping WSGI server.
2017-02-09 13:27:11.652 20504 WARNING oslo_db.sqlalchemy.engines [req-328619b0-3b19-4a95-a634-204e856a8adf - - - - -] SQL connection failed. -1 attempts left.
2017-02-09 13:27:11.653 20465 INFO nova.wsgi [-] Stopping WSGI server.
2017-02-09 13:27:11.656 23803 INFO oslo_service.service [req-14228c9e-5683-4c19-ac22-5c5d456bf4f0 - - - - -] Waiting on 80 children to exit
2017-02-09 13:27:11.654 20438 INFO nova.wsgi [-] Stopping WSGI server.
2017-02-09 13:27:11.655 20442 INFO nova.wsgi [-] Stopping WSGI server.
2017-02-09 13:27:11.652 20482 INFO nova.wsgi [-] Stopping WSGI server.
2017-02-09 13:27:11.652 20481 INFO nova.wsgi [-] Stopping WSGI server.
2017-02-09 13:27:11.653 20494 INFO nova.wsgi [-] Stopping WSGI server.
2017-02-09 13:27:11.652 20477 INFO nova.wsgi [-] Stopping WSGI server.
2017-02-09 13:27:11.652 20497 INFO nova.wsgi [-] Stopping WSGI server.
2017-02-09 13:27:11.652 20500 INFO nova.wsgi [-] Stopping WSGI server.
2017-02-09 13:27:11.652 20491 INFO nova.wsgi [-] Stopping WSGI server.
2017-02-09 13:27:11.652 20484 INFO nova.wsgi [-] Stopping WSGI server.
2017-02-09 13:27:11.653 20488 INFO nova.wsgi [-] Stopping WSGI server.
2017-02-09 13:27:11.655 20443 INFO nova.wsgi [-] Stopping WSGI server.
2017-02-09 13:27:11.652 20489 INFO nova.wsgi [-] Stopping WSGI server.
2017-02-09 13:27:11.656 20490 INFO nova.wsgi [-] Stopping WSGI server.
2017-02-09 13:27:11.657 20446 INFO nova.wsgi [-] Stopping WSGI server.
2017-02-09 13:27:11.657 20434 INFO nova.wsgi [-] Stopping WSGI server.
2017-02-09 13:27:11.657 20464 INFO nova.wsgi [-] Stopping WSGI server.
2017-02-09 13:27:11.657 20495 INFO nova.wsgi [-] Stopping WSGI server.
2017-02-09 13:27:11.657 20485 INFO nova.wsgi [-] Stopping WSGI server.
2017-02-09 13:27:11.658 20470 INFO nova.wsgi [-] Stopping WSGI server.
2017-02-09 13:27:11.659 20479 INFO nova.wsgi [-] Stopping WSGI server.
2017-02-09 13:27:11.660 20422 INFO nova.wsgi [-] Stopping WSGI server.
2017-02-09 13:27:11.660 20435 INFO nova.wsgi [-] Stopping WSGI server.
2017-02-09 13:27:11.660 20498 INFO nova.wsgi [-] Stopping WSGI server.
2017-02-09 13:27:11.661 20432 INFO nova.wsgi [-] Stopping WSGI server.
2017-02-09 13:27:11.660 20496 INFO nova.wsgi [-] Stopping WSGI server.
2017-02-09 13:27:11.660 20503 INFO nova.wsgi [-] Stopping WSGI server.
2017-02-09 13:27:11.661 20448 INFO nova.wsgi [-] Stopping WSGI server.
2017-02-09 13:27:11.661 20437 INFO nova.wsgi [-] Stopping WSGI server.
2017-02-09 13:27:11.661 20460 INFO nova.wsgi [-] Stopping WSGI server.
2017-02-09 13:27:11.661 20439 INFO nova.wsgi [-] Stopping WSGI server.
2017-02-09 13:27:11.660 20454 INFO nova.wsgi [-] Stopping WSGI server.
2017-02-09 13:27:11.661 20466 INFO nova.wsgi [-] Stopping WSGI server.
2017-02-09 13:27:11.661 20473 INFO nova.wsgi [-] Stopping WSGI server.
2017-02-09 13:27:11.661 20436 INFO nova.wsgi [-] Stopping WSGI server.
2017-02-09 13:27:11.660 20505 INFO nova.wsgi [-] Stopping WSGI server.
2017-02-09 13:27:11.662 20474 INFO nova.wsgi [-] Stopping WSGI server.
2017-02-09 13:27:11.662 20469 INFO nova.wsgi [-] Stopping WSGI server.
2017-02-09 13:27:11.662 20456 INFO nova.wsgi [-] Stopping WSGI server.
2017-02-09 13:27:11.662 20467 INFO nova.wsgi [-] Stopping WSGI server.
2017-02-09 13:27:11.662 20421 INFO nova.wsgi [-] Stopping WSGI server.
2017-02-09 13:27:11.660 20430 INFO nova.wsgi [-] Stopping WSGI server.
2017-02-09 13:27:11.660 20502 INFO nova.wsgi [-] Stopping WSGI server.
2017-02-09 13:27:11.662 20445 INFO nova.wsgi [-] Stopping WSGI server.
2017-02-09 13:27:11.662 20487 INFO nova.wsgi [-] Stopping WSGI server.
2017-02-09 13:27:11.662 20440 INFO nova.wsgi [-] Stopping WSGI server.
2017-02-09 13:27:11.662 20461 INFO nova.wsgi [-] Stopping WSGI server.
2017-02-09 13:27:11.662 20419 INFO nova.wsgi [-] Stopping WSGI server.
2017-02-09 13:27:11.662 20468 INFO nova.wsgi [-] Stopping WSGI server.
2017-02-09 13:27:11.662 20457 INFO nova.wsgi [-] Stopping WSGI server.
2017-02-09 13:27:11.662 20458 INFO nova.wsgi [-] Stopping WSGI server.
2017-02-09 13:27:11.663 20459 INFO nova.wsgi [-] Stopping WSGI server.
2017-02-09 13:27:11.663 20462 INFO nova.wsgi [-] Stopping WSGI server.
2017-02-09 13:27:11.663 20492 INFO nova.wsgi [-] Stopping WSGI server.
2017-02-09 13:27:11.661 20424 INFO nova.wsgi [-] Stopping WSGI server.
2017-02-09 13:27:11.663 20483 INFO nova.wsgi [-] Stopping WSGI server.
2017-02-09 13:27:11.663 20455 INFO nova.wsgi [-] Stopping WSGI server.
2017-02-09 13:27:11.660 20447 INFO nova.wsgi [-] Stopping WSGI server.
2017-02-09 13:27:11.664 20478 INFO nova.wsgi [-] Stopping WSGI server.
2017-02-09 13:27:11.664 20480 INFO nova.wsgi [-] Stopping WSGI server.
2017-02-09 13:27:11.664 20499 INFO nova.wsgi [-] Stopping WSGI server.
2017-02-09 13:27:11.664 20463 INFO nova.wsgi [-] Stopping WSGI server.
2017-02-09 13:27:11.664 20453 INFO nova.wsgi [-] Stopping WSGI server.
2017-02-09 13:27:11.661 20472 INFO nova.wsgi [-] Stopping WSGI server.
2017-02-09 13:27:11.665 20431 INFO nova.wsgi [-] Stopping WSGI server.
2017-02-09 13:27:11.666 20506 INFO nova.wsgi [-] Stopping WSGI server.
2017-02-09 13:27:11.664 20444 INFO nova.wsgi [-] Stopping WSGI server.
2017-02-09 13:27:11.671 20420 INFO nova.wsgi [-] Stopping WSGI server.
2017-02-09 13:27:11.672 23803 INFO oslo_service.service [req-14228c9e-5683-4c19-ac22-5c5d456bf4f0 - - - - -] Child 20484 exited with status 0
2017-02-09 13:27:11.672 20507 INFO nova.wsgi [-] Stopping WSGI server.
2017-02-09 13:27:11.673 23803 INFO oslo_service.service [req-14228c9e-5683-4c19-ac22-5c5d456bf4f0 - - - - -] Child 20500 exited with status 0
2017-02-09 13:27:11.674 23803 INFO oslo_service.service [req-14228c9e-5683-4c19-ac22-5c5d456bf4f0 - - - - -] Child 20465 exited with status 0
2017-02-09 13:27:11.674 23803 INFO oslo_service.service [req-14228c9e-5683-4c19-ac22-5c5d456bf4f0 - - - - -] Child 20438 exited with status 0
2017-02-09 13:27:11.675 23803 INFO oslo_service.service [req-14228c9e-5683-4c19-ac22-5c5d456bf4f0 - - - - -] Child 20482 exited with status 0
2017-02-09 13:27:11.675 23803 INFO oslo_service.service [req-14228c9e-5683-4c19-ac22-5c5d456bf4f0 - - - - -] Child 20477 exited with status 0
2017-02-09 13:27:11.676 23803 INFO oslo_service.service [req-14228c9e-5683-4c19-ac22-5c5d456bf4f0 - - - - -] Child 20486 exited with status 0
2017-02-09 13:27:11.661 20429 INFO nova.wsgi [-] Stopping WSGI server.
2017-02-09 13:27:11.677 20452 INFO nova.wsgi [-] Stopping WSGI server.
2017-02-09 13:27:11.677 23803 INFO oslo_service.service [req-14228c9e-5683-4c19-ac22-5c5d456bf4f0 - - - - -] Child 20479 exited with status 0
2017-02-09 13:27:11.678 23803 INFO oslo_service.service [req-14228c9e-5683-4c19-ac22-5c5d456bf4f0 - - - - -] Child 20443 exited with status 0
2017-02-09 13:27:11.678 23803 INFO oslo_service.service [req-14228c9e-5683-4c19-ac22-5c5d456bf4f0 - - - - -] Child 20467 exited with status 0
2017-02-09 13:27:11.679 20441 INFO nova.wsgi [-] Stopping WSGI server.
2017-02-09 13:27:11.681 23803 INFO oslo_service.service [req-14228c9e-5683-4c19-ac22-5c5d456bf4f0 - - - - -] Child 20485 exited with status 0
2017-02-09 13:27:11.683 23803 INFO oslo_service.service [req-14228c9e-5683-4c19-ac22-5c5d456bf4f0 - - - - -] Child 20491 exited with status 0
2017-02-09 13:27:11.683 23803 INFO oslo_service.service [req-14228c9e-5683-4c19-ac22-5c5d456bf4f0 - - - - -] Child 20494 exited with status 0
2017-02-09 13:27:11.684 23803 INFO oslo_service.service [req-14228c9e-5683-4c19-ac22-5c5d456bf4f0 - - - - -] Child 20493 exited with status 0
2017-02-09 13:27:11.665 20423 INFO nova.wsgi [-] Stopping WSGI server.
2017-02-09 13:27:11.685 23803 INFO oslo_service.service [req-14228c9e-5683-4c19-ac22-5c5d456bf4f0 - - - - -] Child 20442 exited with status 0
2017-02-09 13:27:11.685 23803 INFO oslo_service.service [req-14228c9e-5683-4c19-ac22-5c5d456bf4f0 - - - - -] Child 20461 exited with status 0
2017-02-09 13:27:11.686 23803 INFO oslo_service.service [req-14228c9e-5683-4c19-ac22-5c5d456bf4f0 - - - - -] Child 20470 exited with status 0
2017-02-09 13:27:11.660 20475 INFO nova.wsgi [-] Stopping WSGI server.
2017-02-09 13:27:11.689 23803 INFO oslo_service.service [req-14228c9e-5683-4c19-ac22-5c5d456bf4f0 - - - - -] Child 20489 exited with status 0
2017-02-09 13:27:11.692 23803 INFO oslo_service.service [req-14228c9e-5683-4c19-ac22-5c5d456bf4f0 - - - - -] Child 20446 exited with status 0
2017-02-09 13:27:11.693 23803 INFO oslo_service.service [req-14228c9e-5683-4c19-ac22-5c5d456bf4f0 - - - - -] Child 20445 exited with status 0
2017-02-09 13:27:11.696 23803 INFO oslo_service.service [req-14228c9e-5683-4c19-ac22-5c5d456bf4f0 - - - - -] Child 20502 exited with status 0
2017-02-09 13:27:11.696 23803 INFO oslo_service.service [req-14228c9e-5683-4c19-ac22-5c5d456bf4f0 - - - - -] Child 20420 exited with status 0
2017-02-09 13:27:11.697 23803 INFO oslo_service.service [req-14228c9e-5683-4c19-ac22-5c5d456bf4f0 - - - - -] Child 20448 exited with status 0
2017-02-09 13:27:11.698 23803 INFO oslo_service.service [req-14228c9e-5683-4c19-ac22-5c5d456bf4f0 - - - - -] Child 20495 exited with status 0
2017-02-09 13:27:11.699 23803 INFO oslo_service.service [req-14228c9e-5683-4c19-ac22-5c5d456bf4f0 - - - - -] Child 20488 exited with status 0
2017-02-09 13:27:11.699 20501 INFO nova.wsgi [-] Stopping WSGI server.
2017-02-09 13:27:11.700 23803 INFO oslo_service.service [req-14228c9e-5683-4c19-ac22-5c5d456bf4f0 - - - - -] Child 20507 exited with status 0
2017-02-09 13:27:11.663 20433 INFO nova.wsgi [-] Stopping WSGI server.
2017-02-09 13:27:11.701 23803 INFO oslo_service.service [req-14228c9e-5683-4c19-ac22-5c5d456bf4f0 - - - - -] Child 20439 exited with status 0
2017-02-09 13:27:11.703 20504 INFO nova.wsgi [-] Stopping WSGI server.
2017-02-09 13:27:11.704 23803 INFO oslo_service.service [req-14228c9e-5683-4c19-ac22-5c5d456bf4f0 - - - - -] Child 20474 exited with status 0
2017-02-09 13:27:11.708 23803 INFO oslo_service.service [req-14228c9e-5683-4c19-ac22-5c5d456bf4f0 - - - - -] Child 20455 exited with status 0
2017-02-09 13:27:11.708 23803 INFO oslo_service.service [req-14228c9e-5683-4c19-ac22-5c5d456bf4f0 - - - - -] Child 20431 exited with status 0
2017-02-09 13:27:11.709 23803 INFO oslo_service.service [req-14228c9e-5683-4c19-ac22-5c5d456bf4f0 - - - - -] Child 20432 exited with status 0
2017-02-09 13:27:11.709 23803 INFO oslo_service.service [req-14228c9e-5683-4c19-ac22-5c5d456bf4f0 - - - - -] Child 20441 exited with status 0
2017-02-09 13:27:11.709 23803 INFO oslo_service.service [req-14228c9e-5683-4c19-ac22-5c5d456bf4f0 - - - - -] Child 20506 exited with status 0
2017-02-09 13:27:11.710 23803 INFO oslo_service.service [req-14228c9e-5683-4c19-ac22-5c5d456bf4f0 - - - - -] Child 20447 exited with status 0
2017-02-09 13:27:11.711 23803 INFO oslo_service.service [req-14228c9e-5683-4c19-ac22-5c5d456bf4f0 - - - - -] Child 20498 exited with status 0
2017-02-09 13:27:11.712 23803 INFO oslo_service.service [req-14228c9e-5683-4c19-ac22-5c5d456bf4f0 - - - - -] Child 20468 exited with status 0
2017-02-09 13:27:11.712 23803 INFO oslo_service.service [req-14228c9e-5683-4c19-ac22-5c5d456bf4f0 - - - - -] Child 20444 exited with status 0
2017-02-09 13:27:11.713 23803 INFO oslo_service.service [req-14228c9e-5683-4c19-ac22-5c5d456bf4f0 - - - - -] Child 20421 exited with status 0
2017-02-09 13:27:11.714 23803 INFO oslo_service.service [req-14228c9e-5683-4c19-ac22-5c5d456bf4f0 - - - - -] Child 20492 exited with status 0
2017-02-09 13:27:11.714 23803 INFO oslo_service.service [req-14228c9e-5683-4c19-ac22-5c5d456bf4f0 - - - - -] Child 20501 exited with status 0
2017-02-09 13:27:11.715 23803 INFO oslo_service.service [req-14228c9e-5683-4c19-ac22-5c5d456bf4f0 - - - - -] Child 20437 exited with status 0
2017-02-09 13:27:11.716 23803 INFO oslo_service.service [req-14228c9e-5683-4c19-ac22-5c5d456bf4f0 - - - - -] Child 20496 exited with status 0
2017-02-09 13:27:11.716 23803 INFO oslo_service.service [req-14228c9e-5683-4c19-ac22-5c5d456bf4f0 - - - - -] Child 20440 exited with status 0
2017-02-09 13:27:11.718 23803 INFO oslo_service.service [req-14228c9e-5683-4c19-ac22-5c5d456bf4f0 - - - - -] Child 20503 exited with status 0
2017-02-09 13:27:11.720 23803 INFO oslo_service.service [req-14228c9e-5683-4c19-ac22-5c5d456bf4f0 - - - - -] Child 20466 exited with status 0
2017-02-09 13:27:11.720 23803 INFO oslo_service.service [req-14228c9e-5683-4c19-ac22-5c5d456bf4f0 - - - - -] Child 20460 exited with status 0
2017-02-09 13:27:11.721 23803 INFO oslo_service.service [req-14228c9e-5683-4c19-ac22-5c5d456bf4f0 - - - - -] Child 20453 exited with status 0
2017-02-09 13:27:11.722 23803 INFO oslo_service.service [req-14228c9e-5683-4c19-ac22-5c5d456bf4f0 - - - - -] Child 20459 exited with status 0
2017-02-09 13:27:11.723 23803 INFO oslo_service.service [req-14228c9e-5683-4c19-ac22-5c5d456bf4f0 - - - - -] Child 20469 exited with status 0
2017-02-09 13:27:11.724 23803 INFO oslo_service.service [req-14228c9e-5683-4c19-ac22-5c5d456bf4f0 - - - - -] Child 20487 exited with status 0
2017-02-09 13:27:11.725 23803 INFO oslo_service.service [req-14228c9e-5683-4c19-ac22-5c5d456bf4f0 - - - - -] Child 20452 exited with status 0
2017-02-09 13:27:11.726 23803 INFO oslo_service.service [req-14228c9e-5683-4c19-ac22-5c5d456bf4f0 - - - - -] Child 20490 exited with status 0
2017-02-09 13:27:11.727 23803 INFO oslo_service.service [req-14228c9e-5683-4c19-ac22-5c5d456bf4f0 - - - - -] Child 20436 exited with status 0
2017-02-09 13:27:11.727 23803 INFO oslo_service.service [req-14228c9e-5683-4c19-ac22-5c5d456bf4f0 - - - - -] Child 20419 exited with status 0
2017-02-09 13:27:11.728 23803 INFO oslo_service.service [req-14228c9e-5683-4c19-ac22-5c5d456bf4f0 - - - - -] Child 20480 exited with status 0
2017-02-09 13:27:11.729 23803 INFO oslo_service.service [req-14228c9e-5683-4c19-ac22-5c5d456bf4f0 - - - - -] Child 20464 exited with status 0
2017-02-09 13:27:11.729 23803 INFO oslo_service.service [req-14228c9e-5683-4c19-ac22-5c5d456bf4f0 - - - - -] Child 20424 exited with status 0
2017-02-09 13:27:11.730 23803 INFO oslo_service.service [req-14228c9e-5683-4c19-ac22-5c5d456bf4f0 - - - - -] Child 20483 exited with status 0
2017-02-09 13:27:11.731 23803 INFO oslo_service.service [req-14228c9e-5683-4c19-ac22-5c5d456bf4f0 - - - - -] Child 20473 exited with status 0
2017-02-09 13:27:11.731 23803 INFO oslo_service.service [req-14228c9e-5683-4c19-ac22-5c5d456bf4f0 - - - - -] Child 20462 exited with status 0
2017-02-09 13:27:11.732 23803 INFO oslo_service.service [req-14228c9e-5683-4c19-ac22-5c5d456bf4f0 - - - - -] Child 20456 exited with status 0
2017-02-09 13:27:11.732 23803 INFO oslo_service.service [req-14228c9e-5683-4c19-ac22-5c5d456bf4f0 - - - - -] Child 20475 exited with status 0
2017-02-09 13:27:11.732 23803 INFO oslo_service.service [req-14228c9e-5683-4c19-ac22-5c5d456bf4f0 - - - - -] Child 20429 exited with status 0
2017-02-09 13:27:11.733 23803 INFO oslo_service.service [req-14228c9e-5683-4c19-ac22-5c5d456bf4f0 - - - - -] Child 20454 exited with status 0
2017-02-09 13:27:11.733 23803 INFO oslo_service.service [req-14228c9e-5683-4c19-ac22-5c5d456bf4f0 - - - - -] Child 20457 exited with status 0
2017-02-09 13:27:11.733 23803 INFO oslo_service.service [req-14228c9e-5683-4c19-ac22-5c5d456bf4f0 - - - - -] Child 20458 exited with status 0
2017-02-09 13:27:11.734 23803 INFO oslo_service.service [req-14228c9e-5683-4c19-ac22-5c5d456bf4f0 - - - - -] Child 20430 exited with status 0
2017-02-09 13:27:11.734 23803 INFO oslo_service.service [req-14228c9e-5683-4c19-ac22-5c5d456bf4f0 - - - - -] Child 20497 exited with status 0
2017-02-09 13:27:11.735 23803 INFO oslo_service.service [req-14228c9e-5683-4c19-ac22-5c5d456bf4f0 - - - - -] Child 20472 exited with status 0
2017-02-09 13:27:11.736 23803 INFO oslo_service.service [req-14228c9e-5683-4c19-ac22-5c5d456bf4f0 - - - - -] Child 20435 exited with status 0
2017-02-09 13:27:11.736 23803 INFO oslo_service.service [req-14228c9e-5683-4c19-ac22-5c5d456bf4f0 - - - - -] Child 20499 exited with status 0
2017-02-09 13:27:11.736 23803 INFO oslo_service.service [req-14228c9e-5683-4c19-ac22-5c5d456bf4f0 - - - - -] Child 20423 exited with status 0
2017-02-09 13:27:11.737 23803 INFO oslo_service.service [req-14228c9e-5683-4c19-ac22-5c5d456bf4f0 - - - - -] Child 20422 exited with status 0
2017-02-09 13:27:11.737 23803 INFO oslo_service.service [req-14228c9e-5683-4c19-ac22-5c5d456bf4f0 - - - - -] Child 20434 exited with status 0
2017-02-09 13:27:11.737 23803 INFO oslo_service.service [req-14228c9e-5683-4c19-ac22-5c5d456bf4f0 - - - - -] Child 20433 exited with status 0
2017-02-09 13:27:11.738 23803 INFO oslo_service.service [req-14228c9e-5683-4c19-ac22-5c5d456bf4f0 - - - - -] Child 20463 exited with status 0
2017-02-09 13:27:11.738 23803 INFO oslo_service.service [req-14228c9e-5683-4c19-ac22-5c5d456bf4f0 - - - - -] Child 20478 exited with status 0
2017-02-09 13:27:11.738 23803 INFO oslo_service.service [req-14228c9e-5683-4c19-ac22-5c5d456bf4f0 - - - - -] Child 20481 exited with status 0
2017-02-09 13:27:11.739 23803 INFO oslo_service.service [req-14228c9e-5683-4c19-ac22-5c5d456bf4f0 - - - - -] Child 20504 exited with status 0
2017-02-09 13:27:11.739 23803 INFO oslo_service.service [req-14228c9e-5683-4c19-ac22-5c5d456bf4f0 - - - - -] Child 20505 exited with status 0
2017-02-09 13:35:09.346 23011 WARNING oslo_reports.guru_meditation_report [-] Guru meditation now registers SIGUSR1 and SIGUSR2 by default for backward compatibility. SIGUSR1 will no longer be registered in a future release, so please use SIGUSR2 to generate reports.
2017-02-09 13:35:09.774 23011 INFO nova.api.openstack [req-98ea6ed4-6f00-4dbb-abd5-43386d02deeb - - - - -] Loaded extensions: ['extensions', 'flavors', 'image-metadata', 'image-size', 'images', 'ips', 'limits', 'os-admin-actions', 'os-admin-password', 'os-agents', 'os-aggregates', 'os-assisted-volume-snapshots', 'os-attach-interfaces', 'os-availability-zone', 'os-baremetal-nodes', 'os-block-device-mapping', 'os-cells', 'os-certificates', 'os-cloudpipe', 'os-config-drive', 'os-console-auth-tokens', 'os-console-output', 'os-consoles', 'os-create-backup', 'os-deferred-delete', 'os-evacuate', 'os-extended-availability-zone', 'os-extended-server-attributes', 'os-extended-status', 'os-extended-volumes', 'os-fixed-ips', 'os-flavor-access', 'os-flavor-extra-specs', 'os-flavor-manage', 'os-flavor-rxtx', 'os-floating-ip-dns', 'os-floating-ip-pools', 'os-floating-ips', 'os-floating-ips-bulk', 'os-fping', 'os-hide-server-addresses', 'os-hosts', 'os-hypervisors', 'os-instance-actions', 'os-instance-usage-audit-log', 'os-keypairs', 'os-lock-server', 'os-migrate-server', 'os-migrations', 'os-multinic', 'os-multiple-create', 'os-networks', 'os-networks-associate', 'os-pause-server', 'os-quota-class-sets', 'os-quota-sets', 'os-remote-consoles', 'os-rescue', 'os-scheduler-hints', 'os-security-group-default-rules', 'os-security-groups', 'os-server-diagnostics', 'os-server-external-events', 'os-server-groups', 'os-server-password', 'os-server-tags', 'os-server-usage', 'os-services', 'os-shelve', 'os-simple-tenant-usage', 'os-suspend-server', 'os-tenant-networks', 'os-used-limits', 'os-user-data', 'os-virtual-interfaces', 'os-volumes', 'server-metadata', 'server-migrations', 'servers', 'versions']
2017-02-09 13:35:09.950 23011 INFO nova.api.openstack [req-98ea6ed4-6f00-4dbb-abd5-43386d02deeb - - - - -] Loaded extensions: ['extensions', 'flavors', 'image-metadata', 'image-size', 'images', 'ips', 'limits', 'os-admin-actions', 'os-admin-password', 'os-agents', 'os-aggregates', 'os-assisted-volume-snapshots', 'os-attach-interfaces', 'os-availability-zone', 'os-baremetal-nodes', 'os-block-device-mapping', 'os-cells', 'os-certificates', 'os-cloudpipe', 'os-config-drive', 'os-console-auth-tokens', 'os-console-output', 'os-consoles', 'os-create-backup', 'os-deferred-delete', 'os-evacuate', 'os-extended-availability-zone', 'os-extended-server-attributes', 'os-extended-status', 'os-extended-volumes', 'os-fixed-ips', 'os-flavor-access', 'os-flavor-extra-specs', 'os-flavor-manage', 'os-flavor-rxtx', 'os-floating-ip-dns', 'os-floating-ip-pools', 'os-floating-ips', 'os-floating-ips-bulk', 'os-fping', 'os-hide-server-addresses', 'os-hosts', 'os-hypervisors', 'os-instance-actions', 'os-instance-usage-audit-log', 'os-keypairs', 'os-lock-server', 'os-migrate-server', 'os-migrations', 'os-multinic', 'os-multiple-create', 'os-networks', 'os-networks-associate', 'os-pause-server', 'os-quota-class-sets', 'os-quota-sets', 'os-remote-consoles', 'os-rescue', 'os-scheduler-hints', 'os-security-group-default-rules', 'os-security-groups', 'os-server-diagnostics', 'os-server-external-events', 'os-server-groups', 'os-server-password', 'os-server-tags', 'os-server-usage', 'os-services', 'os-shelve', 'os-simple-tenant-usage', 'os-suspend-server', 'os-tenant-networks', 'os-used-limits', 'os-user-data', 'os-virtual-interfaces', 'os-volumes', 'server-metadata', 'server-migrations', 'servers', 'versions']
2017-02-09 13:35:09.958 23011 INFO nova.wsgi [req-98ea6ed4-6f00-4dbb-abd5-43386d02deeb - - - - -] osapi_compute listening on 0.0.0.0:8774
2017-02-09 13:35:09.958 23011 INFO oslo_service.service [req-98ea6ed4-6f00-4dbb-abd5-43386d02deeb - - - - -] Starting 40 workers
2017-02-09 13:35:10.124 23011 INFO nova.network.driver [req-98ea6ed4-6f00-4dbb-abd5-43386d02deeb - - - - -] Loading network driver 'nova.network.linux_net'
2017-02-09 13:35:10.350 23569 INFO nova.osapi_compute.wsgi.server [req-d03bfaba-4310-453a-843a-d1795d9929d9 - - - - -] (23569) wsgi starting up on http://0.0.0.0:8774
2017-02-09 13:35:10.352 23565 INFO nova.osapi_compute.wsgi.server [req-647e6b3d-1e85-417a-9ae3-38dff8a4e5a9 - - - - -] (23565) wsgi starting up on http://0.0.0.0:8774
2017-02-09 13:35:10.355 23572 INFO nova.osapi_compute.wsgi.server [req-d74962cb-9510-4594-a719-a24b48e71461 - - - - -] (23572) wsgi starting up on http://0.0.0.0:8774
2017-02-09 13:35:10.362 23586 INFO nova.osapi_compute.wsgi.server [req-d37e76f2-61c4-48b9-9d28-3e8e6e9b15f2 - - - - -] (23586) wsgi starting up on http://0.0.0.0:8774
2017-02-09 13:35:10.373 23589 INFO nova.osapi_compute.wsgi.server [req-7d079173-a66a-40e9-9415-81cfd2702ed0 - - - - -] (23589) wsgi starting up on http://0.0.0.0:8774
2017-02-09 13:35:10.375 23574 INFO nova.osapi_compute.wsgi.server [req-63964c09-fe30-4bc2-ac36-ea905182e0a9 - - - - -] (23574) wsgi starting up on http://0.0.0.0:8774
2017-02-09 13:35:10.377 23564 INFO nova.osapi_compute.wsgi.server [req-1106e227-d7e5-4eb4-a81a-cec229854cf3 - - - - -] (23564) wsgi starting up on http://0.0.0.0:8774
2017-02-09 13:35:10.381 23579 INFO nova.osapi_compute.wsgi.server [req-7f774f15-6b25-42c5-8085-36a0ed84aea8 - - - - -] (23579) wsgi starting up on http://0.0.0.0:8774
2017-02-09 13:35:10.388 23598 INFO nova.osapi_compute.wsgi.server [req-e84ea2b5-ea99-4a73-a966-76941962f0b9 - - - - -] (23598) wsgi starting up on http://0.0.0.0:8774
2017-02-09 13:35:10.388 23567 INFO nova.osapi_compute.wsgi.server [req-a8a61742-8b8e-47c3-93db-05346051a826 - - - - -] (23567) wsgi starting up on http://0.0.0.0:8774
2017-02-09 13:35:10.388 23603 INFO nova.osapi_compute.wsgi.server [req-d5db70a5-96fb-4c0b-8404-6cc8c7aefe75 - - - - -] (23603) wsgi starting up on http://0.0.0.0:8774
2017-02-09 13:35:10.392 23566 INFO nova.osapi_compute.wsgi.server [req-306a3ef5-e4ca-4d8f-a263-3ef32efc36e4 - - - - -] (23566) wsgi starting up on http://0.0.0.0:8774
2017-02-09 13:35:10.395 23563 INFO nova.osapi_compute.wsgi.server [req-069d050d-6ed5-4764-bda7-feeb9f162417 - - - - -] (23563) wsgi starting up on http://0.0.0.0:8774
2017-02-09 13:35:10.401 23604 INFO nova.osapi_compute.wsgi.server [req-56966ad6-8f95-40d5-b387-24f0da4f2fc3 - - - - -] (23604) wsgi starting up on http://0.0.0.0:8774
2017-02-09 13:35:10.402 23576 INFO nova.osapi_compute.wsgi.server [req-295fd011-3509-4041-8d9e-9a2c61e304f8 - - - - -] (23576) wsgi starting up on http://0.0.0.0:8774
2017-02-09 13:35:10.402 23570 INFO nova.osapi_compute.wsgi.server [req-da0e2f20-96ff-44d0-82ea-492d21877178 - - - - -] (23570) wsgi starting up on http://0.0.0.0:8774
2017-02-09 13:35:10.406 23588 INFO nova.osapi_compute.wsgi.server [req-9744ed17-85c7-4dd2-b2d9-be15d65315a8 - - - - -] (23588) wsgi starting up on http://0.0.0.0:8774
2017-02-09 13:35:10.407 23577 INFO nova.osapi_compute.wsgi.server [req-ff353afe-dfe9-4860-beb4-48c7c5a97750 - - - - -] (23577) wsgi starting up on http://0.0.0.0:8774
2017-02-09 13:35:10.413 23596 INFO nova.osapi_compute.wsgi.server [req-10997b54-9a30-4d46-8398-ae594dc9fed5 - - - - -] (23596) wsgi starting up on http://0.0.0.0:8774
2017-02-09 13:35:10.414 23622 INFO nova.osapi_compute.wsgi.server [req-34721483-b813-4903-901a-b271974de4d2 - - - - -] (23622) wsgi starting up on http://0.0.0.0:8774
2017-02-09 13:35:10.415 23585 INFO nova.osapi_compute.wsgi.server [req-0d8b170f-02d5-4205-87b0-4173b3ffb07f - - - - -] (23585) wsgi starting up on http://0.0.0.0:8774
2017-02-09 13:35:10.421 23568 INFO nova.osapi_compute.wsgi.server [req-28bf9247-7996-4636-8f78-bde72b61e5c8 - - - - -] (23568) wsgi starting up on http://0.0.0.0:8774
2017-02-09 13:35:10.425 23617 INFO nova.osapi_compute.wsgi.server [req-59501545-9ffb-48c7-be7e-ee0685350235 - - - - -] (23617) wsgi starting up on http://0.0.0.0:8774
2017-02-09 13:35:10.426 23599 INFO nova.osapi_compute.wsgi.server [req-b33efd58-d082-4b53-8698-bcaba9ce4f59 - - - - -] (23599) wsgi starting up on http://0.0.0.0:8774
2017-02-09 13:35:10.433 23631 INFO nova.osapi_compute.wsgi.server [req-0633f35a-7b5c-47bb-bafd-1a3723c22e2d - - - - -] (23631) wsgi starting up on http://0.0.0.0:8774
2017-02-09 13:35:10.437 23615 INFO nova.osapi_compute.wsgi.server [req-f28c7908-a1fb-401b-b751-6af685fbde31 - - - - -] (23615) wsgi starting up on http://0.0.0.0:8774
2017-02-09 13:35:10.438 23607 INFO nova.osapi_compute.wsgi.server [req-b5302445-bb06-4dbf-8172-6d76735ae6cb - - - - -] (23607) wsgi starting up on http://0.0.0.0:8774
2017-02-09 13:35:10.438 23610 INFO nova.osapi_compute.wsgi.server [req-c855cd1b-987c-488a-843c-21964987157f - - - - -] (23610) wsgi starting up on http://0.0.0.0:8774
2017-02-09 13:35:10.440 23581 INFO nova.osapi_compute.wsgi.server [req-9a0546ff-b07c-41dd-803d-ad822da0ef22 - - - - -] (23581) wsgi starting up on http://0.0.0.0:8774
2017-02-09 13:35:10.441 23632 INFO nova.osapi_compute.wsgi.server [req-bafd9d62-eb19-4e22-9560-c4d86fd58718 - - - - -] (23632) wsgi starting up on http://0.0.0.0:8774
2017-02-09 13:35:10.447 23613 INFO nova.osapi_compute.wsgi.server [req-e2ba6f9e-f3db-4e43-9a47-674d9362f0f0 - - - - -] (23613) wsgi starting up on http://0.0.0.0:8774
2017-02-09 13:35:10.456 23624 INFO nova.osapi_compute.wsgi.server [req-e25e8361-938f-4572-a3ed-6f7f13e0d360 - - - - -] (23624) wsgi starting up on http://0.0.0.0:8774
2017-02-09 13:35:10.458 23625 INFO nova.osapi_compute.wsgi.server [req-c6f861a4-318f-4d9f-81ed-b34565ae0d2a - - - - -] (23625) wsgi starting up on http://0.0.0.0:8774
2017-02-09 13:35:10.460 23590 INFO nova.osapi_compute.wsgi.server [req-7f6aee93-4675-4219-8f5e-fb987f11d14b - - - - -] (23590) wsgi starting up on http://0.0.0.0:8774
2017-02-09 13:35:10.465 23571 INFO nova.osapi_compute.wsgi.server [req-18672ef9-00ca-4964-b405-75e5b03b1d53 - - - - -] (23571) wsgi starting up on http://0.0.0.0:8774
2017-02-09 13:35:10.474 23618 INFO nova.osapi_compute.wsgi.server [req-eae26df1-a116-4129-a73b-d5c0b9562a29 - - - - -] (23618) wsgi starting up on http://0.0.0.0:8774
2017-02-09 13:35:10.481 23636 INFO nova.osapi_compute.wsgi.server [req-3c4d8454-9f6e-49c1-8655-0611cdffc1b7 - - - - -] (23636) wsgi starting up on http://0.0.0.0:8774
2017-02-09 13:35:10.491 23634 INFO nova.osapi_compute.wsgi.server [req-a01a4ebe-ff16-46a4-9e43-ec9b6bc41b62 - - - - -] (23634) wsgi starting up on http://0.0.0.0:8774
2017-02-09 13:35:10.500 23621 INFO nova.osapi_compute.wsgi.server [req-6a5a231b-f638-4669-9b34-25cf6917d0e6 - - - - -] (23621) wsgi starting up on http://0.0.0.0:8774
2017-02-09 13:35:10.526 23628 INFO nova.osapi_compute.wsgi.server [req-ec72db7a-4ac0-49c2-bda0-99c3ea90afc7 - - - - -] (23628) wsgi starting up on http://0.0.0.0:8774
2017-02-09 13:35:10.556 23011 INFO nova.wsgi [req-98ea6ed4-6f00-4dbb-abd5-43386d02deeb - - - - -] metadata listening on 0.0.0.0:8775
2017-02-09 13:35:10.557 23011 INFO oslo_service.service [req-98ea6ed4-6f00-4dbb-abd5-43386d02deeb - - - - -] Starting 40 workers
2017-02-09 13:35:10.832 23658 INFO nova.metadata.wsgi.server [req-31eeb3d3-b411-4bed-8d89-bbc8efc92aaf - - - - -] (23658) wsgi starting up on http://0.0.0.0:8775
2017-02-09 13:35:10.918 23652 INFO nova.metadata.wsgi.server [req-e773251c-d457-437e-b305-ad1846c3e71c - - - - -] (23652) wsgi starting up on http://0.0.0.0:8775
2017-02-09 13:35:10.918 23655 INFO nova.metadata.wsgi.server [req-1f13d952-2c59-444b-8670-3c569e985260 - - - - -] (23655) wsgi starting up on http://0.0.0.0:8775
2017-02-09 13:35:10.918 23660 INFO nova.metadata.wsgi.server [req-15e19bfd-92ae-40f7-9c79-63dbd1384cd5 - - - - -] (23660) wsgi starting up on http://0.0.0.0:8775
2017-02-09 13:35:10.924 23656 INFO nova.metadata.wsgi.server [req-681d50de-3ed4-46ca-8219-a378d4c7a5a8 - - - - -] (23656) wsgi starting up on http://0.0.0.0:8775
2017-02-09 13:35:10.941 23669 INFO nova.metadata.wsgi.server [req-fee5977d-3440-4038-b6eb-e1fbbdf7131a - - - - -] (23669) wsgi starting up on http://0.0.0.0:8775
2017-02-09 13:35:10.943 23666 INFO nova.metadata.wsgi.server [req-cec29022-c460-47d6-9212-b59991c9cd6d - - - - -] (23666) wsgi starting up on http://0.0.0.0:8775
2017-02-09 13:35:10.943 23654 INFO nova.metadata.wsgi.server [req-be9224d8-b2f5-4204-b360-95264a70d23b - - - - -] (23654) wsgi starting up on http://0.0.0.0:8775
2017-02-09 13:35:10.951 23671 INFO nova.metadata.wsgi.server [req-c836f58c-d907-46da-b71e-943fde9abdad - - - - -] (23671) wsgi starting up on http://0.0.0.0:8775
2017-02-09 13:35:10.951 23683 INFO nova.metadata.wsgi.server [req-ff96ba2a-6244-4ec4-9a66-82bc5bd4e849 - - - - -] (23683) wsgi starting up on http://0.0.0.0:8775
2017-02-09 13:35:10.957 23663 INFO nova.metadata.wsgi.server [req-322badde-9d67-4502-9762-d148ed0f4e12 - - - - -] (23663) wsgi starting up on http://0.0.0.0:8775
2017-02-09 13:35:10.962 23657 INFO nova.metadata.wsgi.server [req-866ac50a-bed2-4b71-94f9-7d126d64ff8d - - - - -] (23657) wsgi starting up on http://0.0.0.0:8775
2017-02-09 13:35:10.962 23653 INFO nova.metadata.wsgi.server [req-33160929-a89a-450e-8fd7-546f85bc1cd2 - - - - -] (23653) wsgi starting up on http://0.0.0.0:8775
2017-02-09 13:35:10.972 23679 INFO nova.metadata.wsgi.server [req-da61a0f0-4fe5-45c9-8f73-399b8c506a91 - - - - -] (23679) wsgi starting up on http://0.0.0.0:8775
2017-02-09 13:35:10.975 23659 INFO nova.metadata.wsgi.server [req-b5388670-e957-4ce6-9ed6-75b1909e6848 - - - - -] (23659) wsgi starting up on http://0.0.0.0:8775
2017-02-09 13:35:11.005 23684 INFO nova.metadata.wsgi.server [req-6d0ef1c6-2291-4df8-86ee-7fc0f4860c4f - - - - -] (23684) wsgi starting up on http://0.0.0.0:8775
2017-02-09 13:35:11.008 23702 INFO nova.metadata.wsgi.server [req-2b30694b-b393-49e7-a788-4d5f39ba35ab - - - - -] (23702) wsgi starting up on http://0.0.0.0:8775
2017-02-09 13:35:11.008 23699 INFO nova.metadata.wsgi.server [req-afac2f23-c337-4bd7-9a72-0243f7d6494b - - - - -] (23699) wsgi starting up on http://0.0.0.0:8775
2017-02-09 13:35:11.014 23705 INFO nova.metadata.wsgi.server [req-8a2482e5-a20e-4c45-aebc-4f2c3fc016c8 - - - - -] (23705) wsgi starting up on http://0.0.0.0:8775
2017-02-09 13:35:11.014 23661 INFO nova.metadata.wsgi.server [req-960444bc-eb63-484b-8816-d2f8761bfe71 - - - - -] (23661) wsgi starting up on http://0.0.0.0:8775
2017-02-09 13:35:11.015 23676 INFO nova.metadata.wsgi.server [req-04553801-e053-4a30-97d6-45f3bcbae1aa - - - - -] (23676) wsgi starting up on http://0.0.0.0:8775
2017-02-09 13:35:11.017 23700 INFO nova.metadata.wsgi.server [req-906f6c62-d8f6-426b-a6d8-88027034bbd5 - - - - -] (23700) wsgi starting up on http://0.0.0.0:8775
2017-02-09 13:35:11.020 23692 INFO nova.metadata.wsgi.server [req-2c7d98fd-42a1-4380-a17d-e8f99194d0aa - - - - -] (23692) wsgi starting up on http://0.0.0.0:8775
2017-02-09 13:35:11.026 23718 INFO nova.metadata.wsgi.server [req-9ae67bee-c418-455d-b584-46878cd4031e - - - - -] (23718) wsgi starting up on http://0.0.0.0:8775
2017-02-09 13:35:11.026 23674 INFO nova.metadata.wsgi.server [req-465b1d48-5b6b-460e-9c3b-3b4229e97d9d - - - - -] (23674) wsgi starting up on http://0.0.0.0:8775
2017-02-09 13:35:11.026 23687 INFO nova.metadata.wsgi.server [req-7458bc08-188c-4b41-b480-8faf601d0289 - - - - -] (23687) wsgi starting up on http://0.0.0.0:8775
2017-02-09 13:35:11.033 23693 INFO nova.metadata.wsgi.server [req-093a865c-2480-4ccb-942f-204293ed6705 - - - - -] (23693) wsgi starting up on http://0.0.0.0:8775
2017-02-09 13:35:11.036 23681 INFO nova.metadata.wsgi.server [req-44568d96-2582-4468-ac80-1b455c7bc239 - - - - -] (23681) wsgi starting up on http://0.0.0.0:8775
2017-02-09 13:35:11.042 23722 INFO nova.metadata.wsgi.server [req-930b2173-aec1-4d77-8af4-6fe26063740c - - - - -] (23722) wsgi starting up on http://0.0.0.0:8775
2017-02-09 13:35:11.045 23695 INFO nova.metadata.wsgi.server [req-9db653d9-4924-40a9-9d25-e4907a5d424b - - - - -] (23695) wsgi starting up on http://0.0.0.0:8775
2017-02-09 13:35:11.049 23710 INFO nova.metadata.wsgi.server [req-166faa3e-20b0-4d06-a9f7-e89cc576f1ac - - - - -] (23710) wsgi starting up on http://0.0.0.0:8775
2017-02-09 13:35:11.050 23689 INFO nova.metadata.wsgi.server [req-b9358942-61df-4c20-ab03-403a2cac5dd8 - - - - -] (23689) wsgi starting up on http://0.0.0.0:8775
2017-02-09 13:35:11.060 23707 INFO nova.metadata.wsgi.server [req-dc41c101-9b5a-4fa8-9e91-22450ce63eb7 - - - - -] (23707) wsgi starting up on http://0.0.0.0:8775
2017-02-09 13:35:11.062 23712 INFO nova.metadata.wsgi.server [req-f97c2130-f490-4d73-8948-75371d964340 - - - - -] (23712) wsgi starting up on http://0.0.0.0:8775
2017-02-09 13:35:11.076 23708 INFO nova.metadata.wsgi.server [req-62c6eb02-683e-4b4c-8656-da5f6bfcc313 - - - - -] (23708) wsgi starting up on http://0.0.0.0:8775
2017-02-09 13:35:11.077 23714 INFO nova.metadata.wsgi.server [req-5d250f59-ac3d-48b3-9409-6ba18072435f - - - - -] (23714) wsgi starting up on http://0.0.0.0:8775
2017-02-09 13:35:11.092 23726 INFO nova.metadata.wsgi.server [req-e7bdc2fc-2616-46b1-82cd-df99b17fe92a - - - - -] (23726) wsgi starting up on http://0.0.0.0:8775
2017-02-09 13:35:11.095 23717 INFO nova.metadata.wsgi.server [req-9bceb5f5-ee80-45a9-b950-a1d43b07c395 - - - - -] (23717) wsgi starting up on http://0.0.0.0:8775
2017-02-09 13:35:11.095 23724 INFO nova.metadata.wsgi.server [req-2b1ce555-3f5a-4233-9aad-f47fcc75d7ea - - - - -] (23724) wsgi starting up on http://0.0.0.0:8775
2017-02-09 13:35:11.101 23720 INFO nova.metadata.wsgi.server [req-e76e7be3-ebe2-4c23-b767-9df761f1d023 - - - - -] (23720) wsgi starting up on http://0.0.0.0:8775
2017-02-09 13:43:27.162 23569 INFO nova.wsgi [-] Stopping WSGI server.
2017-02-09 13:43:27.162 23588 INFO nova.wsgi [-] Stopping WSGI server.
2017-02-09 13:43:27.162 23636 INFO nova.wsgi [-] Stopping WSGI server.
2017-02-09 13:43:27.162 23574 INFO nova.wsgi [-] Stopping WSGI server.
2017-02-09 13:43:27.162 23596 INFO nova.wsgi [-] Stopping WSGI server.
2017-02-09 13:43:27.162 23570 INFO nova.wsgi [-] Stopping WSGI server.
2017-02-09 13:43:27.162 23603 INFO nova.wsgi [-] Stopping WSGI server.
2017-02-09 13:43:27.162 23617 INFO nova.wsgi [-] Stopping WSGI server.
2017-02-09 13:43:27.162 23567 INFO nova.wsgi [-] Stopping WSGI server.
2017-02-09 13:43:27.162 23568 INFO nova.wsgi [-] Stopping WSGI server.
2017-02-09 13:43:27.162 23572 INFO nova.wsgi [-] Stopping WSGI server.
2017-02-09 13:43:27.162 23564 INFO nova.wsgi [-] Stopping WSGI server.
2017-02-09 13:43:27.162 23585 INFO nova.wsgi [-] Stopping WSGI server.
2017-02-09 13:43:27.162 23563 INFO nova.wsgi [-] Stopping WSGI server.
2017-02-09 13:43:27.162 23598 INFO nova.wsgi [-] Stopping WSGI server.
2017-02-09 13:43:27.162 23565 INFO nova.wsgi [-] Stopping WSGI server.
2017-02-09 13:43:27.162 23604 INFO nova.wsgi [-] Stopping WSGI server.
2017-02-09 13:43:27.162 23576 INFO nova.wsgi [-] Stopping WSGI server.
2017-02-09 13:43:27.162 23581 INFO nova.wsgi [-] Stopping WSGI server.
2017-02-09 13:43:27.162 23577 INFO nova.wsgi [-] Stopping WSGI server.
2017-02-09 13:43:27.163 23659 INFO nova.wsgi [-] Stopping WSGI server.
2017-02-09 13:43:27.163 23655 INFO nova.wsgi [-] Stopping WSGI server.
2017-02-09 13:43:27.163 23656 INFO nova.wsgi [-] Stopping WSGI server.
2017-02-09 13:43:27.162 23566 INFO nova.wsgi [-] Stopping WSGI server.
2017-02-09 13:43:27.162 23599 INFO nova.wsgi [-] Stopping WSGI server.
2017-02-09 13:43:27.163 23653 INFO nova.wsgi [-] Stopping WSGI server.
2017-02-09 13:43:27.163 23724 INFO nova.wsgi [-] Stopping WSGI server.
2017-02-09 13:43:27.164 23636 INFO nova.osapi_compute.wsgi.server [req-3c4d8454-9f6e-49c1-8655-0611cdffc1b7 - - - - -] (23636) wsgi exited, is_accepting=True
2017-02-09 13:43:27.163 23669 INFO nova.wsgi [-] Stopping WSGI server.
2017-02-09 13:43:27.164 23661 INFO nova.wsgi [-] Stopping WSGI server.
2017-02-09 13:43:27.165 23598 INFO nova.osapi_compute.wsgi.server [req-e84ea2b5-ea99-4a73-a966-76941962f0b9 - - - - -] (23598) wsgi exited, is_accepting=True
2017-02-09 13:43:27.163 23705 INFO nova.wsgi [-] Stopping WSGI server.
2017-02-09 13:43:27.165 23722 INFO nova.wsgi [-] Stopping WSGI server.
2017-02-09 13:43:27.165 23588 INFO nova.osapi_compute.wsgi.server [req-9744ed17-85c7-4dd2-b2d9-be15d65315a8 - - - - -] (23588) wsgi exited, is_accepting=True
2017-02-09 13:43:27.165 23679 INFO nova.wsgi [-] Stopping WSGI server.
2017-02-09 13:43:27.165 23708 INFO nova.wsgi [-] Stopping WSGI server.
2017-02-09 13:43:27.163 23674 INFO nova.wsgi [-] Stopping WSGI server.
2017-02-09 13:43:27.164 23683 INFO nova.wsgi [-] Stopping WSGI server.
2017-02-09 13:43:27.166 23683 INFO nova.metadata.wsgi.server [req-ff96ba2a-6244-4ec4-9a66-82bc5bd4e849 - - - - -] (23683) wsgi exited, is_accepting=True
2017-02-09 13:43:27.164 23714 INFO nova.wsgi [-] Stopping WSGI server.
2017-02-09 13:43:27.166 23674 INFO nova.metadata.wsgi.server [req-465b1d48-5b6b-460e-9c3b-3b4229e97d9d - - - - -] (23674) wsgi exited, is_accepting=True
2017-02-09 13:43:27.166 23653 INFO nova.metadata.wsgi.server [req-33160929-a89a-450e-8fd7-546f85bc1cd2 - - - - -] (23653) wsgi exited, is_accepting=True
2017-02-09 13:43:27.166 23567 INFO nova.osapi_compute.wsgi.server [req-a8a61742-8b8e-47c3-93db-05346051a826 - - - - -] (23567) wsgi exited, is_accepting=True
2017-02-09 13:43:27.166 23572 INFO nova.osapi_compute.wsgi.server [req-d74962cb-9510-4594-a719-a24b48e71461 - - - - -] (23572) wsgi exited, is_accepting=True
2017-02-09 13:43:27.167 23681 INFO nova.wsgi [-] Stopping WSGI server.
2017-02-09 13:43:27.167 23624 INFO nova.wsgi [-] Stopping WSGI server.
2017-02-09 13:43:27.167 23714 INFO nova.metadata.wsgi.server [req-5d250f59-ac3d-48b3-9409-6ba18072435f - - - - -] (23714) wsgi exited, is_accepting=True
2017-02-09 13:43:27.165 23586 INFO nova.wsgi [-] Stopping WSGI server.
2017-02-09 13:43:27.167 23588 INFO nova.wsgi [req-98ea6ed4-6f00-4dbb-abd5-43386d02deeb - - - - -] WSGI server has stopped.
2017-02-09 13:43:27.168 23692 INFO nova.wsgi [-] Stopping WSGI server.
2017-02-09 13:43:27.168 23681 INFO nova.metadata.wsgi.server [req-44568d96-2582-4468-ac80-1b455c7bc239 - - - - -] (23681) wsgi exited, is_accepting=True
2017-02-09 13:43:27.168 23683 INFO nova.wsgi [req-98ea6ed4-6f00-4dbb-abd5-43386d02deeb - - - - -] WSGI server has stopped.
2017-02-09 13:43:27.167 23699 INFO nova.wsgi [-] Stopping WSGI server.
2017-02-09 13:43:27.168 23674 INFO nova.wsgi [req-98ea6ed4-6f00-4dbb-abd5-43386d02deeb - - - - -] WSGI server has stopped.
2017-02-09 13:43:27.168 23653 INFO nova.wsgi [req-98ea6ed4-6f00-4dbb-abd5-43386d02deeb - - - - -] WSGI server has stopped.
2017-02-09 13:43:27.168 23567 INFO nova.wsgi [req-98ea6ed4-6f00-4dbb-abd5-43386d02deeb - - - - -] WSGI server has stopped.
2017-02-09 13:43:27.164 23631 INFO nova.wsgi [-] Stopping WSGI server.
2017-02-09 13:43:27.173 23603 INFO nova.osapi_compute.wsgi.server [req-d5db70a5-96fb-4c0b-8404-6cc8c7aefe75 - - - - -] (23603) wsgi exited, is_accepting=True
